******************************************************************************
                  TI ARM Linker Unix v5.2.6                    
******************************************************************************
>> Linked Sun Mar  6 16:40:04 2016

OUTPUT FILE NAME:   <Challenge2.out>
ENTRY POINT SYMBOL: "_c_int00"  address: 000009a1


MEMORY CONFIGURATION

         name            origin    length      used     unused   attr    fill
----------------------  --------  ---------  --------  --------  ----  --------
  FLASH                 00000000   00040000  00001114  0003eeec  R  X
  INFO_FLASH            00200000   00004000  00000000  00004000  R  X
  SRAM                  20000000   00010000  00000230  0000fdd0  RW X


SEGMENT ALLOCATION MAP

run origin  load origin   length   init length attrs members
----------  ----------- ---------- ----------- ----- -------
00000000    00000000    00001118   00001118    r-x
  00000000    00000000    00000144   00000144    r-- .intvecs
  00000144    00000144    00000e00   00000e00    r-x .text
  00000f44    00000f44    00000180   00000180    r-- .const
  000010c8    000010c8    00000050   00000050    r-- .cinit
20000000    20000000    00000030   00000000    rw-
  20000000    20000000    0000002c   00000000    rw- .data
  2000002c    2000002c    00000004   00000000    rw- .bss
2000fe00    2000fe00    00000200   00000000    rw-
  2000fe00    2000fe00    00000200   00000000    rw- .stack


SECTION ALLOCATION MAP

 output                                  attributes/
section   page    origin      length       input sections
--------  ----  ----------  ----------   ----------------
.intvecs   0    00000000    00000144     
                  00000000    00000144     lab5_software_startup_ccs.obj (.intvecs)

.text      0    00000144    00000e00     
                  00000144    00000154     msp432p4xx_driverlib.lib : adc14.o (.text:_getIndexForMemRegister)
                  00000298    00000110     buzzer.obj (.text)
                  000003a8    000000e0     msp432p4xx_driverlib.lib : cs.o (.text:CS_initClockSignal)
                  00000488    000000d8     ports.obj (.text)
                  00000560    000000b2     msp432p4xx_driverlib.lib : timer_a.o (.text:privateTimer_AProcessClockSourceDivider)
                  00000612    0000009c     rtsv7M4_T_le_v4SPD16_eabi.lib : memcpy_t2.obj (.text)
                  000006ae    0000007a                                   : memset_t2.obj (.text)
                  00000728    00000070     time-delays.obj (.text)
                  00000798    0000006c     msp432p4xx_driverlib.lib : adc14.o (.text:ADC14_configureConversionMemory)
                  00000804    0000006c     rtsv7M4_T_le_v4SPD16_eabi.lib : autoinit.obj (.text)
                  00000870    0000006a                                   : copy_decompress_rle.obj (.text)
                  000008da    00000002     dma.obj (.text)
                  000008dc    00000064     msp432p4xx_driverlib.lib : interrupt.o (.text:Interrupt_enableInterrupt)
                  00000940    00000060     adc.obj (.text)
                  000009a0    00000050     rtsv7M4_T_le_v4SPD16_eabi.lib : boot.obj (.text)
                  000009f0    0000004c     msp432p4xx_driverlib.lib : gpio.o (.text:GPIO_setAsPeripheralModuleFunctionInputPin)
                  00000a3c    0000004c                              : gpio.o (.text:GPIO_setAsPeripheralModuleFunctionOutputPin)
                  00000a88    0000004c     rtsv7M4_T_le_v4SPD16_eabi.lib : cpy_tbl.obj (.text)
                  00000ad4    00000044     msp432p4xx_driverlib.lib : adc14.o (.text:ADC14_configureSingleSampleMode)
                  00000b18    00000044                              : timer_a.o (.text:Timer_A_generatePWM)
                  00000b5c    00000044     rtsv7M4_T_le_v4SPD16_eabi.lib : exit.obj (.text)
                  00000ba0    00000040     main.obj (.text)
                  00000be0    0000003c     interrupts.obj (.text)
                  00000c1c    00000038     msp432p4xx_driverlib.lib : adc14.o (.text:ADC14_initModule)
                  00000c54    00000038                              : adc14.o (.text:ADC14_setSampleHoldTrigger)
                  00000c8c    00000034     clocks.obj (.text)
                  00000cc0    00000030     msp432p4xx_driverlib.lib : gpio.o (.text:GPIO_setAsInputPinWithPullUpResistor)
                  00000cf0    0000002c                              : adc14.o (.text:ADC14_enableConversion)
                  00000d1c    00000028                              : adc14.o (.text:ADC14_enableSampleTimer)
                  00000d44    00000028                              : adc14.o (.text:ADC14_setResultFormat)
                  00000d6c    00000024                              : cs.o (.text:CS_setDCOCenteredFrequency)
                  00000d90    00000024                              : gpio.o (.text:GPIO_setAsOutputPin)
                  00000db4    00000020                              : adc14.o (.text:ADC14_clearInterruptFlag)
                  00000dd4    00000020                              : adc14.o (.text:ADC14_enableInterrupt)
                  00000df4    00000020                              : adc14.o (.text:ADC14_toggleConversionTrigger)
                  00000e14    00000020                              : gpio.o (.text:GPIO_interruptEdgeSelect)
                  00000e34    0000001c     timers.obj (.text)
                  00000e50    00000018     msp432p4xx_driverlib.lib : adc14.o (.text:ADC14_getResult)
                  00000e68    00000018                              : gpio.o (.text:GPIO_clearInterruptFlag)
                  00000e80    00000018     rtsv7M4_T_le_v4SPD16_eabi.lib : args_main.obj (.text)
                  00000e98    00000014     msp432p4xx_driverlib.lib : adc14.o (.text:ADCIsConversionRunning)
                  00000eac    00000014                              : gpio.o (.text:GPIO_enableInterrupt)
                  00000ec0    00000014                              : interrupt.o (.text:Interrupt_disableSleepOnIsrExit)
                  00000ed4    00000014     rtsv7M4_T_le_v4SPD16_eabi.lib : _lock.obj (.text)
                  00000ee8    00000010     msp432p4xx_driverlib.lib : adc14.o (.text:ADC14_enableModule)
                  00000ef8    00000010                              : interrupt.o (.text:Interrupt_enableMaster)
                  00000f08    0000000e     rtsv7M4_T_le_v4SPD16_eabi.lib : copy_decompress_none.obj (.text:decompress:none)
                  00000f16    0000000c     msp432p4xx_driverlib.lib : cpu.o (.text:CPU_cpsie)
                  00000f22    0000000c     rtsv7M4_T_le_v4SPD16_eabi.lib : copy_zero_init.obj (.text:decompress:ZI)
                  00000f2e    0000000c     lab5_software_startup_ccs.obj (.text)
                  00000f3a    00000006     rtsv7M4_T_le_v4SPD16_eabi.lib : copy_decompress_rle.obj (.text:decompress:rle24)
                  00000f40    00000004                                   : pre_init.obj (.text)

.const     0    00000f44    00000180     
                  00000f44    00000090     buzzer.obj (.const)
                  00000fd4    00000080     msp432p4xx_driverlib.lib : adc14.o (.const:_ctlRegs)
                  00001054    00000040                              : interrupt.o (.const)
                  00001094    00000030                              : gpio.o (.const:GPIO_PORT_TO_BASE)

.cinit     0    000010c8    00000050     
                  000010c8    00000027     (.cinit..data.load) [load image, compression = rle]
                  000010ef    00000001     --HOLE-- [fill = 0]
                  000010f0    0000000c     (__TI_handler_table)
                  000010fc    00000004     --HOLE-- [fill = 0]
                  00001100    00000008     (.cinit..bss.load) [load image, compression = zero_init]
                  00001108    00000010     (__TI_cinit_table)

.data      0    20000000    0000002c     UNINITIALIZED
                  20000000    00000018     timers.obj (.data)
                  20000018    00000008     rtsv7M4_T_le_v4SPD16_eabi.lib : _lock.obj (.data)
                  20000020    00000008                                   : exit.obj (.data)
                  20000028    00000004                                   : stkdepth_vars.obj (.data)

.bss       0    2000002c    00000004     UNINITIALIZED
                  2000002c    00000004     (.common:adcResult)

.TI.persistent 
*          0    20000000    00000000     UNINITIALIZED

.TI.noinit 
*          0    2000002c    00000000     UNINITIALIZED

.stack     0    2000fe00    00000200     UNINITIALIZED
                  2000fe00    00000200     --HOLE--


LINKER GENERATED COPY TABLES

__TI_cinit_table @ 00001108 records: 2, size/record: 8, table size: 16
	.data: load addr=000010c8, load size=00000027 bytes, run addr=20000000, run size=0000002c bytes, compression=rle
	.bss: load addr=00001100, load size=00000008 bytes, run addr=2000002c, run size=00000004 bytes, compression=zero_init


LINKER GENERATED HANDLER TABLE

__TI_handler_table @ 000010f0 records: 3, size/record: 4, table size: 12
	index: 0, handler: __TI_decompress_rle24
	index: 1, handler: __TI_decompress_none
	index: 2, handler: __TI_zero_init


GLOBAL SYMBOLS: SORTED ALPHABETICALLY BY Name 

address   name                                       
-------   ----                                       
00000db5  ADC14_clearInterruptFlag                   
00000799  ADC14_configureConversionMemory            
00000ad5  ADC14_configureSingleSampleMode            
00000cf1  ADC14_enableConversion                     
00000dd5  ADC14_enableInterrupt                      
00000ee9  ADC14_enableModule                         
00000d1d  ADC14_enableSampleTimer                    
00000e51  ADC14_getResult                            
00000c1d  ADC14_initModule                           
00000d45  ADC14_setResultFormat                      
00000c55  ADC14_setSampleHoldTrigger                 
00000df5  ADC14_toggleConversionTrigger              
00000b5d  C$$EXIT                                    
00000f17  CPU_cpsie                                  
000003a9  CS_initClockSignal                         
00000d6d  CS_setDCOCenteredFrequency                 
00000e69  GPIO_clearInterruptFlag                    
00000ead  GPIO_enableInterrupt                       
00000e15  GPIO_interruptEdgeSelect                   
00000cc1  GPIO_setAsInputPinWithPullUpResistor       
00000d91  GPIO_setAsOutputPin                        
000009f1  GPIO_setAsPeripheralModuleFunctionInputPin 
00000a3d  GPIO_setAsPeripheralModuleFunctionOutputPin
00000941  Init_Adc                                   
00000c8d  Init_Clocks                                
000008db  Init_Dma                                   
00000499  Init_Port2                                 
000004b7  Init_Port4                                 
000004c5  Init_Port5                                 
00000537  Init_Port6                                 
00000489  Init_Ports                                 
00000e35  Init_Timers                                
00000ec1  Interrupt_disableSleepOnIsrExit            
000008dd  Interrupt_enableInterrupt                  
00000ef9  Interrupt_enableMaster                     
UNDEFED   SHT$$INIT_ARRAY$$Base                      
UNDEFED   SHT$$INIT_ARRAY$$Limit                     
00000b19  Timer_A_generatePWM                        
20010000  __STACK_END                                
00000200  __STACK_SIZE                               
00001108  __TI_CINIT_Base                            
00001118  __TI_CINIT_Limit                           
000010f0  __TI_Handler_Table_Base                    
000010fc  __TI_Handler_Table_Limit                   
00000805  __TI_auto_init                             
20000020  __TI_cleanup_ptr                           
00000f09  __TI_decompress_none                       
00000f3b  __TI_decompress_rle24                      
20000024  __TI_dtors_ptr                             
00000000  __TI_static_base__                         
00000f23  __TI_zero_init                             
000006af  __aeabi_memclr                             
000006af  __aeabi_memclr4                            
000006af  __aeabi_memclr8                            
00000613  __aeabi_memcpy                             
00000613  __aeabi_memcpy4                            
00000613  __aeabi_memcpy8                            
000006b1  __aeabi_memset                             
000006b1  __aeabi_memset4                            
000006b1  __aeabi_memset8                            
ffffffff  __binit__                                  
ffffffff  __c_args__                                 
2000fe00  __stack                                    
00000e81  _args_main                                 
000009a1  _c_int00                                   
20000018  _lock                                      
00000ee3  _nop                                       
00000edb  _register_lock                             
00000ed5  _register_unlock                           
00000f41  _system_pre_init                           
2000001c  _unlock                                    
00000b61  abort                                      
00000bf1  adc14IsrHandler                            
2000002c  adcResult                                  
ffffffff  binit                                      
0000035d  burglar_alarm                              
00000a89  copy_in                                    
0000076d  delay                                      
00000729  delay_1sec                                 
0000074b  delay_200ms                                
00000307  doorbell                                   
00000b69  exit                                       
00000299  fire_alarm                                 
00000000  interruptVectors                           
00000ba1  main                                       
20000028  main_func_sp                               
00000613  memcpy                                     
000006b7  memset                                     
00000be9  port3IsrHandler                            
00000be1  port5IsrHandler                            
20000000  pwmConfig                                  


GLOBAL SYMBOLS: SORTED BY Symbol Address 

address   name                                       
-------   ----                                       
00000000  __TI_static_base__                         
00000000  interruptVectors                           
00000200  __STACK_SIZE                               
00000299  fire_alarm                                 
00000307  doorbell                                   
0000035d  burglar_alarm                              
000003a9  CS_initClockSignal                         
00000489  Init_Ports                                 
00000499  Init_Port2                                 
000004b7  Init_Port4                                 
000004c5  Init_Port5                                 
00000537  Init_Port6                                 
00000613  __aeabi_memcpy                             
00000613  __aeabi_memcpy4                            
00000613  __aeabi_memcpy8                            
00000613  memcpy                                     
000006af  __aeabi_memclr                             
000006af  __aeabi_memclr4                            
000006af  __aeabi_memclr8                            
000006b1  __aeabi_memset                             
000006b1  __aeabi_memset4                            
000006b1  __aeabi_memset8                            
000006b7  memset                                     
00000729  delay_1sec                                 
0000074b  delay_200ms                                
0000076d  delay                                      
00000799  ADC14_configureConversionMemory            
00000805  __TI_auto_init                             
000008db  Init_Dma                                   
000008dd  Interrupt_enableInterrupt                  
00000941  Init_Adc                                   
000009a1  _c_int00                                   
000009f1  GPIO_setAsPeripheralModuleFunctionInputPin 
00000a3d  GPIO_setAsPeripheralModuleFunctionOutputPin
00000a89  copy_in                                    
00000ad5  ADC14_configureSingleSampleMode            
00000b19  Timer_A_generatePWM                        
00000b5d  C$$EXIT                                    
00000b61  abort                                      
00000b69  exit                                       
00000ba1  main                                       
00000be1  port5IsrHandler                            
00000be9  port3IsrHandler                            
00000bf1  adc14IsrHandler                            
00000c1d  ADC14_initModule                           
00000c55  ADC14_setSampleHoldTrigger                 
00000c8d  Init_Clocks                                
00000cc1  GPIO_setAsInputPinWithPullUpResistor       
00000cf1  ADC14_enableConversion                     
00000d1d  ADC14_enableSampleTimer                    
00000d45  ADC14_setResultFormat                      
00000d6d  CS_setDCOCenteredFrequency                 
00000d91  GPIO_setAsOutputPin                        
00000db5  ADC14_clearInterruptFlag                   
00000dd5  ADC14_enableInterrupt                      
00000df5  ADC14_toggleConversionTrigger              
00000e15  GPIO_interruptEdgeSelect                   
00000e35  Init_Timers                                
00000e51  ADC14_getResult                            
00000e69  GPIO_clearInterruptFlag                    
00000e81  _args_main                                 
00000ead  GPIO_enableInterrupt                       
00000ec1  Interrupt_disableSleepOnIsrExit            
00000ed5  _register_unlock                           
00000edb  _register_lock                             
00000ee3  _nop                                       
00000ee9  ADC14_enableModule                         
00000ef9  Interrupt_enableMaster                     
00000f09  __TI_decompress_none                       
00000f17  CPU_cpsie                                  
00000f23  __TI_zero_init                             
00000f3b  __TI_decompress_rle24                      
00000f41  _system_pre_init                           
000010f0  __TI_Handler_Table_Base                    
000010fc  __TI_Handler_Table_Limit                   
00001108  __TI_CINIT_Base                            
00001118  __TI_CINIT_Limit                           
20000000  pwmConfig                                  
20000018  _lock                                      
2000001c  _unlock                                    
20000020  __TI_cleanup_ptr                           
20000024  __TI_dtors_ptr                             
20000028  main_func_sp                               
2000002c  adcResult                                  
2000fe00  __stack                                    
20010000  __STACK_END                                
ffffffff  __binit__                                  
ffffffff  __c_args__                                 
ffffffff  binit                                      
UNDEFED   SHT$$INIT_ARRAY$$Base                      
UNDEFED   SHT$$INIT_ARRAY$$Limit                     

[91 symbols]
