******************************************************************************
                  TI ARM Linker Unix v5.2.6                    
******************************************************************************
>> Linked Wed Mar  9 21:13:49 2016

OUTPUT FILE NAME:   <Challenge2.out>
ENTRY POINT SYMBOL: "_c_int00"  address: 00000af1


MEMORY CONFIGURATION

         name            origin    length      used     unused   attr    fill
----------------------  --------  ---------  --------  --------  ----  --------
  FLASH                 00000000   00040000  00001198  0003ee68  R  X
  INFO_FLASH            00200000   00004000  00000000  00004000  R  X
  SRAM                  20000000   00010000  00000239  0000fdc7  RW X


SEGMENT ALLOCATION MAP

run origin  load origin   length   init length attrs members
----------  ----------- ---------- ----------- ----- -------
00000000    00000000    00001198   00001198    r-x
  00000000    00000000    00000144   00000144    r-- .intvecs
  00000144    00000144    00000e84   00000e84    r-x .text
  00000fc8    00000fc8    00000180   00000180    r-- .const
  00001148    00001148    00000050   00000050    r-- .cinit
20000000    20000000    0000003c   00000000    rw-
  20000000    20000000    0000002d   00000000    rw- .data
  20000030    20000030    0000000c   00000000    rw- .bss
2000fe00    2000fe00    00000200   00000000    rw-
  2000fe00    2000fe00    00000200   00000000    rw- .stack


SECTION ALLOCATION MAP

 output                                  attributes/
section   page    origin      length       input sections
--------  ----  ----------  ----------   ----------------
.intvecs   0    00000000    00000144     
                  00000000    00000144     lab5_software_startup_ccs.obj (.intvecs)

.text      0    00000144    00000e84     
                  00000144    00000154     msp432p4xx_driverlib.lib : adc14.o (.text:_getIndexForMemRegister)
                  00000298    00000110     buzzer.obj (.text)
                  000003a8    000000e4     ports.obj (.text)
                  0000048c    000000e0     msp432p4xx_driverlib.lib : cs.o (.text:CS_initClockSignal)
                  0000056c    000000b2                              : timer_a.o (.text:privateTimer_AProcessClockSourceDivider)
                  0000061e    0000009c     rtsv7M4_T_le_v4SPD16_eabi.lib : memcpy_t2.obj (.text)
                  000006ba    00000002     --HOLE-- [fill = 0]
                  000006bc    00000088     adc.obj (.text)
                  00000744    0000007a     rtsv7M4_T_le_v4SPD16_eabi.lib : memset_t2.obj (.text)
                  000007be    00000002     --HOLE-- [fill = 0]
                  000007c0    00000070     time-delays.obj (.text)
                  00000830    0000006c     msp432p4xx_driverlib.lib : adc14.o (.text:ADC14_configureConversionMemory)
                  0000089c    0000006c     interrupts.obj (.text)
                  00000908    0000006c     rtsv7M4_T_le_v4SPD16_eabi.lib : autoinit.obj (.text)
                  00000974    0000006a                                   : copy_decompress_rle.obj (.text)
                  000009de    00000002     --HOLE-- [fill = 0]
                  000009e0    00000064     msp432p4xx_driverlib.lib : interrupt.o (.text:Interrupt_enableInterrupt)
                  00000a44    0000005c     main.obj (.text)
                  00000aa0    00000050     alarm-state.obj (.text)
                  00000af0    00000050     rtsv7M4_T_le_v4SPD16_eabi.lib : boot.obj (.text)
                  00000b40    0000004c     msp432p4xx_driverlib.lib : gpio.o (.text:GPIO_setAsPeripheralModuleFunctionInputPin)
                  00000b8c    0000004c                              : gpio.o (.text:GPIO_setAsPeripheralModuleFunctionOutputPin)
                  00000bd8    0000004c     rtsv7M4_T_le_v4SPD16_eabi.lib : cpy_tbl.obj (.text)
                  00000c24    00000044     msp432p4xx_driverlib.lib : adc14.o (.text:ADC14_configureSingleSampleMode)
                  00000c68    00000044                              : timer_a.o (.text:Timer_A_generatePWM)
                  00000cac    00000044     rtsv7M4_T_le_v4SPD16_eabi.lib : exit.obj (.text)
                  00000cf0    00000038     msp432p4xx_driverlib.lib : adc14.o (.text:ADC14_initModule)
                  00000d28    00000034     clocks.obj (.text)
                  00000d5c    00000030     msp432p4xx_driverlib.lib : gpio.o (.text:GPIO_setAsInputPinWithPullUpResistor)
                  00000d8c    0000002c                              : adc14.o (.text:ADC14_enableConversion)
                  00000db8    00000028                              : adc14.o (.text:ADC14_enableSampleTimer)
                  00000de0    00000028                              : adc14.o (.text:ADC14_setResultFormat)
                  00000e08    00000024                              : cs.o (.text:CS_setDCOCenteredFrequency)
                  00000e2c    00000024                              : gpio.o (.text:GPIO_setAsOutputPin)
                  00000e50    00000020                              : adc14.o (.text:ADC14_clearInterruptFlag)
                  00000e70    00000020                              : adc14.o (.text:ADC14_enableInterrupt)
                  00000e90    00000020                              : adc14.o (.text:ADC14_toggleConversionTrigger)
                  00000eb0    00000020                              : gpio.o (.text:GPIO_interruptEdgeSelect)
                  00000ed0    0000001c     timers.obj (.text)
                  00000eec    00000018     msp432p4xx_driverlib.lib : gpio.o (.text:GPIO_clearInterruptFlag)
                  00000f04    00000018     rtsv7M4_T_le_v4SPD16_eabi.lib : args_main.obj (.text)
                  00000f1c    00000014     msp432p4xx_driverlib.lib : adc14.o (.text:ADCIsConversionRunning)
                  00000f30    00000014                              : gpio.o (.text:GPIO_enableInterrupt)
                  00000f44    00000014                              : interrupt.o (.text:Interrupt_disableSleepOnIsrExit)
                  00000f58    00000014     rtsv7M4_T_le_v4SPD16_eabi.lib : _lock.obj (.text)
                  00000f6c    00000010     msp432p4xx_driverlib.lib : adc14.o (.text:ADC14_enableModule)
                  00000f7c    00000010                              : interrupt.o (.text:Interrupt_enableMaster)
                  00000f8c    0000000e     rtsv7M4_T_le_v4SPD16_eabi.lib : copy_decompress_none.obj (.text:decompress:none)
                  00000f9a    0000000c     msp432p4xx_driverlib.lib : cpu.o (.text:CPU_cpsie)
                  00000fa6    0000000c     rtsv7M4_T_le_v4SPD16_eabi.lib : copy_zero_init.obj (.text:decompress:ZI)
                  00000fb2    0000000c     lab5_software_startup_ccs.obj (.text)
                  00000fbe    00000006     rtsv7M4_T_le_v4SPD16_eabi.lib : copy_decompress_rle.obj (.text:decompress:rle24)
                  00000fc4    00000004                                   : pre_init.obj (.text)

.const     0    00000fc8    00000180     
                  00000fc8    00000090     buzzer.obj (.const)
                  00001058    00000080     msp432p4xx_driverlib.lib : adc14.o (.const:_ctlRegs)
                  000010d8    00000040                              : interrupt.o (.const)
                  00001118    00000030                              : gpio.o (.const:GPIO_PORT_TO_BASE)

.cinit     0    00001148    00000050     
                  00001148    00000028     (.cinit..data.load) [load image, compression = rle]
                  00001170    0000000c     (__TI_handler_table)
                  0000117c    00000004     --HOLE-- [fill = 0]
                  00001180    00000008     (.cinit..bss.load) [load image, compression = zero_init]
                  00001188    00000010     (__TI_cinit_table)

.data      0    20000000    0000002d     UNINITIALIZED
                  20000000    00000018     timers.obj (.data)
                  20000018    00000008     rtsv7M4_T_le_v4SPD16_eabi.lib : _lock.obj (.data)
                  20000020    00000008                                   : exit.obj (.data)
                  20000028    00000004                                   : stkdepth_vars.obj (.data)
                  2000002c    00000001     main.obj (.data)

.bss       0    20000030    0000000c     UNINITIALIZED
                  20000030    00000004     (.common:adc)
                  20000034    00000004     (.common:adcResult)
                  20000038    00000004     (.common:flux)

.TI.persistent 
*          0    20000000    00000000     UNINITIALIZED

.TI.noinit 
*          0    20000030    00000000     UNINITIALIZED

.stack     0    2000fe00    00000200     UNINITIALIZED
                  2000fe00    00000200     --HOLE--


LINKER GENERATED COPY TABLES

__TI_cinit_table @ 00001188 records: 2, size/record: 8, table size: 16
	.data: load addr=00001148, load size=00000028 bytes, run addr=20000000, run size=0000002d bytes, compression=rle
	.bss: load addr=00001180, load size=00000008 bytes, run addr=20000030, run size=0000000c bytes, compression=zero_init


LINKER GENERATED HANDLER TABLE

__TI_handler_table @ 00001170 records: 3, size/record: 4, table size: 12
	index: 0, handler: __TI_decompress_rle24
	index: 1, handler: __TI_decompress_none
	index: 2, handler: __TI_zero_init


GLOBAL SYMBOLS: SORTED ALPHABETICALLY BY Name 

address   name                                       
-------   ----                                       
00000e51  ADC14_clearInterruptFlag                   
00000831  ADC14_configureConversionMemory            
00000c25  ADC14_configureSingleSampleMode            
00000d8d  ADC14_enableConversion                     
00000e71  ADC14_enableInterrupt                      
00000f6d  ADC14_enableModule                         
00000db9  ADC14_enableSampleTimer                    
00000cf1  ADC14_initModule                           
00000de1  ADC14_setResultFormat                      
00000e91  ADC14_toggleConversionTrigger              
00000cad  C$$EXIT                                    
00000f9b  CPU_cpsie                                  
0000048d  CS_initClockSignal                         
00000e09  CS_setDCOCenteredFrequency                 
00000eed  GPIO_clearInterruptFlag                    
00000f31  GPIO_enableInterrupt                       
00000eb1  GPIO_interruptEdgeSelect                   
00000d5d  GPIO_setAsInputPinWithPullUpResistor       
00000e2d  GPIO_setAsOutputPin                        
00000b41  GPIO_setAsPeripheralModuleFunctionInputPin 
00000b8d  GPIO_setAsPeripheralModuleFunctionOutputPin
000006bd  Init_Adc                                   
00000d29  Init_Clocks                                
000003b9  Init_Port2                                 
000003d7  Init_Port4                                 
000003ef  Init_Port5                                 
00000461  Init_Port6                                 
000003a9  Init_Ports                                 
00000ed1  Init_Timers                                
00000f45  Interrupt_disableSleepOnIsrExit            
000009e1  Interrupt_enableInterrupt                  
00000f7d  Interrupt_enableMaster                     
UNDEFED   SHT$$INIT_ARRAY$$Base                      
UNDEFED   SHT$$INIT_ARRAY$$Limit                     
00000c69  Timer_A_generatePWM                        
20010000  __STACK_END                                
00000200  __STACK_SIZE                               
00001188  __TI_CINIT_Base                            
00001198  __TI_CINIT_Limit                           
00001170  __TI_Handler_Table_Base                    
0000117c  __TI_Handler_Table_Limit                   
00000909  __TI_auto_init                             
20000020  __TI_cleanup_ptr                           
00000f8d  __TI_decompress_none                       
00000fbf  __TI_decompress_rle24                      
20000024  __TI_dtors_ptr                             
00000000  __TI_static_base__                         
00000fa7  __TI_zero_init                             
00000745  __aeabi_memclr                             
00000745  __aeabi_memclr4                            
00000745  __aeabi_memclr8                            
0000061f  __aeabi_memcpy                             
0000061f  __aeabi_memcpy4                            
0000061f  __aeabi_memcpy8                            
00000747  __aeabi_memset                             
00000747  __aeabi_memset4                            
00000747  __aeabi_memset8                            
ffffffff  __binit__                                  
ffffffff  __c_args__                                 
2000fe00  __stack                                    
00000f05  _args_main                                 
00000af1  _c_int00                                   
20000018  _lock                                      
00000f67  _nop                                       
00000f5f  _register_lock                             
00000f59  _register_unlock                           
00000fc5  _system_pre_init                           
2000001c  _unlock                                    
00000cb1  abort                                      
20000030  adc                                        
000008bd  adc14IsrHandler                            
20000034  adcResult                                  
2000002c  alarm_state                                
00000aa1  alarm_system_state                         
ffffffff  binit                                      
0000035d  burglar_alarm                              
00000bd9  copy_in                                    
00000805  delay                                      
000007c1  delay_1sec                                 
000007e3  delay_200ms                                
00000307  doorbell                                   
00000cb9  exit                                       
00000299  fire_alarm                                 
20000038  flux                                       
00000000  interruptVectors                           
00000a45  main                                       
20000028  main_func_sp                               
0000061f  memcpy                                     
0000074d  memset                                     
000008a5  port3IsrHandler                            
0000089d  port5IsrHandler                            
20000000  pwmConfig                                  


GLOBAL SYMBOLS: SORTED BY Symbol Address 

address   name                                       
-------   ----                                       
00000000  __TI_static_base__                         
00000000  interruptVectors                           
00000200  __STACK_SIZE                               
00000299  fire_alarm                                 
00000307  doorbell                                   
0000035d  burglar_alarm                              
000003a9  Init_Ports                                 
000003b9  Init_Port2                                 
000003d7  Init_Port4                                 
000003ef  Init_Port5                                 
00000461  Init_Port6                                 
0000048d  CS_initClockSignal                         
0000061f  __aeabi_memcpy                             
0000061f  __aeabi_memcpy4                            
0000061f  __aeabi_memcpy8                            
0000061f  memcpy                                     
000006bd  Init_Adc                                   
00000745  __aeabi_memclr                             
00000745  __aeabi_memclr4                            
00000745  __aeabi_memclr8                            
00000747  __aeabi_memset                             
00000747  __aeabi_memset4                            
00000747  __aeabi_memset8                            
0000074d  memset                                     
000007c1  delay_1sec                                 
000007e3  delay_200ms                                
00000805  delay                                      
00000831  ADC14_configureConversionMemory            
0000089d  port5IsrHandler                            
000008a5  port3IsrHandler                            
000008bd  adc14IsrHandler                            
00000909  __TI_auto_init                             
000009e1  Interrupt_enableInterrupt                  
00000a45  main                                       
00000aa1  alarm_system_state                         
00000af1  _c_int00                                   
00000b41  GPIO_setAsPeripheralModuleFunctionInputPin 
00000b8d  GPIO_setAsPeripheralModuleFunctionOutputPin
00000bd9  copy_in                                    
00000c25  ADC14_configureSingleSampleMode            
00000c69  Timer_A_generatePWM                        
00000cad  C$$EXIT                                    
00000cb1  abort                                      
00000cb9  exit                                       
00000cf1  ADC14_initModule                           
00000d29  Init_Clocks                                
00000d5d  GPIO_setAsInputPinWithPullUpResistor       
00000d8d  ADC14_enableConversion                     
00000db9  ADC14_enableSampleTimer                    
00000de1  ADC14_setResultFormat                      
00000e09  CS_setDCOCenteredFrequency                 
00000e2d  GPIO_setAsOutputPin                        
00000e51  ADC14_clearInterruptFlag                   
00000e71  ADC14_enableInterrupt                      
00000e91  ADC14_toggleConversionTrigger              
00000eb1  GPIO_interruptEdgeSelect                   
00000ed1  Init_Timers                                
00000eed  GPIO_clearInterruptFlag                    
00000f05  _args_main                                 
00000f31  GPIO_enableInterrupt                       
00000f45  Interrupt_disableSleepOnIsrExit            
00000f59  _register_unlock                           
00000f5f  _register_lock                             
00000f67  _nop                                       
00000f6d  ADC14_enableModule                         
00000f7d  Interrupt_enableMaster                     
00000f8d  __TI_decompress_none                       
00000f9b  CPU_cpsie                                  
00000fa7  __TI_zero_init                             
00000fbf  __TI_decompress_rle24                      
00000fc5  _system_pre_init                           
00001170  __TI_Handler_Table_Base                    
0000117c  __TI_Handler_Table_Limit                   
00001188  __TI_CINIT_Base                            
00001198  __TI_CINIT_Limit                           
20000000  pwmConfig                                  
20000018  _lock                                      
2000001c  _unlock                                    
20000020  __TI_cleanup_ptr                           
20000024  __TI_dtors_ptr                             
20000028  main_func_sp                               
2000002c  alarm_state                                
20000030  adc                                        
20000034  adcResult                                  
20000038  flux                                       
2000fe00  __stack                                    
20010000  __STACK_END                                
ffffffff  __binit__                                  
ffffffff  __c_args__                                 
ffffffff  binit                                      
UNDEFED   SHT$$INIT_ARRAY$$Base                      
UNDEFED   SHT$$INIT_ARRAY$$Limit                     

[92 symbols]
