<?xml version="1.0"?>
<link_info>
   <banner>TI ARM Linker Unix v5.2.6</banner>
   <copyright>Copyright (c) 1996-2015 Texas Instruments Incorporated</copyright>
   <link_time>0x56dca3b4</link_time>
   <link_errors>0x0</link_errors>
   <output_file>Challenge2.out</output_file>
   <entry_point>
      <name>_c_int00</name>
      <address>0x9a1</address>
   </entry_point>
   <input_file_list>
      <input_file id="fl-2">
         <path>./</path>
         <kind>object</kind>
         <file>adc.obj</file>
         <name>adc.obj</name>
      </input_file>
      <input_file id="fl-3">
         <path>./</path>
         <kind>object</kind>
         <file>buzzer.obj</file>
         <name>buzzer.obj</name>
      </input_file>
      <input_file id="fl-4">
         <path>./</path>
         <kind>object</kind>
         <file>clocks.obj</file>
         <name>clocks.obj</name>
      </input_file>
      <input_file id="fl-5">
         <path>./</path>
         <kind>object</kind>
         <file>dma.obj</file>
         <name>dma.obj</name>
      </input_file>
      <input_file id="fl-6">
         <path>./</path>
         <kind>object</kind>
         <file>interrupts.obj</file>
         <name>interrupts.obj</name>
      </input_file>
      <input_file id="fl-7">
         <path>./</path>
         <kind>object</kind>
         <file>lab5_software_startup_ccs.obj</file>
         <name>lab5_software_startup_ccs.obj</name>
      </input_file>
      <input_file id="fl-8">
         <path>./</path>
         <kind>object</kind>
         <file>main.obj</file>
         <name>main.obj</name>
      </input_file>
      <input_file id="fl-9">
         <path>./</path>
         <kind>object</kind>
         <file>ports.obj</file>
         <name>ports.obj</name>
      </input_file>
      <input_file id="fl-a">
         <path>./</path>
         <kind>object</kind>
         <file>time-delays.obj</file>
         <name>time-delays.obj</name>
      </input_file>
      <input_file id="fl-b">
         <path>./</path>
         <kind>object</kind>
         <file>timers.obj</file>
         <name>timers.obj</name>
      </input_file>
      <input_file id="fl-11">
         <path>../</path>
         <kind>archive</kind>
         <file>msp432p4xx_driverlib.lib</file>
         <name>adc14.o</name>
      </input_file>
      <input_file id="fl-12">
         <path>../</path>
         <kind>archive</kind>
         <file>msp432p4xx_driverlib.lib</file>
         <name>cs.o</name>
      </input_file>
      <input_file id="fl-13">
         <path>../</path>
         <kind>archive</kind>
         <file>msp432p4xx_driverlib.lib</file>
         <name>gpio.o</name>
      </input_file>
      <input_file id="fl-14">
         <path>../</path>
         <kind>archive</kind>
         <file>msp432p4xx_driverlib.lib</file>
         <name>interrupt.o</name>
      </input_file>
      <input_file id="fl-15">
         <path>../</path>
         <kind>archive</kind>
         <file>msp432p4xx_driverlib.lib</file>
         <name>sysctl.o</name>
      </input_file>
      <input_file id="fl-16">
         <path>../</path>
         <kind>archive</kind>
         <file>msp432p4xx_driverlib.lib</file>
         <name>timer_a.o</name>
      </input_file>
      <input_file id="fl-17">
         <path>../</path>
         <kind>archive</kind>
         <file>msp432p4xx_driverlib.lib</file>
         <name>cpu.o</name>
      </input_file>
      <input_file id="fl-139">
         <path>/Applications/ti/ccsv6/tools/compiler/ti-cgt-arm_5.2.6/lib/</path>
         <kind>archive</kind>
         <file>rtsv7M4_T_le_v4SPD16_eabi.lib</file>
         <name>boot.obj</name>
      </input_file>
      <input_file id="fl-13a">
         <path>/Applications/ti/ccsv6/tools/compiler/ti-cgt-arm_5.2.6/lib/</path>
         <kind>archive</kind>
         <file>rtsv7M4_T_le_v4SPD16_eabi.lib</file>
         <name>copy_decompress_none.obj</name>
      </input_file>
      <input_file id="fl-13b">
         <path>/Applications/ti/ccsv6/tools/compiler/ti-cgt-arm_5.2.6/lib/</path>
         <kind>archive</kind>
         <file>rtsv7M4_T_le_v4SPD16_eabi.lib</file>
         <name>copy_decompress_rle.obj</name>
      </input_file>
      <input_file id="fl-13c">
         <path>/Applications/ti/ccsv6/tools/compiler/ti-cgt-arm_5.2.6/lib/</path>
         <kind>archive</kind>
         <file>rtsv7M4_T_le_v4SPD16_eabi.lib</file>
         <name>copy_zero_init.obj</name>
      </input_file>
      <input_file id="fl-13d">
         <path>/Applications/ti/ccsv6/tools/compiler/ti-cgt-arm_5.2.6/lib/</path>
         <kind>archive</kind>
         <file>rtsv7M4_T_le_v4SPD16_eabi.lib</file>
         <name>exit.obj</name>
      </input_file>
      <input_file id="fl-13e">
         <path>/Applications/ti/ccsv6/tools/compiler/ti-cgt-arm_5.2.6/lib/</path>
         <kind>archive</kind>
         <file>rtsv7M4_T_le_v4SPD16_eabi.lib</file>
         <name>fd_add_t2.obj</name>
      </input_file>
      <input_file id="fl-13f">
         <path>/Applications/ti/ccsv6/tools/compiler/ti-cgt-arm_5.2.6/lib/</path>
         <kind>archive</kind>
         <file>rtsv7M4_T_le_v4SPD16_eabi.lib</file>
         <name>fd_div_t2.obj</name>
      </input_file>
      <input_file id="fl-140">
         <path>/Applications/ti/ccsv6/tools/compiler/ti-cgt-arm_5.2.6/lib/</path>
         <kind>archive</kind>
         <file>rtsv7M4_T_le_v4SPD16_eabi.lib</file>
         <name>fd_mul_t2.obj</name>
      </input_file>
      <input_file id="fl-141">
         <path>/Applications/ti/ccsv6/tools/compiler/ti-cgt-arm_5.2.6/lib/</path>
         <kind>archive</kind>
         <file>rtsv7M4_T_le_v4SPD16_eabi.lib</file>
         <name>fd_toi_t2.obj</name>
      </input_file>
      <input_file id="fl-142">
         <path>/Applications/ti/ccsv6/tools/compiler/ti-cgt-arm_5.2.6/lib/</path>
         <kind>archive</kind>
         <file>rtsv7M4_T_le_v4SPD16_eabi.lib</file>
         <name>fs_tod_t2.obj</name>
      </input_file>
      <input_file id="fl-143">
         <path>/Applications/ti/ccsv6/tools/compiler/ti-cgt-arm_5.2.6/lib/</path>
         <kind>archive</kind>
         <file>rtsv7M4_T_le_v4SPD16_eabi.lib</file>
         <name>i_tofd_t2.obj</name>
      </input_file>
      <input_file id="fl-144">
         <path>/Applications/ti/ccsv6/tools/compiler/ti-cgt-arm_5.2.6/lib/</path>
         <kind>archive</kind>
         <file>rtsv7M4_T_le_v4SPD16_eabi.lib</file>
         <name>memcpy_t2.obj</name>
      </input_file>
      <input_file id="fl-145">
         <path>/Applications/ti/ccsv6/tools/compiler/ti-cgt-arm_5.2.6/lib/</path>
         <kind>archive</kind>
         <file>rtsv7M4_T_le_v4SPD16_eabi.lib</file>
         <name>memset_t2.obj</name>
      </input_file>
      <input_file id="fl-146">
         <path>/Applications/ti/ccsv6/tools/compiler/ti-cgt-arm_5.2.6/lib/</path>
         <kind>archive</kind>
         <file>rtsv7M4_T_le_v4SPD16_eabi.lib</file>
         <name>pre_init.obj</name>
      </input_file>
      <input_file id="fl-147">
         <path>/Applications/ti/ccsv6/tools/compiler/ti-cgt-arm_5.2.6/lib/</path>
         <kind>archive</kind>
         <file>rtsv7M4_T_le_v4SPD16_eabi.lib</file>
         <name>stkdepth_vars.obj</name>
      </input_file>
      <input_file id="fl-148">
         <path>/Applications/ti/ccsv6/tools/compiler/ti-cgt-arm_5.2.6/lib/</path>
         <kind>archive</kind>
         <file>rtsv7M4_T_le_v4SPD16_eabi.lib</file>
         <name>_lock.obj</name>
      </input_file>
      <input_file id="fl-149">
         <path>/Applications/ti/ccsv6/tools/compiler/ti-cgt-arm_5.2.6/lib/</path>
         <kind>archive</kind>
         <file>rtsv7M4_T_le_v4SPD16_eabi.lib</file>
         <name>args_main.obj</name>
      </input_file>
      <input_file id="fl-14a">
         <path>/Applications/ti/ccsv6/tools/compiler/ti-cgt-arm_5.2.6/lib/</path>
         <kind>archive</kind>
         <file>rtsv7M4_T_le_v4SPD16_eabi.lib</file>
         <name>autoinit.obj</name>
      </input_file>
      <input_file id="fl-14b">
         <path>/Applications/ti/ccsv6/tools/compiler/ti-cgt-arm_5.2.6/lib/</path>
         <kind>archive</kind>
         <file>rtsv7M4_T_le_v4SPD16_eabi.lib</file>
         <name>cpy_tbl.obj</name>
      </input_file>
   </input_file_list>
   <object_component_list>
      <object_component id="oc-10">
         <name>.intvecs</name>
         <load_address>0x0</load_address>
         <run_address>0x0</run_address>
         <size>0x144</size>
         <input_file_ref idref="fl-7"/>
      </object_component>
      <object_component id="oc-dd">
         <name>.text:_getIndexForMemRegister</name>
         <load_address>0x144</load_address>
         <run_address>0x144</run_address>
         <size>0x154</size>
         <input_file_ref idref="fl-11"/>
      </object_component>
      <object_component id="oc-7c">
         <name>.text</name>
         <load_address>0x298</load_address>
         <run_address>0x298</run_address>
         <size>0x110</size>
         <input_file_ref idref="fl-3"/>
      </object_component>
      <object_component id="oc-1de">
         <name>.text:CS_initClockSignal</name>
         <load_address>0x3a8</load_address>
         <run_address>0x3a8</run_address>
         <size>0xe0</size>
         <input_file_ref idref="fl-12"/>
      </object_component>
      <object_component id="oc-103">
         <name>.text</name>
         <load_address>0x488</load_address>
         <run_address>0x488</run_address>
         <size>0xd8</size>
         <input_file_ref idref="fl-9"/>
      </object_component>
      <object_component id="oc-142">
         <name>.text:privateTimer_AProcessClockSourceDivider</name>
         <load_address>0x560</load_address>
         <run_address>0x560</run_address>
         <size>0xb2</size>
         <input_file_ref idref="fl-16"/>
      </object_component>
      <object_component id="oc-3a">
         <name>.text</name>
         <load_address>0x612</load_address>
         <run_address>0x612</run_address>
         <size>0x9c</size>
         <input_file_ref idref="fl-144"/>
      </object_component>
      <object_component id="oc-53">
         <name>.text</name>
         <load_address>0x6ae</load_address>
         <run_address>0x6ae</run_address>
         <size>0x7a</size>
         <input_file_ref idref="fl-145"/>
      </object_component>
      <object_component id="oc-ce">
         <name>.text</name>
         <load_address>0x728</load_address>
         <run_address>0x728</run_address>
         <size>0x70</size>
         <input_file_ref idref="fl-a"/>
      </object_component>
      <object_component id="oc-1ad">
         <name>.text:ADC14_configureConversionMemory</name>
         <load_address>0x798</load_address>
         <run_address>0x798</run_address>
         <size>0x6c</size>
         <input_file_ref idref="fl-11"/>
      </object_component>
      <object_component id="oc-65">
         <name>.text</name>
         <load_address>0x804</load_address>
         <run_address>0x804</run_address>
         <size>0x6c</size>
         <input_file_ref idref="fl-14a"/>
      </object_component>
      <object_component id="oc-46">
         <name>.text</name>
         <load_address>0x870</load_address>
         <run_address>0x870</run_address>
         <size>0x6a</size>
         <input_file_ref idref="fl-13b"/>
      </object_component>
      <object_component id="oc-11b">
         <name>.text</name>
         <load_address>0x8da</load_address>
         <run_address>0x8da</run_address>
         <size>0x2</size>
         <input_file_ref idref="fl-5"/>
      </object_component>
      <object_component id="oc-18a">
         <name>.text:Interrupt_enableInterrupt</name>
         <load_address>0x8dc</load_address>
         <run_address>0x8dc</run_address>
         <size>0x64</size>
         <input_file_ref idref="fl-14"/>
      </object_component>
      <object_component id="oc-10f">
         <name>.text</name>
         <load_address>0x940</load_address>
         <run_address>0x940</run_address>
         <size>0x60</size>
         <input_file_ref idref="fl-2"/>
      </object_component>
      <object_component id="oc-25">
         <name>.text</name>
         <load_address>0x9a0</load_address>
         <run_address>0x9a0</run_address>
         <size>0x50</size>
         <input_file_ref idref="fl-139"/>
      </object_component>
      <object_component id="oc-16c">
         <name>.text:GPIO_setAsPeripheralModuleFunctionInputPin</name>
         <load_address>0x9f0</load_address>
         <run_address>0x9f0</run_address>
         <size>0x4c</size>
         <input_file_ref idref="fl-13"/>
      </object_component>
      <object_component id="oc-160">
         <name>.text:GPIO_setAsPeripheralModuleFunctionOutputPin</name>
         <load_address>0xa3c</load_address>
         <run_address>0xa3c</run_address>
         <size>0x4c</size>
         <input_file_ref idref="fl-13"/>
      </object_component>
      <object_component id="oc-ad">
         <name>.text</name>
         <load_address>0xa88</load_address>
         <run_address>0xa88</run_address>
         <size>0x4c</size>
         <input_file_ref idref="fl-14b"/>
      </object_component>
      <object_component id="oc-1a7">
         <name>.text:ADC14_configureSingleSampleMode</name>
         <load_address>0xad4</load_address>
         <run_address>0xad4</run_address>
         <size>0x44</size>
         <input_file_ref idref="fl-11"/>
      </object_component>
      <object_component id="oc-c8">
         <name>.text:Timer_A_generatePWM</name>
         <load_address>0xb18</load_address>
         <run_address>0xb18</run_address>
         <size>0x44</size>
         <input_file_ref idref="fl-16"/>
      </object_component>
      <object_component id="oc-71">
         <name>.text</name>
         <load_address>0xb5c</load_address>
         <run_address>0xb5c</run_address>
         <size>0x44</size>
         <input_file_ref idref="fl-13d"/>
      </object_component>
      <object_component id="oc-b5">
         <name>.text</name>
         <load_address>0xba0</load_address>
         <run_address>0xba0</run_address>
         <size>0x40</size>
         <input_file_ref idref="fl-8"/>
      </object_component>
      <object_component id="oc-31">
         <name>.text</name>
         <load_address>0xbe0</load_address>
         <run_address>0xbe0</run_address>
         <size>0x3c</size>
         <input_file_ref idref="fl-6"/>
      </object_component>
      <object_component id="oc-19b">
         <name>.text:ADC14_initModule</name>
         <load_address>0xc1c</load_address>
         <run_address>0xc1c</run_address>
         <size>0x38</size>
         <input_file_ref idref="fl-11"/>
      </object_component>
      <object_component id="oc-1a1">
         <name>.text:ADC14_setSampleHoldTrigger</name>
         <load_address>0xc54</load_address>
         <run_address>0xc54</run_address>
         <size>0x38</size>
         <input_file_ref idref="fl-11"/>
      </object_component>
      <object_component id="oc-115">
         <name>.text</name>
         <load_address>0xc8c</load_address>
         <run_address>0xc8c</run_address>
         <size>0x34</size>
         <input_file_ref idref="fl-4"/>
      </object_component>
      <object_component id="oc-172">
         <name>.text:GPIO_setAsInputPinWithPullUpResistor</name>
         <load_address>0xcc0</load_address>
         <run_address>0xcc0</run_address>
         <size>0x30</size>
         <input_file_ref idref="fl-13"/>
      </object_component>
      <object_component id="oc-1c5">
         <name>.text:ADC14_enableConversion</name>
         <load_address>0xcf0</load_address>
         <run_address>0xcf0</run_address>
         <size>0x2c</size>
         <input_file_ref idref="fl-11"/>
      </object_component>
      <object_component id="oc-1b9">
         <name>.text:ADC14_enableSampleTimer</name>
         <load_address>0xd1c</load_address>
         <run_address>0xd1c</run_address>
         <size>0x28</size>
         <input_file_ref idref="fl-11"/>
      </object_component>
      <object_component id="oc-1b3">
         <name>.text:ADC14_setResultFormat</name>
         <load_address>0xd44</load_address>
         <run_address>0xd44</run_address>
         <size>0x28</size>
         <input_file_ref idref="fl-11"/>
      </object_component>
      <object_component id="oc-1d8">
         <name>.text:CS_setDCOCenteredFrequency</name>
         <load_address>0xd6c</load_address>
         <run_address>0xd6c</run_address>
         <size>0x24</size>
         <input_file_ref idref="fl-12"/>
      </object_component>
      <object_component id="oc-166">
         <name>.text:GPIO_setAsOutputPin</name>
         <load_address>0xd90</load_address>
         <run_address>0xd90</run_address>
         <size>0x24</size>
         <input_file_ref idref="fl-13"/>
      </object_component>
      <object_component id="oc-88">
         <name>.text:ADC14_clearInterruptFlag</name>
         <load_address>0xdb4</load_address>
         <run_address>0xdb4</run_address>
         <size>0x20</size>
         <input_file_ref idref="fl-11"/>
      </object_component>
      <object_component id="oc-1bf">
         <name>.text:ADC14_enableInterrupt</name>
         <load_address>0xdd4</load_address>
         <run_address>0xdd4</run_address>
         <size>0x20</size>
         <input_file_ref idref="fl-11"/>
      </object_component>
      <object_component id="oc-121">
         <name>.text:ADC14_toggleConversionTrigger</name>
         <load_address>0xdf4</load_address>
         <run_address>0xdf4</run_address>
         <size>0x20</size>
         <input_file_ref idref="fl-11"/>
      </object_component>
      <object_component id="oc-184">
         <name>.text:GPIO_interruptEdgeSelect</name>
         <load_address>0xe14</load_address>
         <run_address>0xe14</run_address>
         <size>0x20</size>
         <input_file_ref idref="fl-13"/>
      </object_component>
      <object_component id="oc-109">
         <name>.text</name>
         <load_address>0xe34</load_address>
         <run_address>0xe34</run_address>
         <size>0x1c</size>
         <input_file_ref idref="fl-b"/>
      </object_component>
      <object_component id="oc-82">
         <name>.text:ADC14_getResult</name>
         <load_address>0xe50</load_address>
         <run_address>0xe50</run_address>
         <size>0x18</size>
         <input_file_ref idref="fl-11"/>
      </object_component>
      <object_component id="oc-178">
         <name>.text:GPIO_clearInterruptFlag</name>
         <load_address>0xe68</load_address>
         <run_address>0xe68</run_address>
         <size>0x18</size>
         <input_file_ref idref="fl-13"/>
      </object_component>
      <object_component id="oc-6b">
         <name>.text</name>
         <load_address>0xe80</load_address>
         <run_address>0xe80</run_address>
         <size>0x18</size>
         <input_file_ref idref="fl-149"/>
      </object_component>
      <object_component id="oc-204">
         <name>.text:ADCIsConversionRunning</name>
         <load_address>0xe98</load_address>
         <run_address>0xe98</run_address>
         <size>0x14</size>
         <input_file_ref idref="fl-11"/>
      </object_component>
      <object_component id="oc-17e">
         <name>.text:GPIO_enableInterrupt</name>
         <load_address>0xeac</load_address>
         <run_address>0xeac</run_address>
         <size>0x14</size>
         <input_file_ref idref="fl-13"/>
      </object_component>
      <object_component id="oc-1d1">
         <name>.text:Interrupt_disableSleepOnIsrExit</name>
         <load_address>0xec0</load_address>
         <run_address>0xec0</run_address>
         <size>0x14</size>
         <input_file_ref idref="fl-14"/>
      </object_component>
      <object_component id="oc-134">
         <name>.text</name>
         <load_address>0xed4</load_address>
         <run_address>0xed4</run_address>
         <size>0x14</size>
         <input_file_ref idref="fl-148"/>
      </object_component>
      <object_component id="oc-195">
         <name>.text:ADC14_enableModule</name>
         <load_address>0xee8</load_address>
         <run_address>0xee8</run_address>
         <size>0x10</size>
         <input_file_ref idref="fl-11"/>
      </object_component>
      <object_component id="oc-1cb">
         <name>.text:Interrupt_enableMaster</name>
         <load_address>0xef8</load_address>
         <run_address>0xef8</run_address>
         <size>0x10</size>
         <input_file_ref idref="fl-14"/>
      </object_component>
      <object_component id="oc-13">
         <name>.text:decompress:none</name>
         <load_address>0xf08</load_address>
         <run_address>0xf08</run_address>
         <size>0xe</size>
         <input_file_ref idref="fl-13a"/>
      </object_component>
      <object_component id="oc-212">
         <name>.text:CPU_cpsie</name>
         <load_address>0xf16</load_address>
         <run_address>0xf16</run_address>
         <size>0xc</size>
         <input_file_ref idref="fl-17"/>
      </object_component>
      <object_component id="oc-1f">
         <name>.text:decompress:ZI</name>
         <load_address>0xf22</load_address>
         <run_address>0xf22</run_address>
         <size>0xc</size>
         <input_file_ref idref="fl-13c"/>
      </object_component>
      <object_component id="oc-2b">
         <name>.text</name>
         <load_address>0xf2e</load_address>
         <run_address>0xf2e</run_address>
         <size>0xc</size>
         <input_file_ref idref="fl-7"/>
      </object_component>
      <object_component id="oc-19">
         <name>.text:decompress:rle24</name>
         <load_address>0xf3a</load_address>
         <run_address>0xf3a</run_address>
         <size>0x6</size>
         <input_file_ref idref="fl-13b"/>
      </object_component>
      <object_component id="oc-5f">
         <name>.text</name>
         <load_address>0xf40</load_address>
         <run_address>0xf40</run_address>
         <size>0x4</size>
         <input_file_ref idref="fl-146"/>
      </object_component>
      <object_component id="oc-d4">
         <name>.const</name>
         <load_address>0xf44</load_address>
         <run_address>0xf44</run_address>
         <size>0x90</size>
         <input_file_ref idref="fl-3"/>
      </object_component>
      <object_component id="oc-e3">
         <name>.const:_ctlRegs</name>
         <load_address>0xfd4</load_address>
         <run_address>0xfd4</run_address>
         <size>0x80</size>
         <input_file_ref idref="fl-11"/>
      </object_component>
      <object_component id="oc-1fc">
         <name>.const</name>
         <load_address>0x1054</load_address>
         <run_address>0x1054</run_address>
         <size>0x40</size>
         <input_file_ref idref="fl-14"/>
      </object_component>
      <object_component id="oc-1f1">
         <name>.const:GPIO_PORT_TO_BASE</name>
         <load_address>0x1094</load_address>
         <run_address>0x1094</run_address>
         <size>0x30</size>
         <input_file_ref idref="fl-13"/>
      </object_component>
      <object_component id="oc-24d">
         <name>.cinit..data.load</name>
         <load_address>0x10c8</load_address>
         <run_address>0x10c8</run_address>
         <size>0x27</size>
      </object_component>
      <object_component id="oc-24b">
         <name>__TI_handler_table</name>
         <load_address>0x10f0</load_address>
         <run_address>0x10f0</run_address>
         <size>0xc</size>
      </object_component>
      <object_component id="oc-24e">
         <name>.cinit..bss.load</name>
         <load_address>0x1100</load_address>
         <run_address>0x1100</run_address>
         <size>0x8</size>
      </object_component>
      <object_component id="oc-24c">
         <name>__TI_cinit_table</name>
         <load_address>0x1108</load_address>
         <run_address>0x1108</run_address>
         <size>0x10</size>
      </object_component>
      <object_component id="oc-2a">
         <name>.stack</name>
         <uninitialized>true</uninitialized>
         <run_address>0x2000fe00</run_address>
         <size>0x0</size>
         <input_file_ref idref="fl-139"/>
      </object_component>
      <object_component id="oc-24f">
         <name>.stack</name>
         <uninitialized>true</uninitialized>
         <run_address>0x2000fe00</run_address>
         <size>0x0</size>
      </object_component>
      <object_component id="oc-8e">
         <name>.common:adcResult</name>
         <uninitialized>true</uninitialized>
         <run_address>0x2000002c</run_address>
         <size>0x4</size>
      </object_component>
      <object_component id="oc-191">
         <name>.data</name>
         <load_address>0x20000000</load_address>
         <run_address>0x20000000</run_address>
         <size>0x18</size>
         <input_file_ref idref="fl-b"/>
      </object_component>
      <object_component id="oc-c0">
         <name>.data</name>
         <load_address>0x20000020</load_address>
         <run_address>0x20000020</run_address>
         <size>0x8</size>
         <input_file_ref idref="fl-13d"/>
      </object_component>
      <object_component id="oc-77">
         <name>.data</name>
         <load_address>0x20000028</load_address>
         <run_address>0x20000028</run_address>
         <size>0x4</size>
         <input_file_ref idref="fl-147"/>
      </object_component>
      <object_component id="oc-bd">
         <name>.data</name>
         <load_address>0x20000018</load_address>
         <run_address>0x20000018</run_address>
         <size>0x8</size>
         <input_file_ref idref="fl-148"/>
      </object_component>
      <object_component id="oc-158">
         <name>.debug_info</name>
         <load_address>0x0</load_address>
         <run_address>0x0</run_address>
         <size>0x639</size>
         <input_file_ref idref="fl-2"/>
      </object_component>
      <object_component id="oc-110">
         <name>.debug_info</name>
         <load_address>0x639</load_address>
         <run_address>0x639</run_address>
         <size>0x264</size>
         <input_file_ref idref="fl-2"/>
      </object_component>
      <object_component id="oc-f0">
         <name>.debug_info</name>
         <load_address>0x89d</load_address>
         <run_address>0x89d</run_address>
         <size>0x103e</size>
         <input_file_ref idref="fl-2"/>
      </object_component>
      <object_component id="oc-d8">
         <name>.debug_info</name>
         <load_address>0x18db</load_address>
         <run_address>0x18db</run_address>
         <size>0x341</size>
         <input_file_ref idref="fl-2"/>
      </object_component>
      <object_component id="oc-128">
         <name>.debug_info</name>
         <load_address>0x1c1c</load_address>
         <run_address>0x1c1c</run_address>
         <size>0x8b</size>
         <input_file_ref idref="fl-2"/>
      </object_component>
      <object_component id="oc-e7">
         <name>.debug_info</name>
         <load_address>0x1ca7</load_address>
         <run_address>0x1ca7</run_address>
         <size>0x18b</size>
         <input_file_ref idref="fl-2"/>
      </object_component>
      <object_component id="oc-14d">
         <name>.debug_info</name>
         <load_address>0x1e32</load_address>
         <run_address>0x1e32</run_address>
         <size>0x37e</size>
         <input_file_ref idref="fl-3"/>
      </object_component>
      <object_component id="oc-d5">
         <name>.debug_info</name>
         <load_address>0x21b0</load_address>
         <run_address>0x21b0</run_address>
         <size>0x15f</size>
         <input_file_ref idref="fl-3"/>
      </object_component>
      <object_component id="oc-7d">
         <name>.debug_info</name>
         <load_address>0x230f</load_address>
         <run_address>0x230f</run_address>
         <size>0x328</size>
         <input_file_ref idref="fl-3"/>
      </object_component>
      <object_component id="oc-94">
         <name>.debug_info</name>
         <load_address>0x2637</load_address>
         <run_address>0x2637</run_address>
         <size>0x84</size>
         <input_file_ref idref="fl-3"/>
      </object_component>
      <object_component id="oc-116">
         <name>.debug_info</name>
         <load_address>0x26bb</load_address>
         <run_address>0x26bb</run_address>
         <size>0x185</size>
         <input_file_ref idref="fl-4"/>
      </object_component>
      <object_component id="oc-a4">
         <name>.debug_info</name>
         <load_address>0x2840</load_address>
         <run_address>0x2840</run_address>
         <size>0x2c</size>
         <input_file_ref idref="fl-4"/>
      </object_component>
      <object_component id="oc-11c">
         <name>.debug_info</name>
         <load_address>0x286c</load_address>
         <run_address>0x286c</run_address>
         <size>0xf1</size>
         <input_file_ref idref="fl-5"/>
      </object_component>
      <object_component id="oc-8f">
         <name>.debug_info</name>
         <load_address>0x295d</load_address>
         <run_address>0x295d</run_address>
         <size>0x3f0</size>
         <input_file_ref idref="fl-6"/>
      </object_component>
      <object_component id="oc-32">
         <name>.debug_info</name>
         <load_address>0x2d4d</load_address>
         <run_address>0x2d4d</run_address>
         <size>0x237</size>
         <input_file_ref idref="fl-6"/>
      </object_component>
      <object_component id="oc-39">
         <name>.debug_info</name>
         <load_address>0x2f84</load_address>
         <run_address>0x2f84</run_address>
         <size>0x174</size>
         <input_file_ref idref="fl-7"/>
      </object_component>
      <object_component id="oc-11">
         <name>.debug_info</name>
         <load_address>0x30f8</load_address>
         <run_address>0x30f8</run_address>
         <size>0xef</size>
         <input_file_ref idref="fl-7"/>
      </object_component>
      <object_component id="oc-2c">
         <name>.debug_info</name>
         <load_address>0x31e7</load_address>
         <run_address>0x31e7</run_address>
         <size>0x263</size>
         <input_file_ref idref="fl-7"/>
      </object_component>
      <object_component id="oc-b6">
         <name>.debug_info</name>
         <load_address>0x344a</load_address>
         <run_address>0x344a</run_address>
         <size>0x161</size>
         <input_file_ref idref="fl-8"/>
      </object_component>
      <object_component id="oc-104">
         <name>.debug_info</name>
         <load_address>0x35ab</load_address>
         <run_address>0x35ab</run_address>
         <size>0x42f</size>
         <input_file_ref idref="fl-9"/>
      </object_component>
      <object_component id="oc-cf">
         <name>.debug_info</name>
         <load_address>0x39da</load_address>
         <run_address>0x39da</run_address>
         <size>0x20e</size>
         <input_file_ref idref="fl-a"/>
      </object_component>
      <object_component id="oc-192">
         <name>.debug_info</name>
         <load_address>0x3be8</load_address>
         <run_address>0x3be8</run_address>
         <size>0xce</size>
         <input_file_ref idref="fl-b"/>
      </object_component>
      <object_component id="oc-10a">
         <name>.debug_info</name>
         <load_address>0x3cb6</load_address>
         <run_address>0x3cb6</run_address>
         <size>0x11a</size>
         <input_file_ref idref="fl-b"/>
      </object_component>
      <object_component id="oc-ec">
         <name>.debug_info</name>
         <load_address>0x3dd0</load_address>
         <run_address>0x3dd0</run_address>
         <size>0x456</size>
         <input_file_ref idref="fl-11"/>
      </object_component>
      <object_component id="oc-e4">
         <name>.debug_info</name>
         <load_address>0x4226</load_address>
         <run_address>0x4226</run_address>
         <size>0xbf</size>
         <input_file_ref idref="fl-11"/>
      </object_component>
      <object_component id="oc-123">
         <name>.debug_info</name>
         <load_address>0x42e5</load_address>
         <run_address>0x42e5</run_address>
         <size>0x117</size>
         <input_file_ref idref="fl-11"/>
      </object_component>
      <object_component id="oc-206">
         <name>.debug_info</name>
         <load_address>0x43fc</load_address>
         <run_address>0x43fc</run_address>
         <size>0x105</size>
         <input_file_ref idref="fl-11"/>
      </object_component>
      <object_component id="oc-1a4">
         <name>.debug_info</name>
         <load_address>0x4501</load_address>
         <run_address>0x4501</run_address>
         <size>0x198</size>
         <input_file_ref idref="fl-11"/>
      </object_component>
      <object_component id="oc-1b6">
         <name>.debug_info</name>
         <load_address>0x4699</load_address>
         <run_address>0x4699</run_address>
         <size>0x166</size>
         <input_file_ref idref="fl-11"/>
      </object_component>
      <object_component id="oc-19e">
         <name>.debug_info</name>
         <load_address>0x47ff</load_address>
         <run_address>0x47ff</run_address>
         <size>0x243</size>
         <input_file_ref idref="fl-11"/>
      </object_component>
      <object_component id="oc-e0">
         <name>.debug_info</name>
         <load_address>0x4a42</load_address>
         <run_address>0x4a42</run_address>
         <size>0x1e5</size>
         <input_file_ref idref="fl-11"/>
      </object_component>
      <object_component id="oc-85">
         <name>.debug_info</name>
         <load_address>0x4c27</load_address>
         <run_address>0x4c27</run_address>
         <size>0x15b</size>
         <input_file_ref idref="fl-11"/>
      </object_component>
      <object_component id="oc-1bc">
         <name>.debug_info</name>
         <load_address>0x4d82</load_address>
         <run_address>0x4d82</run_address>
         <size>0x17f</size>
         <input_file_ref idref="fl-11"/>
      </object_component>
      <object_component id="oc-198">
         <name>.debug_info</name>
         <load_address>0x4f01</load_address>
         <run_address>0x4f01</run_address>
         <size>0xfa</size>
         <input_file_ref idref="fl-11"/>
      </object_component>
      <object_component id="oc-1c2">
         <name>.debug_info</name>
         <load_address>0x4ffb</load_address>
         <run_address>0x4ffb</run_address>
         <size>0x12a</size>
         <input_file_ref idref="fl-11"/>
      </object_component>
      <object_component id="oc-1c8">
         <name>.debug_info</name>
         <load_address>0x5125</load_address>
         <run_address>0x5125</run_address>
         <size>0x12c</size>
         <input_file_ref idref="fl-11"/>
      </object_component>
      <object_component id="oc-1aa">
         <name>.debug_info</name>
         <load_address>0x5251</load_address>
         <run_address>0x5251</run_address>
         <size>0x1e6</size>
         <input_file_ref idref="fl-11"/>
      </object_component>
      <object_component id="oc-1b0">
         <name>.debug_info</name>
         <load_address>0x5437</load_address>
         <run_address>0x5437</run_address>
         <size>0x2a1</size>
         <input_file_ref idref="fl-11"/>
      </object_component>
      <object_component id="oc-8b">
         <name>.debug_info</name>
         <load_address>0x56d8</load_address>
         <run_address>0x56d8</run_address>
         <size>0x130</size>
         <input_file_ref idref="fl-11"/>
      </object_component>
      <object_component id="oc-153">
         <name>.debug_info</name>
         <load_address>0x5808</load_address>
         <run_address>0x5808</run_address>
         <size>0x103c</size>
         <input_file_ref idref="fl-11"/>
      </object_component>
      <object_component id="oc-21b">
         <name>.debug_info</name>
         <load_address>0x6844</load_address>
         <run_address>0x6844</run_address>
         <size>0x52d</size>
         <input_file_ref idref="fl-12"/>
      </object_component>
      <object_component id="oc-1da">
         <name>.debug_info</name>
         <load_address>0x6d71</load_address>
         <run_address>0x6d71</run_address>
         <size>0x132</size>
         <input_file_ref idref="fl-12"/>
      </object_component>
      <object_component id="oc-1e2">
         <name>.debug_info</name>
         <load_address>0x6ea3</load_address>
         <run_address>0x6ea3</run_address>
         <size>0x1e8</size>
         <input_file_ref idref="fl-12"/>
      </object_component>
      <object_component id="oc-1f5">
         <name>.debug_info</name>
         <load_address>0x708b</load_address>
         <run_address>0x708b</run_address>
         <size>0x442</size>
         <input_file_ref idref="fl-13"/>
      </object_component>
      <object_component id="oc-1f2">
         <name>.debug_info</name>
         <load_address>0x74cd</load_address>
         <run_address>0x74cd</run_address>
         <size>0xd0</size>
         <input_file_ref idref="fl-13"/>
      </object_component>
      <object_component id="oc-161">
         <name>.debug_info</name>
         <load_address>0x759d</load_address>
         <run_address>0x759d</run_address>
         <size>0x1ee</size>
         <input_file_ref idref="fl-13"/>
      </object_component>
      <object_component id="oc-16d">
         <name>.debug_info</name>
         <load_address>0x778b</load_address>
         <run_address>0x778b</run_address>
         <size>0x1ec</size>
         <input_file_ref idref="fl-13"/>
      </object_component>
      <object_component id="oc-167">
         <name>.debug_info</name>
         <load_address>0x7977</load_address>
         <run_address>0x7977</run_address>
         <size>0x17d</size>
         <input_file_ref idref="fl-13"/>
      </object_component>
      <object_component id="oc-173">
         <name>.debug_info</name>
         <load_address>0x7af4</load_address>
         <run_address>0x7af4</run_address>
         <size>0x19f</size>
         <input_file_ref idref="fl-13"/>
      </object_component>
      <object_component id="oc-185">
         <name>.debug_info</name>
         <load_address>0x7c93</load_address>
         <run_address>0x7c93</run_address>
         <size>0x1e1</size>
         <input_file_ref idref="fl-13"/>
      </object_component>
      <object_component id="oc-17f">
         <name>.debug_info</name>
         <load_address>0x7e74</load_address>
         <run_address>0x7e74</run_address>
         <size>0x17f</size>
         <input_file_ref idref="fl-13"/>
      </object_component>
      <object_component id="oc-179">
         <name>.debug_info</name>
         <load_address>0x7ff3</load_address>
         <run_address>0x7ff3</run_address>
         <size>0x185</size>
         <input_file_ref idref="fl-13"/>
      </object_component>
      <object_component id="oc-200">
         <name>.debug_info</name>
         <load_address>0x8178</load_address>
         <run_address>0x8178</run_address>
         <size>0x3cb</size>
         <input_file_ref idref="fl-14"/>
      </object_component>
      <object_component id="oc-1fd">
         <name>.debug_info</name>
         <load_address>0x8543</load_address>
         <run_address>0x8543</run_address>
         <size>0x173</size>
         <input_file_ref idref="fl-14"/>
      </object_component>
      <object_component id="oc-1cc">
         <name>.debug_info</name>
         <load_address>0x86b6</load_address>
         <run_address>0x86b6</run_address>
         <size>0x122</size>
         <input_file_ref idref="fl-14"/>
      </object_component>
      <object_component id="oc-18b">
         <name>.debug_info</name>
         <load_address>0x87d8</load_address>
         <run_address>0x87d8</run_address>
         <size>0x16b</size>
         <input_file_ref idref="fl-14"/>
      </object_component>
      <object_component id="oc-1d2">
         <name>.debug_info</name>
         <load_address>0x8943</load_address>
         <run_address>0x8943</run_address>
         <size>0x123</size>
         <input_file_ref idref="fl-14"/>
      </object_component>
      <object_component id="oc-149">
         <name>.debug_info</name>
         <load_address>0x8a66</load_address>
         <run_address>0x8a66</run_address>
         <size>0x48e</size>
         <input_file_ref idref="fl-16"/>
      </object_component>
      <object_component id="oc-143">
         <name>.debug_info</name>
         <load_address>0x8ef4</load_address>
         <run_address>0x8ef4</run_address>
         <size>0x1af</size>
         <input_file_ref idref="fl-16"/>
      </object_component>
      <object_component id="oc-c9">
         <name>.debug_info</name>
         <load_address>0x90a3</load_address>
         <run_address>0x90a3</run_address>
         <size>0x183</size>
         <input_file_ref idref="fl-16"/>
      </object_component>
      <object_component id="oc-215">
         <name>.debug_info</name>
         <load_address>0x9226</load_address>
         <run_address>0x9226</run_address>
         <size>0xe7</size>
         <input_file_ref idref="fl-17"/>
      </object_component>
      <object_component id="oc-26">
         <name>.debug_info</name>
         <load_address>0x930d</load_address>
         <run_address>0x930d</run_address>
         <size>0x134</size>
         <input_file_ref idref="fl-139"/>
      </object_component>
      <object_component id="oc-45">
         <name>.debug_info</name>
         <load_address>0x9441</load_address>
         <run_address>0x9441</run_address>
         <size>0x121</size>
         <input_file_ref idref="fl-13a"/>
      </object_component>
      <object_component id="oc-14">
         <name>.debug_info</name>
         <load_address>0x9562</load_address>
         <run_address>0x9562</run_address>
         <size>0x1c0</size>
         <input_file_ref idref="fl-13a"/>
      </object_component>
      <object_component id="oc-40">
         <name>.debug_info</name>
         <load_address>0x9722</load_address>
         <run_address>0x9722</run_address>
         <size>0x46</size>
         <input_file_ref idref="fl-13a"/>
      </object_component>
      <object_component id="oc-9a">
         <name>.debug_info</name>
         <load_address>0x9768</load_address>
         <run_address>0x9768</run_address>
         <size>0x2c</size>
         <input_file_ref idref="fl-13a"/>
      </object_component>
      <object_component id="oc-4d">
         <name>.debug_info</name>
         <load_address>0x9794</load_address>
         <run_address>0x9794</run_address>
         <size>0x115</size>
         <input_file_ref idref="fl-13b"/>
      </object_component>
      <object_component id="oc-4a">
         <name>.debug_info</name>
         <load_address>0x98a9</load_address>
         <run_address>0x98a9</run_address>
         <size>0x228</size>
         <input_file_ref idref="fl-13b"/>
      </object_component>
      <object_component id="oc-1d">
         <name>.debug_info</name>
         <load_address>0x9ad1</load_address>
         <run_address>0x9ad1</run_address>
         <size>0x192</size>
         <input_file_ref idref="fl-13b"/>
      </object_component>
      <object_component id="oc-4e">
         <name>.debug_info</name>
         <load_address>0x9c63</load_address>
         <run_address>0x9c63</run_address>
         <size>0x39</size>
         <input_file_ref idref="fl-13b"/>
      </object_component>
      <object_component id="oc-5e">
         <name>.debug_info</name>
         <load_address>0x9c9c</load_address>
         <run_address>0x9c9c</run_address>
         <size>0x110</size>
         <input_file_ref idref="fl-13c"/>
      </object_component>
      <object_component id="oc-20">
         <name>.debug_info</name>
         <load_address>0x9dac</load_address>
         <run_address>0x9dac</run_address>
         <size>0x18b</size>
         <input_file_ref idref="fl-13c"/>
      </object_component>
      <object_component id="oc-59">
         <name>.debug_info</name>
         <load_address>0x9f37</load_address>
         <run_address>0x9f37</run_address>
         <size>0x46</size>
         <input_file_ref idref="fl-13c"/>
      </object_component>
      <object_component id="oc-c4">
         <name>.debug_info</name>
         <load_address>0x9f7d</load_address>
         <run_address>0x9f7d</run_address>
         <size>0x172</size>
         <input_file_ref idref="fl-13d"/>
      </object_component>
      <object_component id="oc-c1">
         <name>.debug_info</name>
         <load_address>0xa0ef</load_address>
         <run_address>0xa0ef</run_address>
         <size>0x117</size>
         <input_file_ref idref="fl-13d"/>
      </object_component>
      <object_component id="oc-72">
         <name>.debug_info</name>
         <load_address>0xa206</load_address>
         <run_address>0xa206</run_address>
         <size>0x1ee</size>
         <input_file_ref idref="fl-13d"/>
      </object_component>
      <object_component id="oc-3d">
         <name>.debug_info</name>
         <load_address>0xa3f4</load_address>
         <run_address>0xa3f4</run_address>
         <size>0xf6</size>
         <input_file_ref idref="fl-144"/>
      </object_component>
      <object_component id="oc-56">
         <name>.debug_info</name>
         <load_address>0xa4ea</load_address>
         <run_address>0xa4ea</run_address>
         <size>0x124</size>
         <input_file_ref idref="fl-145"/>
      </object_component>
      <object_component id="oc-63">
         <name>.debug_info</name>
         <load_address>0xa60e</load_address>
         <run_address>0xa60e</run_address>
         <size>0x129</size>
         <input_file_ref idref="fl-146"/>
      </object_component>
      <object_component id="oc-78">
         <name>.debug_info</name>
         <load_address>0xa737</load_address>
         <run_address>0xa737</run_address>
         <size>0xea</size>
         <input_file_ref idref="fl-147"/>
      </object_component>
      <object_component id="oc-13c">
         <name>.debug_info</name>
         <load_address>0xa821</load_address>
         <run_address>0xa821</run_address>
         <size>0x105</size>
         <input_file_ref idref="fl-148"/>
      </object_component>
      <object_component id="oc-be">
         <name>.debug_info</name>
         <load_address>0xa926</load_address>
         <run_address>0xa926</run_address>
         <size>0xf4</size>
         <input_file_ref idref="fl-148"/>
      </object_component>
      <object_component id="oc-135">
         <name>.debug_info</name>
         <load_address>0xaa1a</load_address>
         <run_address>0xaa1a</run_address>
         <size>0x200</size>
         <input_file_ref idref="fl-148"/>
      </object_component>
      <object_component id="oc-bc">
         <name>.debug_info</name>
         <load_address>0xac1a</load_address>
         <run_address>0xac1a</run_address>
         <size>0x147</size>
         <input_file_ref idref="fl-149"/>
      </object_component>
      <object_component id="oc-6c">
         <name>.debug_info</name>
         <load_address>0xad61</load_address>
         <run_address>0xad61</run_address>
         <size>0x148</size>
         <input_file_ref idref="fl-149"/>
      </object_component>
      <object_component id="oc-12f">
         <name>.debug_info</name>
         <load_address>0xaea9</load_address>
         <run_address>0xaea9</run_address>
         <size>0x5e</size>
         <input_file_ref idref="fl-149"/>
      </object_component>
      <object_component id="oc-b4">
         <name>.debug_info</name>
         <load_address>0xaf07</load_address>
         <run_address>0xaf07</run_address>
         <size>0x29e</size>
         <input_file_ref idref="fl-14a"/>
      </object_component>
      <object_component id="oc-66">
         <name>.debug_info</name>
         <load_address>0xb1a5</load_address>
         <run_address>0xb1a5</run_address>
         <size>0x158</size>
         <input_file_ref idref="fl-14a"/>
      </object_component>
      <object_component id="oc-f9">
         <name>.debug_info</name>
         <load_address>0xb2fd</load_address>
         <run_address>0xb2fd</run_address>
         <size>0x39</size>
         <input_file_ref idref="fl-14a"/>
      </object_component>
      <object_component id="oc-fe">
         <name>.debug_info</name>
         <load_address>0xb336</load_address>
         <run_address>0xb336</run_address>
         <size>0xcd</size>
         <input_file_ref idref="fl-14a"/>
      </object_component>
      <object_component id="oc-f6">
         <name>.debug_info</name>
         <load_address>0xb403</load_address>
         <run_address>0xb403</run_address>
         <size>0x1c1</size>
         <input_file_ref idref="fl-14b"/>
      </object_component>
      <object_component id="oc-ae">
         <name>.debug_info</name>
         <load_address>0xb5c4</load_address>
         <run_address>0xb5c4</run_address>
         <size>0x164</size>
         <input_file_ref idref="fl-14b"/>
      </object_component>
      <object_component id="oc-15b">
         <name>.debug_info</name>
         <load_address>0xb728</load_address>
         <run_address>0xb728</run_address>
         <size>0x2c</size>
         <input_file_ref idref="fl-14b"/>
      </object_component>
      <object_component id="oc-250">
         <name>.debug_info</name>
         <load_address>0xb754</load_address>
         <run_address>0xb754</run_address>
         <size>0xa0</size>
      </object_component>
      <object_component id="oc-1f0">
         <name>.debug_line</name>
         <load_address>0x0</load_address>
         <run_address>0x0</run_address>
         <size>0xa4</size>
         <input_file_ref idref="fl-2"/>
      </object_component>
      <object_component id="oc-113">
         <name>.debug_line</name>
         <load_address>0xa4</load_address>
         <run_address>0xa4</run_address>
         <size>0x4c</size>
         <input_file_ref idref="fl-2"/>
      </object_component>
      <object_component id="oc-f3">
         <name>.debug_line</name>
         <load_address>0xf0</load_address>
         <run_address>0xf0</run_address>
         <size>0x60</size>
         <input_file_ref idref="fl-2"/>
      </object_component>
      <object_component id="oc-db">
         <name>.debug_line</name>
         <load_address>0x150</load_address>
         <run_address>0x150</run_address>
         <size>0x62</size>
         <input_file_ref idref="fl-2"/>
      </object_component>
      <object_component id="oc-12b">
         <name>.debug_line</name>
         <load_address>0x1b2</load_address>
         <run_address>0x1b2</run_address>
         <size>0x20</size>
         <input_file_ref idref="fl-2"/>
      </object_component>
      <object_component id="oc-ea">
         <name>.debug_line</name>
         <load_address>0x1d2</load_address>
         <run_address>0x1d2</run_address>
         <size>0x6b</size>
         <input_file_ref idref="fl-2"/>
      </object_component>
      <object_component id="oc-1ee">
         <name>.debug_line</name>
         <load_address>0x23d</load_address>
         <run_address>0x23d</run_address>
         <size>0x74</size>
         <input_file_ref idref="fl-3"/>
      </object_component>
      <object_component id="oc-14c">
         <name>.debug_line</name>
         <load_address>0x2b1</load_address>
         <run_address>0x2b1</run_address>
         <size>0x2f</size>
         <input_file_ref idref="fl-3"/>
      </object_component>
      <object_component id="oc-80">
         <name>.debug_line</name>
         <load_address>0x2e0</load_address>
         <run_address>0x2e0</run_address>
         <size>0xa6</size>
         <input_file_ref idref="fl-3"/>
      </object_component>
      <object_component id="oc-97">
         <name>.debug_line</name>
         <load_address>0x386</load_address>
         <run_address>0x386</run_address>
         <size>0x20</size>
         <input_file_ref idref="fl-3"/>
      </object_component>
      <object_component id="oc-119">
         <name>.debug_line</name>
         <load_address>0x3a6</load_address>
         <run_address>0x3a6</run_address>
         <size>0x4a</size>
         <input_file_ref idref="fl-4"/>
      </object_component>
      <object_component id="oc-a7">
         <name>.debug_line</name>
         <load_address>0x3f0</load_address>
         <run_address>0x3f0</run_address>
         <size>0x6b</size>
         <input_file_ref idref="fl-4"/>
      </object_component>
      <object_component id="oc-11f">
         <name>.debug_line</name>
         <load_address>0x45b</load_address>
         <run_address>0x45b</run_address>
         <size>0x3e</size>
         <input_file_ref idref="fl-5"/>
      </object_component>
      <object_component id="oc-ef">
         <name>.debug_line</name>
         <load_address>0x499</load_address>
         <run_address>0x499</run_address>
         <size>0x85</size>
         <input_file_ref idref="fl-6"/>
      </object_component>
      <object_component id="oc-35">
         <name>.debug_line</name>
         <load_address>0x51e</load_address>
         <run_address>0x51e</run_address>
         <size>0x7f</size>
         <input_file_ref idref="fl-6"/>
      </object_component>
      <object_component id="oc-93">
         <name>.debug_line</name>
         <load_address>0x59d</load_address>
         <run_address>0x59d</run_address>
         <size>0x42</size>
         <input_file_ref idref="fl-7"/>
      </object_component>
      <object_component id="oc-38">
         <name>.debug_line</name>
         <load_address>0x5df</load_address>
         <run_address>0x5df</run_address>
         <size>0x42</size>
         <input_file_ref idref="fl-7"/>
      </object_component>
      <object_component id="oc-2f">
         <name>.debug_line</name>
         <load_address>0x621</load_address>
         <run_address>0x621</run_address>
         <size>0xa2</size>
         <input_file_ref idref="fl-7"/>
      </object_component>
      <object_component id="oc-b9">
         <name>.debug_line</name>
         <load_address>0x6c3</load_address>
         <run_address>0x6c3</run_address>
         <size>0x52</size>
         <input_file_ref idref="fl-8"/>
      </object_component>
      <object_component id="oc-107">
         <name>.debug_line</name>
         <load_address>0x715</load_address>
         <run_address>0x715</run_address>
         <size>0xba</size>
         <input_file_ref idref="fl-9"/>
      </object_component>
      <object_component id="oc-d2">
         <name>.debug_line</name>
         <load_address>0x7cf</load_address>
         <run_address>0x7cf</run_address>
         <size>0x9a</size>
         <input_file_ref idref="fl-a"/>
      </object_component>
      <object_component id="oc-202">
         <name>.debug_line</name>
         <load_address>0x869</load_address>
         <run_address>0x869</run_address>
         <size>0x2f</size>
         <input_file_ref idref="fl-b"/>
      </object_component>
      <object_component id="oc-10d">
         <name>.debug_line</name>
         <load_address>0x898</load_address>
         <run_address>0x898</run_address>
         <size>0x45</size>
         <input_file_ref idref="fl-b"/>
      </object_component>
      <object_component id="oc-152">
         <name>.debug_line</name>
         <load_address>0x8dd</load_address>
         <run_address>0x8dd</run_address>
         <size>0x31</size>
         <input_file_ref idref="fl-11"/>
      </object_component>
      <object_component id="oc-150">
         <name>.debug_line</name>
         <load_address>0x90e</load_address>
         <run_address>0x90e</run_address>
         <size>0x2b</size>
         <input_file_ref idref="fl-11"/>
      </object_component>
      <object_component id="oc-126">
         <name>.debug_line</name>
         <load_address>0x939</load_address>
         <run_address>0x939</run_address>
         <size>0x4d</size>
         <input_file_ref idref="fl-11"/>
      </object_component>
      <object_component id="oc-209">
         <name>.debug_line</name>
         <load_address>0x986</load_address>
         <run_address>0x986</run_address>
         <size>0x40</size>
         <input_file_ref idref="fl-11"/>
      </object_component>
      <object_component id="oc-1a3">
         <name>.debug_line</name>
         <load_address>0x9c6</load_address>
         <run_address>0x9c6</run_address>
         <size>0x4e</size>
         <input_file_ref idref="fl-11"/>
      </object_component>
      <object_component id="oc-1b5">
         <name>.debug_line</name>
         <load_address>0xa14</load_address>
         <run_address>0xa14</run_address>
         <size>0x55</size>
         <input_file_ref idref="fl-11"/>
      </object_component>
      <object_component id="oc-19d">
         <name>.debug_line</name>
         <load_address>0xa69</load_address>
         <run_address>0xa69</run_address>
         <size>0x4d</size>
         <input_file_ref idref="fl-11"/>
      </object_component>
      <object_component id="oc-df">
         <name>.debug_line</name>
         <load_address>0xab6</load_address>
         <run_address>0xab6</run_address>
         <size>0x62</size>
         <input_file_ref idref="fl-11"/>
      </object_component>
      <object_component id="oc-84">
         <name>.debug_line</name>
         <load_address>0xb18</load_address>
         <run_address>0xb18</run_address>
         <size>0x40</size>
         <input_file_ref idref="fl-11"/>
      </object_component>
      <object_component id="oc-1bb">
         <name>.debug_line</name>
         <load_address>0xb58</load_address>
         <run_address>0xb58</run_address>
         <size>0x4c</size>
         <input_file_ref idref="fl-11"/>
      </object_component>
      <object_component id="oc-197">
         <name>.debug_line</name>
         <load_address>0xba4</load_address>
         <run_address>0xba4</run_address>
         <size>0x40</size>
         <input_file_ref idref="fl-11"/>
      </object_component>
      <object_component id="oc-1c1">
         <name>.debug_line</name>
         <load_address>0xbe4</load_address>
         <run_address>0xbe4</run_address>
         <size>0x41</size>
         <input_file_ref idref="fl-11"/>
      </object_component>
      <object_component id="oc-1c7">
         <name>.debug_line</name>
         <load_address>0xc25</load_address>
         <run_address>0xc25</run_address>
         <size>0x45</size>
         <input_file_ref idref="fl-11"/>
      </object_component>
      <object_component id="oc-1a8">
         <name>.debug_line</name>
         <load_address>0xc6a</load_address>
         <run_address>0xc6a</run_address>
         <size>0x4e</size>
         <input_file_ref idref="fl-11"/>
      </object_component>
      <object_component id="oc-1ae">
         <name>.debug_line</name>
         <load_address>0xcb8</load_address>
         <run_address>0xcb8</run_address>
         <size>0x7d</size>
         <input_file_ref idref="fl-11"/>
      </object_component>
      <object_component id="oc-89">
         <name>.debug_line</name>
         <load_address>0xd35</load_address>
         <run_address>0xd35</run_address>
         <size>0x41</size>
         <input_file_ref idref="fl-11"/>
      </object_component>
      <object_component id="oc-156">
         <name>.debug_line</name>
         <load_address>0xd76</load_address>
         <run_address>0xd76</run_address>
         <size>0x61</size>
         <input_file_ref idref="fl-11"/>
      </object_component>
      <object_component id="oc-229">
         <name>.debug_line</name>
         <load_address>0xdd7</load_address>
         <run_address>0xdd7</run_address>
         <size>0x47</size>
         <input_file_ref idref="fl-12"/>
      </object_component>
      <object_component id="oc-1dd">
         <name>.debug_line</name>
         <load_address>0xe1e</load_address>
         <run_address>0xe1e</run_address>
         <size>0x41</size>
         <input_file_ref idref="fl-12"/>
      </object_component>
      <object_component id="oc-1e1">
         <name>.debug_line</name>
         <load_address>0xe5f</load_address>
         <run_address>0xe5f</run_address>
         <size>0x99</size>
         <input_file_ref idref="fl-12"/>
      </object_component>
      <object_component id="oc-221">
         <name>.debug_line</name>
         <load_address>0xef8</load_address>
         <run_address>0xef8</run_address>
         <size>0x31</size>
         <input_file_ref idref="fl-13"/>
      </object_component>
      <object_component id="oc-21f">
         <name>.debug_line</name>
         <load_address>0xf29</load_address>
         <run_address>0xf29</run_address>
         <size>0x2a</size>
         <input_file_ref idref="fl-13"/>
      </object_component>
      <object_component id="oc-164">
         <name>.debug_line</name>
         <load_address>0xf53</load_address>
         <run_address>0xf53</run_address>
         <size>0x50</size>
         <input_file_ref idref="fl-13"/>
      </object_component>
      <object_component id="oc-170">
         <name>.debug_line</name>
         <load_address>0xfa3</load_address>
         <run_address>0xfa3</run_address>
         <size>0x4e</size>
         <input_file_ref idref="fl-13"/>
      </object_component>
      <object_component id="oc-16a">
         <name>.debug_line</name>
         <load_address>0xff1</load_address>
         <run_address>0xff1</run_address>
         <size>0x41</size>
         <input_file_ref idref="fl-13"/>
      </object_component>
      <object_component id="oc-176">
         <name>.debug_line</name>
         <load_address>0x1032</load_address>
         <run_address>0x1032</run_address>
         <size>0x43</size>
         <input_file_ref idref="fl-13"/>
      </object_component>
      <object_component id="oc-188">
         <name>.debug_line</name>
         <load_address>0x1075</load_address>
         <run_address>0x1075</run_address>
         <size>0x46</size>
         <input_file_ref idref="fl-13"/>
      </object_component>
      <object_component id="oc-182">
         <name>.debug_line</name>
         <load_address>0x10bb</load_address>
         <run_address>0x10bb</run_address>
         <size>0x3f</size>
         <input_file_ref idref="fl-13"/>
      </object_component>
      <object_component id="oc-17c">
         <name>.debug_line</name>
         <load_address>0x10fa</load_address>
         <run_address>0x10fa</run_address>
         <size>0x3f</size>
         <input_file_ref idref="fl-13"/>
      </object_component>
      <object_component id="oc-225">
         <name>.debug_line</name>
         <load_address>0x1139</load_address>
         <run_address>0x1139</run_address>
         <size>0x2b</size>
         <input_file_ref idref="fl-14"/>
      </object_component>
      <object_component id="oc-223">
         <name>.debug_line</name>
         <load_address>0x1164</load_address>
         <run_address>0x1164</run_address>
         <size>0x2f</size>
         <input_file_ref idref="fl-14"/>
      </object_component>
      <object_component id="oc-1cf">
         <name>.debug_line</name>
         <load_address>0x1193</load_address>
         <run_address>0x1193</run_address>
         <size>0x44</size>
         <input_file_ref idref="fl-14"/>
      </object_component>
      <object_component id="oc-18e">
         <name>.debug_line</name>
         <load_address>0x11d7</load_address>
         <run_address>0x11d7</run_address>
         <size>0x6d</size>
         <input_file_ref idref="fl-14"/>
      </object_component>
      <object_component id="oc-1d5">
         <name>.debug_line</name>
         <load_address>0x1244</load_address>
         <run_address>0x1244</run_address>
         <size>0x44</size>
         <input_file_ref idref="fl-14"/>
      </object_component>
      <object_component id="oc-1ec">
         <name>.debug_line</name>
         <load_address>0x1288</load_address>
         <run_address>0x1288</run_address>
         <size>0x31</size>
         <input_file_ref idref="fl-16"/>
      </object_component>
      <object_component id="oc-146">
         <name>.debug_line</name>
         <load_address>0x12b9</load_address>
         <run_address>0x12b9</run_address>
         <size>0x6c</size>
         <input_file_ref idref="fl-16"/>
      </object_component>
      <object_component id="oc-cc">
         <name>.debug_line</name>
         <load_address>0x1325</load_address>
         <run_address>0x1325</run_address>
         <size>0x58</size>
         <input_file_ref idref="fl-16"/>
      </object_component>
      <object_component id="oc-214">
         <name>.debug_line</name>
         <load_address>0x137d</load_address>
         <run_address>0x137d</run_address>
         <size>0x3e</size>
         <input_file_ref idref="fl-17"/>
      </object_component>
      <object_component id="oc-29">
         <name>.debug_line</name>
         <load_address>0x13bb</load_address>
         <run_address>0x13bb</run_address>
         <size>0x52</size>
         <input_file_ref idref="fl-139"/>
      </object_component>
      <object_component id="oc-a0">
         <name>.debug_line</name>
         <load_address>0x140d</load_address>
         <run_address>0x140d</run_address>
         <size>0x80</size>
         <input_file_ref idref="fl-13a"/>
      </object_component>
      <object_component id="oc-17">
         <name>.debug_line</name>
         <load_address>0x148d</load_address>
         <run_address>0x148d</run_address>
         <size>0x55</size>
         <input_file_ref idref="fl-13a"/>
      </object_component>
      <object_component id="oc-43">
         <name>.debug_line</name>
         <load_address>0x14e2</load_address>
         <run_address>0x14e2</run_address>
         <size>0x3a</size>
         <input_file_ref idref="fl-13a"/>
      </object_component>
      <object_component id="oc-9d">
         <name>.debug_line</name>
         <load_address>0x151c</load_address>
         <run_address>0x151c</run_address>
         <size>0x80</size>
         <input_file_ref idref="fl-13a"/>
      </object_component>
      <object_component id="oc-a3">
         <name>.debug_line</name>
         <load_address>0x159c</load_address>
         <run_address>0x159c</run_address>
         <size>0x80</size>
         <input_file_ref idref="fl-13b"/>
      </object_component>
      <object_component id="oc-47">
         <name>.debug_line</name>
         <load_address>0x161c</load_address>
         <run_address>0x161c</run_address>
         <size>0x98</size>
         <input_file_ref idref="fl-13b"/>
      </object_component>
      <object_component id="oc-1a">
         <name>.debug_line</name>
         <load_address>0x16b4</load_address>
         <run_address>0x16b4</run_address>
         <size>0x4b</size>
         <input_file_ref idref="fl-13b"/>
      </object_component>
      <object_component id="oc-51">
         <name>.debug_line</name>
         <load_address>0x16ff</load_address>
         <run_address>0x16ff</run_address>
         <size>0x39</size>
         <input_file_ref idref="fl-13b"/>
      </object_component>
      <object_component id="oc-ab">
         <name>.debug_line</name>
         <load_address>0x1738</load_address>
         <run_address>0x1738</run_address>
         <size>0x80</size>
         <input_file_ref idref="fl-13c"/>
      </object_component>
      <object_component id="oc-23">
         <name>.debug_line</name>
         <load_address>0x17b8</load_address>
         <run_address>0x17b8</run_address>
         <size>0x4f</size>
         <input_file_ref idref="fl-13c"/>
      </object_component>
      <object_component id="oc-5c">
         <name>.debug_line</name>
         <load_address>0x1807</load_address>
         <run_address>0x1807</run_address>
         <size>0x34</size>
         <input_file_ref idref="fl-13c"/>
      </object_component>
      <object_component id="oc-141">
         <name>.debug_line</name>
         <load_address>0x183b</load_address>
         <run_address>0x183b</run_address>
         <size>0x7f</size>
         <input_file_ref idref="fl-13d"/>
      </object_component>
      <object_component id="oc-13f">
         <name>.debug_line</name>
         <load_address>0x18ba</load_address>
         <run_address>0x18ba</run_address>
         <size>0x2a</size>
         <input_file_ref idref="fl-13d"/>
      </object_component>
      <object_component id="oc-75">
         <name>.debug_line</name>
         <load_address>0x18e4</load_address>
         <run_address>0x18e4</run_address>
         <size>0x7a</size>
         <input_file_ref idref="fl-13d"/>
      </object_component>
      <object_component id="oc-3c">
         <name>.debug_line</name>
         <load_address>0x195e</load_address>
         <run_address>0x195e</run_address>
         <size>0x88</size>
         <input_file_ref idref="fl-144"/>
      </object_component>
      <object_component id="oc-55">
         <name>.debug_line</name>
         <load_address>0x19e6</load_address>
         <run_address>0x19e6</run_address>
         <size>0x79</size>
         <input_file_ref idref="fl-145"/>
      </object_component>
      <object_component id="oc-62">
         <name>.debug_line</name>
         <load_address>0x1a5f</load_address>
         <run_address>0x1a5f</run_address>
         <size>0x40</size>
         <input_file_ref idref="fl-146"/>
      </object_component>
      <object_component id="oc-c7">
         <name>.debug_line</name>
         <load_address>0x1a9f</load_address>
         <run_address>0x1a9f</run_address>
         <size>0x33</size>
         <input_file_ref idref="fl-147"/>
      </object_component>
      <object_component id="oc-1e9">
         <name>.debug_line</name>
         <load_address>0x1ad2</load_address>
         <run_address>0x1ad2</run_address>
         <size>0x20</size>
         <input_file_ref idref="fl-148"/>
      </object_component>
      <object_component id="oc-13b">
         <name>.debug_line</name>
         <load_address>0x1af2</load_address>
         <run_address>0x1af2</run_address>
         <size>0x2b</size>
         <input_file_ref idref="fl-148"/>
      </object_component>
      <object_component id="oc-138">
         <name>.debug_line</name>
         <load_address>0x1b1d</load_address>
         <run_address>0x1b1d</run_address>
         <size>0x68</size>
         <input_file_ref idref="fl-148"/>
      </object_component>
      <object_component id="oc-12e">
         <name>.debug_line</name>
         <load_address>0x1b85</load_address>
         <run_address>0x1b85</run_address>
         <size>0x2b</size>
         <input_file_ref idref="fl-149"/>
      </object_component>
      <object_component id="oc-6f">
         <name>.debug_line</name>
         <load_address>0x1bb0</load_address>
         <run_address>0x1bb0</run_address>
         <size>0x50</size>
         <input_file_ref idref="fl-149"/>
      </object_component>
      <object_component id="oc-132">
         <name>.debug_line</name>
         <load_address>0x1c00</load_address>
         <run_address>0x1c00</run_address>
         <size>0x2b</size>
         <input_file_ref idref="fl-149"/>
      </object_component>
      <object_component id="oc-f8">
         <name>.debug_line</name>
         <load_address>0x1c2b</load_address>
         <run_address>0x1c2b</run_address>
         <size>0x8f</size>
         <input_file_ref idref="fl-14a"/>
      </object_component>
      <object_component id="oc-69">
         <name>.debug_line</name>
         <load_address>0x1cba</load_address>
         <run_address>0x1cba</run_address>
         <size>0x79</size>
         <input_file_ref idref="fl-14a"/>
      </object_component>
      <object_component id="oc-fc">
         <name>.debug_line</name>
         <load_address>0x1d33</load_address>
         <run_address>0x1d33</run_address>
         <size>0x2e</size>
         <input_file_ref idref="fl-14a"/>
      </object_component>
      <object_component id="oc-101">
         <name>.debug_line</name>
         <load_address>0x1d61</load_address>
         <run_address>0x1d61</run_address>
         <size>0x81</size>
         <input_file_ref idref="fl-14a"/>
      </object_component>
      <object_component id="oc-15a">
         <name>.debug_line</name>
         <load_address>0x1de2</load_address>
         <run_address>0x1de2</run_address>
         <size>0x8e</size>
         <input_file_ref idref="fl-14b"/>
      </object_component>
      <object_component id="oc-b1">
         <name>.debug_line</name>
         <load_address>0x1e70</load_address>
         <run_address>0x1e70</run_address>
         <size>0x68</size>
         <input_file_ref idref="fl-14b"/>
      </object_component>
      <object_component id="oc-15e">
         <name>.debug_line</name>
         <load_address>0x1ed8</load_address>
         <run_address>0x1ed8</run_address>
         <size>0x2e</size>
         <input_file_ref idref="fl-14b"/>
      </object_component>
      <object_component id="oc-114">
         <name>.debug_frame</name>
         <load_address>0x0</load_address>
         <run_address>0x0</run_address>
         <size>0x86</size>
         <input_file_ref idref="fl-2"/>
      </object_component>
      <object_component id="oc-81">
         <name>.debug_frame</name>
         <load_address>0x86</load_address>
         <run_address>0x86</run_address>
         <size>0xc8</size>
         <input_file_ref idref="fl-3"/>
      </object_component>
      <object_component id="oc-11a">
         <name>.debug_frame</name>
         <load_address>0x14e</load_address>
         <run_address>0x14e</run_address>
         <size>0x86</size>
         <input_file_ref idref="fl-4"/>
      </object_component>
      <object_component id="oc-120">
         <name>.debug_frame</name>
         <load_address>0x1d4</load_address>
         <run_address>0x1d4</run_address>
         <size>0x7f</size>
         <input_file_ref idref="fl-5"/>
      </object_component>
      <object_component id="oc-36">
         <name>.debug_frame</name>
         <load_address>0x253</load_address>
         <run_address>0x253</run_address>
         <size>0xb6</size>
         <input_file_ref idref="fl-6"/>
      </object_component>
      <object_component id="oc-30">
         <name>.debug_frame</name>
         <load_address>0x309</load_address>
         <run_address>0x309</run_address>
         <size>0xb2</size>
         <input_file_ref idref="fl-7"/>
      </object_component>
      <object_component id="oc-ba">
         <name>.debug_frame</name>
         <load_address>0x3bb</load_address>
         <run_address>0x3bb</run_address>
         <size>0x86</size>
         <input_file_ref idref="fl-8"/>
      </object_component>
      <object_component id="oc-108">
         <name>.debug_frame</name>
         <load_address>0x441</load_address>
         <run_address>0x441</run_address>
         <size>0xdf</size>
         <input_file_ref idref="fl-9"/>
      </object_component>
      <object_component id="oc-d3">
         <name>.debug_frame</name>
         <load_address>0x520</load_address>
         <run_address>0x520</run_address>
         <size>0xb3</size>
         <input_file_ref idref="fl-a"/>
      </object_component>
      <object_component id="oc-10e">
         <name>.debug_frame</name>
         <load_address>0x5d3</load_address>
         <run_address>0x5d3</run_address>
         <size>0x86</size>
         <input_file_ref idref="fl-b"/>
      </object_component>
      <object_component id="oc-122">
         <name>.debug_frame</name>
         <load_address>0x659</load_address>
         <run_address>0x659</run_address>
         <size>0x7f</size>
         <input_file_ref idref="fl-11"/>
      </object_component>
      <object_component id="oc-205">
         <name>.debug_frame</name>
         <load_address>0x6d8</load_address>
         <run_address>0x6d8</run_address>
         <size>0x7f</size>
         <input_file_ref idref="fl-11"/>
      </object_component>
      <object_component id="oc-1a2">
         <name>.debug_frame</name>
         <load_address>0x757</load_address>
         <run_address>0x757</run_address>
         <size>0x86</size>
         <input_file_ref idref="fl-11"/>
      </object_component>
      <object_component id="oc-1b4">
         <name>.debug_frame</name>
         <load_address>0x7dd</load_address>
         <run_address>0x7dd</run_address>
         <size>0x86</size>
         <input_file_ref idref="fl-11"/>
      </object_component>
      <object_component id="oc-19c">
         <name>.debug_frame</name>
         <load_address>0x863</load_address>
         <run_address>0x863</run_address>
         <size>0x8a</size>
         <input_file_ref idref="fl-11"/>
      </object_component>
      <object_component id="oc-de">
         <name>.debug_frame</name>
         <load_address>0x8ed</load_address>
         <run_address>0x8ed</run_address>
         <size>0xc1</size>
         <input_file_ref idref="fl-11"/>
      </object_component>
      <object_component id="oc-83">
         <name>.debug_frame</name>
         <load_address>0x9ae</load_address>
         <run_address>0x9ae</run_address>
         <size>0x86</size>
         <input_file_ref idref="fl-11"/>
      </object_component>
      <object_component id="oc-1ba">
         <name>.debug_frame</name>
         <load_address>0xa34</load_address>
         <run_address>0xa34</run_address>
         <size>0x86</size>
         <input_file_ref idref="fl-11"/>
      </object_component>
      <object_component id="oc-196">
         <name>.debug_frame</name>
         <load_address>0xaba</load_address>
         <run_address>0xaba</run_address>
         <size>0x7f</size>
         <input_file_ref idref="fl-11"/>
      </object_component>
      <object_component id="oc-1c0">
         <name>.debug_frame</name>
         <load_address>0xb39</load_address>
         <run_address>0xb39</run_address>
         <size>0x7f</size>
         <input_file_ref idref="fl-11"/>
      </object_component>
      <object_component id="oc-1c6">
         <name>.debug_frame</name>
         <load_address>0xbb8</load_address>
         <run_address>0xbb8</run_address>
         <size>0x8a</size>
         <input_file_ref idref="fl-11"/>
      </object_component>
      <object_component id="oc-1a9">
         <name>.debug_frame</name>
         <load_address>0xc42</load_address>
         <run_address>0xc42</run_address>
         <size>0x86</size>
         <input_file_ref idref="fl-11"/>
      </object_component>
      <object_component id="oc-1af">
         <name>.debug_frame</name>
         <load_address>0xcc8</load_address>
         <run_address>0xcc8</run_address>
         <size>0x92</size>
         <input_file_ref idref="fl-11"/>
      </object_component>
      <object_component id="oc-8a">
         <name>.debug_frame</name>
         <load_address>0xd5a</load_address>
         <run_address>0xd5a</run_address>
         <size>0x7f</size>
         <input_file_ref idref="fl-11"/>
      </object_component>
      <object_component id="oc-1dc">
         <name>.debug_frame</name>
         <load_address>0xdd9</load_address>
         <run_address>0xdd9</run_address>
         <size>0x7f</size>
         <input_file_ref idref="fl-12"/>
      </object_component>
      <object_component id="oc-1e0">
         <name>.debug_frame</name>
         <load_address>0xe58</load_address>
         <run_address>0xe58</run_address>
         <size>0x8a</size>
         <input_file_ref idref="fl-12"/>
      </object_component>
      <object_component id="oc-165">
         <name>.debug_frame</name>
         <load_address>0xee2</load_address>
         <run_address>0xee2</run_address>
         <size>0x7f</size>
         <input_file_ref idref="fl-13"/>
      </object_component>
      <object_component id="oc-171">
         <name>.debug_frame</name>
         <load_address>0xf61</load_address>
         <run_address>0xf61</run_address>
         <size>0x86</size>
         <input_file_ref idref="fl-13"/>
      </object_component>
      <object_component id="oc-16b">
         <name>.debug_frame</name>
         <load_address>0xfe7</load_address>
         <run_address>0xfe7</run_address>
         <size>0x7f</size>
         <input_file_ref idref="fl-13"/>
[...]
            <object_component_ref idref="oc-129"/>
            <object_component_ref idref="oc-e8"/>
            <object_component_ref idref="oc-95"/>
            <object_component_ref idref="oc-a5"/>
            <object_component_ref idref="oc-154"/>
            <object_component_ref idref="oc-41"/>
            <object_component_ref idref="oc-9b"/>
            <object_component_ref idref="oc-4f"/>
            <object_component_ref idref="oc-5a"/>
            <object_component_ref idref="oc-c5"/>
            <object_component_ref idref="oc-13d"/>
            <object_component_ref idref="oc-130"/>
            <object_component_ref idref="oc-fa"/>
            <object_component_ref idref="oc-ff"/>
            <object_component_ref idref="oc-15c"/>
         </contents>
      </logical_group>
      <load_segment id="lg-254" display="no" color="cyan">
         <name>SEGMENT_0</name>
         <load_address>0x0</load_address>
         <run_address>0x0</run_address>
         <size>0x1118</size>
         <flags>0x5</flags>
         <contents>
            <logical_group_ref idref="lg-4"/>
            <logical_group_ref idref="lg-5"/>
            <logical_group_ref idref="lg-6"/>
            <logical_group_ref idref="lg-7"/>
         </contents>
      </load_segment>
      <load_segment id="lg-255" display="no" color="cyan">
         <name>SEGMENT_1</name>
         <run_address>0x20000000</run_address>
         <size>0x30</size>
         <flags>0x6</flags>
         <contents>
            <logical_group_ref idref="lg-b"/>
            <logical_group_ref idref="lg-c"/>
         </contents>
      </load_segment>
      <load_segment id="lg-256" display="no" color="cyan">
         <name>SEGMENT_2</name>
         <run_address>0x2000fe00</run_address>
         <size>0x200</size>
         <flags>0x6</flags>
         <contents>
            <logical_group_ref idref="lg-e"/>
         </contents>
      </load_segment>
   </logical_group_list>
   <placement_map>
      <memory_area display="yes" color="green">
         <name>FLASH</name>
         <page_id>0x0</page_id>
         <origin>0x0</origin>
         <length>0x40000</length>
         <used_space>0x1114</used_space>
         <unused_space>0x3eeec</unused_space>
         <attributes>RX</attributes>
         <usage_details>
            <allocated_space>
               <start_address>0x0</start_address>
               <size>0x144</size>
               <logical_group_ref idref="lg-4"/>
            </allocated_space>
            <allocated_space>
               <start_address>0x144</start_address>
               <size>0xe00</size>
               <logical_group_ref idref="lg-5"/>
            </allocated_space>
            <allocated_space>
               <start_address>0xf44</start_address>
               <size>0x180</size>
               <logical_group_ref idref="lg-6"/>
            </allocated_space>
            <available_space>
               <start_address>0x10c4</start_address>
               <size>0x4</size>
            </available_space>
            <allocated_space>
               <start_address>0x10c8</start_address>
               <size>0x50</size>
               <logical_group_ref idref="lg-7"/>
            </allocated_space>
            <available_space>
               <start_address>0x1118</start_address>
               <size>0x3eee8</size>
            </available_space>
         </usage_details>
      </memory_area>
      <memory_area display="yes" color="green">
         <name>INFO_FLASH</name>
         <page_id>0x0</page_id>
         <origin>0x200000</origin>
         <length>0x4000</length>
         <used_space>0x0</used_space>
         <unused_space>0x4000</unused_space>
         <attributes>RX</attributes>
         <usage_details>
         </usage_details>
      </memory_area>
      <memory_area display="yes" color="green">
         <name>SRAM</name>
         <page_id>0x0</page_id>
         <origin>0x20000000</origin>
         <length>0x10000</length>
         <used_space>0x230</used_space>
         <unused_space>0xfdd0</unused_space>
         <attributes>RWX</attributes>
         <usage_details>
            <allocated_space>
               <start_address>0x20000000</start_address>
               <size>0x2c</size>
               <logical_group_ref idref="lg-22c"/>
            </allocated_space>
            <allocated_space>
               <start_address>0x2000002c</start_address>
               <size>0x4</size>
               <logical_group_ref idref="lg-22a"/>
            </allocated_space>
            <available_space>
               <start_address>0x20000030</start_address>
               <size>0xfdd0</size>
            </available_space>
            <allocated_space>
               <start_address>0x2000fe00</start_address>
               <size>0x200</size>
               <logical_group_ref idref="lg-e"/>
            </allocated_space>
         </usage_details>
      </memory_area>
   </placement_map>
   <cptbl_list>
      <cptbl>
         <name>__TI_cinit_table</name>
         <cprec>
            <name>.data</name>
            <load_address>0x10c8</load_address>
            <load_size>0x27</load_size>
            <run_address>0x20000000</run_address>
            <run_size>0x2c</run_size>
            <compression>rle</compression>
         </cprec>
         <cprec>
            <name>.bss</name>
            <load_address>0x1100</load_address>
            <load_size>0x8</load_size>
            <run_address>0x2000002c</run_address>
            <run_size>0x4</run_size>
            <compression>zero_init</compression>
         </cprec>
      </cptbl>
   </cptbl_list>
   <handler_table>
      <handler_table_name>__TI_handler_table</handler_table_name>
      <handler>
         <index>0x0</index>
         <name>__TI_decompress_rle24</name>
      </handler>
      <handler>
         <index>0x1</index>
         <name>__TI_decompress_none</name>
      </handler>
      <handler>
         <index>0x2</index>
         <name>__TI_zero_init</name>
      </handler>
   </handler_table>
   <symbol_table>
      <symbol id="sm-1">
         <name>__TI_CINIT_Base</name>
         <value>0x1108</value>
      </symbol>
      <symbol id="sm-2">
         <name>__TI_CINIT_Limit</name>
         <value>0x1118</value>
      </symbol>
      <symbol id="sm-3">
         <name>__TI_Handler_Table_Base</name>
         <value>0x10f0</value>
      </symbol>
      <symbol id="sm-4">
         <name>__TI_Handler_Table_Limit</name>
         <value>0x10fc</value>
      </symbol>
      <symbol id="sm-5">
         <name>binit</name>
         <value>0xffffffff</value>
      </symbol>
      <symbol id="sm-6">
         <name>__binit__</name>
         <value>0xffffffff</value>
      </symbol>
      <symbol id="sm-7">
         <name>__STACK_SIZE</name>
         <value>0x200</value>
      </symbol>
      <symbol id="sm-8">
         <name>__STACK_END</name>
         <value>0x20010000</value>
      </symbol>
      <symbol id="sm-9">
         <name>__c_args__</name>
         <value>0xffffffff</value>
      </symbol>
      <symbol id="sm-3f">
         <name>Init_Adc</name>
         <value>0x941</value>
         <object_component_ref idref="oc-10f"/>
      </symbol>
      <symbol id="sm-6d">
         <name>burglar_alarm</name>
         <value>0x35d</value>
         <object_component_ref idref="oc-7c"/>
      </symbol>
      <symbol id="sm-6e">
         <name>fire_alarm</name>
         <value>0x299</value>
         <object_component_ref idref="oc-7c"/>
      </symbol>
      <symbol id="sm-6f">
         <name>doorbell</name>
         <value>0x307</value>
         <object_component_ref idref="oc-7c"/>
      </symbol>
      <symbol id="sm-7e">
         <name>Init_Clocks</name>
         <value>0xc8d</value>
         <object_component_ref idref="oc-115"/>
      </symbol>
      <symbol id="sm-88">
         <name>Init_Dma</name>
         <value>0x8db</value>
         <object_component_ref idref="oc-11b"/>
      </symbol>
      <symbol id="sm-9b">
         <name>adcResult</name>
         <value>0x2000002c</value>
      </symbol>
      <symbol id="sm-9c">
         <name>port3IsrHandler</name>
         <value>0xbe9</value>
         <object_component_ref idref="oc-31"/>
      </symbol>
      <symbol id="sm-9d">
         <name>adc14IsrHandler</name>
         <value>0xbf1</value>
         <object_component_ref idref="oc-31"/>
      </symbol>
      <symbol id="sm-9e">
         <name>port5IsrHandler</name>
         <value>0xbe1</value>
         <object_component_ref idref="oc-31"/>
      </symbol>
      <symbol id="sm-bb">
         <name>interruptVectors</name>
         <value>0x0</value>
         <object_component_ref idref="oc-10"/>
      </symbol>
      <symbol id="sm-c9">
         <name>main</name>
         <value>0xba1</value>
         <object_component_ref idref="oc-b5"/>
      </symbol>
      <symbol id="sm-dd">
         <name>Init_Port6</name>
         <value>0x537</value>
         <object_component_ref idref="oc-103"/>
      </symbol>
      <symbol id="sm-de">
         <name>Init_Port4</name>
         <value>0x4b7</value>
         <object_component_ref idref="oc-103"/>
      </symbol>
      <symbol id="sm-df">
         <name>Init_Port5</name>
         <value>0x4c5</value>
         <object_component_ref idref="oc-103"/>
      </symbol>
      <symbol id="sm-e0">
         <name>Init_Port2</name>
         <value>0x499</value>
         <object_component_ref idref="oc-103"/>
      </symbol>
      <symbol id="sm-e1">
         <name>Init_Ports</name>
         <value>0x489</value>
         <object_component_ref idref="oc-103"/>
      </symbol>
      <symbol id="sm-f6">
         <name>delay_1sec</name>
         <value>0x729</value>
         <object_component_ref idref="oc-ce"/>
      </symbol>
      <symbol id="sm-f7">
         <name>delay_200ms</name>
         <value>0x74b</value>
         <object_component_ref idref="oc-ce"/>
      </symbol>
      <symbol id="sm-f8">
         <name>delay</name>
         <value>0x76d</value>
         <object_component_ref idref="oc-ce"/>
      </symbol>
      <symbol id="sm-10a">
         <name>pwmConfig</name>
         <value>0x20000000</value>
         <object_component_ref idref="oc-191"/>
      </symbol>
      <symbol id="sm-10b">
         <name>Init_Timers</name>
         <value>0xe35</value>
         <object_component_ref idref="oc-109"/>
      </symbol>
      <symbol id="sm-1e8">
         <name>ADC14_configureSingleSampleMode</name>
         <value>0xad5</value>
         <object_component_ref idref="oc-1a7"/>
      </symbol>
      <symbol id="sm-1e9">
         <name>ADC14_setResultFormat</name>
         <value>0xd45</value>
         <object_component_ref idref="oc-1b3"/>
      </symbol>
      <symbol id="sm-1ea">
         <name>ADC14_enableInterrupt</name>
         <value>0xdd5</value>
         <object_component_ref idref="oc-1bf"/>
      </symbol>
      <symbol id="sm-1eb">
         <name>ADC14_enableSampleTimer</name>
         <value>0xd1d</value>
         <object_component_ref idref="oc-1b9"/>
      </symbol>
      <symbol id="sm-1ec">
         <name>ADC14_enableConversion</name>
         <value>0xcf1</value>
         <object_component_ref idref="oc-1c5"/>
      </symbol>
      <symbol id="sm-1ed">
         <name>ADC14_toggleConversionTrigger</name>
         <value>0xdf5</value>
         <object_component_ref idref="oc-121"/>
      </symbol>
      <symbol id="sm-1ee">
         <name>ADC14_initModule</name>
         <value>0xc1d</value>
         <object_component_ref idref="oc-19b"/>
      </symbol>
      <symbol id="sm-1ef">
         <name>ADC14_setSampleHoldTrigger</name>
         <value>0xc55</value>
         <object_component_ref idref="oc-1a1"/>
      </symbol>
      <symbol id="sm-1f0">
         <name>ADC14_clearInterruptFlag</name>
         <value>0xdb5</value>
         <object_component_ref idref="oc-88"/>
      </symbol>
      <symbol id="sm-1f1">
         <name>ADC14_configureConversionMemory</name>
         <value>0x799</value>
         <object_component_ref idref="oc-1ad"/>
      </symbol>
      <symbol id="sm-1f2">
         <name>ADC14_enableModule</name>
         <value>0xee9</value>
         <object_component_ref idref="oc-195"/>
      </symbol>
      <symbol id="sm-1f3">
         <name>ADC14_getResult</name>
         <value>0xe51</value>
         <object_component_ref idref="oc-82"/>
      </symbol>
      <symbol id="sm-223">
         <name>CS_setDCOCenteredFrequency</name>
         <value>0xd6d</value>
         <object_component_ref idref="oc-1d8"/>
      </symbol>
      <symbol id="sm-224">
         <name>CS_initClockSignal</name>
         <value>0x3a9</value>
         <object_component_ref idref="oc-1de"/>
      </symbol>
      <symbol id="sm-282">
         <name>GPIO_setAsInputPinWithPullUpResistor</name>
         <value>0xcc1</value>
         <object_component_ref idref="oc-172"/>
      </symbol>
      <symbol id="sm-283">
         <name>GPIO_enableInterrupt</name>
         <value>0xead</value>
         <object_component_ref idref="oc-17e"/>
      </symbol>
      <symbol id="sm-284">
         <name>GPIO_setAsOutputPin</name>
         <value>0xd91</value>
         <object_component_ref idref="oc-166"/>
      </symbol>
      <symbol id="sm-285">
         <name>GPIO_interruptEdgeSelect</name>
         <value>0xe15</value>
         <object_component_ref idref="oc-184"/>
      </symbol>
      <symbol id="sm-286">
         <name>GPIO_clearInterruptFlag</name>
         <value>0xe69</value>
         <object_component_ref idref="oc-178"/>
      </symbol>
      <symbol id="sm-287">
         <name>GPIO_setAsPeripheralModuleFunctionOutputPin</name>
         <value>0xa3d</value>
         <object_component_ref idref="oc-160"/>
      </symbol>
      <symbol id="sm-288">
         <name>GPIO_setAsPeripheralModuleFunctionInputPin</name>
         <value>0x9f1</value>
         <object_component_ref idref="oc-16c"/>
      </symbol>
      <symbol id="sm-2c2">
         <name>Interrupt_enableMaster</name>
         <value>0xef9</value>
         <object_component_ref idref="oc-1cb"/>
      </symbol>
      <symbol id="sm-2c3">
         <name>Interrupt_enableInterrupt</name>
         <value>0x8dd</value>
         <object_component_ref idref="oc-18a"/>
      </symbol>
      <symbol id="sm-2c4">
         <name>Interrupt_disableSleepOnIsrExit</name>
         <value>0xec1</value>
         <object_component_ref idref="oc-1d1"/>
      </symbol>
      <symbol id="sm-2e7">
         <name>Timer_A_generatePWM</name>
         <value>0xb19</value>
         <object_component_ref idref="oc-c8"/>
      </symbol>
      <symbol id="sm-2f1">
         <name>CPU_cpsie</name>
         <value>0xf17</value>
         <object_component_ref idref="oc-212"/>
      </symbol>
      <symbol id="sm-303">
         <name>_c_int00</name>
         <value>0x9a1</value>
         <object_component_ref idref="oc-25"/>
      </symbol>
      <symbol id="sm-304">
         <name>__stack</name>
         <value>0x2000fe00</value>
         <object_component_ref idref="oc-2a"/>
      </symbol>
      <symbol id="sm-31b">
         <name>__TI_decompress_none</name>
         <value>0xf09</value>
         <object_component_ref idref="oc-13"/>
      </symbol>
      <symbol id="sm-33e">
         <name>__TI_decompress_rle24</name>
         <value>0xf3b</value>
         <object_component_ref idref="oc-19"/>
      </symbol>
      <symbol id="sm-350">
         <name>__TI_zero_init</name>
         <value>0xf23</value>
         <object_component_ref idref="oc-1f"/>
      </symbol>
      <symbol id="sm-36f">
         <name>C$$EXIT</name>
         <value>0xb5d</value>
         <object_component_ref idref="oc-71"/>
      </symbol>
      <symbol id="sm-370">
         <name>abort</name>
         <value>0xb61</value>
         <object_component_ref idref="oc-71"/>
      </symbol>
      <symbol id="sm-371">
         <name>exit</name>
         <value>0xb69</value>
         <object_component_ref idref="oc-71"/>
      </symbol>
      <symbol id="sm-372">
         <name>__TI_dtors_ptr</name>
         <value>0x20000024</value>
         <object_component_ref idref="oc-c0"/>
      </symbol>
      <symbol id="sm-373">
         <name>__TI_cleanup_ptr</name>
         <value>0x20000020</value>
         <object_component_ref idref="oc-c0"/>
      </symbol>
      <symbol id="sm-3c2">
         <name>memcpy</name>
         <value>0x613</value>
         <object_component_ref idref="oc-3a"/>
      </symbol>
      <symbol id="sm-3c3">
         <name>__aeabi_memcpy</name>
         <value>0x613</value>
         <object_component_ref idref="oc-3a"/>
      </symbol>
      <symbol id="sm-3c4">
         <name>__aeabi_memcpy8</name>
         <value>0x613</value>
         <object_component_ref idref="oc-3a"/>
      </symbol>
      <symbol id="sm-3c5">
         <name>__aeabi_memcpy4</name>
         <value>0x613</value>
         <object_component_ref idref="oc-3a"/>
      </symbol>
      <symbol id="sm-3d4">
         <name>__aeabi_memset</name>
         <value>0x6b1</value>
         <object_component_ref idref="oc-53"/>
      </symbol>
      <symbol id="sm-3d5">
         <name>memset</name>
         <value>0x6b7</value>
         <object_component_ref idref="oc-53"/>
      </symbol>
      <symbol id="sm-3d6">
         <name>__aeabi_memset8</name>
         <value>0x6b1</value>
         <object_component_ref idref="oc-53"/>
      </symbol>
      <symbol id="sm-3d7">
         <name>__aeabi_memset4</name>
         <value>0x6b1</value>
         <object_component_ref idref="oc-53"/>
      </symbol>
      <symbol id="sm-3d8">
         <name>__aeabi_memclr8</name>
         <value>0x6af</value>
         <object_component_ref idref="oc-53"/>
      </symbol>
      <symbol id="sm-3d9">
         <name>__aeabi_memclr4</name>
         <value>0x6af</value>
         <object_component_ref idref="oc-53"/>
      </symbol>
      <symbol id="sm-3da">
         <name>__aeabi_memclr</name>
         <value>0x6af</value>
         <object_component_ref idref="oc-53"/>
      </symbol>
      <symbol id="sm-3e4">
         <name>_system_pre_init</name>
         <value>0xf41</value>
         <object_component_ref idref="oc-5f"/>
      </symbol>
      <symbol id="sm-3ec">
         <name>main_func_sp</name>
         <value>0x20000028</value>
         <object_component_ref idref="oc-77"/>
      </symbol>
      <symbol id="sm-405">
         <name>_nop</name>
         <value>0xee3</value>
         <object_component_ref idref="oc-134"/>
      </symbol>
      <symbol id="sm-406">
         <name>_lock</name>
         <value>0x20000018</value>
         <object_component_ref idref="oc-bd"/>
      </symbol>
      <symbol id="sm-407">
         <name>_unlock</name>
         <value>0x2000001c</value>
         <object_component_ref idref="oc-bd"/>
      </symbol>
      <symbol id="sm-408">
         <name>_register_lock</name>
         <value>0xedb</value>
         <object_component_ref idref="oc-134"/>
      </symbol>
      <symbol id="sm-409">
         <name>_register_unlock</name>
         <value>0xed5</value>
         <object_component_ref idref="oc-134"/>
      </symbol>
      <symbol id="sm-41e">
         <name>_args_main</name>
         <value>0xe81</value>
         <object_component_ref idref="oc-6b"/>
      </symbol>
      <symbol id="sm-444">
         <name>__TI_auto_init</name>
         <value>0x805</value>
         <object_component_ref idref="oc-65"/>
      </symbol>
      <symbol id="sm-45e">
         <name>copy_in</name>
         <value>0xa89</value>
         <object_component_ref idref="oc-ad"/>
      </symbol>
      <symbol id="sm-45f">
         <name>__TI_static_base__</name>
         <value>0x0</value>
      </symbol>
      <symbol id="sm-462">
         <name>SHT$$INIT_ARRAY$$Limit</name>
         <value>0x0</value>
      </symbol>
      <symbol id="sm-463">
         <name>SHT$$INIT_ARRAY$$Base</name>
         <value>0x0</value>
      </symbol>
   </symbol_table>
   <title>Link successful</title>
</link_info>
