******************************************************************************
                  TI ARM Linker Unix v5.2.6                    
******************************************************************************
>> Linked Wed Mar 16 12:14:21 2016

OUTPUT FILE NAME:   <TestChallenge.out>
ENTRY POINT SYMBOL: "_c_int00"  address: 00000d11


MEMORY CONFIGURATION

         name            origin    length      used     unused   attr    fill
----------------------  --------  ---------  --------  --------  ----  --------
  MAIN                  00000000   00040000  00001502  0003eafe  R  X
  INFO                  00200000   00004000  00000000  00004000  R  X
  SRAM_CODE             01000000   00010000  00000000  00010000  RW X
  SRAM_DATA             20000000   00010000  00000268  0000fd98  RW  


SEGMENT ALLOCATION MAP

run origin  load origin   length   init length attrs members
----------  ----------- ---------- ----------- ----- -------
00000000    00000000    00001508   00001508    r-x
  00000000    00000000    00000140   00000140    r-- .intvecs
  00000140    00000140    00001226   00001226    r-x .text
  00001368    00001368    0000011c   0000011c    r-- .const
  00001488    00001488    00000080   00000080    r-- .cinit
20000000    20000000    00000068   00000000    rw-
  20000000    20000000    00000060   00000000    rw- .data
  20000060    20000060    00000008   00000000    rw- .bss
2000fe00    2000fe00    00000200   00000000    rw-
  2000fe00    2000fe00    00000200   00000000    rw- .stack


SECTION ALLOCATION MAP

 output                                  attributes/
section   page    origin      length       input sections
--------  ----  ----------  ----------   ----------------
.intvecs   0    00000000    00000140     
                  00000000    00000140     msp432_startup_ccs.obj (.intvecs:retain)

.text      0    00000140    00001226     
                  00000140    00000154     msp432p4xx_driverlib.lib : adc14.o (.text:_getIndexForMemRegister)
                  00000294    0000013c     HAL_OPT3001.obj (.text)
                  000003d0    00000118     HAL_I2C.obj (.text)
                  000004e8    000000f0     ports.obj (.text)
                  000005d8    000000e0     msp432p4xx_driverlib.lib : cs.o (.text:CS_initClockSignal)
                  000006b8    000000cc     buzzer.obj (.text)
                  00000784    000000b8     main.obj (.text)
                  0000083c    000000b2     msp432p4xx_driverlib.lib : timer_a.o (.text:privateTimer_AProcessClockSourceDivider)
                  000008ee    0000009c     rtsv7M4_T_le_v4SPD16_eabi.lib : memcpy_t2.obj (.text)
                  0000098a    00000002     --HOLE-- [fill = 0]
                  0000098c    00000090     switch.obj (.text)
                  00000a1c    0000007a     rtsv7M4_T_le_v4SPD16_eabi.lib : memset_t2.obj (.text)
                  00000a96    00000002     --HOLE-- [fill = 0]
                  00000a98    00000070     alarm-state.obj (.text)
                  00000b08    0000006c     msp432p4xx_driverlib.lib : adc14.o (.text:ADC14_configureConversionMemory)
                  00000b74    0000006c     rtsv7M4_T_le_v4SPD16_eabi.lib : autoinit.obj (.text)
                  00000be0    0000006a                                   : copy_decompress_rle.obj (.text)
                  00000c4a    00000002     --HOLE-- [fill = 0]
                  00000c4c    00000064     msp432p4xx_driverlib.lib : interrupt.o (.text:Interrupt_enableInterrupt)
                  00000cb0    00000060     adc.obj (.text)
                  00000d10    00000050     rtsv7M4_T_le_v4SPD16_eabi.lib : boot.obj (.text)
                  00000d60    0000004c     msp432p4xx_driverlib.lib : gpio.o (.text:GPIO_setAsPeripheralModuleFunctionOutputPin)
                  00000dac    0000004c     rtsv7M4_T_le_v4SPD16_eabi.lib : cpy_tbl.obj (.text)
                  00000df8    00000048     msp432p4xx_driverlib.lib : gpio.o (.text:GPIO_setAsPeripheralModuleFunctionInputPin)
                  00000e40    00000048                              : timer_a.o (.text:Timer_A_generatePWM)
                  00000e88    00000044                              : adc14.o (.text:ADC14_configureSingleSampleMode)
                  00000ecc    00000044     rtsv7M4_T_le_v4SPD16_eabi.lib : exit.obj (.text)
                  00000f10    00000040     msp432p4xx_driverlib.lib : i2c.o (.text:I2C_masterSendMultiByteFinish)
                  00000f50    0000003e                              : i2c.o (.text:I2C_initMaster)
                  00000f8e    00000002     --HOLE-- [fill = 0]
                  00000f90    00000038                              : adc14.o (.text:ADC14_initModule)
                  00000fc8    00000038                              : i2c.o (.text:I2C_masterSendMultiByteStart)
                  00001000    00000034     clocks.obj (.text)
                  00001034    00000034     interrupts.obj (.text)
                  00001068    00000030     msp432p4xx_driverlib.lib : i2c.o (.text:I2C_masterReceiveMultiByteFinish)
                  00001098    00000030                              : i2c.o (.text:I2C_masterSendMultiByteStop)
                  000010c8    0000002c                              : adc14.o (.text:ADC14_enableConversion)
                  000010f4    0000002c     timers.obj (.text)
                  00001120    00000028     msp432p4xx_driverlib.lib : adc14.o (.text:ADC14_enableSampleTimer)
                  00001148    00000028                              : adc14.o (.text:ADC14_setResultFormat)
                  00001170    00000024                              : cs.o (.text:CS_setDCOCenteredFrequency)
                  00001194    00000024                              : i2c.o (.text:I2C_masterSendMultiByteNext)
                  000011b8    00000020                              : adc14.o (.text:ADC14_clearInterruptFlag)
                  000011d8    00000020                              : adc14.o (.text:ADC14_enableInterrupt)
                  000011f8    00000020                              : adc14.o (.text:ADC14_toggleConversionTrigger)
                  00001218    00000018     rtsv7M4_T_le_v4SPD16_eabi.lib : args_main.obj (.text)
                  00001230    00000014     msp432p4xx_driverlib.lib : adc14.o (.text:ADCIsConversionRunning)
                  00001244    00000014                              : i2c.o (.text:I2C_isBusBusy)
                  00001258    00000014                              : interrupt.o (.text:Interrupt_disableSleepOnIsrExit)
                  0000126c    00000014                              : systick.o (.text:SysTick_disableModule)
                  00001280    00000014                              : systick.o (.text:SysTick_enableModule)
                  00001294    00000014     rtsv7M4_T_le_v4SPD16_eabi.lib : _lock.obj (.text)
                  000012a8    00000010     msp432p4xx_driverlib.lib : adc14.o (.text:ADC14_enableModule)
                  000012b8    00000010                              : i2c.o (.text:I2C_masterReceiveStart)
                  000012c8    00000010                              : interrupt.o (.text:Interrupt_enableMaster)
                  000012d8    0000000e                              : i2c.o (.text:I2C_clearInterruptFlag)
                  000012e6    0000000e                              : i2c.o (.text:I2C_setMode)
                  000012f4    0000000e     rtsv7M4_T_le_v4SPD16_eabi.lib : copy_decompress_none.obj (.text:decompress:none)
                  00001302    0000000c     msp432p4xx_driverlib.lib : cpu.o (.text:CPU_cpsie)
                  0000130e    0000000c                              : i2c.o (.text:I2C_disableModule)
                  0000131a    0000000c                              : i2c.o (.text:I2C_enableModule)
                  00001326    00000002     --HOLE-- [fill = 0]
                  00001328    0000000c                              : systick.o (.text:SysTick_setPeriod)
                  00001334    0000000c     rtsv7M4_T_le_v4SPD16_eabi.lib : copy_zero_init.obj (.text:decompress:ZI)
                  00001340    0000000c     msp432_startup_ccs.obj (.text)
                  0000134c    00000006     msp432p4xx_driverlib.lib : i2c.o (.text:I2C_getInterruptStatus)
                  00001352    00000006                              : i2c.o (.text:I2C_masterReceiveMultiByteNext)
                  00001358    00000006     rtsv7M4_T_le_v4SPD16_eabi.lib : copy_decompress_rle.obj (.text:decompress:rle24)
                  0000135e    00000004     msp432p4xx_driverlib.lib : i2c.o (.text:I2C_setSlaveAddress)
                  00001362    00000004     rtsv7M4_T_le_v4SPD16_eabi.lib : pre_init.obj (.text)

.const     0    00001368    0000011c     
                  00001368    00000080     msp432p4xx_driverlib.lib : adc14.o (.const:_ctlRegs)
                  000013e8    00000048     buzzer.obj (.const)
                  00001430    00000040     msp432p4xx_driverlib.lib : interrupt.o (.const)
                  00001470    00000014     HAL_I2C.obj (.const)

.cinit     0    00001488    00000080     
                  00001488    00000055     (.cinit..data.load) [load image, compression = rle]
                  000014dd    00000003     --HOLE-- [fill = 0]
                  000014e0    0000000c     (__TI_handler_table)
                  000014ec    00000004     --HOLE-- [fill = 0]
                  000014f0    00000008     (.cinit..bss.load) [load image, compression = zero_init]
                  000014f8    00000010     (__TI_cinit_table)

.init_array 
*          0    00000000    00000000     UNINITIALIZED

.data      0    20000000    00000060     UNINITIALIZED
                  20000000    00000030     msp432p4xx_driverlib.lib : gpio.o (.data:GPIO_PORT_TO_BASE)
                  20000030    00000018     timers.obj (.data)
                  20000048    00000008     rtsv7M4_T_le_v4SPD16_eabi.lib : _lock.obj (.data)
                  20000050    00000008                                   : exit.obj (.data)
                  20000058    00000004     main.obj (.data)
                  2000005c    00000004     rtsv7M4_T_le_v4SPD16_eabi.lib : stkdepth_vars.obj (.data)

.TI.persistent 
*          0    20000000    00000000     UNINITIALIZED

.bss       0    20000060    00000008     UNINITIALIZED
                  20000060    00000004     (.common:adc)
                  20000064    00000004     (.common:lux)

.TI.noinit 
*          0    20000060    00000000     UNINITIALIZED

.stack     0    2000fe00    00000200     UNINITIALIZED
                  2000fe00    00000200     --HOLE--


LINKER GENERATED COPY TABLES

__TI_cinit_table @ 000014f8 records: 2, size/record: 8, table size: 16
	.data: load addr=00001488, load size=00000055 bytes, run addr=20000000, run size=00000060 bytes, compression=rle
	.bss: load addr=000014f0, load size=00000008 bytes, run addr=20000060, run size=00000008 bytes, compression=zero_init


LINKER GENERATED HANDLER TABLE

__TI_handler_table @ 000014e0 records: 3, size/record: 4, table size: 12
	index: 0, handler: __TI_decompress_rle24
	index: 1, handler: __TI_decompress_none
	index: 2, handler: __TI_zero_init


GLOBAL SYMBOLS: SORTED ALPHABETICALLY BY Name 

address   name                                       
-------   ----                                       
000011b9  ADC14_clearInterruptFlag                   
00000b09  ADC14_configureConversionMemory            
00000e89  ADC14_configureSingleSampleMode            
000010c9  ADC14_enableConversion                     
000011d9  ADC14_enableInterrupt                      
000012a9  ADC14_enableModule                         
00001121  ADC14_enableSampleTimer                    
00000f91  ADC14_initModule                           
00001149  ADC14_setResultFormat                      
000011f9  ADC14_toggleConversionTrigger              
00000ecd  C$$EXIT                                    
00001303  CPU_cpsie                                  
000005d9  CS_initClockSignal                         
00001171  CS_setDCOCenteredFrequency                 
00000df9  GPIO_setAsPeripheralModuleFunctionInputPin 
00000d61  GPIO_setAsPeripheralModuleFunctionOutputPin
000012d9  I2C_clearInterruptFlag                     
0000130f  I2C_disableModule                          
0000131b  I2C_enableModule                           
0000134d  I2C_getInterruptStatus                     
000003e9  I2C_init                                   
00000f51  I2C_initMaster                             
00001245  I2C_isBusBusy                              
00001069  I2C_masterReceiveMultiByteFinish           
00001353  I2C_masterReceiveMultiByteNext             
000012b9  I2C_masterReceiveStart                     
00000f11  I2C_masterSendMultiByteFinish              
00001195  I2C_masterSendMultiByteNext                
00000fc9  I2C_masterSendMultiByteStart               
00001099  I2C_masterSendMultiByteStop                
00000401  I2C_read16                                 
000012e7  I2C_setMode                                
0000135f  I2C_setSlaveAddress                        
000004cb  I2C_setslave                               
00000487  I2C_write16                                
00000cb1  Init_Adc                                   
00001001  Init_Clocks                                
000003d1  Init_I2C_GPIO                              
000004fd  Init_Port1                                 
00000563  Init_Port2                                 
00000585  Init_Port4                                 
00000593  Init_Port5                                 
000004e9  Init_Ports                                 
0000110b  Init_SysTick                               
000010f5  Init_Timers                                
00001259  Interrupt_disableSleepOnIsrExit            
00000c4d  Interrupt_enableInterrupt                  
000012c9  Interrupt_enableMaster                     
000002f9  OPT3001_getLux                             
00000295  OPT3001_init                               
000002c9  OPT3001_readConfigReg                      
000002b9  OPT3001_readDeviceId                       
000002e9  OPT3001_readHighLimitReg                   
000002d9  OPT3001_readLowLimitReg                    
000002a9  OPT3001_readManufacturerId                 
UNDEFED   SHT$$INIT_ARRAY$$Base                      
UNDEFED   SHT$$INIT_ARRAY$$Limit                     
0000098d  Switch_Process                             
0000126d  SysTick_disableModule                      
00001281  SysTick_enableModule                       
00001329  SysTick_setPeriod                          
00000e41  Timer_A_generatePWM                        
4000480c  WDTCTL_SYM                                 
20010000  __STACK_END                                
00000200  __STACK_SIZE                               
000014f8  __TI_CINIT_Base                            
00001508  __TI_CINIT_Limit                           
000014e0  __TI_Handler_Table_Base                    
000014ec  __TI_Handler_Table_Limit                   
00000b75  __TI_auto_init                             
20000050  __TI_cleanup_ptr                           
000012f5  __TI_decompress_none                       
00001359  __TI_decompress_rle24                      
20000054  __TI_dtors_ptr                             
00000000  __TI_static_base__                         
00001335  __TI_zero_init                             
00000a1d  __aeabi_memclr                             
00000a1d  __aeabi_memclr4                            
00000a1d  __aeabi_memclr8                            
000008ef  __aeabi_memcpy                             
000008ef  __aeabi_memcpy4                            
000008ef  __aeabi_memcpy8                            
00000a1f  __aeabi_memset                             
00000a1f  __aeabi_memset4                            
00000a1f  __aeabi_memset8                            
ffffffff  __binit__                                  
ffffffff  __c_args__                                 
2000fe00  __stack                                    
00001219  _args_main                                 
00000d11  _c_int00                                   
20000048  _lock                                      
000012a3  _nop                                       
0000129b  _register_lock                             
00001295  _register_unlock                           
00001363  _system_pre_init                           
2000004c  _unlock                                    
00000ed1  abort                                      
20000060  adc                                        
00001035  adc14IsrHandler                            
20000058  alarm_state                                
00000a99  alarm_system_state                         
ffffffff  binit                                      
20000059  burglar                                    
0000074b  burglar_alarm                              
00000dad  copy_in                                    
000006e3  doorbell                                   
2000005a  doorbell_signal                            
00000ed9  exit                                       
000006b9  fire_alarm                                 
2000005b  fire_signal                                
00001470  i2cConfig                                  
00000000  interruptVectors                           
20000064  lux                                        
00000785  main                                       
2000005c  main_func_sp                               
000008ef  memcpy                                     
00000a25  memset                                     
20000030  pwmConfig                                  


GLOBAL SYMBOLS: SORTED BY Symbol Address 

address   name                                       
-------   ----                                       
00000000  __TI_static_base__                         
00000000  interruptVectors                           
00000200  __STACK_SIZE                               
00000295  OPT3001_init                               
000002a9  OPT3001_readManufacturerId                 
000002b9  OPT3001_readDeviceId                       
000002c9  OPT3001_readConfigReg                      
000002d9  OPT3001_readLowLimitReg                    
000002e9  OPT3001_readHighLimitReg                   
000002f9  OPT3001_getLux                             
000003d1  Init_I2C_GPIO                              
000003e9  I2C_init                                   
00000401  I2C_read16                                 
00000487  I2C_write16                                
000004cb  I2C_setslave                               
000004e9  Init_Ports                                 
000004fd  Init_Port1                                 
00000563  Init_Port2                                 
00000585  Init_Port4                                 
00000593  Init_Port5                                 
000005d9  CS_initClockSignal                         
000006b9  fire_alarm                                 
000006e3  doorbell                                   
0000074b  burglar_alarm                              
00000785  main                                       
000008ef  __aeabi_memcpy                             
000008ef  __aeabi_memcpy4                            
000008ef  __aeabi_memcpy8                            
000008ef  memcpy                                     
0000098d  Switch_Process                             
00000a1d  __aeabi_memclr                             
00000a1d  __aeabi_memclr4                            
00000a1d  __aeabi_memclr8                            
00000a1f  __aeabi_memset                             
00000a1f  __aeabi_memset4                            
00000a1f  __aeabi_memset8                            
00000a25  memset                                     
00000a99  alarm_system_state                         
00000b09  ADC14_configureConversionMemory            
00000b75  __TI_auto_init                             
00000c4d  Interrupt_enableInterrupt                  
00000cb1  Init_Adc                                   
00000d11  _c_int00                                   
00000d61  GPIO_setAsPeripheralModuleFunctionOutputPin
00000dad  copy_in                                    
00000df9  GPIO_setAsPeripheralModuleFunctionInputPin 
00000e41  Timer_A_generatePWM                        
00000e89  ADC14_configureSingleSampleMode            
00000ecd  C$$EXIT                                    
00000ed1  abort                                      
00000ed9  exit                                       
00000f11  I2C_masterSendMultiByteFinish              
00000f51  I2C_initMaster                             
00000f91  ADC14_initModule                           
00000fc9  I2C_masterSendMultiByteStart               
00001001  Init_Clocks                                
00001035  adc14IsrHandler                            
00001069  I2C_masterReceiveMultiByteFinish           
00001099  I2C_masterSendMultiByteStop                
000010c9  ADC14_enableConversion                     
000010f5  Init_Timers                                
0000110b  Init_SysTick                               
00001121  ADC14_enableSampleTimer                    
00001149  ADC14_setResultFormat                      
00001171  CS_setDCOCenteredFrequency                 
00001195  I2C_masterSendMultiByteNext                
000011b9  ADC14_clearInterruptFlag                   
000011d9  ADC14_enableInterrupt                      
000011f9  ADC14_toggleConversionTrigger              
00001219  _args_main                                 
00001245  I2C_isBusBusy                              
00001259  Interrupt_disableSleepOnIsrExit            
0000126d  SysTick_disableModule                      
00001281  SysTick_enableModule                       
00001295  _register_unlock                           
0000129b  _register_lock                             
000012a3  _nop                                       
000012a9  ADC14_enableModule                         
000012b9  I2C_masterReceiveStart                     
000012c9  Interrupt_enableMaster                     
000012d9  I2C_clearInterruptFlag                     
000012e7  I2C_setMode                                
000012f5  __TI_decompress_none                       
00001303  CPU_cpsie                                  
0000130f  I2C_disableModule                          
0000131b  I2C_enableModule                           
00001329  SysTick_setPeriod                          
00001335  __TI_zero_init                             
0000134d  I2C_getInterruptStatus                     
00001353  I2C_masterReceiveMultiByteNext             
00001359  __TI_decompress_rle24                      
0000135f  I2C_setSlaveAddress                        
00001363  _system_pre_init                           
00001470  i2cConfig                                  
000014e0  __TI_Handler_Table_Base                    
000014ec  __TI_Handler_Table_Limit                   
000014f8  __TI_CINIT_Base                            
00001508  __TI_CINIT_Limit                           
20000030  pwmConfig                                  
20000048  _lock                                      
2000004c  _unlock                                    
20000050  __TI_cleanup_ptr                           
20000054  __TI_dtors_ptr                             
20000058  alarm_state                                
20000059  burglar                                    
2000005a  doorbell_signal                            
2000005b  fire_signal                                
2000005c  main_func_sp                               
20000060  adc                                        
20000064  lux                                        
2000fe00  __stack                                    
20010000  __STACK_END                                
4000480c  WDTCTL_SYM                                 
ffffffff  __binit__                                  
ffffffff  __c_args__                                 
ffffffff  binit                                      
UNDEFED   SHT$$INIT_ARRAY$$Base                      
UNDEFED   SHT$$INIT_ARRAY$$Limit                     

[118 symbols]
