******************************************************************************
                  TI ARM Linker Unix v5.2.6                    
******************************************************************************
>> Linked Wed Mar 16 01:08:52 2016

OUTPUT FILE NAME:   <TestChallenge.out>
ENTRY POINT SYMBOL: "_c_int00"  address: 00000cc5


MEMORY CONFIGURATION

         name            origin    length      used     unused   attr    fill
----------------------  --------  ---------  --------  --------  ----  --------
  MAIN                  00000000   00040000  000014ba  0003eb46  R  X
  INFO                  00200000   00004000  00000000  00004000  R  X
  SRAM_CODE             01000000   00010000  00000000  00010000  RW X
  SRAM_DATA             20000000   00010000  00000268  0000fd98  RW  


SEGMENT ALLOCATION MAP

run origin  load origin   length   init length attrs members
----------  ----------- ---------- ----------- ----- -------
00000000    00000000    000014c0   000014c0    r-x
  00000000    00000000    00000140   00000140    r-- .intvecs
  00000140    00000140    000011c6   000011c6    r-x .text
  00001308    00001308    00000134   00000134    r-- .const
  00001440    00001440    00000080   00000080    r-- .cinit
20000000    20000000    00000068   00000000    rw-
  20000000    20000000    00000060   00000000    rw- .data
  20000060    20000060    00000008   00000000    rw- .bss
2000fe00    2000fe00    00000200   00000000    rw-
  2000fe00    2000fe00    00000200   00000000    rw- .stack


SECTION ALLOCATION MAP

 output                                  attributes/
section   page    origin      length       input sections
--------  ----  ----------  ----------   ----------------
.intvecs   0    00000000    00000140     
                  00000000    00000140     msp432_startup_ccs.obj (.intvecs:retain)

.text      0    00000140    000011c6     
                  00000140    00000154     msp432p4xx_driverlib.lib : adc14.o (.text:_getIndexForMemRegister)
                  00000294    0000013c     HAL_OPT3001.obj (.text)
                  000003d0    00000118     HAL_I2C.obj (.text)
                  000004e8    000000f0     ports.obj (.text)
                  000005d8    000000e0     msp432p4xx_driverlib.lib : cs.o (.text:CS_initClockSignal)
                  000006b8    000000b2                              : timer_a.o (.text:privateTimer_AProcessClockSourceDivider)
                  0000076a    00000002     --HOLE-- [fill = 0]
                  0000076c    000000b0     buzzer.obj (.text)
                  0000081c    0000009c     rtsv7M4_T_le_v4SPD16_eabi.lib : memcpy_t2.obj (.text)
                  000008b8    00000098     main.obj (.text)
                  00000950    00000090     switch.obj (.text)
                  000009e0    0000007a     rtsv7M4_T_le_v4SPD16_eabi.lib : memset_t2.obj (.text)
                  00000a5a    00000002     --HOLE-- [fill = 0]
                  00000a5c    0000006c     msp432p4xx_driverlib.lib : adc14.o (.text:ADC14_configureConversionMemory)
                  00000ac8    0000006c     rtsv7M4_T_le_v4SPD16_eabi.lib : autoinit.obj (.text)
                  00000b34    0000006a                                   : copy_decompress_rle.obj (.text)
                  00000b9e    00000002     --HOLE-- [fill = 0]
                  00000ba0    00000064     msp432p4xx_driverlib.lib : interrupt.o (.text:Interrupt_enableInterrupt)
                  00000c04    00000060     adc.obj (.text)
                  00000c64    00000060     alarm-state.obj (.text)
                  00000cc4    00000050     rtsv7M4_T_le_v4SPD16_eabi.lib : boot.obj (.text)
                  00000d14    0000004c     msp432p4xx_driverlib.lib : gpio.o (.text:GPIO_setAsPeripheralModuleFunctionOutputPin)
                  00000d60    0000004c     rtsv7M4_T_le_v4SPD16_eabi.lib : cpy_tbl.obj (.text)
                  00000dac    00000048     msp432p4xx_driverlib.lib : gpio.o (.text:GPIO_setAsPeripheralModuleFunctionInputPin)
                  00000df4    00000048                              : timer_a.o (.text:Timer_A_generatePWM)
                  00000e3c    00000044                              : adc14.o (.text:ADC14_configureSingleSampleMode)
                  00000e80    00000044     rtsv7M4_T_le_v4SPD16_eabi.lib : exit.obj (.text)
                  00000ec4    00000040     msp432p4xx_driverlib.lib : i2c.o (.text:I2C_masterSendMultiByteFinish)
                  00000f04    0000003e                              : i2c.o (.text:I2C_initMaster)
                  00000f42    00000002     --HOLE-- [fill = 0]
                  00000f44    00000038                              : adc14.o (.text:ADC14_initModule)
                  00000f7c    00000038                              : i2c.o (.text:I2C_masterSendMultiByteStart)
                  00000fb4    00000034     clocks.obj (.text)
                  00000fe8    00000034     interrupts.obj (.text)
                  0000101c    00000030     msp432p4xx_driverlib.lib : i2c.o (.text:I2C_masterReceiveMultiByteFinish)
                  0000104c    00000030                              : i2c.o (.text:I2C_masterSendMultiByteStop)
                  0000107c    0000002c                              : adc14.o (.text:ADC14_enableConversion)
                  000010a8    0000002c     timers.obj (.text)
                  000010d4    00000028     msp432p4xx_driverlib.lib : adc14.o (.text:ADC14_enableSampleTimer)
                  000010fc    00000028                              : adc14.o (.text:ADC14_setResultFormat)
                  00001124    00000024                              : cs.o (.text:CS_setDCOCenteredFrequency)
                  00001148    00000024                              : i2c.o (.text:I2C_masterSendMultiByteNext)
                  0000116c    00000020                              : adc14.o (.text:ADC14_clearInterruptFlag)
                  0000118c    00000020                              : adc14.o (.text:ADC14_enableInterrupt)
                  000011ac    00000020                              : adc14.o (.text:ADC14_toggleConversionTrigger)
                  000011cc    00000018     rtsv7M4_T_le_v4SPD16_eabi.lib : args_main.obj (.text)
                  000011e4    00000014     msp432p4xx_driverlib.lib : adc14.o (.text:ADCIsConversionRunning)
                  000011f8    00000014                              : i2c.o (.text:I2C_isBusBusy)
                  0000120c    00000014                              : interrupt.o (.text:Interrupt_disableSleepOnIsrExit)
                  00001220    00000014                              : systick.o (.text:SysTick_enableModule)
                  00001234    00000014     rtsv7M4_T_le_v4SPD16_eabi.lib : _lock.obj (.text)
                  00001248    00000010     msp432p4xx_driverlib.lib : adc14.o (.text:ADC14_enableModule)
                  00001258    00000010                              : i2c.o (.text:I2C_masterReceiveStart)
                  00001268    00000010                              : interrupt.o (.text:Interrupt_enableMaster)
                  00001278    0000000e                              : i2c.o (.text:I2C_clearInterruptFlag)
                  00001286    0000000e                              : i2c.o (.text:I2C_setMode)
                  00001294    0000000e     rtsv7M4_T_le_v4SPD16_eabi.lib : copy_decompress_none.obj (.text:decompress:none)
                  000012a2    0000000c     msp432p4xx_driverlib.lib : cpu.o (.text:CPU_cpsie)
                  000012ae    0000000c                              : i2c.o (.text:I2C_disableModule)
                  000012ba    0000000c                              : i2c.o (.text:I2C_enableModule)
                  000012c6    00000002     --HOLE-- [fill = 0]
                  000012c8    0000000c                              : systick.o (.text:SysTick_setPeriod)
                  000012d4    0000000c     rtsv7M4_T_le_v4SPD16_eabi.lib : copy_zero_init.obj (.text:decompress:ZI)
                  000012e0    0000000c     msp432_startup_ccs.obj (.text)
                  000012ec    00000006     msp432p4xx_driverlib.lib : i2c.o (.text:I2C_getInterruptStatus)
                  000012f2    00000006                              : i2c.o (.text:I2C_masterReceiveMultiByteNext)
                  000012f8    00000006     rtsv7M4_T_le_v4SPD16_eabi.lib : copy_decompress_rle.obj (.text:decompress:rle24)
                  000012fe    00000004     msp432p4xx_driverlib.lib : i2c.o (.text:I2C_setSlaveAddress)
                  00001302    00000004     rtsv7M4_T_le_v4SPD16_eabi.lib : pre_init.obj (.text)

.const     0    00001308    00000134     
                  00001308    00000080     msp432p4xx_driverlib.lib : adc14.o (.const:_ctlRegs)
                  00001388    00000060     buzzer.obj (.const)
                  000013e8    00000040     msp432p4xx_driverlib.lib : interrupt.o (.const)
                  00001428    00000014     HAL_I2C.obj (.const)

.cinit     0    00001440    00000080     
                  00001440    00000059     (.cinit..data.load) [load image, compression = rle]
                  00001499    00000003     --HOLE-- [fill = 0]
                  0000149c    0000000c     (__TI_handler_table)
                  000014a8    00000008     (.cinit..bss.load) [load image, compression = zero_init]
                  000014b0    00000010     (__TI_cinit_table)

.init_array 
*          0    00000000    00000000     UNINITIALIZED

.data      0    20000000    00000060     UNINITIALIZED
                  20000000    00000030     msp432p4xx_driverlib.lib : gpio.o (.data:GPIO_PORT_TO_BASE)
                  20000030    00000018     timers.obj (.data)
                  20000048    00000008     rtsv7M4_T_le_v4SPD16_eabi.lib : _lock.obj (.data)
                  20000050    00000008                                   : exit.obj (.data)
                  20000058    00000004     main.obj (.data)
                  2000005c    00000004     rtsv7M4_T_le_v4SPD16_eabi.lib : stkdepth_vars.obj (.data)

.TI.persistent 
*          0    20000000    00000000     UNINITIALIZED

.bss       0    20000060    00000008     UNINITIALIZED
                  20000060    00000004     (.common:adc)
                  20000064    00000004     (.common:lux)

.TI.noinit 
*          0    20000060    00000000     UNINITIALIZED

.stack     0    2000fe00    00000200     UNINITIALIZED
                  2000fe00    00000200     --HOLE--


LINKER GENERATED COPY TABLES

__TI_cinit_table @ 000014b0 records: 2, size/record: 8, table size: 16
	.data: load addr=00001440, load size=00000059 bytes, run addr=20000000, run size=00000060 bytes, compression=rle
	.bss: load addr=000014a8, load size=00000008 bytes, run addr=20000060, run size=00000008 bytes, compression=zero_init


LINKER GENERATED HANDLER TABLE

__TI_handler_table @ 0000149c records: 3, size/record: 4, table size: 12
	index: 0, handler: __TI_decompress_rle24
	index: 1, handler: __TI_decompress_none
	index: 2, handler: __TI_zero_init


GLOBAL SYMBOLS: SORTED ALPHABETICALLY BY Name 

address   name                                       
-------   ----                                       
0000116d  ADC14_clearInterruptFlag                   
00000a5d  ADC14_configureConversionMemory            
00000e3d  ADC14_configureSingleSampleMode            
0000107d  ADC14_enableConversion                     
0000118d  ADC14_enableInterrupt                      
00001249  ADC14_enableModule                         
000010d5  ADC14_enableSampleTimer                    
00000f45  ADC14_initModule                           
000010fd  ADC14_setResultFormat                      
000011ad  ADC14_toggleConversionTrigger              
00000e81  C$$EXIT                                    
000012a3  CPU_cpsie                                  
000005d9  CS_initClockSignal                         
00001125  CS_setDCOCenteredFrequency                 
00000dad  GPIO_setAsPeripheralModuleFunctionInputPin 
00000d15  GPIO_setAsPeripheralModuleFunctionOutputPin
00001279  I2C_clearInterruptFlag                     
000012af  I2C_disableModule                          
000012bb  I2C_enableModule                           
000012ed  I2C_getInterruptStatus                     
000003e9  I2C_init                                   
00000f05  I2C_initMaster                             
000011f9  I2C_isBusBusy                              
0000101d  I2C_masterReceiveMultiByteFinish           
000012f3  I2C_masterReceiveMultiByteNext             
00001259  I2C_masterReceiveStart                     
00000ec5  I2C_masterSendMultiByteFinish              
00001149  I2C_masterSendMultiByteNext                
00000f7d  I2C_masterSendMultiByteStart               
0000104d  I2C_masterSendMultiByteStop                
00000401  I2C_read16                                 
00001287  I2C_setMode                                
000012ff  I2C_setSlaveAddress                        
000004cb  I2C_setslave                               
00000487  I2C_write16                                
00000c05  Init_Adc                                   
00000fb5  Init_Clocks                                
000003d1  Init_I2C_GPIO                              
000004fd  Init_Port1                                 
00000563  Init_Port2                                 
00000585  Init_Port4                                 
00000593  Init_Port5                                 
000004e9  Init_Ports                                 
000010bf  Init_SysTick                               
000010a9  Init_Timers                                
0000120d  Interrupt_disableSleepOnIsrExit            
00000ba1  Interrupt_enableInterrupt                  
00001269  Interrupt_enableMaster                     
000002f9  OPT3001_getLux                             
00000295  OPT3001_init                               
000002c9  OPT3001_readConfigReg                      
000002b9  OPT3001_readDeviceId                       
000002e9  OPT3001_readHighLimitReg                   
000002d9  OPT3001_readLowLimitReg                    
000002a9  OPT3001_readManufacturerId                 
UNDEFED   SHT$$INIT_ARRAY$$Base                      
UNDEFED   SHT$$INIT_ARRAY$$Limit                     
00000951  Switch_Process                             
00001221  SysTick_enableModule                       
000012c9  SysTick_setPeriod                          
00000df5  Timer_A_generatePWM                        
4000480c  WDTCTL_SYM                                 
20010000  __STACK_END                                
00000200  __STACK_SIZE                               
000014b0  __TI_CINIT_Base                            
000014c0  __TI_CINIT_Limit                           
0000149c  __TI_Handler_Table_Base                    
000014a8  __TI_Handler_Table_Limit                   
00000ac9  __TI_auto_init                             
20000050  __TI_cleanup_ptr                           
00001295  __TI_decompress_none                       
000012f9  __TI_decompress_rle24                      
20000054  __TI_dtors_ptr                             
00000000  __TI_static_base__                         
000012d5  __TI_zero_init                             
000009e1  __aeabi_memclr                             
000009e1  __aeabi_memclr4                            
000009e1  __aeabi_memclr8                            
0000081d  __aeabi_memcpy                             
0000081d  __aeabi_memcpy4                            
0000081d  __aeabi_memcpy8                            
000009e3  __aeabi_memset                             
000009e3  __aeabi_memset4                            
000009e3  __aeabi_memset8                            
ffffffff  __binit__                                  
ffffffff  __c_args__                                 
2000fe00  __stack                                    
000011cd  _args_main                                 
00000cc5  _c_int00                                   
20000048  _lock                                      
00001243  _nop                                       
0000123b  _register_lock                             
00001235  _register_unlock                           
00001303  _system_pre_init                           
2000004c  _unlock                                    
00000e85  abort                                      
20000060  adc                                        
00000fe9  adc14IsrHandler                            
20000058  alarm_state                                
00000c65  alarm_system_state                         
ffffffff  binit                                      
20000059  burglar                                    
000007e1  burglar_alarm                              
00000d61  copy_in                                    
00000797  doorbell                                   
2000005a  doorbell_signal                            
00000e8d  exit                                       
0000076d  fire_alarm                                 
2000005b  fire_signal                                
00001428  i2cConfig                                  
00000000  interruptVectors                           
20000064  lux                                        
000008b9  main                                       
2000005c  main_func_sp                               
0000081d  memcpy                                     
000009e9  memset                                     
20000030  pwmConfig                                  


GLOBAL SYMBOLS: SORTED BY Symbol Address 

address   name                                       
-------   ----                                       
00000000  __TI_static_base__                         
00000000  interruptVectors                           
00000200  __STACK_SIZE                               
00000295  OPT3001_init                               
000002a9  OPT3001_readManufacturerId                 
000002b9  OPT3001_readDeviceId                       
000002c9  OPT3001_readConfigReg                      
000002d9  OPT3001_readLowLimitReg                    
000002e9  OPT3001_readHighLimitReg                   
000002f9  OPT3001_getLux                             
000003d1  Init_I2C_GPIO                              
000003e9  I2C_init                                   
00000401  I2C_read16                                 
00000487  I2C_write16                                
000004cb  I2C_setslave                               
000004e9  Init_Ports                                 
000004fd  Init_Port1                                 
00000563  Init_Port2                                 
00000585  Init_Port4                                 
00000593  Init_Port5                                 
000005d9  CS_initClockSignal                         
0000076d  fire_alarm                                 
00000797  doorbell                                   
000007e1  burglar_alarm                              
0000081d  __aeabi_memcpy                             
0000081d  __aeabi_memcpy4                            
0000081d  __aeabi_memcpy8                            
0000081d  memcpy                                     
000008b9  main                                       
00000951  Switch_Process                             
000009e1  __aeabi_memclr                             
000009e1  __aeabi_memclr4                            
000009e1  __aeabi_memclr8                            
000009e3  __aeabi_memset                             
000009e3  __aeabi_memset4                            
000009e3  __aeabi_memset8                            
000009e9  memset                                     
00000a5d  ADC14_configureConversionMemory            
00000ac9  __TI_auto_init                             
00000ba1  Interrupt_enableInterrupt                  
00000c05  Init_Adc                                   
00000c65  alarm_system_state                         
00000cc5  _c_int00                                   
00000d15  GPIO_setAsPeripheralModuleFunctionOutputPin
00000d61  copy_in                                    
00000dad  GPIO_setAsPeripheralModuleFunctionInputPin 
00000df5  Timer_A_generatePWM                        
00000e3d  ADC14_configureSingleSampleMode            
00000e81  C$$EXIT                                    
00000e85  abort                                      
00000e8d  exit                                       
00000ec5  I2C_masterSendMultiByteFinish              
00000f05  I2C_initMaster                             
00000f45  ADC14_initModule                           
00000f7d  I2C_masterSendMultiByteStart               
00000fb5  Init_Clocks                                
00000fe9  adc14IsrHandler                            
0000101d  I2C_masterReceiveMultiByteFinish           
0000104d  I2C_masterSendMultiByteStop                
0000107d  ADC14_enableConversion                     
000010a9  Init_Timers                                
000010bf  Init_SysTick                               
000010d5  ADC14_enableSampleTimer                    
000010fd  ADC14_setResultFormat                      
00001125  CS_setDCOCenteredFrequency                 
00001149  I2C_masterSendMultiByteNext                
0000116d  ADC14_clearInterruptFlag                   
0000118d  ADC14_enableInterrupt                      
000011ad  ADC14_toggleConversionTrigger              
000011cd  _args_main                                 
000011f9  I2C_isBusBusy                              
0000120d  Interrupt_disableSleepOnIsrExit            
00001221  SysTick_enableModule                       
00001235  _register_unlock                           
0000123b  _register_lock                             
00001243  _nop                                       
00001249  ADC14_enableModule                         
00001259  I2C_masterReceiveStart                     
00001269  Interrupt_enableMaster                     
00001279  I2C_clearInterruptFlag                     
00001287  I2C_setMode                                
00001295  __TI_decompress_none                       
000012a3  CPU_cpsie                                  
000012af  I2C_disableModule                          
000012bb  I2C_enableModule                           
000012c9  SysTick_setPeriod                          
000012d5  __TI_zero_init                             
000012ed  I2C_getInterruptStatus                     
000012f3  I2C_masterReceiveMultiByteNext             
000012f9  __TI_decompress_rle24                      
000012ff  I2C_setSlaveAddress                        
00001303  _system_pre_init                           
00001428  i2cConfig                                  
0000149c  __TI_Handler_Table_Base                    
000014a8  __TI_Handler_Table_Limit                   
000014b0  __TI_CINIT_Base                            
000014c0  __TI_CINIT_Limit                           
20000030  pwmConfig                                  
20000048  _lock                                      
2000004c  _unlock                                    
20000050  __TI_cleanup_ptr                           
20000054  __TI_dtors_ptr                             
20000058  alarm_state                                
20000059  burglar                                    
2000005a  doorbell_signal                            
2000005b  fire_signal                                
2000005c  main_func_sp                               
20000060  adc                                        
20000064  lux                                        
2000fe00  __stack                                    
20010000  __STACK_END                                
4000480c  WDTCTL_SYM                                 
ffffffff  __binit__                                  
ffffffff  __c_args__                                 
ffffffff  binit                                      
UNDEFED   SHT$$INIT_ARRAY$$Base                      
UNDEFED   SHT$$INIT_ARRAY$$Limit                     

[117 symbols]
