******************************************************************************
                  TI ARM Linker Unix v5.2.6                    
******************************************************************************
>> Linked Fri Apr  8 00:33:36 2016

OUTPUT FILE NAME:   <mutex_MSP_EXP432P401R_TI_MSP432P401R.out>
ENTRY POINT SYMBOL: "_c_int00"  address: 00003279


MEMORY CONFIGURATION

         name            origin    length      used     unused   attr    fill
----------------------  --------  ---------  --------  --------  ----  --------
  MAIN                  00000000   00040000  00006dc0  00039240  R  X
  INFO                  00200000   00004000  00000000  00004000  R  X
  SRAM_CODE             01000000   00010000  00000000  00010000  RW X
  SRAM_DATA             20000000   00010000  00001850  0000e7b0  RW  


SEGMENT ALLOCATION MAP

run origin  load origin   length   init length attrs members
----------  ----------- ---------- ----------- ----- -------
00000000    00000000    00006dc8   00006dc8    r-x
  00000000    00000000    0000003c   0000003c    r-- .resetVecs
  00000040    00000040    00004d92   00004d92    r-x .text
  00004dd4    00004dd4    00001c32   00001c32    r-- .const
  00006a08    00006a08    000003c0   000003c0    r-- .cinit
20000000    20000000    00001550   00000000    rw-
  20000000    20000000    00000140   00000000    rw- .vecs
  20000140    20000140    00000f2c   00000000    rw- .bss
  2000106c    2000106c    000004e4   00000000    rw- .data
2000fd00    2000fd00    00000300   00000000    rw-
  2000fd00    2000fd00    00000300   00000000    rw- .stack


SECTION ALLOCATION MAP

 output                                  attributes/
section   page    origin      length       input sections
--------  ----  ----------  ----------   ----------------
.text      0    00000040    00004d92     
                  00000040    00000430     sysbios.aem4f : BIOS.obj (.text:ti_sysbios_family_arm_m3_Hwi_excDumpRegs__I)
                  00000470    0000034c     ti.targets.arm.rtsarm.aem4f : System.oem4f (.text:xdc_runtime_System_doPrint__I)
                  000007bc    000002d4     rtsv7M4_T_le_v4SPD16_eabi.lib : trgdrv.obj (.text)
                  00000a90    000001a0     msp432p4xx_driverlib.lib : pcm.o (.text:__PCM_setPowerStateAdvanced)
                  00000c30    00000174     sysbios.aem4f : BIOS.obj (.text:ti_sysbios_family_arm_m3_Hwi_excBusFault__I)
                  00000da4    00000004     msp432p4xx_driverlib.lib : cpu.o (.text:CPU_wfi)
                  00000da8    00000164     sysbios.aem4f : BIOS.obj (.text:ti_sysbios_family_arm_m3_Hwi_excUsageFault__I)
                  00000f0c    00000004     drivers_MSP432P401R.aem4f : List.oem4f (.text:List_head)
                  00000f10    00000148     sysbios.aem4f : BIOS.obj (.text:ti_sysbios_family_arm_m3_Hwi_excMemFault__I)
                  00001058    00000138                   : BIOS.obj (.text:ti_sysbios_knl_Semaphore_pend__E)
                  00001190    00000118     ti.targets.arm.rtsarm.aem4f : Error.oem4f (.text:xdc_runtime_Error_policyDefault__E)
                  000012a8    0000010c     sysbios.aem4f : BIOS.obj (.text:ti_sysbios_family_arm_m3_Hwi_excFillContext__I)
                  000013b4    00000004     drivers_MSP432P401R.aem4f : List.oem4f (.text:List_next)
                  000013b8    0000010c     sysbios.aem4f : BIOS.obj (.text:ti_sysbios_family_arm_m3_Hwi_excHandlerMax__I)
                  000014c4    00000100     ti.targets.arm.rtsarm.aem4f : Core-mem.oem4f (.text:xdc_runtime_Core_createObject__I)
                  000015c4    000000f8                                 : Startup.oem4f (.text:xdc_runtime_Startup_startMods__I)
                  000016bc    000000f8     mutex_pem4f.oem4f (.text:xdc_runtime_System_printfExtend__I)
                  000017b4    000000f4     drivers_MSP432P401R.aem4f : PowerMSP432.oem4f (.text:Power_sleep)
                  000018a8    000000f4     sysbios.aem4f : m3_Hwi_asm.obj (.text:ti_sysbios_family_arm_m3_Hwi_dispatch__I)
                  0000199c    000000f0     drivers_MSP432P401R.aem4f : PowerMSP432.oem4f (.text:initPerfControl)
                  00001a8c    000000e0     msp432p4xx_driverlib.lib : cs.o (.text:CS_initClockSignal)
                  00001b6c    000000dc                              : pcm.o (.text:__PCM_setPowerModeAdvanced)
                  00001c48    000000cc     sysbios.aem4f : BIOS.obj (.text:ti_sysbios_heaps_HeapMem_alloc__E)
                  00001d14    00000004     mutex_pem4f.oem4f (.text:ti_sysbios_BIOS_RtsGateProxy_enter__E)
                  00001d18    000000cc     sysbios.aem4f : BIOS.obj (.text:ti_sysbios_knl_Task_Instance_init__E)
                  00001de4    000000cc     ti.targets.arm.rtsarm.aem4f : Core-smem.oem4f (.text:xdc_runtime_Core_constructObject__I)
                  00001eb0    000000c0     mutex.obj (.text:task2Fxn)
                  00001f70    000000c0     sysbios.aem4f : BIOS.obj (.text:ti_sysbios_knl_Task_sleep__E)
                  00002030    000000bc                   : BIOS.obj (.text:ti_sysbios_family_arm_m3_Hwi_excDebugMon__I)
                  000020ec    00000004     mutex_pem4f.oem4f (.text:ti_sysbios_BIOS_RtsGateProxy_leave__E)
                  000020f0    000000bc     sysbios.aem4f : BIOS.obj (.text:ti_sysbios_family_arm_m3_Hwi_excHardFault__I)
                  000021ac    00000004     mutex_pem4f.oem4f (.text:ti_sysbios_family_arm_m3_TaskSupport_Module__startupDone__S)
                  000021b0    000000bc     sysbios.aem4f : BIOS.obj (.text:ti_sysbios_knl_Task_Instance_finalize__E)
                  0000226c    00000004     mutex_pem4f.oem4f (.text:ti_sysbios_heaps_HeapMem_Module_GateProxy_enter__E)
                  00002270    000000b4     sysbios.aem4f : BIOS.obj (.text:ti_sysbios_knl_Task_checkStacks__E)
                  00002324    000000b0     msp432p4xx_driverlib.lib : pcm.o (.text:__PCM_setCoreVoltageLevelAdvanced)
                  000023d4    000000a0     auto_init.aem4f : auto_init.oem4f (.text)
                  00002474    000000a0     ti.targets.arm.rtsarm.aem4f : Text.oem4f (.text:xdc_runtime_Text_putMod__E)
                  00002514    0000009c     mutex.obj (.text:main)
                  000025b0    0000009c     rtsv7M4_T_le_v4SPD16_eabi.lib : memcpy_t2.obj (.text)
                  0000264c    00000004     mutex_pem4f.oem4f (.text:ti_sysbios_heaps_HeapMem_Module_GateProxy_leave__E)
                  00002650    0000009c     sysbios.aem4f : BIOS.obj (.text:ti_sysbios_knl_Task_postInit__I)
                  000026ec    0000009a     ti.targets.arm.rtsarm.aem4f : Text.oem4f (.text:xdc_runtime_Text_putSite__E)
                  00002786    00000002     power_tirtos_MSP432P401R.aem4f : PowerMSP432_tirtos.oem4f (.text:PowerMSP432_initPolicy)
                  00002788    00000094     sysbios.aem4f : BIOS.obj (.text:ti_sysbios_family_arm_m3_Hwi_initNVIC__E)
                  0000281c    00000090     mutex.obj (.text:task1Fxn)
                  000028ac    0000008c     sysbios.aem4f : m3_TaskSupport_asm.obj (.text:ti_sysbios_family_arm_m3_TaskSupport_buildTaskStack)
                  00002938    00000084                   : BIOS.obj (.text:ti_sysbios_family_arm_m3_Hwi_postInit__I)
                  000029bc    0000007c     msp432p4xx_driverlib.lib : pcm.o (.text:PCM_gotoLPM3)
                  00002a38    0000007c     sysbios.aem4f : BIOS.obj (.text:ti_sysbios_heaps_HeapMem_free__E)
                  00002ab4    0000007a     rtsv7M4_T_le_v4SPD16_eabi.lib : memset_t2.obj (.text)
                  00002b2e    00000002                                   : i_div0.obj (.text)
                  00002b30    00000070     sysbios.aem4f : BIOS.obj (.text:ti_sysbios_knl_Semaphore_post__E)
                  00002ba0    0000006d     ti.targets.arm.rtsarm.aem4f : System.oem4f (.text:xdc_runtime_System_formatNum__I)
                  00002c0d    00000001     --HOLE-- [fill = 0]
                  00002c0e    00000002     mutex_pem4f.oem4f (.text:ti_sysbios_BIOS_nullFunc__I)
                  00002c10    0000006c     sysbios.aem4f : BIOS.obj (.text:ti_sysbios_knl_Clock_workFunc__E)
                  00002c7c    00000004     mutex_pem4f.oem4f (.text:ti_sysbios_knl_Clock_TimerProxy_getMaxTicks__E)
                  00002c80    0000006c     sysbios.aem4f : BIOS.obj (.text:ti_sysbios_knl_Swi_restoreHwi__E)
                  00002cec    00000004     mutex_pem4f.oem4f (.text:ti_sysbios_knl_Queue_destruct)
                  00002cf0    0000006c     sysbios.aem4f : BIOS.obj (.text:ti_sysbios_knl_Task_exit__E)
                  00002d5c    0000006c     ti.targets.arm.rtsarm.aem4f : Error.oem4f (.text:xdc_runtime_Error_print__E)
                  00002dc8    0000006c                                 : Memory.oem4f (.text:xdc_runtime_Memory_alloc__E)
                  00002e34    0000006a     rtsv7M4_T_le_v4SPD16_eabi.lib : copy_decompress_rle.obj (.text)
                  00002e9e    00000002     --HOLE-- [fill = 0]
                  00002ea0    00000068                                   : trgmsg.obj (.text)
                  00002f08    00000068     sysbios.aem4f : BIOS.obj (.text:ti_sysbios_family_arm_msp432_Timer_setNextTick__E)
                  00002f70    00000066     ti.targets.arm.rtsarm.aem4f : Core-mem.oem4f (.text:xdc_runtime_Core_deleteObject__I)
                  00002fd6    00000002     --HOLE-- [fill = 0]
                  00002fd8    00000064     sysbios.aem4f : BIOS.obj (.text:ti_sysbios_family_arm_m3_Hwi_dispatchC__I)
                  0000303c    00000004     mutex_pem4f.oem4f (.text:ti_sysbios_knl_Semaphore_destruct)
                  00003040    00000060     sysbios.aem4f : BIOS.obj (.text:ti_sysbios_knl_Task_schedule__I)
                  000030a0    0000005c                   : BIOS.obj (.text:ti_sysbios_knl_Swi_run__I)
                  000030fc    00000004     ti.targets.arm.rtsarm.aem4f : Error.oem4f (.text:xdc_runtime_Error_getSite__E)
                  00003100    0000005c     sysbios.aem4f : BIOS.obj (.text:ti_sysbios_knl_Swi_schedule__I)
                  0000315c    00000004     mutex_pem4f.oem4f (.text:xdc_runtime_System_Module_GateProxy_enter__E)
                  00003160    0000005c     sysbios.aem4f : BIOS.obj (.text:ti_sysbios_knl_Task_Module_startup__E)
                  000031bc    00000004     mutex_pem4f.oem4f (.text:xdc_runtime_System_Module_GateProxy_leave__E)
                  000031c0    0000005c     sysbios.aem4f : BIOS.obj (.text:ti_sysbios_knl_Task_startCore__E)
                  0000321c    0000005b     ti.targets.arm.rtsarm.aem4f : Text.oem4f (.text:xdc_runtime_Text_putLab__E)
                  00003277    00000001     --HOLE-- [fill = 0]
                  00003278    00000058     boot.aem4f : boot.oem4f (.text)
                  000032d0    00000058     sysbios.aem4f : m3_Hwi_asm_switch.obj (.text:ti_sysbios_family_arm_m3_Hwi_initStacks__E)
                  00003328    00000058                   : BIOS.obj (.text:ti_sysbios_family_arm_msp432_Timer_periodicStub__E)
                  00003380    00000054                   : BIOS.obj (.text:ti_sysbios_family_arm_msp432_Timer_initDevice__I)
                  000033d4    00000004     ti.targets.arm.rtsarm.aem4f : System.oem4f (.text:xdc_runtime_System_aprintf_va__F)
                  000033d8    00000054     sysbios.aem4f : BIOS.obj (.text:ti_sysbios_family_arm_msp432_init_Boot_configureClocksHigh)
                  0000342c    00000054     mutex_pem4f.oem4f (.text:ti_sysbios_knl_Task_construct)
                  00003480    00000054     ti.targets.arm.rtsarm.aem4f : Assert.oem4f (.text:xdc_runtime_Assert_raise__I)
                  000034d4    00000050     msp432p4xx_driverlib.lib : pcm.o (.text:PCM_shutdownDevice)
                  00003524    00000050     power_tirtos_MSP432P401R.aem4f : PowerMSP432_tirtos.oem4f (.text:PowerMSP432_sleepPolicy)
                  00003574    00000004     ti.targets.arm.rtsarm.aem4f : System.oem4f (.text:xdc_runtime_System_printf_va__F)
                  00003578    00000050     sysbios.aem4f : BIOS.obj (.text:ti_sysbios_family_arm_m3_Hwi_Module_startup__E)
                  000035c8    00000050     ti.targets.arm.rtsarm.aem4f : Startup.oem4f (.text:xdc_runtime_Startup_exec__E)
                  00003618    00000050                                 : Text.oem4f (.text:xdc_runtime_Text_visitRope2__I)
                  00003668    0000004c     rtsv7M4_T_le_v4SPD16_eabi.lib : cpy_tbl.obj (.text)
                  000036b4    00000004     --HOLE-- [fill = 0]
                  000036b8    0000004c     sysbios.aem4f : BIOS.obj (.text:ti_sysbios_family_arm_msp432_Timer_postInit__I)
                  00003704    00000004     --HOLE-- [fill = 0]
                  00003708    0000004c                   : BIOS.obj (.text:ti_sysbios_family_arm_msp432_Timer_start__E)
                  00003754    00000004     --HOLE-- [fill = 0]
                  00003758    0000004c                   : BIOS.obj (.text:ti_sysbios_heaps_HeapMem_getStats__E)
                  000037a4    00000004     --HOLE-- [fill = 0]
                  000037a8    0000004c                   : BIOS.obj (.text:ti_sysbios_knl_Swi_runLoop__I)
                  000037f4    00000004     --HOLE-- [fill = 0]
                  000037f8    0000004c                   : BIOS.obj (.text:ti_sysbios_knl_Task_allBlockedFunction__I)
                  00003844    00000004     --HOLE-- [fill = 0]
                  00003848    00000048                   : BIOS.obj (.text:ti_sysbios_family_arm_m3_Hwi_enableInterrupt__E)
                  00003890    00000048                   : BIOS.obj (.text:ti_sysbios_family_arm_m3_Hwi_excReserved__I)
                  000038d8    00000046     ti.targets.arm.rtsarm.aem4f : Core-params.oem4f (.text:xdc_runtime_Core_assignParams__I)
                  0000391e    00000002     --HOLE-- [fill = 0]
                  00003920    00000044     rtsv7M4_T_le_v4SPD16_eabi.lib : exit.obj (.text)
                  00003964    00000004     --HOLE-- [fill = 0]
                  00003968    00000044     sysbios.aem4f : BIOS.obj (.text:ti_sysbios_family_arm_m3_Hwi_getStackInfo__E)
                  000039ac    00000004     --HOLE-- [fill = 0]
                  000039b0    00000044                   : BIOS.obj (.text:ti_sysbios_knl_Swi_post__E)
                  000039f4    00000044     ti.targets.arm.rtsarm.aem4f : Error.oem4f (.text:xdc_runtime_Error_setX__E)
                  00003a38    00000044                                 : SysMin.oem4f (.text:xdc_runtime_SysMin_flush__E)
                  00003a7c    00000044                                 : Text.oem4f (.text:xdc_runtime_Text_xprintf__I)
                  00003ac0    00000040     msp432p4xx_driverlib.lib : flash.o (.text:FlashCtl_disableReadBuffering)
                  00003b00    00000040     drivers_MSP432P401R.aem4f : PowerMSP432.oem4f (.text:notify)
                  00003b40    00000040     rtsv7M4_T_le_v4SPD16_eabi.lib : u_divt2.obj (.text)
                  00003b80    00000040     sysbios.aem4f : BIOS.obj (.text:ti_sysbios_family_arm_msp432_Timer_Module_startup__E)
                  00003bc0    00000040                   : BIOS.obj (.text:ti_sysbios_family_arm_msp432_Timer_startup__E)
                  00003c00    00000040                   : BIOS.obj (.text:ti_sysbios_heaps_HeapMem_Instance_init__E)
                  00003c40    0000003c     drivers_MSP432P401R.aem4f : PowerMSP432.oem4f (.text:Power_init)
                  00003c7c    00000004     --HOLE-- [fill = 0]
                  00003c80    0000003c     sysbios.aem4f : BIOS.obj (.text:ti_sysbios_family_arm_m3_Hwi_excSvCall__I)
                  00003cbc    00000004     --HOLE-- [fill = 0]
                  00003cc0    0000003c                   : BIOS.obj (.text:ti_sysbios_heaps_HeapMem_init__I)
                  00003cfc    00000004     --HOLE-- [fill = 0]
                  00003d00    0000003c                   : BIOS.obj (.text:ti_sysbios_knl_Swi_restore__E)
                  00003d3c    00000004     --HOLE-- [fill = 0]
                  00003d40    00000038                   : BIOS.obj (.text:ti_sysbios_family_arm_m3_Hwi_excNoIsr__I)
                  00003d78    00000038                   : BIOS.obj (.text:ti_sysbios_knl_Task_processVitalTaskFlag__I)
                  00003db0    00000038     ti.targets.arm.rtsarm.aem4f : SysMin.oem4f (.text:xdc_runtime_SysMin_putch__E)
                  00003de8    00000038                                 : System.oem4f (.text:xdc_runtime_System_atexit__E)
                  00003e20    00000034     msp432p4xx_driverlib.lib : flash.o (.text:FlashCtl_enableReadBuffering)
                  00003e54    00000004     --HOLE-- [fill = 0]
                  00003e58    00000034     sysbios.aem4f : BIOS.obj (.text:ti_sysbios_family_arm_m3_Hwi_excNmi__I)
                  00003e8c    00000004     --HOLE-- [fill = 0]
                  00003e90    00000034                   : BIOS.obj (.text:ti_sysbios_hal_Hwi_checkStack)
                  00003ec4    00000034     ti.targets.arm.rtsarm.aem4f : Core-label.oem4f (.text:xdc_runtime_Core_assignLabel__I)
                  00003ef8    00000033                                 : Text.oem4f (.text:xdc_runtime_Text_printVisFxn__I)
                  00003f2b    00000005     --HOLE-- [fill = 0]
                  00003f30    00000032     sysbios.aem4f : BIOS.obj (.text:ti_sysbios_hal_Hwi_initStack)
                  00003f62    00000002     --HOLE-- [fill = 0]
                  00003f64    00000030     mutex_pem4f.oem4f (.text:ti_sysbios_BIOS_atExitFunc__I)
                  00003f94    00000004     --HOLE-- [fill = 0]
                  00003f98    00000030     sysbios.aem4f : BIOS.obj (.text:ti_sysbios_family_arm_m3_TaskSupport_start__E)
                  00003fc8    00000030     mutex_pem4f.oem4f (.text:ti_sysbios_gates_GateHwi_Object__create__S)
                  00003ff8    00000030     mutex_pem4f.oem4f (.text:ti_sysbios_gates_GateMutex_Object__create__S)
                  00004028    00000030     sysbios.aem4f : BIOS.obj (.text:ti_sysbios_gates_GateMutex_enter__E)
                  00004058    00000030     mutex_pem4f.oem4f (.text:ti_sysbios_heaps_HeapMem_Object__create__S)
                  00004088    00000030     mutex_pem4f.oem4f (.text:ti_sysbios_knl_Semaphore_construct)
                  000040b8    00000030     sysbios.aem4f : BIOS.obj (.text:ti_sysbios_knl_Semaphore_pendTimeout__I)
                  000040e8    00000030                   : BIOS.obj (.text:ti_sysbios_knl_Task_unblockI__E)
                  00004118    00000030     ti.targets.arm.rtsarm.aem4f : SysMin.oem4f (.text:xdc_runtime_SysMin_abort__E)
                  00004148    00000030                                 : System.oem4f (.text:xdc_runtime_System_processAtExit__E)
                  00004178    0000002c     msp432p4xx_driverlib.lib : pcm.o (.text:PCM_getCoreVoltageLevel)
                  000041a4    0000002c     power_tirtos_MSP432P401R.aem4f : PowerMSP432_tirtos.oem4f (.text:PowerMSP432_updateFreqs)
                  000041d0    0000002c     mutex_pem4f.oem4f (.text:ti_sysbios_knl_Clock_doTick__I)
                  000041fc    0000002c     mutex_pem4f.oem4f (.text:ti_sysbios_knl_Queue_construct)
                  00004228    0000002c     sysbios.aem4f : BIOS.obj (.text:ti_sysbios_knl_Task_restore__E)
                  00004254    0000002c     ti.targets.arm.rtsarm.aem4f : Text.oem4f (.text:xdc_runtime_Text_cordText__E)
                  00004280    0000002a     msp432p4xx_driverlib.lib : pcm.o (.text:PCM_getPowerMode)
                  000042aa    0000002a     ti.targets.arm.rtsarm.aem4f : System.oem4f (.text:xdc_runtime_System_putchar__I)
                  000042d4    00000028     msp432p4xx_driverlib.lib : flash.o (.text:FlashCtl_setWaitState)
                  000042fc    00000028                              : pcm.o (.text:PCM_gotoLPM0)
                  00004324    00000004     --HOLE-- [fill = 0]
                  00004328    00000028     sysbios.aem4f : BIOS.obj (.text:ti_sysbios_knl_Clock_addI__E)
                  00004350    00000028                   : BIOS.obj (.text:ti_sysbios_knl_Swi_Module_startup__E)
                  00004378    00000026                   : m3_Hwi_asm.obj (.text:ti_sysbios_family_arm_m3_Hwi_pendSV__I)
                  0000439e    00000026     ti.targets.arm.rtsarm.aem4f : System.oem4f (.text:xdc_runtime_System_avprintf__E)
                  000043c4    00000024     msp432p4xx_driverlib.lib : cs.o (.text:CS_setDCOCenteredFrequency)
                  000043e8    00000024                              : rtc_c.o (.text:RTC_C_holdClock)
                  0000440c    00000024                              : rtc_c.o (.text:RTC_C_startClock)
                  00004430    00000024     mutex_pem4f.oem4f (.text:ti_sysbios_BIOS_errorRaiseHook__I)
                  00004454    00000024     mutex_pem4f.oem4f (.text:ti_sysbios_BIOS_registerRTSLock__I)
                  00004478    00000024     mutex_pem4f.oem4f (.text:ti_sysbios_BIOS_removeRTSLock__I)
                  0000449c    00000024     mutex_pem4f.oem4f (.text:ti_sysbios_BIOS_startFunc__I)
                  000044c0    00000024     sysbios.aem4f : BIOS.obj (.text:ti_sysbios_family_arm_msp432_ClockFreqs_setFrequency__E)
                  000044e4    00000024     mutex_pem4f.oem4f (.text:ti_sysbios_gates_GateMutex_Object__delete__S)
                  00004508    00000024     sysbios.aem4f : BIOS.obj (.text:ti_sysbios_knl_Clock_Module_startup__E)
                  0000452c    00000004     --HOLE-- [fill = 0]
                  00004530    00000024                   : BIOS.obj (.text:ti_sysbios_knl_Semaphore_Instance_init__E)
                  00004554    00000004     --HOLE-- [fill = 0]
                  00004558    00000024                   : BIOS.obj (.text:ti_sysbios_knl_Task_restoreHwi__E)
                  0000457c    00000024     ti.targets.arm.rtsarm.aem4f : System.oem4f (.text:xdc_runtime_System_vprintf__E)
                  000045a0    00000022     mutex_pem4f.oem4f (.text:xdc_runtime_SysMin_output__I)
                  000045c2    00000002     --HOLE-- [fill = 0]
                  000045c4    00000020     drivers_MSP432P401R.aem4f : PowerMSP432.oem4f (.text:Power_idleFunc)
                  000045e4    00000020     mutex_pem4f.oem4f (.text:ti_sysbios_BIOS_rtsLock__I)
                  00004604    00000020     sysbios.aem4f : m3_Hwi_asm.obj (.text:ti_sysbios_family_arm_m3_Hwi_excHandlerAsm__I)
                  00004624    00000004     --HOLE-- [fill = 0]
                  00004628    00000020                   : BIOS.obj (.text:ti_sysbios_family_arm_m3_Hwi_excHandler__I)
                  00004648    00000020     mutex_pem4f.oem4f (.text:ti_sysbios_gates_GateHwi_Object__delete__S)
                  00004668    00000020     mutex_pem4f.oem4f (.text:ti_sysbios_heaps_HeapMem_Object__delete__S)
                  00004688    00000020     sysbios.aem4f : BIOS.obj (.text:ti_sysbios_knl_Idle_run__E)
                  000046a8    00000020     mutex_pem4f.oem4f (.text:ti_sysbios_knl_Semaphore_Object__destruct__S)
                  000046c8    00000020     ti.targets.arm.rtsarm.aem4f : Registry.oem4f (.text:xdc_runtime_Registry_findById__E)
                  000046e8    00000020                                 : SysMin.oem4f (.text:xdc_runtime_SysMin_Module_startup__E)
                  00004708    0000001e     sysbios.aem4f : m3_Hwi_asm_switch.obj (.text:ti_sysbios_family_xxx_Hwi_switchAndRunFunc)
                  00004726    00000002     --HOLE-- [fill = 0]
                  00004728    0000001c                   : BIOS.obj (.text:ti_sysbios_gates_GateMutex_Instance_init__E)
                  00004744    0000001c     mutex_pem4f.oem4f (.text:ti_sysbios_knl_Queue_Object__destruct__S)
                  00004760    0000001c     sysbios.aem4f : BIOS.obj (.text:ti_sysbios_knl_Queue_put__E)
                  0000477c    00000004     --HOLE-- [fill = 0]
                  00004780    0000001c                   : BIOS.obj (.text:ti_sysbios_knl_Task_enter__I)
                  0000479c    0000001c     ti.targets.arm.rtsarm.aem4f : Error.oem4f (.text:xdc_runtime_Error_raiseX__E)
                  000047b8    0000001c                                 : Memory.oem4f (.text:xdc_runtime_Memory_valloc__E)
                  000047d4    0000001c                                 : SysMin.oem4f (.text:xdc_runtime_SysMin_exit__E)
                  000047f0    0000001c                                 : System.oem4f (.text:xdc_runtime_System_abort__E)
                  0000480c    0000001a     mutex_pem4f.oem4f (.text:ti_sysbios_family_arm_m3_Hwi_Handle__label__S)
                  00004826    0000001a     mutex_pem4f.oem4f (.text:ti_sysbios_gates_GateHwi_Handle__label__S)
                  00004840    0000001a     mutex_pem4f.oem4f (.text:ti_sysbios_gates_GateMutex_Handle__label__S)
                  0000485a    0000001a     mutex_pem4f.oem4f (.text:ti_sysbios_heaps_HeapMem_Handle__label__S)
                  00004874    0000001a     mutex_pem4f.oem4f (.text:ti_sysbios_knl_Swi_Handle__label__S)
                  0000488e    0000001a     mutex_pem4f.oem4f (.text:ti_sysbios_knl_Task_Handle__label__S)
                  000048a8    0000001a     mutex_pem4f.oem4f (.text:xdc_runtime_System_aprintf__E)
                  000048c2    0000001a     mutex_pem4f.oem4f (.text:xdc_runtime_System_printf__E)
                  000048dc    00000018     msp432p4xx_driverlib.lib : wdt_a.o (.text:WDT_A_holdTimer)
                  000048f4    00000018     rtsv7M4_T_le_v4SPD16_eabi.lib : args_main.obj (.text)
                  0000490c    00000018     mutex_pem4f.oem4f (.text:ti_sysbios_BIOS_rtsUnlock__I)
                  00004924    00000018     mutex_pem4f.oem4f (.text:ti_sysbios_family_arm_m3_Hwi_Module__startupDone__F)
                  0000493c    00000018     sysbios.aem4f : m3_TaskSupport_asm.obj (.text:ti_sysbios_family_arm_m3_TaskSupport_swap__E)
                  00004954    00000018     mutex_pem4f.oem4f (.text:ti_sysbios_family_arm_msp432_Timer_Module__startupDone__F)
                  0000496c    00000004     --HOLE-- [fill = 0]
                  00004970    00000018     sysbios.aem4f : BIOS.obj (.text:ti_sysbios_gates_GateMutex_leave__E)
                  00004988    00000018                   : BIOS.obj (.text:ti_sysbios_knl_Task_sleepTimeout__I)
                  000049a0    00000018     ti.targets.arm.rtsarm.aem4f : Error.oem4f (.text:xdc_runtime_Error_check__E)
                  000049b8    00000018                                 : System.oem4f (.text:xdc_runtime_System_exit__E)
                  000049d0    00000018                                 : Text.oem4f (.text:xdc_runtime_Text_ropeText__E)
                  000049e8    00000016     mutex_pem4f.oem4f (.text:ti_sysbios_BIOS_exitFunc__I)
                  000049fe    00000016     mutex.obj (.text:ti_sysbios_knl_Semaphore_Params_init)
                  00004a14    00000016     mutex.obj (.text:ti_sysbios_knl_Task_Params_init)
                  00004a2a    00000002     --HOLE-- [fill = 0]
                  00004a2c    00000014     msp432p4xx_driverlib.lib : wdt_a.o (.text:WDT_A_startTimer)
                  00004a40    00000014     rtsv7M4_T_le_v4SPD16_eabi.lib : _lock.obj (.text)
                  00004a54    00000014                                   : strcpy.obj (.text)
                  00004a68    00000014                                   : strlen.obj (.text)
                  00004a7c    00000014     mutex_pem4f.oem4f (.text:ti_sysbios_family_arm_m3_Hwi_Object__get__S)
                  00004a90    00000014     sysbios.aem4f : BIOS.obj (.text:ti_sysbios_family_arm_m3_Hwi_switchFromBootStack__E)
                  00004aa4    00000014     mutex_pem4f.oem4f (.text:ti_sysbios_heaps_HeapMem_Object__get__S)
                  00004ab8    00000014     mutex_pem4f.oem4f (.text:ti_sysbios_knl_Swi_Object__get__S)
                  00004acc    00000004     --HOLE-- [fill = 0]
                  00004ad0    00000012     sysbios.aem4f : BIOS.obj (.text:ti_sysbios_hal_Hwi_Module_startup__E)
                  00004ae2    00000012     mutex_pem4f.oem4f (.text:xdc_runtime_Startup_exec__I)
                  00004af4    00000010     msp432p4xx_driverlib.lib : pcm.o (.text:PCM_gotoLPM4)
                  00004b04    00000004     --HOLE-- [fill = 0]
                  00004b08    00000010     sysbios.aem4f : BIOS.obj (.text:ti_sysbios_BIOS_exit__E)
                  00004b18    00000010                   : BIOS.obj (.text:ti_sysbios_BIOS_setCpuFreq__E)
                  00004b28    00000010                   : BIOS.obj (.text:ti_sysbios_BIOS_setThreadType__E)
                  00004b38    00000010                   : BIOS.obj (.text:ti_sysbios_BIOS_start__E)
                  00004b48    00000010                   : m3_TaskSupport_asm.obj (.text:ti_sysbios_family_arm_m3_TaskSupport_glue)
                  00004b58    00000010                   : BIOS.obj (.text:ti_sysbios_family_arm_msp432_init_Boot_disableWatchdog)
                  00004b68    00000010                   : BIOS.obj (.text:ti_sysbios_gates_GateMutex_Instance_finalize__E)
                  00004b78    00000010                   : BIOS.obj (.text:ti_sysbios_knl_Semaphore_Instance_finalize__E)
                  00004b88    00000010                   : BIOS.obj (.text:ti_sysbios_knl_Swi_disable__E)
                  00004b98    00000010     mutex_pem4f.oem4f (.text:ti_sysbios_knl_Task_Object__get__S)
                  00004ba8    00000010     sysbios.aem4f : BIOS.obj (.text:ti_sysbios_knl_Task_disable__E)
                  00004bb8    00000010     ti.targets.arm.rtsarm.aem4f : Gate.oem4f (.text:xdc_runtime_Gate_leaveSystem__E)
                  00004bc8    00000010                                 : Memory.oem4f (.text:xdc_runtime_Memory_free__E)
                  00004bd8    00000010                                 : SysMin.oem4f (.text:xdc_runtime_SysMin_ready__E)
                  00004be8    00000010                                 : System.oem4f (.text:xdc_runtime_System_vsnprintf__E)
                  00004bf8    00000010     mutex_pem4f.oem4f (.text:xdc_runtime_Text_visitRope__I)
                  00004c08    0000000e     rtsv7M4_T_le_v4SPD16_eabi.lib : copy_decompress_none.obj (.text:decompress:none)
                  00004c16    00000002     --HOLE-- [fill = 0]
                  00004c18    0000000e     sysbios.aem4f : BIOS.obj (.text:ti_sysbios_knl_Idle_loop__E)
                  00004c26    00000002     --HOLE-- [fill = 0]
                  00004c28    0000000e                   : BIOS.obj (.text:ti_sysbios_knl_Queue_empty__E)
                  00004c36    0000000c     mutex_pem4f.oem4f (.text:.bootCodeSection:ti_sysbios_family_arm_msp432_init_Boot_init__I)
                  00004c42    0000000c     msp432p4xx_driverlib.lib : cpu.o (.text:CPU_cpsid)
                  00004c4e    0000000c                              : cpu.o (.text:CPU_cpsie)
                  00004c5a    00000002     --HOLE-- [fill = 0]
                  00004c5c    0000000c                              : pcm.o (.text:PCM_getPowerState)
                  00004c68    0000000c     drivers_MSP432P401R.aem4f : PowerMSP432.oem4f (.text:Power_getConstraintMask)
                  00004c74    0000000c     rtsv7M4_T_le_v4SPD16_eabi.lib : copy_zero_init.obj (.text:decompress:ZI)
                  00004c80    0000000c     sysbios.aem4f : BIOS.obj (.text:ti_sysbios_family_arm_m3_TaskSupport_checkStack__E)
                  00004c8c    00000004     --HOLE-- [fill = 0]
                  00004c90    0000000c                   : BIOS.obj (.text:ti_sysbios_family_arm_m3_TaskSupport_getStackAlignment__E)
                  00004c9c    00000004     --HOLE-- [fill = 0]
                  00004ca0    0000000c                   : BIOS.obj (.text:ti_sysbios_family_arm_msp432_Timer_getMaxTicks__E)
                  00004cac    00000004     --HOLE-- [fill = 0]
                  00004cb0    0000000c                   : BIOS.obj (.text:ti_sysbios_gates_GateHwi_enter__E)
                  00004cbc    00000004     --HOLE-- [fill = 0]
                  00004cc0    0000000c                   : BIOS.obj (.text:ti_sysbios_knl_Clock_getTicks__E)
                  00004ccc    0000000c     mutex_pem4f.oem4f (.text:ti_sysbios_knl_Queue_Object__get__S)
                  00004cd8    0000000c     mutex_pem4f.oem4f (.text:ti_sysbios_knl_Semaphore_Params__init__S)
                  00004ce4    0000000c     mutex.obj (.text:ti_sysbios_knl_Semaphore_handle)
                  00004cf0    0000000c     mutex_pem4f.oem4f (.text:ti_sysbios_knl_Task_Params__init__S)
                  00004cfc    0000000c     ti.targets.arm.rtsarm.aem4f : Error.oem4f (.text:xdc_runtime_Error_init__E)
                  00004d08    0000000c                                 : Gate.oem4f (.text:xdc_runtime_Gate_enterSystem__E)
                  00004d14    0000000c                                 : Memory.oem4f (.text:xdc_runtime_Memory_calloc__E)
                  00004d20    0000000c                                 : Memory.oem4f (.text:xdc_runtime_Memory_getMaxDefaultTypeAlign__E)
                  00004d2c    0000000a     mutex_pem4f.oem4f (.text:xdc_runtime_IHeap_alloc)
                  00004d36    0000000a     mutex_pem4f.oem4f (.text:xdc_runtime_IHeap_free)
                  00004d40    00000008     MSP_EXP432P401R.obj (.text:MSP_EXP432P401R_initGeneral)
                  00004d48    00000008     msp432p4xx_driverlib.lib : pcm.o (.text:PCM_setPowerMode)
                  00004d50    00000008                              : pcm.o (.text:PCM_setPowerState)
                  00004d58    00000008     sysbios.aem4f : BIOS.obj (.text:ti_sysbios_family_arm_m3_Hwi_doSwiRestore__I)
                  00004d60    00000008                   : BIOS.obj (.text:ti_sysbios_family_arm_m3_Hwi_startup__E)
                  00004d68    00000006     ti.targets.arm.rtsarm.aem4f : xdc_noinit.oem4f (.text:__xdc__init)
                  00004d6e    00000006     rtsv7M4_T_le_v4SPD16_eabi.lib : copy_decompress_rle.obj (.text:decompress:rle24)
                  00004d74    00000004     --HOLE-- [fill = 0]
                  00004d78    00000006     sysbios.aem4f : BIOS.obj (.text:ti_sysbios_family_arm_m3_Hwi_doTaskRestore__I)
                  00004d7e    00000002     --HOLE-- [fill = 0]
                  00004d80    00000006                   : BIOS.obj (.text:ti_sysbios_gates_GateHwi_leave__E)
                  00004d86    00000002     --HOLE-- [fill = 0]
                  00004d88    00000006                   : BIOS.obj (.text:ti_sysbios_heaps_HeapMem_isBlocking__E)
                  00004d8e    00000002     --HOLE-- [fill = 0]
                  00004d90    00000006                   : BIOS.obj (.text:ti_sysbios_knl_Queue_Instance_init__E)
                  00004d96    00000002     --HOLE-- [fill = 0]
                  00004d98    00000006                   : BIOS.obj (.text:ti_sysbios_knl_Swi_startup__E)
                  00004d9e    00000006     ti.targets.arm.rtsarm.aem4f : System.oem4f (.text:xdc_runtime_System_Module_startup__E)
                  00004da4    00000004     --HOLE-- [fill = 0]
                  00004da8    00000004     sysbios.aem4f : BIOS.obj (.text:ti_sysbios_gates_GateHwi_query__E)
                  00004dac    00000004     --HOLE-- [fill = 0]
                  00004db0    00000004                   : BIOS.obj (.text:ti_sysbios_gates_GateMutex_query__E)
                  00004db4    00000004     --HOLE-- [fill = 0]
                  00004db8    00000004                   : BIOS.obj (.text:ti_sysbios_knl_Semaphore_getCount__E)
                  00004dbc    00000004     --HOLE-- [fill = 0]
                  00004dc0    00000004                   : BIOS.obj (.text:ti_sysbios_knl_Task_startup__E)
                  00004dc4    00000004     --HOLE-- [fill = 0]
                  00004dc8    00000002                   : BIOS.obj (.text:ti_sysbios_gates_GateHwi_Instance_init__E)
                  00004dca    00000006     --HOLE-- [fill = 0]
                  00004dd0    00000002                   : BIOS.obj (.text:ti_sysbios_knl_Clock_logTick__E)

.const     0    00004dd4    00001c32     
                  00004dd4    0000178f     mutex_pem4f.oem4f (.const:xdc_runtime_Text_charTab__A)
                  00006563    00000001     mutex_pem4f.oem4f (.const:xdc_runtime_Error_policy__C)
                  00006564    000000b0     mutex_pem4f.oem4f (.const:xdc_runtime_Text_nodeTab__A)
                  00006614    00000048     mutex_pem4f.oem4f (.const:.string)
                  0000665c    0000003c     mutex_pem4f.oem4f (.const:ti_sysbios_knl_Task_Object__PARAMS__C)
                  00006698    00000028     mutex_pem4f.oem4f (.const:ti_sysbios_heaps_HeapMem_Module__FXNS__C)
                  000066c0    00000024     mutex_pem4f.oem4f (.const:ti_sysbios_gates_GateHwi_Module__FXNS__C)
                  000066e4    00000024     mutex_pem4f.oem4f (.const:ti_sysbios_gates_GateMutex_Module__FXNS__C)
                  00006708    00000024     mutex_pem4f.oem4f (.const:ti_sysbios_heaps_HeapMem_Object__PARAMS__C)
                  0000672c    00000024     mutex_pem4f.oem4f (.const:ti_sysbios_knl_Semaphore_Object__PARAMS__C)
                  00006750    00000020     mutex_pem4f.oem4f (.const:ti_sysbios_gates_GateHwi_Object__DESC__C)
                  00006770    00000020     mutex_pem4f.oem4f (.const:ti_sysbios_gates_GateMutex_Object__DESC__C)
                  00006790    00000020     mutex_pem4f.oem4f (.const:ti_sysbios_heaps_HeapMem_Object__DESC__C)
                  000067b0    00000020     mutex_pem4f.oem4f (.const:ti_sysbios_knl_Queue_Object__DESC__C)
                  000067d0    00000020     mutex_pem4f.oem4f (.const:ti_sysbios_knl_Semaphore_Object__DESC__C)
                  000067f0    00000020     mutex_pem4f.oem4f (.const:ti_sysbios_knl_Task_Object__DESC__C)
                  00006810    00000020     mutex_pem4f.oem4f (.const:xdc_runtime_Startup_sfxnTab__A)
                  00006830    00000018     mutex_pem4f.oem4f (.const:ti_sysbios_gates_GateHwi_Object__PARAMS__C)
                  00006848    00000018     mutex_pem4f.oem4f (.const:ti_sysbios_gates_GateMutex_Object__PARAMS__C)
                  00006860    00000018     mutex_pem4f.oem4f (.const:ti_sysbios_knl_Queue_Object__PARAMS__C)
                  00006878    00000010     MSP_EXP432P401R.obj (.const)
                  00006888    00000010     mutex_pem4f.oem4f (.const:xdc_runtime_Startup_sfxnRts__A)
                  00006898    0000000c     mutex_pem4f.oem4f (.const:xdc_runtime_Startup_firstFxns__A)
                  000068a4    00000008     mutex_pem4f.oem4f (.const:ti_sysbios_family_arm_m3_Hwi_excHookFuncs__A)
                  000068ac    00000008     mutex_pem4f.oem4f (.const:ti_sysbios_knl_Idle_funcList__A)
                  000068b4    00000008     mutex_pem4f.oem4f (.const:ti_sysbios_knl_Idle_funcList__C)
                  000068bc    00000008     mutex_pem4f.oem4f (.const:xdc_runtime_Startup_firstFxns__C)
                  000068c4    00000008     mutex_pem4f.oem4f (.const:xdc_runtime_Startup_lastFxns__C)
                  000068cc    00000004     mutex_pem4f.oem4f (.const:ti_sysbios_family_arm_m3_Hwi_E_NMI__C)
                  000068d0    00000004     mutex_pem4f.oem4f (.const:ti_sysbios_family_arm_m3_Hwi_E_busFault__C)
                  000068d4    00000004     mutex_pem4f.oem4f (.const:ti_sysbios_family_arm_m3_Hwi_E_debugMon__C)
                  000068d8    00000004     mutex_pem4f.oem4f (.const:ti_sysbios_family_arm_m3_Hwi_E_hardFault__C)
                  000068dc    00000004     mutex_pem4f.oem4f (.const:ti_sysbios_family_arm_m3_Hwi_E_memFault__C)
                  000068e0    00000004     mutex_pem4f.oem4f (.const:ti_sysbios_family_arm_m3_Hwi_E_noIsr__C)
                  000068e4    00000004     mutex_pem4f.oem4f (.const:ti_sysbios_family_arm_m3_Hwi_E_reserved__C)
                  000068e8    00000004     mutex_pem4f.oem4f (.const:ti_sysbios_family_arm_m3_Hwi_E_svCall__C)
                  000068ec    00000004     mutex_pem4f.oem4f (.const:ti_sysbios_family_arm_m3_Hwi_E_usageFault__C)
                  000068f0    00000004     mutex_pem4f.oem4f (.const:ti_sysbios_family_arm_m3_Hwi_NUM_INTERRUPTS__C)
                  000068f4    00000004     mutex_pem4f.oem4f (.const:ti_sysbios_family_arm_m3_Hwi_Object__count__C)
                  000068f8    00000004     mutex_pem4f.oem4f (.const:ti_sysbios_family_arm_m3_Hwi_ccr__C)
                  000068fc    00000004     mutex_pem4f.oem4f (.const:ti_sysbios_family_arm_m3_Hwi_excHandlerFunc__C)
                  00006900    00000004     mutex_pem4f.oem4f (.const:ti_sysbios_family_arm_m3_Hwi_excHookFuncs__C)
                  00006904    00000004     mutex_pem4f.oem4f (.const:ti_sysbios_family_arm_m3_Hwi_nullIsrFunc__C)
                  00006908    00000004     mutex_pem4f.oem4f (.const:ti_sysbios_family_arm_m3_Hwi_priGroup__C)
                  0000690c    00000004     mutex_pem4f.oem4f (.const:ti_sysbios_family_arm_m3_TaskSupport_stackAlignment__C)
                  00006910    00000004     mutex_pem4f.oem4f (.const:ti_sysbios_family_arm_msp432_Timer_numTimerDevices__C)
                  00006914    00000004     mutex_pem4f.oem4f (.const:ti_sysbios_family_arm_msp432_Timer_startupNeeded__C)
                  00006918    00000004     mutex_pem4f.oem4f (.const:ti_sysbios_gates_GateMutex_Instance_State_sem__O)
                  0000691c    00000004     mutex_pem4f.oem4f (.const:ti_sysbios_hal_Hwi_E_stackOverflow__C)
                  00006920    00000004     mutex_pem4f.oem4f (.const:ti_sysbios_heaps_HeapMem_E_memory__C)
                  00006924    00000004     mutex_pem4f.oem4f (.const:ti_sysbios_heaps_HeapMem_Module__gateObj__C)
                  00006928    00000004     mutex_pem4f.oem4f (.const:ti_sysbios_heaps_HeapMem_Object__count__C)
                  0000692c    00000004     mutex_pem4f.oem4f (.const:ti_sysbios_heaps_HeapMem_reqAlign__C)
                  00006930    00000004     mutex_pem4f.oem4f (.const:ti_sysbios_knl_Clock_Module_State_clockQ__O)
                  00006934    00000004     mutex_pem4f.oem4f (.const:ti_sysbios_knl_Clock_tickPeriod__C)
                  00006938    00000004     mutex_pem4f.oem4f (.const:ti_sysbios_knl_Semaphore_Instance_State_pendQ__O)
                  0000693c    00000004     mutex_pem4f.oem4f (.const:ti_sysbios_knl_Swi_Object__count__C)
                  00006940    00000004     mutex_pem4f.oem4f (.const:ti_sysbios_knl_Task_E_spOutOfBounds__C)
                  00006944    00000004     mutex_pem4f.oem4f (.const:ti_sysbios_knl_Task_E_stackOverflow__C)
                  00006948    00000004     mutex_pem4f.oem4f (.const:ti_sysbios_knl_Task_Module_State_inactiveQ__O)
                  0000694c    00000004     mutex_pem4f.oem4f (.const:ti_sysbios_knl_Task_Object__count__C)
                  00006950    00000004     mutex_pem4f.oem4f (.const:ti_sysbios_knl_Task_allBlockedFunc__C)
                  00006954    00000004     mutex_pem4f.oem4f (.const:ti_sysbios_knl_Task_defaultStackHeap__C)
                  00006958    00000004     mutex_pem4f.oem4f (.const:ti_sysbios_knl_Task_defaultStackSize__C)
                  0000695c    00000004     mutex_pem4f.oem4f (.const:ti_sysbios_knl_Task_numConstructedTasks__C)
                  00006960    00000004     mutex_pem4f.oem4f (.const:xdc_runtime_Assert_E_assertFailed__C)
                  00006964    00000004     mutex_pem4f.oem4f (.const:xdc_runtime_Core_A_initializedParams__C)
                  00006968    00000004     mutex_pem4f.oem4f (.const:xdc_runtime_Core_Module__diagsEnabled__C)
                  0000696c    00000004     mutex_pem4f.oem4f (.const:xdc_runtime_Core_Module__diagsIncluded__C)
                  00006970    00000004     mutex_pem4f.oem4f (.const:xdc_runtime_Core_Module__diagsMask__C)
                  00006974    00000004     mutex_pem4f.oem4f (.const:xdc_runtime_Error_E_memory__C)
                  00006978    00000004     mutex_pem4f.oem4f (.const:xdc_runtime_Error_Module__diagsEnabled__C)
                  0000697c    00000004     mutex_pem4f.oem4f (.const:xdc_runtime_Error_Module__diagsIncluded__C)
                  00006980    00000004     mutex_pem4f.oem4f (.const:xdc_runtime_Error_Module__diagsMask__C)
                  00006984    00000004     mutex_pem4f.oem4f (.const:xdc_runtime_Error_Module__loggerFxn8__C)
                  00006988    00000004     mutex_pem4f.oem4f (.const:xdc_runtime_Error_Module__loggerObj__C)
                  0000698c    00000004     mutex_pem4f.oem4f (.const:xdc_runtime_Error_policyFxn__C)
                  00006990    00000004     mutex_pem4f.oem4f (.const:xdc_runtime_Error_raiseHook__C)
                  00006994    00000004     mutex_pem4f.oem4f (.const:xdc_runtime_IGateProvider_Interface__BASE__C)
                  00006998    00000004     mutex_pem4f.oem4f (.const:xdc_runtime_IHeap_Interface__BASE__C)
                  0000699c    00000004     mutex_pem4f.oem4f (.const:xdc_runtime_IModule_Interface__BASE__C)
                  000069a0    00000004     mutex_pem4f.oem4f (.const:xdc_runtime_Log_L_error__C)
                  000069a4    00000004     mutex_pem4f.oem4f (.const:xdc_runtime_Memory_defaultHeapInstance__C)
                  000069a8    00000004     mutex_pem4f.oem4f (.const:xdc_runtime_Startup_execImpl__C)
                  000069ac    00000004     mutex_pem4f.oem4f (.const:xdc_runtime_Startup_maxPasses__C)
                  000069b0    00000004     mutex_pem4f.oem4f (.const:xdc_runtime_Startup_sfxnRts__C)
                  000069b4    00000004     mutex_pem4f.oem4f (.const:xdc_runtime_Startup_sfxnTab__C)
                  000069b8    00000004     mutex_pem4f.oem4f (.const:xdc_runtime_SysMin_bufSize__C)
                  000069bc    00000004     mutex_pem4f.oem4f (.const:xdc_runtime_SysMin_outputFunc__C)
                  000069c0    00000004     mutex_pem4f.oem4f (.const:xdc_runtime_System_Module__gateObj__C)
                  000069c4    00000004     mutex_pem4f.oem4f (.const:xdc_runtime_System_abortFxn__C)
                  000069c8    00000004     mutex_pem4f.oem4f (.const:xdc_runtime_System_exitFxn__C)
                  000069cc    00000004     mutex_pem4f.oem4f (.const:xdc_runtime_System_extendFxn__C)
                  000069d0    00000004     mutex_pem4f.oem4f (.const:xdc_runtime_System_maxAtexitHandlers__C)
                  000069d4    00000004     mutex_pem4f.oem4f (.const:xdc_runtime_Text_charTab__C)
                  000069d8    00000004     mutex_pem4f.oem4f (.const:xdc_runtime_Text_nameEmpty__C)
                  000069dc    00000004     mutex_pem4f.oem4f (.const:xdc_runtime_Text_nameStatic__C)
                  000069e0    00000004     mutex_pem4f.oem4f (.const:xdc_runtime_Text_nameUnknown__C)
                  000069e4    00000004     mutex_pem4f.oem4f (.const:xdc_runtime_Text_nodeTab__C)
                  000069e8    00000004     mutex_pem4f.oem4f (.const:xdc_runtime_Text_visitRopeFxn__C)
                  000069ec    00000002     mutex_pem4f.oem4f (.const:ti_sysbios_family_arm_m3_Hwi_Module__id__C)
                  000069ee    00000002     mutex_pem4f.oem4f (.const:ti_sysbios_hal_Hwi_Module__id__C)
                  000069f0    00000002     mutex_pem4f.oem4f (.const:ti_sysbios_heaps_HeapMem_Module__id__C)
                  000069f2    00000002     mutex_pem4f.oem4f (.const:ti_sysbios_knl_Task_Module__id__C)
                  000069f4    00000002     mutex_pem4f.oem4f (.const:xdc_runtime_Core_Module__id__C)
                  000069f6    00000002     mutex_pem4f.oem4f (.const:xdc_runtime_Error_Module__loggerDefined__C)
                  000069f8    00000002     mutex_pem4f.oem4f (.const:xdc_runtime_Error_maxDepth__C)
                  000069fa    00000002     mutex_pem4f.oem4f (.const:xdc_runtime_Memory_Module__id__C)
                  000069fc    00000002     mutex_pem4f.oem4f (.const:xdc_runtime_SysMin_flushAtExit__C)
                  000069fe    00000002     mutex_pem4f.oem4f (.const:xdc_runtime_Text_charCnt__C)
                  00006a00    00000002     mutex_pem4f.oem4f (.const:xdc_runtime_Text_isLoaded__C)
                  00006a02    00000002     mutex_pem4f.oem4f (.const:xdc_runtime_Text_registryModsLastId__C)
                  00006a04    00000002     mutex_pem4f.oem4f (.const:xdc_runtime_Text_unnamedModsLastId__C)

.cinit     0    00006a08    000003c0     
                  00006a08    0000038c     (.cinit..data.load) [load image, compression = rle]
                  00006d94    0000000c     (__TI_handler_table)
                  00006da0    00000008     (.cinit..bss.load) [load image, compression = zero_init]
                  00006da8    00000008     (.cinit..vecs.load) [load image, compression = zero_init]
                  00006db0    00000018     (__TI_cinit_table)

.resetVecs 
*          0    00000000    0000003c     
                  00000000    0000003c     mutex_pem4f.oem4f (.resetVecs)

.bss       0    20000140    00000f2c     UNINITIALIZED
                  20000140    00000400     mutex_pem4f.oem4f (.bss:ti_sysbios_heaps_HeapMem_Instance_State_0_buf__A)
                  20000540    00000200     mutex.obj (.bss:task1Stack)
                  20000740    00000200     mutex.obj (.bss:task2Stack)
                  20000940    00000200     mutex_pem4f.oem4f (.bss:taskStackSection)
                  20000b40    00000200     mutex_pem4f.oem4f (.bss:xdc_runtime_SysMin_Module_State_0_outbuf__A)
                  20000d40    00000140     mutex_pem4f.oem4f (.bss:ti_sysbios_family_arm_m3_Hwi_dispatchTable)
                  20000e80    00000120     rtsv7M4_T_le_v4SPD16_eabi.lib : trgmsg.obj (.bss:__CIOBUF_)
                  20000fa0    00000050     mutex.obj (.bss:task1Struct)
                  20000ff0    00000050     mutex.obj (.bss:task2Struct)
                  20001040    0000001c     (.common:semStruct)
                  2000105c    00000008     (.common:parmbuf)
                  20001064    00000004     (.common:semHandle)
                  20001068    00000004     (.common:sleepTickCount)

.data      0    2000106c    000004e4     UNINITIALIZED
                  2000106c    00000140     mutex_pem4f.oem4f (.data)
                  200011ac    0000009c     drivers_MSP432P401R.aem4f : PowerMSP432.oem4f (.data:PowerMSP432_perfLevels)
                  20001248    00000080     mutex_pem4f.oem4f (.data:ti_sysbios_knl_Swi_Module_State_0_readyQ__A)
                  200012c8    00000080     mutex_pem4f.oem4f (.data:ti_sysbios_knl_Task_Module_State_0_readyQ__A)
                  20001348    0000004c     mutex_pem4f.oem4f (.data:ti_sysbios_family_arm_msp432_Timer_Object__table__V)
                  20001394    0000004c     mutex_pem4f.oem4f (.data:ti_sysbios_knl_Task_Object__table__V)
                  200013e0    00000044     mutex_pem4f.oem4f (.data:ti_sysbios_knl_Task_Module__state__V)
                  20001424    00000038     mutex_pem4f.oem4f (.data:ti_sysbios_gates_GateMutex_Object__table__V)
                  2000145c    00000034     mutex_pem4f.oem4f (.data:ti_sysbios_family_arm_m3_Hwi_Module__state__V)
                  20001490    00000030     mutex_pem4f.oem4f (.data:ti_sysbios_knl_Swi_Object__table__V)
                  200014c0    0000002c     mutex_pem4f.oem4f (.data:ti_sysbios_knl_Clock_Module__state__V)
                  200014ec    00000024     drivers_MSP432P401R.aem4f : PowerMSP432.oem4f (.data:PowerMSP432_module)
                  20001510    00000024     mutex_pem4f.oem4f (.data:ti_sysbios_BIOS_Module__state__V)
                  20001534    00000008     mutex.obj (.data)
                  2000153c    00000008     rtsv7M4_T_le_v4SPD16_eabi.lib : _lock.obj (.data)
                  20001544    00000008                                   : exit.obj (.data)
                  2000154c    00000004                                   : stkdepth_vars.obj (.data)

.stack     0    2000fd00    00000300     UNINITIALIZED
                  2000fd00    00000300     --HOLE--

.bootVecs 
*          0    00000000    00000008     DSECT
                  00000000    00000008     boot.aem4f : boot.oem4f (.bootVecs)

.vecs      0    20000000    00000140     UNINITIALIZED
                  20000000    00000140     mutex_pem4f.oem4f (.vecs)

xdc.meta   0    00000000    000000ff     COPY SECTION
                  00000000    000000ff     mutex_pem4f.oem4f (xdc.meta)

.TI.noinit 
*          0    20000140    00000000     UNINITIALIZED

.TI.persistent 
*          0    2000106c    00000000     UNINITIALIZED


LINKER GENERATED COPY TABLES

__TI_cinit_table @ 00006db0 records: 3, size/record: 8, table size: 24
	.data: load addr=00006a08, load size=0000038c bytes, run addr=2000106c, run size=000004e4 bytes, compression=rle
	.bss: load addr=00006da0, load size=00000008 bytes, run addr=20000140, run size=00000f2c bytes, compression=zero_init
	.vecs: load addr=00006da8, load size=00000008 bytes, run addr=20000000, run size=00000140 bytes, compression=zero_init


LINKER GENERATED HANDLER TABLE

__TI_handler_table @ 00006d94 records: 3, size/record: 4, table size: 12
	index: 0, handler: __TI_decompress_rle24
	index: 1, handler: __TI_decompress_none
	index: 2, handler: __TI_zero_init


GLOBAL SYMBOLS: SORTED ALPHABETICALLY BY Name 

address   name                                                        
-------   ----                                                        
00003921  C$$EXIT                                                     
00002ecf  C$$IO$$                                                     
00004c43  CPU_cpsid                                                   
00004c4f  CPU_cpsie                                                   
00000da5  CPU_wfi                                                     
00001a8d  CS_initClockSignal                                          
000043c5  CS_setDCOCenteredFrequency                                  
00004cc1  ClockP_getSystemTicks                                       
00003ac1  FlashCtl_disableReadBuffering                               
00003e21  FlashCtl_enableReadBuffering                                
000042d5  FlashCtl_setWaitState                                       
00000a49  HOSTclock                                                   
00000a11  HOSTclose                                                   
000009d3  HOSTgetenv                                                  
00000977  HOSTlseek                                                   
00000925  HOSTopen                                                    
000008d9  HOSTread                                                    
0000087b  HOSTrename                                                  
00000841  HOSTtime                                                    
00000809  HOSTunlink                                                  
000007bd  HOSTwrite                                                   
00000f0d  List_head                                                   
000013b5  List_next                                                   
00004d41  MSP_EXP432P401R_initGeneral                                 
00004179  PCM_getCoreVoltageLevel                                     
00004281  PCM_getPowerMode                                            
00004c5d  PCM_getPowerState                                           
000042fd  PCM_gotoLPM0                                                
000029bd  PCM_gotoLPM3                                                
00004af5  PCM_gotoLPM4                                                
00004d49  PCM_setPowerMode                                            
00004d51  PCM_setPowerState                                           
000034d5  PCM_shutdownDevice                                          
00006878  PowerMSP432_config                                          
00002787  PowerMSP432_initPolicy                                      
200014ec  PowerMSP432_module                                          
200011ac  PowerMSP432_perfLevels                                      
00003525  PowerMSP432_sleepPolicy                                     
000041a5  PowerMSP432_updateFreqs                                     
00004c69  Power_getConstraintMask                                     
000045c5  Power_idleFunc                                              
00003c41  Power_init                                                  
000017b5  Power_sleep                                                 
000043e9  RTC_C_holdClock                                             
0000440d  RTC_C_startClock                                            
UNDEFED   SHT$$INIT_ARRAY$$Base                                       
UNDEFED   SHT$$INIT_ARRAY$$Limit                                      
4000480c  WDTCTL_SYM                                                  
000048dd  WDT_A_holdTimer                                             
00004a2d  WDT_A_startTimer                                            
00000000  __ASM__                                                     
20000e80  __CIOBUF_                                                   
0000007b  __ISA__                                                     
0000008e  __PLAT__                                                    
20010000  __STACK_END                                                 
00000300  __STACK_SIZE                                                
000000b1  __TARG__                                                    
00006db0  __TI_CINIT_Base                                             
00006dc8  __TI_CINIT_Limit                                            
00006d94  __TI_Handler_Table_Base                                     
00006da0  __TI_Handler_Table_Limit                                    
000023d5  __TI_auto_init                                              
20001544  __TI_cleanup_ptr                                            
00004c09  __TI_decompress_none                                        
00004d6f  __TI_decompress_rle24                                       
20001548  __TI_dtors_ptr                                              
00002ed3  __TI_readmsg                                                
00006a08  __TI_static_base__                                          
00002ea1  __TI_writemsg                                               
00004c75  __TI_zero_init                                              
000000d7  __TRDR__                                                    
00002b2f  __aeabi_idiv0                                               
00002ab5  __aeabi_memclr                                              
00002ab5  __aeabi_memclr4                                             
00002ab5  __aeabi_memclr8                                             
000025b1  __aeabi_memcpy                                              
000025b1  __aeabi_memcpy4                                             
000025b1  __aeabi_memcpy8                                             
00002ab7  __aeabi_memset                                              
00002ab7  __aeabi_memset4                                             
00002ab7  __aeabi_memset8                                             
00003b41  __aeabi_uidiv                                               
00003b41  __aeabi_uidivmod                                            
ffffffff  __binit__                                                   
ffffffff  __c_args__                                                  
2000fd00  __stack                                                     
00004d69  __xdc__init                                                 
200011a8  __xdc__init__addr                                           
000048f5  _args_main                                                  
00003279  _c_int00                                                    
2000153c  _lock                                                       
00004a4f  _nop                                                        
00004a47  _register_lock                                              
00004a41  _register_unlock                                            
20001540  _unlock                                                     
00003925  abort                                                       
ffffffff  binit                                                       
00003669  copy_in                                                     
0000392d  exit                                                        
20001538  finishCount                                                 
00002515  main                                                        
2000154c  main_func_sp                                                
000025b1  memcpy                                                      
00002abd  memset                                                      
00004ba9  osi_TaskDisable                                             
00004b39  osi_start                                                   
20001534  resource                                                    
20001064  semHandle                                                   
20001040  semStruct                                                   
20001068  sleepTickCount                                              
00004a55  strcpy                                                      
00004a69  strlen                                                      
0000281d  task1Fxn                                                    
20000540  task1Stack                                                  
20000fa0  task1Struct                                                 
00001eb1  task2Fxn                                                    
20000740  task2Stack                                                  
20000ff0  task2Struct                                                 
20001510  ti_sysbios_BIOS_Module__state__V                            
00004841  ti_sysbios_BIOS_RtsGateProxy_Handle__label__S               
000044e5  ti_sysbios_BIOS_RtsGateProxy_Object__delete__S              
00001d15  ti_sysbios_BIOS_RtsGateProxy_enter__E                       
000020ed  ti_sysbios_BIOS_RtsGateProxy_leave__E                       
00004db1  ti_sysbios_BIOS_RtsGateProxy_query__E                       
00003f65  ti_sysbios_BIOS_atExitFunc__I                               
00004431  ti_sysbios_BIOS_errorRaiseHook__I                           
000049e9  ti_sysbios_BIOS_exitFunc__I                                 
00004b09  ti_sysbios_BIOS_exit__E                                     
00002c0f  ti_sysbios_BIOS_nullFunc__I                                 
00004455  ti_sysbios_BIOS_registerRTSLock__I                          
00004479  ti_sysbios_BIOS_removeRTSLock__I                            
000045e5  ti_sysbios_BIOS_rtsLock__I                                  
0000490d  ti_sysbios_BIOS_rtsUnlock__I                                
00004b19  ti_sysbios_BIOS_setCpuFreq__E                               
00004b29  ti_sysbios_BIOS_setThreadType__E                            
0000449d  ti_sysbios_BIOS_startFunc__I                                
00004b39  ti_sysbios_BIOS_start__E                                    
000068cc  ti_sysbios_family_arm_m3_Hwi_E_NMI__C                       
000068d0  ti_sysbios_family_arm_m3_Hwi_E_busFault__C                  
000068d4  ti_sysbios_family_arm_m3_Hwi_E_debugMon__C                  
000068d8  ti_sysbios_family_arm_m3_Hwi_E_hardFault__C                 
000068dc  ti_sysbios_family_arm_m3_Hwi_E_memFault__C                  
000068e0  ti_sysbios_family_arm_m3_Hwi_E_noIsr__C                     
000068e4  ti_sysbios_family_arm_m3_Hwi_E_reserved__C                  
000068e8  ti_sysbios_family_arm_m3_Hwi_E_svCall__C                    
000068ec  ti_sysbios_family_arm_m3_Hwi_E_usageFault__C                
0000480d  ti_sysbios_family_arm_m3_Hwi_Handle__label__S               
2000108c  ti_sysbios_family_arm_m3_Hwi_Module_State_0_excActive__A    
20001090  ti_sysbios_family_arm_m3_Hwi_Module_State_0_excContext__A   
20001094  ti_sysbios_family_arm_m3_Hwi_Module_State_0_excStack__A     
000069ec  ti_sysbios_family_arm_m3_Hwi_Module__id__C                  
2000106c  ti_sysbios_family_arm_m3_Hwi_Module__root__V                
00004925  ti_sysbios_family_arm_m3_Hwi_Module__startupDone__F         
00004925  ti_sysbios_family_arm_m3_Hwi_Module__startupDone__S         
2000145c  ti_sysbios_family_arm_m3_Hwi_Module__state__V               
00003579  ti_sysbios_family_arm_m3_Hwi_Module_startup__E              
000068f0  ti_sysbios_family_arm_m3_Hwi_NUM_INTERRUPTS__C              
000068f4  ti_sysbios_family_arm_m3_Hwi_Object__count__C               
00004a7d  ti_sysbios_family_arm_m3_Hwi_Object__get__S                 
20001074  ti_sysbios_family_arm_m3_Hwi_Object__table__V               
000068f8  ti_sysbios_family_arm_m3_Hwi_ccr__C                         
00002fd9  ti_sysbios_family_arm_m3_Hwi_dispatchC__I                   
20000d40  ti_sysbios_family_arm_m3_Hwi_dispatchTable                  
000018a9  ti_sysbios_family_arm_m3_Hwi_dispatch__I                    
00004d59  ti_sysbios_family_arm_m3_Hwi_doSwiRestore__I                
00004d79  ti_sysbios_family_arm_m3_Hwi_doTaskRestore__I               
00003849  ti_sysbios_family_arm_m3_Hwi_enableInterrupt__E             
00000c31  ti_sysbios_family_arm_m3_Hwi_excBusFault__I                 
00002031  ti_sysbios_family_arm_m3_Hwi_excDebugMon__I                 
00000041  ti_sysbios_family_arm_m3_Hwi_excDumpRegs__I                 
000012a9  ti_sysbios_family_arm_m3_Hwi_excFillContext__I              
00004605  ti_sysbios_family_arm_m3_Hwi_excHandlerAsm__I               
000068fc  ti_sysbios_family_arm_m3_Hwi_excHandlerFunc__C              
000013b9  ti_sysbios_family_arm_m3_Hwi_excHandlerMax__I               
00004629  ti_sysbios_family_arm_m3_Hwi_excHandler__I                  
000020f1  ti_sysbios_family_arm_m3_Hwi_excHardFault__I                
000068a4  ti_sysbios_family_arm_m3_Hwi_excHookFuncs__A                
00006900  ti_sysbios_family_arm_m3_Hwi_excHookFuncs__C                
00000f11  ti_sysbios_family_arm_m3_Hwi_excMemFault__I                 
00003e59  ti_sysbios_family_arm_m3_Hwi_excNmi__I                      
00003d41  ti_sysbios_family_arm_m3_Hwi_excNoIsr__I                    
00003891  ti_sysbios_family_arm_m3_Hwi_excReserved__I                 
00003c81  ti_sysbios_family_arm_m3_Hwi_excSvCall__I                   
00000da9  ti_sysbios_family_arm_m3_Hwi_excUsageFault__I               
00003969  ti_sysbios_family_arm_m3_Hwi_getStackInfo__E                
00002789  ti_sysbios_family_arm_m3_Hwi_initNVIC__E                    
000032d1  ti_sysbios_family_arm_m3_Hwi_initStacks__E                  
00006904  ti_sysbios_family_arm_m3_Hwi_nullIsrFunc__C                 
e000e000  ti_sysbios_family_arm_m3_Hwi_nvic                           
00004379  ti_sysbios_family_arm_m3_Hwi_pendSV__I                      
00002939  ti_sysbios_family_arm_m3_Hwi_postInit__I                    
00006908  ti_sysbios_family_arm_m3_Hwi_priGroup__C                    
20000000  ti_sysbios_family_arm_m3_Hwi_ramVectors                     
00000000  ti_sysbios_family_arm_m3_Hwi_resetVectors                   
0000439d  ti_sysbios_family_arm_m3_Hwi_return                         
00004d61  ti_sysbios_family_arm_m3_Hwi_startup__E                     
00004a91  ti_sysbios_family_arm_m3_Hwi_switchFromBootStack__E         
000021ad  ti_sysbios_family_arm_m3_TaskSupport_Module__startupDone__S 
000028ad  ti_sysbios_family_arm_m3_TaskSupport_buildTaskStack         
00004c81  ti_sysbios_family_arm_m3_TaskSupport_checkStack__E          
00004c91  ti_sysbios_family_arm_m3_TaskSupport_getStackAlignment__E   
00004b49  ti_sysbios_family_arm_m3_TaskSupport_glue                   
0000690c  ti_sysbios_family_arm_m3_TaskSupport_stackAlignment__C      
00003f99  ti_sysbios_family_arm_m3_TaskSupport_start__E               
0000493d  ti_sysbios_family_arm_m3_TaskSupport_swap__E                
20001098  ti_sysbios_family_arm_msp432_ClockFreqs_Module__state__V    
000044c1  ti_sysbios_family_arm_msp432_ClockFreqs_setFrequency__E     
200010ac  ti_sysbios_family_arm_msp432_Timer_Module_State_0_device__A 
200010cc  ti_sysbios_family_arm_msp432_Timer_Module_State_0_handles__A
200010a4  ti_sysbios_family_arm_msp432_Timer_Module__root__V          
00004955  ti_sysbios_family_arm_msp432_Timer_Module__startupDone__F   
00004955  ti_sysbios_family_arm_msp432_Timer_Module__startupDone__S   
200010dc  ti_sysbios_family_arm_msp432_Timer_Module__state__V         
00003b81  ti_sysbios_family_arm_msp432_Timer_Module_startup__E        
20001348  ti_sysbios_family_arm_msp432_Timer_Object__table__V         
00004ca1  ti_sysbios_family_arm_msp432_Timer_getMaxTicks__E           
00003381  ti_sysbios_family_arm_msp432_Timer_initDevice__I            
00006910  ti_sysbios_family_arm_msp432_Timer_numTimerDevices__C       
00003329  ti_sysbios_family_arm_msp432_Timer_periodicStub__E          
000036b9  ti_sysbios_family_arm_msp432_Timer_postInit__I              
00002f09  ti_sysbios_family_arm_msp432_Timer_setNextTick__E           
00003709  ti_sysbios_family_arm_msp432_Timer_start__E                 
00006914  ti_sysbios_family_arm_msp432_Timer_startupNeeded__C         
00003bc1  ti_sysbios_family_arm_msp432_Timer_startup__E               
000033d9  ti_sysbios_family_arm_msp432_init_Boot_configureClocksHigh  
00004b59  ti_sysbios_family_arm_msp432_init_Boot_disableWatchdog      
00004c37  ti_sysbios_family_arm_msp432_init_Boot_init__I              
00004709  ti_sysbios_family_xxx_Hwi_switchAndRunFunc                  
00004827  ti_sysbios_gates_GateHwi_Handle__label__S                   
00004dc9  ti_sysbios_gates_GateHwi_Instance_init__E                   
000066c0  ti_sysbios_gates_GateHwi_Module__FXNS__C                    
200010e8  ti_sysbios_gates_GateHwi_Module__root__V                    
00006750  ti_sysbios_gates_GateHwi_Object__DESC__C                    
00006830  ti_sysbios_gates_GateHwi_Object__PARAMS__C                  
00003fc9  ti_sysbios_gates_GateHwi_Object__create__S                  
00004649  ti_sysbios_gates_GateHwi_Object__delete__S                  
200010f0  ti_sysbios_gates_GateHwi_Object__table__V                   
00004cb1  ti_sysbios_gates_GateHwi_enter__E                           
00004d81  ti_sysbios_gates_GateHwi_leave__E                           
00004da9  ti_sysbios_gates_GateHwi_query__E                           
00004841  ti_sysbios_gates_GateMutex_Handle__label__S                 
00006918  ti_sysbios_gates_GateMutex_Instance_State_sem__O            
00004b69  ti_sysbios_gates_GateMutex_Instance_finalize__E             
00004729  ti_sysbios_gates_GateMutex_Instance_init__E                 
000066e4  ti_sysbios_gates_GateMutex_Module__FXNS__C                  
200010f4  ti_sysbios_gates_GateMutex_Module__root__V                  
00006770  ti_sysbios_gates_GateMutex_Object__DESC__C                  
00006848  ti_sysbios_gates_GateMutex_Object__PARAMS__C                
00003ff9  ti_sysbios_gates_GateMutex_Object__create__S                
000044e5  ti_sysbios_gates_GateMutex_Object__delete__S                
20001424  ti_sysbios_gates_GateMutex_Object__table__V                 
00004029  ti_sysbios_gates_GateMutex_enter__E                         
00004971  ti_sysbios_gates_GateMutex_leave__E                         
00004db1  ti_sysbios_gates_GateMutex_query__E                         
0000691c  ti_sysbios_hal_Hwi_E_stackOverflow__C                       
0000480d  ti_sysbios_hal_Hwi_HwiProxy_Handle__label__S                
00004925  ti_sysbios_hal_Hwi_HwiProxy_Module__startupDone__S          
00003849  ti_sysbios_hal_Hwi_HwiProxy_enableInterrupt__E              
00003969  ti_sysbios_hal_Hwi_HwiProxy_getStackInfo__E                 
00004d61  ti_sysbios_hal_Hwi_HwiProxy_startup__E                      
00004a91  ti_sysbios_hal_Hwi_HwiProxy_switchFromBootStack__E          
000069ee  ti_sysbios_hal_Hwi_Module__id__C                            
200010fc  ti_sysbios_hal_Hwi_Module__root__V                          
00004ad1  ti_sysbios_hal_Hwi_Module_startup__E                        
00003e91  ti_sysbios_hal_Hwi_checkStack                               
00003f31  ti_sysbios_hal_Hwi_initStack                                
00006920  ti_sysbios_heaps_HeapMem_E_memory__C                        
0000485b  ti_sysbios_heaps_HeapMem_Handle__label__S                   
20000140  ti_sysbios_heaps_HeapMem_Instance_State_0_buf__A            
00003c01  ti_sysbios_heaps_HeapMem_Instance_init__E                   
00004841  ti_sysbios_heaps_HeapMem_Module_GateProxy_Handle__label__S  
000044e5  ti_sysbios_heaps_HeapMem_Module_GateProxy_Object__delete__S 
0000226d  ti_sysbios_heaps_HeapMem_Module_GateProxy_enter__E          
0000264d  ti_sysbios_heaps_HeapMem_Module_GateProxy_leave__E          
00004db1  ti_sysbios_heaps_HeapMem_Module_GateProxy_query__E          
00006698  ti_sysbios_heaps_HeapMem_Module__FXNS__C                    
00006924  ti_sysbios_heaps_HeapMem_Module__gateObj__C                 
000069f0  ti_sysbios_heaps_HeapMem_Module__id__C                      
20001104  ti_sysbios_heaps_HeapMem_Module__root__V                    
00006790  ti_sysbios_heaps_HeapMem_Object__DESC__C                    
00006708  ti_sysbios_heaps_HeapMem_Object__PARAMS__C                  
00006928  ti_sysbios_heaps_HeapMem_Object__count__C                   
00004059  ti_sysbios_heaps_HeapMem_Object__create__S                  
00004669  ti_sysbios_heaps_HeapMem_Object__delete__S                  
00004aa5  ti_sysbios_heaps_HeapMem_Object__get__S                     
2000110c  ti_sysbios_heaps_HeapMem_Object__table__V                   
00001c49  ti_sysbios_heaps_HeapMem_alloc__E                           
00002a39  ti_sysbios_heaps_HeapMem_free__E                            
00003759  ti_sysbios_heaps_HeapMem_getStats__E                        
00003cc1  ti_sysbios_heaps_HeapMem_init__I                            
00004d89  ti_sysbios_heaps_HeapMem_isBlocking__E                      
0000692c  ti_sysbios_heaps_HeapMem_reqAlign__C                        
00006930  ti_sysbios_knl_Clock_Module_State_clockQ__O                 
20001124  ti_sysbios_knl_Clock_Module__root__V                        
200014c0  ti_sysbios_knl_Clock_Module__state__V                       
00004509  ti_sysbios_knl_Clock_Module_startup__E                      
00004955  ti_sysbios_knl_Clock_TimerProxy_Module__startupDone__S      
00002c7d  ti_sysbios_knl_Clock_TimerProxy_getMaxTicks__E              
00003bc1  ti_sysbios_knl_Clock_TimerProxy_startup__E                  
00004329  ti_sysbios_knl_Clock_addI__E                                
000041d1  ti_sysbios_knl_Clock_doTick__I                              
00004cc1  ti_sysbios_knl_Clock_getTicks__E                            
00004dd1  ti_sysbios_knl_Clock_logTick__E                             
00006934  ti_sysbios_knl_Clock_tickPeriod__C                          
00002c11  ti_sysbios_knl_Clock_workFunc__E                            
000068ac  ti_sysbios_knl_Idle_funcList__A                             
000068b4  ti_sysbios_knl_Idle_funcList__C                             
00004c19  ti_sysbios_knl_Idle_loop__E                                 
00004689  ti_sysbios_knl_Idle_run__E                                  
00004d91  ti_sysbios_knl_Queue_Instance_init__E                       
2000112c  ti_sysbios_knl_Queue_Module__root__V                        
000067b0  ti_sysbios_knl_Queue_Object__DESC__C                        
00006860  ti_sysbios_knl_Queue_Object__PARAMS__C                      
00004745  ti_sysbios_knl_Queue_Object__destruct__S                    
00004ccd  ti_sysbios_knl_Queue_Object__get__S                         
000041fd  ti_sysbios_knl_Queue_construct                              
00002ced  ti_sysbios_knl_Queue_destruct                               
00004c29  ti_sysbios_knl_Queue_empty__E                               
00004761  ti_sysbios_knl_Queue_put__E                                 
00006938  ti_sysbios_knl_Semaphore_Instance_State_pendQ__O            
00004b79  ti_sysbios_knl_Semaphore_Instance_finalize__E               
00004531  ti_sysbios_knl_Semaphore_Instance_init__E                   
20001134  ti_sysbios_knl_Semaphore_Module__root__V                    
000067d0  ti_sysbios_knl_Semaphore_Object__DESC__C                    
0000672c  ti_sysbios_knl_Semaphore_Object__PARAMS__C                  
000046a9  ti_sysbios_knl_Semaphore_Object__destruct__S                
00004cd9  ti_sysbios_knl_Semaphore_Params__init__S                    
00004089  ti_sysbios_knl_Semaphore_construct                          
0000303d  ti_sysbios_knl_Semaphore_destruct                           
00004db9  ti_sysbios_knl_Semaphore_getCount__E                        
000040b9  ti_sysbios_knl_Semaphore_pendTimeout__I                     
00001059  ti_sysbios_knl_Semaphore_pend__E                            
00002b31  ti_sysbios_knl_Semaphore_post__E                            
00004875  ti_sysbios_knl_Swi_Handle__label__S                         
20001248  ti_sysbios_knl_Swi_Module_State_0_readyQ__A                 
2000113c  ti_sysbios_knl_Swi_Module__root__V                          
20001144  ti_sysbios_knl_Swi_Module__state__V                         
00004351  ti_sysbios_knl_Swi_Module_startup__E                        
0000693c  ti_sysbios_knl_Swi_Object__count__C                         
00004ab9  ti_sysbios_knl_Swi_Object__get__S                           
20001490  ti_sysbios_knl_Swi_Object__table__V                         
00004b89  ti_sysbios_knl_Swi_disable__E                               
000039b1  ti_sysbios_knl_Swi_post__E                                  
00002c81  ti_sysbios_knl_Swi_restoreHwi__E                            
00003d01  ti_sysbios_knl_Swi_restore__E                               
000037a9  ti_sysbios_knl_Swi_runLoop__I                               
000030a1  ti_sysbios_knl_Swi_run__I                                   
00003101  ti_sysbios_knl_Swi_schedule__I                              
00004d99  ti_sysbios_knl_Swi_startup__E                               
00006940  ti_sysbios_knl_Task_E_spOutOfBounds__C                      
00006944  ti_sysbios_knl_Task_E_stackOverflow__C                      
0000488f  ti_sysbios_knl_Task_Handle__label__S                        
20000940  ti_sysbios_knl_Task_Instance_State_0_stack__A               
000021b1  ti_sysbios_knl_Task_Instance_finalize__E                    
00001d19  ti_sysbios_knl_Task_Instance_init__E                        
20001168  ti_sysbios_knl_Task_Module_State_0_idleTask__A              
200012c8  ti_sysbios_knl_Task_Module_State_0_readyQ__A                
00006948  ti_sysbios_knl_Task_Module_State_inactiveQ__O               
000069f2  ti_sysbios_knl_Task_Module__id__C                           
20001160  ti_sysbios_knl_Task_Module__root__V                         
200013e0  ti_sysbios_knl_Task_Module__state__V                        
00003161  ti_sysbios_knl_Task_Module_startup__E                       
000067f0  ti_sysbios_knl_Task_Object__DESC__C                         
0000665c  ti_sysbios_knl_Task_Object__PARAMS__C                       
0000694c  ti_sysbios_knl_Task_Object__count__C                        
00004b99  ti_sysbios_knl_Task_Object__get__S                          
20001394  ti_sysbios_knl_Task_Object__table__V                        
00004cf1  ti_sysbios_knl_Task_Params__init__S                         
000021ad  ti_sysbios_knl_Task_SupportProxy_Module__startupDone__S     
00004c81  ti_sysbios_knl_Task_SupportProxy_checkStack__E              
00004c91  ti_sysbios_knl_Task_SupportProxy_getStackAlignment__E       
00003f99  ti_sysbios_knl_Task_SupportProxy_start__E                   
0000493d  ti_sysbios_knl_Task_SupportProxy_swap__E                    
00006950  ti_sysbios_knl_Task_allBlockedFunc__C                       
000037f9  ti_sysbios_knl_Task_allBlockedFunction__I                   
[...]
00004955  ti_sysbios_knl_Clock_TimerProxy_Module__startupDone__S      
00004971  ti_sysbios_gates_GateMutex_leave__E                         
00004989  ti_sysbios_knl_Task_sleepTimeout__I                         
000049a1  xdc_runtime_Error_check__E                                  
000049b9  xdc_runtime_System_exit__E                                  
000049d1  xdc_runtime_Text_ropeText__E                                
000049e9  ti_sysbios_BIOS_exitFunc__I                                 
00004a2d  WDT_A_startTimer                                            
00004a41  _register_unlock                                            
00004a47  _register_lock                                              
00004a4f  _nop                                                        
00004a55  strcpy                                                      
00004a69  strlen                                                      
00004a7d  ti_sysbios_family_arm_m3_Hwi_Object__get__S                 
00004a91  ti_sysbios_family_arm_m3_Hwi_switchFromBootStack__E         
00004a91  ti_sysbios_hal_Hwi_HwiProxy_switchFromBootStack__E          
00004aa5  ti_sysbios_heaps_HeapMem_Object__get__S                     
00004ab9  ti_sysbios_knl_Swi_Object__get__S                           
00004ad1  ti_sysbios_hal_Hwi_Module_startup__E                        
00004ae3  xdc_runtime_Startup_exec__I                                 
00004af5  PCM_gotoLPM4                                                
00004b09  ti_sysbios_BIOS_exit__E                                     
00004b19  ti_sysbios_BIOS_setCpuFreq__E                               
00004b29  ti_sysbios_BIOS_setThreadType__E                            
00004b39  osi_start                                                   
00004b39  ti_sysbios_BIOS_start__E                                    
00004b49  ti_sysbios_family_arm_m3_TaskSupport_glue                   
00004b59  ti_sysbios_family_arm_msp432_init_Boot_disableWatchdog      
00004b69  ti_sysbios_gates_GateMutex_Instance_finalize__E             
00004b79  ti_sysbios_knl_Semaphore_Instance_finalize__E               
00004b89  ti_sysbios_knl_Swi_disable__E                               
00004b99  ti_sysbios_knl_Task_Object__get__S                          
00004ba9  osi_TaskDisable                                             
00004ba9  ti_sysbios_knl_Task_disable__E                              
00004bb9  xdc_runtime_Gate_leaveSystem__E                             
00004bc9  xdc_runtime_Memory_free__E                                  
00004bd9  xdc_runtime_SysMin_ready__E                                 
00004bd9  xdc_runtime_System_SupportProxy_ready__E                    
00004be9  xdc_runtime_System_vsnprintf__E                             
00004bf9  xdc_runtime_Text_visitRope__I                               
00004c09  __TI_decompress_none                                        
00004c19  ti_sysbios_knl_Idle_loop__E                                 
00004c29  ti_sysbios_knl_Queue_empty__E                               
00004c37  ti_sysbios_family_arm_msp432_init_Boot_init__I              
00004c37  xdc_runtime_Startup_reset__I                                
00004c43  CPU_cpsid                                                   
00004c4f  CPU_cpsie                                                   
00004c5d  PCM_getPowerState                                           
00004c69  Power_getConstraintMask                                     
00004c75  __TI_zero_init                                              
00004c81  ti_sysbios_family_arm_m3_TaskSupport_checkStack__E          
00004c81  ti_sysbios_knl_Task_SupportProxy_checkStack__E              
00004c91  ti_sysbios_family_arm_m3_TaskSupport_getStackAlignment__E   
00004c91  ti_sysbios_knl_Task_SupportProxy_getStackAlignment__E       
00004ca1  ti_sysbios_family_arm_msp432_Timer_getMaxTicks__E           
00004cb1  ti_sysbios_gates_GateHwi_enter__E                           
00004cc1  ClockP_getSystemTicks                                       
00004cc1  ti_sysbios_knl_Clock_getTicks__E                            
00004ccd  ti_sysbios_knl_Queue_Object__get__S                         
00004cd9  ti_sysbios_knl_Semaphore_Params__init__S                    
00004cf1  ti_sysbios_knl_Task_Params__init__S                         
00004cfd  xdc_runtime_Error_init__E                                   
00004d09  xdc_runtime_Gate_enterSystem__E                             
00004d15  xdc_runtime_Memory_calloc__E                                
00004d21  xdc_runtime_Memory_getMaxDefaultTypeAlign__E                
00004d2d  xdc_runtime_Memory_HeapProxy_alloc__E                       
00004d37  xdc_runtime_Memory_HeapProxy_free__E                        
00004d41  MSP_EXP432P401R_initGeneral                                 
00004d49  PCM_setPowerMode                                            
00004d51  PCM_setPowerState                                           
00004d59  ti_sysbios_family_arm_m3_Hwi_doSwiRestore__I                
00004d61  ti_sysbios_family_arm_m3_Hwi_startup__E                     
00004d61  ti_sysbios_hal_Hwi_HwiProxy_startup__E                      
00004d69  __xdc__init                                                 
00004d6f  __TI_decompress_rle24                                       
00004d79  ti_sysbios_family_arm_m3_Hwi_doTaskRestore__I               
00004d81  ti_sysbios_gates_GateHwi_leave__E                           
00004d89  ti_sysbios_heaps_HeapMem_isBlocking__E                      
00004d91  ti_sysbios_knl_Queue_Instance_init__E                       
00004d99  ti_sysbios_knl_Swi_startup__E                               
00004d9f  xdc_runtime_System_Module_startup__E                        
00004da9  ti_sysbios_gates_GateHwi_query__E                           
00004da9  xdc_runtime_Main_Module_GateProxy_query__E                  
00004da9  xdc_runtime_System_Module_GateProxy_query__E                
00004db1  ti_sysbios_BIOS_RtsGateProxy_query__E                       
00004db1  ti_sysbios_gates_GateMutex_query__E                         
00004db1  ti_sysbios_heaps_HeapMem_Module_GateProxy_query__E          
00004db9  ti_sysbios_knl_Semaphore_getCount__E                        
00004dc1  ti_sysbios_knl_Task_startup__E                              
00004dc9  ti_sysbios_gates_GateHwi_Instance_init__E                   
00004dd1  ti_sysbios_knl_Clock_logTick__E                             
00004dd4  xdc_runtime_Text_charTab__A                                 
00006563  xdc_runtime_Error_policy__C                                 
00006564  xdc_runtime_Text_nodeTab__A                                 
0000665c  ti_sysbios_knl_Task_Object__PARAMS__C                       
00006698  ti_sysbios_heaps_HeapMem_Module__FXNS__C                    
000066c0  ti_sysbios_gates_GateHwi_Module__FXNS__C                    
000066e4  ti_sysbios_gates_GateMutex_Module__FXNS__C                  
00006708  ti_sysbios_heaps_HeapMem_Object__PARAMS__C                  
0000672c  ti_sysbios_knl_Semaphore_Object__PARAMS__C                  
00006750  ti_sysbios_gates_GateHwi_Object__DESC__C                    
00006770  ti_sysbios_gates_GateMutex_Object__DESC__C                  
00006790  ti_sysbios_heaps_HeapMem_Object__DESC__C                    
000067b0  ti_sysbios_knl_Queue_Object__DESC__C                        
000067d0  ti_sysbios_knl_Semaphore_Object__DESC__C                    
000067f0  ti_sysbios_knl_Task_Object__DESC__C                         
00006810  xdc_runtime_Startup_sfxnTab__A                              
00006830  ti_sysbios_gates_GateHwi_Object__PARAMS__C                  
00006848  ti_sysbios_gates_GateMutex_Object__PARAMS__C                
00006860  ti_sysbios_knl_Queue_Object__PARAMS__C                      
00006878  PowerMSP432_config                                          
00006888  xdc_runtime_Startup_sfxnRts__A                              
00006898  xdc_runtime_Startup_firstFxns__A                            
000068a4  ti_sysbios_family_arm_m3_Hwi_excHookFuncs__A                
000068ac  ti_sysbios_knl_Idle_funcList__A                             
000068b4  ti_sysbios_knl_Idle_funcList__C                             
000068bc  xdc_runtime_Startup_firstFxns__C                            
000068c4  xdc_runtime_Startup_lastFxns__C                             
000068cc  ti_sysbios_family_arm_m3_Hwi_E_NMI__C                       
000068d0  ti_sysbios_family_arm_m3_Hwi_E_busFault__C                  
000068d4  ti_sysbios_family_arm_m3_Hwi_E_debugMon__C                  
000068d8  ti_sysbios_family_arm_m3_Hwi_E_hardFault__C                 
000068dc  ti_sysbios_family_arm_m3_Hwi_E_memFault__C                  
000068e0  ti_sysbios_family_arm_m3_Hwi_E_noIsr__C                     
000068e4  ti_sysbios_family_arm_m3_Hwi_E_reserved__C                  
000068e8  ti_sysbios_family_arm_m3_Hwi_E_svCall__C                    
000068ec  ti_sysbios_family_arm_m3_Hwi_E_usageFault__C                
000068f0  ti_sysbios_family_arm_m3_Hwi_NUM_INTERRUPTS__C              
000068f4  ti_sysbios_family_arm_m3_Hwi_Object__count__C               
000068f8  ti_sysbios_family_arm_m3_Hwi_ccr__C                         
000068fc  ti_sysbios_family_arm_m3_Hwi_excHandlerFunc__C              
00006900  ti_sysbios_family_arm_m3_Hwi_excHookFuncs__C                
00006904  ti_sysbios_family_arm_m3_Hwi_nullIsrFunc__C                 
00006908  ti_sysbios_family_arm_m3_Hwi_priGroup__C                    
0000690c  ti_sysbios_family_arm_m3_TaskSupport_stackAlignment__C      
00006910  ti_sysbios_family_arm_msp432_Timer_numTimerDevices__C       
00006914  ti_sysbios_family_arm_msp432_Timer_startupNeeded__C         
00006918  ti_sysbios_gates_GateMutex_Instance_State_sem__O            
0000691c  ti_sysbios_hal_Hwi_E_stackOverflow__C                       
00006920  ti_sysbios_heaps_HeapMem_E_memory__C                        
00006924  ti_sysbios_heaps_HeapMem_Module__gateObj__C                 
00006928  ti_sysbios_heaps_HeapMem_Object__count__C                   
0000692c  ti_sysbios_heaps_HeapMem_reqAlign__C                        
00006930  ti_sysbios_knl_Clock_Module_State_clockQ__O                 
00006934  ti_sysbios_knl_Clock_tickPeriod__C                          
00006938  ti_sysbios_knl_Semaphore_Instance_State_pendQ__O            
0000693c  ti_sysbios_knl_Swi_Object__count__C                         
00006940  ti_sysbios_knl_Task_E_spOutOfBounds__C                      
00006944  ti_sysbios_knl_Task_E_stackOverflow__C                      
00006948  ti_sysbios_knl_Task_Module_State_inactiveQ__O               
0000694c  ti_sysbios_knl_Task_Object__count__C                        
00006950  ti_sysbios_knl_Task_allBlockedFunc__C                       
00006954  ti_sysbios_knl_Task_defaultStackHeap__C                     
00006958  ti_sysbios_knl_Task_defaultStackSize__C                     
0000695c  ti_sysbios_knl_Task_numConstructedTasks__C                  
00006960  xdc_runtime_Assert_E_assertFailed__C                        
00006964  xdc_runtime_Core_A_initializedParams__C                     
00006968  xdc_runtime_Core_Module__diagsEnabled__C                    
0000696c  xdc_runtime_Core_Module__diagsIncluded__C                   
00006970  xdc_runtime_Core_Module__diagsMask__C                       
00006974  xdc_runtime_Error_E_memory__C                               
00006978  xdc_runtime_Error_Module__diagsEnabled__C                   
0000697c  xdc_runtime_Error_Module__diagsIncluded__C                  
00006980  xdc_runtime_Error_Module__diagsMask__C                      
00006984  xdc_runtime_Error_Module__loggerFxn8__C                     
00006988  xdc_runtime_Error_Module__loggerObj__C                      
0000698c  xdc_runtime_Error_policyFxn__C                              
00006990  xdc_runtime_Error_raiseHook__C                              
00006994  xdc_runtime_IGateProvider_Interface__BASE__C                
00006998  xdc_runtime_IHeap_Interface__BASE__C                        
0000699c  xdc_runtime_IModule_Interface__BASE__C                      
000069a0  xdc_runtime_Log_L_error__C                                  
000069a4  xdc_runtime_Memory_defaultHeapInstance__C                   
000069a8  xdc_runtime_Startup_execImpl__C                             
000069ac  xdc_runtime_Startup_maxPasses__C                            
000069b0  xdc_runtime_Startup_sfxnRts__C                              
000069b4  xdc_runtime_Startup_sfxnTab__C                              
000069b8  xdc_runtime_SysMin_bufSize__C                               
000069bc  xdc_runtime_SysMin_outputFunc__C                            
000069c0  xdc_runtime_System_Module__gateObj__C                       
000069c4  xdc_runtime_System_abortFxn__C                              
000069c8  xdc_runtime_System_exitFxn__C                               
000069cc  xdc_runtime_System_extendFxn__C                             
000069d0  xdc_runtime_System_maxAtexitHandlers__C                     
000069d4  xdc_runtime_Text_charTab__C                                 
000069d8  xdc_runtime_Text_nameEmpty__C                               
000069dc  xdc_runtime_Text_nameStatic__C                              
000069e0  xdc_runtime_Text_nameUnknown__C                             
000069e4  xdc_runtime_Text_nodeTab__C                                 
000069e8  xdc_runtime_Text_visitRopeFxn__C                            
000069ec  ti_sysbios_family_arm_m3_Hwi_Module__id__C                  
000069ee  ti_sysbios_hal_Hwi_Module__id__C                            
000069f0  ti_sysbios_heaps_HeapMem_Module__id__C                      
000069f2  ti_sysbios_knl_Task_Module__id__C                           
000069f4  xdc_runtime_Core_Module__id__C                              
000069f6  xdc_runtime_Error_Module__loggerDefined__C                  
000069f8  xdc_runtime_Error_maxDepth__C                               
000069fa  xdc_runtime_Memory_Module__id__C                            
000069fc  xdc_runtime_SysMin_flushAtExit__C                           
000069fe  xdc_runtime_Text_charCnt__C                                 
00006a00  xdc_runtime_Text_isLoaded__C                                
00006a02  xdc_runtime_Text_registryModsLastId__C                      
00006a04  xdc_runtime_Text_unnamedModsLastId__C                       
00006a08  __TI_static_base__                                          
00006d94  __TI_Handler_Table_Base                                     
00006da0  __TI_Handler_Table_Limit                                    
00006db0  __TI_CINIT_Base                                             
00006dc8  __TI_CINIT_Limit                                            
20000000  ti_sysbios_family_arm_m3_Hwi_ramVectors                     
20000140  ti_sysbios_heaps_HeapMem_Instance_State_0_buf__A            
20000540  task1Stack                                                  
20000740  task2Stack                                                  
20000940  ti_sysbios_knl_Task_Instance_State_0_stack__A               
20000b40  xdc_runtime_SysMin_Module_State_0_outbuf__A                 
20000d40  ti_sysbios_family_arm_m3_Hwi_dispatchTable                  
20000e80  __CIOBUF_                                                   
20000fa0  task1Struct                                                 
20000ff0  task2Struct                                                 
20001040  semStruct                                                   
20001064  semHandle                                                   
20001068  sleepTickCount                                              
2000106c  ti_sysbios_family_arm_m3_Hwi_Module__root__V                
20001074  ti_sysbios_family_arm_m3_Hwi_Object__table__V               
2000108c  ti_sysbios_family_arm_m3_Hwi_Module_State_0_excActive__A    
20001090  ti_sysbios_family_arm_m3_Hwi_Module_State_0_excContext__A   
20001094  ti_sysbios_family_arm_m3_Hwi_Module_State_0_excStack__A     
20001098  ti_sysbios_family_arm_msp432_ClockFreqs_Module__state__V    
200010a4  ti_sysbios_family_arm_msp432_Timer_Module__root__V          
200010ac  ti_sysbios_family_arm_msp432_Timer_Module_State_0_device__A 
200010cc  ti_sysbios_family_arm_msp432_Timer_Module_State_0_handles__A
200010dc  ti_sysbios_family_arm_msp432_Timer_Module__state__V         
200010e8  ti_sysbios_gates_GateHwi_Module__root__V                    
200010f0  ti_sysbios_gates_GateHwi_Object__table__V                   
200010f4  ti_sysbios_gates_GateMutex_Module__root__V                  
200010fc  ti_sysbios_hal_Hwi_Module__root__V                          
20001104  ti_sysbios_heaps_HeapMem_Module__root__V                    
2000110c  ti_sysbios_heaps_HeapMem_Object__table__V                   
20001124  ti_sysbios_knl_Clock_Module__root__V                        
2000112c  ti_sysbios_knl_Queue_Module__root__V                        
20001134  ti_sysbios_knl_Semaphore_Module__root__V                    
2000113c  ti_sysbios_knl_Swi_Module__root__V                          
20001144  ti_sysbios_knl_Swi_Module__state__V                         
20001160  ti_sysbios_knl_Task_Module__root__V                         
20001168  ti_sysbios_knl_Task_Module_State_0_idleTask__A              
2000116c  xdc_runtime_Error_Module__state__V                          
20001170  xdc_runtime_Memory_Module__state__V                         
20001174  xdc_runtime_Registry_Module__state__V                       
2000117c  xdc_runtime_Startup_Module__state__V                        
20001184  xdc_runtime_SysMin_Module__state__V                         
20001190  xdc_runtime_System_Module_State_0_atexitHandlers__A         
20001198  xdc_runtime_System_Module__state__V                         
200011a0  xdc_runtime_Text_Module__state__V                           
200011a8  __xdc__init__addr                                           
200011ac  PowerMSP432_perfLevels                                      
20001248  ti_sysbios_knl_Swi_Module_State_0_readyQ__A                 
200012c8  ti_sysbios_knl_Task_Module_State_0_readyQ__A                
20001348  ti_sysbios_family_arm_msp432_Timer_Object__table__V         
20001394  ti_sysbios_knl_Task_Object__table__V                        
200013e0  ti_sysbios_knl_Task_Module__state__V                        
20001424  ti_sysbios_gates_GateMutex_Object__table__V                 
2000145c  ti_sysbios_family_arm_m3_Hwi_Module__state__V               
20001490  ti_sysbios_knl_Swi_Object__table__V                         
200014c0  ti_sysbios_knl_Clock_Module__state__V                       
200014ec  PowerMSP432_module                                          
20001510  ti_sysbios_BIOS_Module__state__V                            
20001534  resource                                                    
20001538  finishCount                                                 
2000153c  _lock                                                       
20001540  _unlock                                                     
20001544  __TI_cleanup_ptr                                            
20001548  __TI_dtors_ptr                                              
2000154c  main_func_sp                                                
2000fd00  __stack                                                     
20010000  __STACK_END                                                 
4000480c  WDTCTL_SYM                                                  
e000e000  ti_sysbios_family_arm_m3_Hwi_nvic                           
ffffffff  __binit__                                                   
ffffffff  __c_args__                                                  
ffffffff  binit                                                       
UNDEFED   SHT$$INIT_ARRAY$$Base                                       
UNDEFED   SHT$$INIT_ARRAY$$Limit                                      

[533 symbols]
