******************************************************************************
                  TI ARM Linker Unix v5.2.6                    
******************************************************************************
>> Linked Fri Apr  8 00:32:12 2016

OUTPUT FILE NAME:   <clock_MSP_EXP432P401R_TI_MSP432P401R.out>
ENTRY POINT SYMBOL: "_c_int00"  address: 00002f09


MEMORY CONFIGURATION

         name            origin    length      used     unused   attr    fill
----------------------  --------  ---------  --------  --------  ----  --------
  MAIN                  00000000   00040000  00006a40  000395c0  R  X
  INFO                  00200000   00004000  00000000  00004000  R  X
  SRAM_CODE             01000000   00010000  00000000  00010000  RW X
  SRAM_DATA             20000000   00010000  000013d0  0000ec30  RW  


SEGMENT ALLOCATION MAP

run origin  load origin   length   init length attrs members
----------  ----------- ---------- ----------- ----- -------
00000000    00000000    00006a48   00006a48    r-x
  00000000    00000000    0000003c   0000003c    r-- .resetVecs
  00000040    00000040    00004a3a   00004a3a    r-x .text
  00004a7c    00004a7c    00001c0a   00001c0a    r-- .const
  00006688    00006688    000003c0   000003c0    r-- .cinit
20000000    20000000    000010d0   00000000    rw-
  20000000    20000000    00000140   00000000    rw- .vecs
  20000140    20000140    00000ab4   00000000    rw- .bss
  20000bf4    20000bf4    000004dc   00000000    rw- .data
2000fd00    2000fd00    00000300   00000000    rw-
  2000fd00    2000fd00    00000300   00000000    rw- .stack


SECTION ALLOCATION MAP

 output                                  attributes/
section   page    origin      length       input sections
--------  ----  ----------  ----------   ----------------
.text      0    00000040    00004a3a     
                  00000040    00000430     sysbios.aem4f : BIOS.obj (.text:ti_sysbios_family_arm_m3_Hwi_excDumpRegs__I)
                  00000470    0000034c     ti.targets.arm.rtsarm.aem4f : System.oem4f (.text:xdc_runtime_System_doPrint__I)
                  000007bc    000002d4     rtsv7M4_T_le_v4SPD16_eabi.lib : trgdrv.obj (.text)
                  00000a90    000001a0     msp432p4xx_driverlib.lib : pcm.o (.text:__PCM_setPowerStateAdvanced)
                  00000c30    00000174     sysbios.aem4f : BIOS.obj (.text:ti_sysbios_family_arm_m3_Hwi_excBusFault__I)
                  00000da4    00000004     msp432p4xx_driverlib.lib : cpu.o (.text:CPU_wfi)
                  00000da8    00000164     sysbios.aem4f : BIOS.obj (.text:ti_sysbios_family_arm_m3_Hwi_excUsageFault__I)
                  00000f0c    00000004     drivers_MSP432P401R.aem4f : List.oem4f (.text:List_head)
                  00000f10    00000148     sysbios.aem4f : BIOS.obj (.text:ti_sysbios_family_arm_m3_Hwi_excMemFault__I)
                  00001058    00000138                   : BIOS.obj (.text:ti_sysbios_knl_Semaphore_pend__E)
                  00001190    00000118     ti.targets.arm.rtsarm.aem4f : Error.oem4f (.text:xdc_runtime_Error_policyDefault__E)
                  000012a8    0000010c     sysbios.aem4f : BIOS.obj (.text:ti_sysbios_family_arm_m3_Hwi_excFillContext__I)
                  000013b4    00000004     drivers_MSP432P401R.aem4f : List.oem4f (.text:List_next)
                  000013b8    0000010c     sysbios.aem4f : BIOS.obj (.text:ti_sysbios_family_arm_m3_Hwi_excHandlerMax__I)
                  000014c4    00000100     ti.targets.arm.rtsarm.aem4f : Core-mem.oem4f (.text:xdc_runtime_Core_createObject__I)
                  000015c4    000000f8                                 : Startup.oem4f (.text:xdc_runtime_Startup_startMods__I)
                  000016bc    000000f8     clock_pem4f.oem4f (.text:xdc_runtime_System_printfExtend__I)
                  000017b4    000000f4     drivers_MSP432P401R.aem4f : PowerMSP432.oem4f (.text:Power_sleep)
                  000018a8    000000f4     sysbios.aem4f : m3_Hwi_asm.obj (.text:ti_sysbios_family_arm_m3_Hwi_dispatch__I)
                  0000199c    000000f0     drivers_MSP432P401R.aem4f : PowerMSP432.oem4f (.text:initPerfControl)
                  00001a8c    000000e0     msp432p4xx_driverlib.lib : cs.o (.text:CS_initClockSignal)
                  00001b6c    000000dc                              : pcm.o (.text:__PCM_setPowerModeAdvanced)
                  00001c48    000000cc     sysbios.aem4f : BIOS.obj (.text:ti_sysbios_heaps_HeapMem_alloc__E)
                  00001d14    000000cc     ti.targets.arm.rtsarm.aem4f : Core-smem.oem4f (.text:xdc_runtime_Core_constructObject__I)
                  00001de0    000000bc     sysbios.aem4f : BIOS.obj (.text:ti_sysbios_family_arm_m3_Hwi_excDebugMon__I)
                  00001e9c    00000004     clock_pem4f.oem4f (.text:ti_sysbios_BIOS_RtsGateProxy_enter__E)
                  00001ea0    000000bc     sysbios.aem4f : BIOS.obj (.text:ti_sysbios_family_arm_m3_Hwi_excHardFault__I)
                  00001f5c    00000004     clock_pem4f.oem4f (.text:ti_sysbios_BIOS_RtsGateProxy_leave__E)
                  00001f60    000000b4     sysbios.aem4f : BIOS.obj (.text:ti_sysbios_knl_Task_checkStacks__E)
                  00002014    000000b0     msp432p4xx_driverlib.lib : pcm.o (.text:__PCM_setCoreVoltageLevelAdvanced)
                  000020c4    000000a0     auto_init.aem4f : auto_init.oem4f (.text)
                  00002164    000000a0     ti.targets.arm.rtsarm.aem4f : Text.oem4f (.text:xdc_runtime_Text_putMod__E)
                  00002204    0000009c     rtsv7M4_T_le_v4SPD16_eabi.lib : memcpy_t2.obj (.text)
                  000022a0    0000009c     sysbios.aem4f : BIOS.obj (.text:ti_sysbios_knl_Task_postInit__I)
                  0000233c    0000009a     ti.targets.arm.rtsarm.aem4f : Text.oem4f (.text:xdc_runtime_Text_putSite__E)
                  000023d6    00000002     power_tirtos_MSP432P401R.aem4f : PowerMSP432_tirtos.oem4f (.text:PowerMSP432_initPolicy)
                  000023d8    00000094     sysbios.aem4f : BIOS.obj (.text:ti_sysbios_family_arm_m3_Hwi_initNVIC__E)
                  0000246c    0000008c                   : m3_TaskSupport_asm.obj (.text:ti_sysbios_family_arm_m3_TaskSupport_buildTaskStack)
                  000024f8    00000084                   : BIOS.obj (.text:ti_sysbios_family_arm_m3_Hwi_postInit__I)
                  0000257c    0000007c     msp432p4xx_driverlib.lib : pcm.o (.text:PCM_gotoLPM3)
                  000025f8    0000007c     sysbios.aem4f : BIOS.obj (.text:ti_sysbios_heaps_HeapMem_free__E)
                  00002674    0000007a     rtsv7M4_T_le_v4SPD16_eabi.lib : memset_t2.obj (.text)
                  000026ee    00000002                                   : i_div0.obj (.text)
                  000026f0    00000070     sysbios.aem4f : BIOS.obj (.text:ti_sysbios_knl_Semaphore_post__E)
                  00002760    0000006d     ti.targets.arm.rtsarm.aem4f : System.oem4f (.text:xdc_runtime_System_formatNum__I)
                  000027cd    00000001     --HOLE-- [fill = 0]
                  000027ce    00000002     clock_pem4f.oem4f (.text:ti_sysbios_BIOS_nullFunc__I)
                  000027d0    0000006c     clock.obj (.text:main)
                  0000283c    00000004     clock_pem4f.oem4f (.text:ti_sysbios_family_arm_m3_TaskSupport_Module__startupDone__S)
                  00002840    0000006c     sysbios.aem4f : BIOS.obj (.text:ti_sysbios_knl_Clock_workFunc__E)
                  000028ac    00000004     clock_pem4f.oem4f (.text:ti_sysbios_heaps_HeapMem_Module_GateProxy_enter__E)
                  000028b0    0000006c     sysbios.aem4f : BIOS.obj (.text:ti_sysbios_knl_Swi_restoreHwi__E)
                  0000291c    00000004     clock_pem4f.oem4f (.text:ti_sysbios_heaps_HeapMem_Module_GateProxy_leave__E)
                  00002920    0000006c     sysbios.aem4f : BIOS.obj (.text:ti_sysbios_knl_Task_exit__E)
                  0000298c    0000006c     ti.targets.arm.rtsarm.aem4f : Error.oem4f (.text:xdc_runtime_Error_print__E)
                  000029f8    0000006c                                 : Memory.oem4f (.text:xdc_runtime_Memory_alloc__E)
                  00002a64    0000006a     rtsv7M4_T_le_v4SPD16_eabi.lib : copy_decompress_rle.obj (.text)
                  00002ace    00000002     --HOLE-- [fill = 0]
                  00002ad0    00000068                                   : trgmsg.obj (.text)
                  00002b38    00000068     sysbios.aem4f : BIOS.obj (.text:ti_sysbios_family_arm_msp432_Timer_setNextTick__E)
                  00002ba0    00000066     ti.targets.arm.rtsarm.aem4f : Core-mem.oem4f (.text:xdc_runtime_Core_deleteObject__I)
                  00002c06    00000002     --HOLE-- [fill = 0]
                  00002c08    00000064     sysbios.aem4f : BIOS.obj (.text:ti_sysbios_family_arm_m3_Hwi_dispatchC__I)
                  00002c6c    00000062     clock.obj (.text:clk1Fxn)
                  00002cce    00000002     --HOLE-- [fill = 0]
                  00002cd0    00000060     sysbios.aem4f : BIOS.obj (.text:ti_sysbios_knl_Task_schedule__I)
                  00002d30    0000005c                   : BIOS.obj (.text:ti_sysbios_knl_Swi_run__I)
                  00002d8c    00000004     clock_pem4f.oem4f (.text:ti_sysbios_knl_Clock_TimerProxy_getMaxTicks__E)
                  00002d90    0000005c     sysbios.aem4f : BIOS.obj (.text:ti_sysbios_knl_Swi_schedule__I)
                  00002dec    00000004     clock_pem4f.oem4f (.text:ti_sysbios_knl_Queue_destruct)
                  00002df0    0000005c     sysbios.aem4f : BIOS.obj (.text:ti_sysbios_knl_Task_Module_startup__E)
                  00002e4c    00000004     clock_pem4f.oem4f (.text:ti_sysbios_knl_Semaphore_destruct)
                  00002e50    0000005c     sysbios.aem4f : BIOS.obj (.text:ti_sysbios_knl_Task_startCore__E)
                  00002eac    0000005b     ti.targets.arm.rtsarm.aem4f : Text.oem4f (.text:xdc_runtime_Text_putLab__E)
                  00002f07    00000001     --HOLE-- [fill = 0]
                  00002f08    00000058     boot.aem4f : boot.oem4f (.text)
                  00002f60    00000058     sysbios.aem4f : m3_Hwi_asm_switch.obj (.text:ti_sysbios_family_arm_m3_Hwi_initStacks__E)
                  00002fb8    00000058                   : BIOS.obj (.text:ti_sysbios_family_arm_msp432_Timer_periodicStub__E)
                  00003010    00000054                   : BIOS.obj (.text:ti_sysbios_family_arm_msp432_Timer_initDevice__I)
                  00003064    00000004     ti.targets.arm.rtsarm.aem4f : Error.oem4f (.text:xdc_runtime_Error_getSite__E)
                  00003068    00000054     sysbios.aem4f : BIOS.obj (.text:ti_sysbios_family_arm_msp432_init_Boot_configureClocksHigh)
                  000030bc    00000054     ti.targets.arm.rtsarm.aem4f : Assert.oem4f (.text:xdc_runtime_Assert_raise__I)
                  00003110    00000050     msp432p4xx_driverlib.lib : pcm.o (.text:PCM_shutdownDevice)
                  00003160    00000050     power_tirtos_MSP432P401R.aem4f : PowerMSP432_tirtos.oem4f (.text:PowerMSP432_sleepPolicy)
                  000031b0    00000050     sysbios.aem4f : BIOS.obj (.text:ti_sysbios_family_arm_m3_Hwi_Module_startup__E)
                  00003200    00000050     ti.targets.arm.rtsarm.aem4f : Startup.oem4f (.text:xdc_runtime_Startup_exec__E)
                  00003250    00000050                                 : Text.oem4f (.text:xdc_runtime_Text_visitRope2__I)
                  000032a0    0000004c     rtsv7M4_T_le_v4SPD16_eabi.lib : cpy_tbl.obj (.text)
                  000032ec    00000004     clock_pem4f.oem4f (.text:xdc_runtime_System_Module_GateProxy_enter__E)
                  000032f0    0000004c     sysbios.aem4f : BIOS.obj (.text:ti_sysbios_family_arm_msp432_Timer_postInit__I)
                  0000333c    00000004     clock_pem4f.oem4f (.text:xdc_runtime_System_Module_GateProxy_leave__E)
                  00003340    0000004c     sysbios.aem4f : BIOS.obj (.text:ti_sysbios_family_arm_msp432_Timer_start__E)
                  0000338c    00000004     ti.targets.arm.rtsarm.aem4f : System.oem4f (.text:xdc_runtime_System_aprintf_va__F)
                  00003390    0000004c     sysbios.aem4f : BIOS.obj (.text:ti_sysbios_heaps_HeapMem_getStats__E)
                  000033dc    00000004     ti.targets.arm.rtsarm.aem4f : System.oem4f (.text:xdc_runtime_System_printf_va__F)
                  000033e0    0000004c     sysbios.aem4f : BIOS.obj (.text:ti_sysbios_knl_Swi_runLoop__I)
                  0000342c    00000004     --HOLE-- [fill = 0]
                  00003430    0000004c                   : BIOS.obj (.text:ti_sysbios_knl_Task_allBlockedFunction__I)
                  0000347c    00000004     --HOLE-- [fill = 0]
                  00003480    00000048                   : BIOS.obj (.text:ti_sysbios_family_arm_m3_Hwi_enableInterrupt__E)
                  000034c8    00000048                   : BIOS.obj (.text:ti_sysbios_family_arm_m3_Hwi_excReserved__I)
                  00003510    00000046     ti.targets.arm.rtsarm.aem4f : Core-params.oem4f (.text:xdc_runtime_Core_assignParams__I)
                  00003556    00000002     --HOLE-- [fill = 0]
                  00003558    00000044     rtsv7M4_T_le_v4SPD16_eabi.lib : exit.obj (.text)
                  0000359c    00000004     --HOLE-- [fill = 0]
                  000035a0    00000044     sysbios.aem4f : BIOS.obj (.text:ti_sysbios_family_arm_m3_Hwi_getStackInfo__E)
                  000035e4    00000004     --HOLE-- [fill = 0]
                  000035e8    00000044                   : BIOS.obj (.text:ti_sysbios_knl_Swi_post__E)
                  0000362c    00000044     ti.targets.arm.rtsarm.aem4f : Error.oem4f (.text:xdc_runtime_Error_setX__E)
                  00003670    00000044                                 : SysMin.oem4f (.text:xdc_runtime_SysMin_flush__E)
                  000036b4    00000044                                 : Text.oem4f (.text:xdc_runtime_Text_xprintf__I)
                  000036f8    00000040     msp432p4xx_driverlib.lib : flash.o (.text:FlashCtl_disableReadBuffering)
                  00003738    00000040     drivers_MSP432P401R.aem4f : PowerMSP432.oem4f (.text:notify)
                  00003778    00000040     rtsv7M4_T_le_v4SPD16_eabi.lib : u_divt2.obj (.text)
                  000037b8    00000040     sysbios.aem4f : BIOS.obj (.text:ti_sysbios_family_arm_msp432_Timer_Module_startup__E)
                  000037f8    00000040                   : BIOS.obj (.text:ti_sysbios_family_arm_msp432_Timer_startup__E)
                  00003838    00000040                   : BIOS.obj (.text:ti_sysbios_heaps_HeapMem_Instance_init__E)
                  00003878    0000003c     drivers_MSP432P401R.aem4f : PowerMSP432.oem4f (.text:Power_init)
                  000038b4    00000004     --HOLE-- [fill = 0]
                  000038b8    0000003c     sysbios.aem4f : BIOS.obj (.text:ti_sysbios_family_arm_m3_Hwi_excSvCall__I)
                  000038f4    00000004     --HOLE-- [fill = 0]
                  000038f8    0000003c                   : BIOS.obj (.text:ti_sysbios_heaps_HeapMem_init__I)
                  00003934    00000004     --HOLE-- [fill = 0]
                  00003938    0000003c                   : BIOS.obj (.text:ti_sysbios_knl_Clock_Instance_init__E)
                  00003974    00000004     --HOLE-- [fill = 0]
                  00003978    0000003c                   : BIOS.obj (.text:ti_sysbios_knl_Swi_restore__E)
                  000039b4    00000004     --HOLE-- [fill = 0]
                  000039b8    00000038                   : BIOS.obj (.text:ti_sysbios_family_arm_m3_Hwi_excNoIsr__I)
                  000039f0    00000038                   : BIOS.obj (.text:ti_sysbios_knl_Task_processVitalTaskFlag__I)
                  00003a28    00000038     ti.targets.arm.rtsarm.aem4f : SysMin.oem4f (.text:xdc_runtime_SysMin_putch__E)
                  00003a60    00000038                                 : System.oem4f (.text:xdc_runtime_System_atexit__E)
                  00003a98    00000034     msp432p4xx_driverlib.lib : flash.o (.text:FlashCtl_enableReadBuffering)
                  00003acc    00000004     --HOLE-- [fill = 0]
                  00003ad0    00000034     sysbios.aem4f : BIOS.obj (.text:ti_sysbios_family_arm_m3_Hwi_excNmi__I)
                  00003b04    00000004     --HOLE-- [fill = 0]
                  00003b08    00000034                   : BIOS.obj (.text:ti_sysbios_hal_Hwi_checkStack)
                  00003b3c    00000034     clock_pem4f.oem4f (.text:ti_sysbios_knl_Clock_construct)
                  00003b70    00000034     ti.targets.arm.rtsarm.aem4f : Core-label.oem4f (.text:xdc_runtime_Core_assignLabel__I)
                  00003ba4    00000033                                 : Text.oem4f (.text:xdc_runtime_Text_printVisFxn__I)
                  00003bd7    00000001     --HOLE-- [fill = 0]
                  00003bd8    00000032     clock.obj (.text:clk0Fxn)
                  00003c0a    00000006     ti.targets.arm.rtsarm.aem4f : xdc_noinit.oem4f (.text:__xdc__init)
                  00003c10    00000032     sysbios.aem4f : BIOS.obj (.text:ti_sysbios_hal_Hwi_initStack)
                  00003c42    00000002     --HOLE-- [fill = 0]
                  00003c44    00000030     clock_pem4f.oem4f (.text:ti_sysbios_BIOS_atExitFunc__I)
                  00003c74    00000004     --HOLE-- [fill = 0]
                  00003c78    00000030     sysbios.aem4f : BIOS.obj (.text:ti_sysbios_family_arm_m3_TaskSupport_start__E)
                  00003ca8    00000030     clock_pem4f.oem4f (.text:ti_sysbios_gates_GateHwi_Object__create__S)
                  00003cd8    00000030     clock_pem4f.oem4f (.text:ti_sysbios_gates_GateMutex_Object__create__S)
                  00003d08    00000030     sysbios.aem4f : BIOS.obj (.text:ti_sysbios_gates_GateMutex_enter__E)
                  00003d38    00000030     clock_pem4f.oem4f (.text:ti_sysbios_heaps_HeapMem_Object__create__S)
                  00003d68    00000030     clock_pem4f.oem4f (.text:ti_sysbios_knl_Semaphore_construct)
                  00003d98    00000030     sysbios.aem4f : BIOS.obj (.text:ti_sysbios_knl_Semaphore_pendTimeout__I)
                  00003dc8    00000030                   : BIOS.obj (.text:ti_sysbios_knl_Task_unblockI__E)
                  00003df8    00000030     ti.targets.arm.rtsarm.aem4f : SysMin.oem4f (.text:xdc_runtime_SysMin_abort__E)
                  00003e28    00000030                                 : System.oem4f (.text:xdc_runtime_System_processAtExit__E)
                  00003e58    0000002c     msp432p4xx_driverlib.lib : pcm.o (.text:PCM_getCoreVoltageLevel)
                  00003e84    0000002c     power_tirtos_MSP432P401R.aem4f : PowerMSP432_tirtos.oem4f (.text:PowerMSP432_updateFreqs)
                  00003eb0    0000002c     clock_pem4f.oem4f (.text:ti_sysbios_knl_Clock_doTick__I)
                  00003edc    0000002c     clock_pem4f.oem4f (.text:ti_sysbios_knl_Queue_construct)
                  00003f08    0000002c     sysbios.aem4f : BIOS.obj (.text:ti_sysbios_knl_Task_restore__E)
                  00003f34    0000002c     ti.targets.arm.rtsarm.aem4f : Text.oem4f (.text:xdc_runtime_Text_cordText__E)
                  00003f60    0000002a     msp432p4xx_driverlib.lib : pcm.o (.text:PCM_getPowerMode)
                  00003f8a    0000002a     ti.targets.arm.rtsarm.aem4f : System.oem4f (.text:xdc_runtime_System_putchar__I)
                  00003fb4    00000028     msp432p4xx_driverlib.lib : flash.o (.text:FlashCtl_setWaitState)
                  00003fdc    00000028                              : pcm.o (.text:PCM_gotoLPM0)
                  00004004    00000004     --HOLE-- [fill = 0]
                  00004008    00000028     sysbios.aem4f : BIOS.obj (.text:ti_sysbios_knl_Clock_addI__E)
                  00004030    00000028                   : BIOS.obj (.text:ti_sysbios_knl_Swi_Module_startup__E)
                  00004058    00000026                   : m3_Hwi_asm.obj (.text:ti_sysbios_family_arm_m3_Hwi_pendSV__I)
                  0000407e    00000026     ti.targets.arm.rtsarm.aem4f : System.oem4f (.text:xdc_runtime_System_avprintf__E)
                  000040a4    00000024     msp432p4xx_driverlib.lib : cs.o (.text:CS_setDCOCenteredFrequency)
                  000040c8    00000024                              : rtc_c.o (.text:RTC_C_holdClock)
                  000040ec    00000024                              : rtc_c.o (.text:RTC_C_startClock)
                  00004110    00000024     clock_pem4f.oem4f (.text:ti_sysbios_BIOS_errorRaiseHook__I)
                  00004134    00000024     clock_pem4f.oem4f (.text:ti_sysbios_BIOS_registerRTSLock__I)
                  00004158    00000024     clock_pem4f.oem4f (.text:ti_sysbios_BIOS_removeRTSLock__I)
                  0000417c    00000024     clock_pem4f.oem4f (.text:ti_sysbios_BIOS_startFunc__I)
                  000041a0    00000024     sysbios.aem4f : BIOS.obj (.text:ti_sysbios_family_arm_msp432_ClockFreqs_setFrequency__E)
                  000041c4    00000024     clock_pem4f.oem4f (.text:ti_sysbios_gates_GateMutex_Object__delete__S)
                  000041e8    00000024     sysbios.aem4f : BIOS.obj (.text:ti_sysbios_knl_Clock_Module_startup__E)
                  0000420c    00000004     --HOLE-- [fill = 0]
                  00004210    00000024                   : BIOS.obj (.text:ti_sysbios_knl_Clock_start__E)
                  00004234    00000004     --HOLE-- [fill = 0]
                  00004238    00000024                   : BIOS.obj (.text:ti_sysbios_knl_Semaphore_Instance_init__E)
                  0000425c    00000004     --HOLE-- [fill = 0]
                  00004260    00000024                   : BIOS.obj (.text:ti_sysbios_knl_Task_restoreHwi__E)
                  00004284    00000024     ti.targets.arm.rtsarm.aem4f : System.oem4f (.text:xdc_runtime_System_vprintf__E)
                  000042a8    00000022     clock_pem4f.oem4f (.text:xdc_runtime_SysMin_output__I)
                  000042ca    00000002     --HOLE-- [fill = 0]
                  000042cc    00000020     drivers_MSP432P401R.aem4f : PowerMSP432.oem4f (.text:Power_idleFunc)
                  000042ec    00000020     clock_pem4f.oem4f (.text:ti_sysbios_BIOS_rtsLock__I)
                  0000430c    00000020     sysbios.aem4f : m3_Hwi_asm.obj (.text:ti_sysbios_family_arm_m3_Hwi_excHandlerAsm__I)
                  0000432c    00000004     --HOLE-- [fill = 0]
                  00004330    00000020                   : BIOS.obj (.text:ti_sysbios_family_arm_m3_Hwi_excHandler__I)
                  00004350    00000020     clock_pem4f.oem4f (.text:ti_sysbios_gates_GateHwi_Object__delete__S)
                  00004370    00000020     clock_pem4f.oem4f (.text:ti_sysbios_heaps_HeapMem_Object__delete__S)
                  00004390    00000020     sysbios.aem4f : BIOS.obj (.text:ti_sysbios_knl_Idle_run__E)
                  000043b0    00000020     clock_pem4f.oem4f (.text:ti_sysbios_knl_Semaphore_Object__destruct__S)
                  000043d0    00000020     ti.targets.arm.rtsarm.aem4f : Registry.oem4f (.text:xdc_runtime_Registry_findById__E)
                  000043f0    00000020                                 : SysMin.oem4f (.text:xdc_runtime_SysMin_Module_startup__E)
                  00004410    0000001e     sysbios.aem4f : m3_Hwi_asm_switch.obj (.text:ti_sysbios_family_xxx_Hwi_switchAndRunFunc)
                  0000442e    00000002     --HOLE-- [fill = 0]
                  00004430    0000001c                   : BIOS.obj (.text:ti_sysbios_gates_GateMutex_Instance_init__E)
                  0000444c    0000001c     clock_pem4f.oem4f (.text:ti_sysbios_knl_Queue_Object__destruct__S)
                  00004468    0000001c     sysbios.aem4f : BIOS.obj (.text:ti_sysbios_knl_Queue_put__E)
                  00004484    00000004     --HOLE-- [fill = 0]
                  00004488    0000001c                   : BIOS.obj (.text:ti_sysbios_knl_Task_enter__I)
                  000044a4    0000001c     ti.targets.arm.rtsarm.aem4f : Error.oem4f (.text:xdc_runtime_Error_raiseX__E)
                  000044c0    0000001c                                 : Memory.oem4f (.text:xdc_runtime_Memory_valloc__E)
                  000044dc    0000001c                                 : SysMin.oem4f (.text:xdc_runtime_SysMin_exit__E)
                  000044f8    0000001c                                 : System.oem4f (.text:xdc_runtime_System_abort__E)
                  00004514    0000001a     clock_pem4f.oem4f (.text:ti_sysbios_family_arm_m3_Hwi_Handle__label__S)
                  0000452e    0000001a     clock_pem4f.oem4f (.text:ti_sysbios_gates_GateHwi_Handle__label__S)
                  00004548    0000001a     clock_pem4f.oem4f (.text:ti_sysbios_gates_GateMutex_Handle__label__S)
                  00004562    0000001a     clock_pem4f.oem4f (.text:ti_sysbios_heaps_HeapMem_Handle__label__S)
                  0000457c    0000001a     clock_pem4f.oem4f (.text:ti_sysbios_knl_Swi_Handle__label__S)
                  00004596    0000001a     clock_pem4f.oem4f (.text:ti_sysbios_knl_Task_Handle__label__S)
                  000045b0    0000001a     clock_pem4f.oem4f (.text:xdc_runtime_System_aprintf__E)
                  000045ca    0000001a     clock_pem4f.oem4f (.text:xdc_runtime_System_printf__E)
                  000045e4    00000018     msp432p4xx_driverlib.lib : wdt_a.o (.text:WDT_A_holdTimer)
                  000045fc    00000018     rtsv7M4_T_le_v4SPD16_eabi.lib : args_main.obj (.text)
                  00004614    00000018     clock_pem4f.oem4f (.text:ti_sysbios_BIOS_rtsUnlock__I)
                  0000462c    00000018     clock_pem4f.oem4f (.text:ti_sysbios_family_arm_m3_Hwi_Module__startupDone__F)
                  00004644    00000018     sysbios.aem4f : m3_TaskSupport_asm.obj (.text:ti_sysbios_family_arm_m3_TaskSupport_swap__E)
                  0000465c    00000018     clock_pem4f.oem4f (.text:ti_sysbios_family_arm_msp432_Timer_Module__startupDone__F)
                  00004674    00000004     --HOLE-- [fill = 0]
                  00004678    00000018     sysbios.aem4f : BIOS.obj (.text:ti_sysbios_gates_GateMutex_leave__E)
                  00004690    00000018     ti.targets.arm.rtsarm.aem4f : Error.oem4f (.text:xdc_runtime_Error_check__E)
                  000046a8    00000018                                 : System.oem4f (.text:xdc_runtime_System_exit__E)
                  000046c0    00000018                                 : Text.oem4f (.text:xdc_runtime_Text_ropeText__E)
                  000046d8    00000016     clock_pem4f.oem4f (.text:ti_sysbios_BIOS_exitFunc__I)
                  000046ee    00000016     clock.obj (.text:ti_sysbios_knl_Clock_Params_init)
                  00004704    00000014     msp432p4xx_driverlib.lib : wdt_a.o (.text:WDT_A_startTimer)
                  00004718    00000014     rtsv7M4_T_le_v4SPD16_eabi.lib : _lock.obj (.text)
                  0000472c    00000014                                   : strcpy.obj (.text)
                  00004740    00000014                                   : strlen.obj (.text)
                  00004754    00000014     clock_pem4f.oem4f (.text:ti_sysbios_family_arm_m3_Hwi_Object__get__S)
                  00004768    00000014     sysbios.aem4f : BIOS.obj (.text:ti_sysbios_family_arm_m3_Hwi_switchFromBootStack__E)
                  0000477c    00000014     clock_pem4f.oem4f (.text:ti_sysbios_heaps_HeapMem_Object__get__S)
                  00004790    00000014     clock_pem4f.oem4f (.text:ti_sysbios_knl_Swi_Object__get__S)
                  000047a4    00000004     --HOLE-- [fill = 0]
                  000047a8    00000012     sysbios.aem4f : BIOS.obj (.text:ti_sysbios_hal_Hwi_Module_startup__E)
                  000047ba    00000012     clock_pem4f.oem4f (.text:xdc_runtime_Startup_exec__I)
                  000047cc    00000010     msp432p4xx_driverlib.lib : pcm.o (.text:PCM_gotoLPM4)
                  000047dc    00000004     --HOLE-- [fill = 0]
                  000047e0    00000010     sysbios.aem4f : BIOS.obj (.text:ti_sysbios_BIOS_exit__E)
                  000047f0    00000010                   : BIOS.obj (.text:ti_sysbios_BIOS_setCpuFreq__E)
                  00004800    00000010                   : BIOS.obj (.text:ti_sysbios_BIOS_setThreadType__E)
                  00004810    00000010                   : BIOS.obj (.text:ti_sysbios_BIOS_start__E)
                  00004820    00000010                   : m3_TaskSupport_asm.obj (.text:ti_sysbios_family_arm_m3_TaskSupport_glue)
                  00004830    00000010                   : BIOS.obj (.text:ti_sysbios_family_arm_msp432_init_Boot_disableWatchdog)
                  00004840    00000010                   : BIOS.obj (.text:ti_sysbios_gates_GateMutex_Instance_finalize__E)
                  00004850    00000010                   : BIOS.obj (.text:ti_sysbios_knl_Semaphore_Instance_finalize__E)
                  00004860    00000010                   : BIOS.obj (.text:ti_sysbios_knl_Swi_disable__E)
                  00004870    00000010     clock_pem4f.oem4f (.text:ti_sysbios_knl_Task_Object__get__S)
                  00004880    00000010     sysbios.aem4f : BIOS.obj (.text:ti_sysbios_knl_Task_disable__E)
                  00004890    00000010     ti.targets.arm.rtsarm.aem4f : Gate.oem4f (.text:xdc_runtime_Gate_leaveSystem__E)
                  000048a0    00000010                                 : Memory.oem4f (.text:xdc_runtime_Memory_free__E)
                  000048b0    00000010                                 : SysMin.oem4f (.text:xdc_runtime_SysMin_ready__E)
                  000048c0    00000010                                 : System.oem4f (.text:xdc_runtime_System_vsnprintf__E)
                  000048d0    00000010     clock_pem4f.oem4f (.text:xdc_runtime_Text_visitRope__I)
                  000048e0    0000000e     rtsv7M4_T_le_v4SPD16_eabi.lib : copy_decompress_none.obj (.text:decompress:none)
                  000048ee    00000002     --HOLE-- [fill = 0]
                  000048f0    0000000e     sysbios.aem4f : BIOS.obj (.text:ti_sysbios_knl_Idle_loop__E)
                  000048fe    00000002     --HOLE-- [fill = 0]
                  00004900    0000000e                   : BIOS.obj (.text:ti_sysbios_knl_Queue_empty__E)
                  0000490e    0000000c     clock_pem4f.oem4f (.text:.bootCodeSection:ti_sysbios_family_arm_msp432_init_Boot_init__I)
                  0000491a    0000000c     msp432p4xx_driverlib.lib : cpu.o (.text:CPU_cpsid)
                  00004926    0000000c                              : cpu.o (.text:CPU_cpsie)
                  00004932    00000002     --HOLE-- [fill = 0]
                  00004934    0000000c                              : pcm.o (.text:PCM_getPowerState)
                  00004940    0000000c     drivers_MSP432P401R.aem4f : PowerMSP432.oem4f (.text:Power_getConstraintMask)
                  0000494c    0000000c     rtsv7M4_T_le_v4SPD16_eabi.lib : copy_zero_init.obj (.text:decompress:ZI)
                  00004958    0000000c     sysbios.aem4f : BIOS.obj (.text:ti_sysbios_family_arm_m3_TaskSupport_checkStack__E)
                  00004964    00000004     --HOLE-- [fill = 0]
                  00004968    0000000c                   : BIOS.obj (.text:ti_sysbios_family_arm_msp432_Timer_getMaxTicks__E)
                  00004974    00000004     --HOLE-- [fill = 0]
                  00004978    0000000c                   : BIOS.obj (.text:ti_sysbios_gates_GateHwi_enter__E)
                  00004984    0000000c     clock_pem4f.oem4f (.text:ti_sysbios_knl_Clock_Params__init__S)
                  00004990    0000000c     sysbios.aem4f : BIOS.obj (.text:ti_sysbios_knl_Clock_getTicks__E)
                  0000499c    0000000c     clock.obj (.text:ti_sysbios_knl_Clock_handle)
                  000049a8    0000000c     clock_pem4f.oem4f (.text:ti_sysbios_knl_Queue_Object__get__S)
                  000049b4    0000000c     ti.targets.arm.rtsarm.aem4f : Error.oem4f (.text:xdc_runtime_Error_init__E)
                  000049c0    0000000c                                 : Gate.oem4f (.text:xdc_runtime_Gate_enterSystem__E)
                  000049cc    0000000c                                 : Memory.oem4f (.text:xdc_runtime_Memory_calloc__E)
                  000049d8    0000000c                                 : Memory.oem4f (.text:xdc_runtime_Memory_getMaxDefaultTypeAlign__E)
                  000049e4    0000000a     clock_pem4f.oem4f (.text:xdc_runtime_IHeap_alloc)
                  000049ee    0000000a     clock_pem4f.oem4f (.text:xdc_runtime_IHeap_free)
                  000049f8    00000008     MSP_EXP432P401R.obj (.text:MSP_EXP432P401R_initGeneral)
                  00004a00    00000008     msp432p4xx_driverlib.lib : pcm.o (.text:PCM_setPowerMode)
                  00004a08    00000008                              : pcm.o (.text:PCM_setPowerState)
                  00004a10    00000008     sysbios.aem4f : BIOS.obj (.text:ti_sysbios_family_arm_m3_Hwi_doSwiRestore__I)
                  00004a18    00000008                   : BIOS.obj (.text:ti_sysbios_family_arm_m3_Hwi_startup__E)
                  00004a20    00000006     rtsv7M4_T_le_v4SPD16_eabi.lib : copy_decompress_rle.obj (.text:decompress:rle24)
                  00004a26    00000002     --HOLE-- [fill = 0]
                  00004a28    00000006     sysbios.aem4f : BIOS.obj (.text:ti_sysbios_family_arm_m3_Hwi_doTaskRestore__I)
                  00004a2e    00000002     --HOLE-- [fill = 0]
                  00004a30    00000006                   : BIOS.obj (.text:ti_sysbios_gates_GateHwi_leave__E)
                  00004a36    00000002     --HOLE-- [fill = 0]
                  00004a38    00000006                   : BIOS.obj (.text:ti_sysbios_heaps_HeapMem_isBlocking__E)
                  00004a3e    00000002     --HOLE-- [fill = 0]
                  00004a40    00000006                   : BIOS.obj (.text:ti_sysbios_knl_Queue_Instance_init__E)
                  00004a46    00000002     --HOLE-- [fill = 0]
                  00004a48    00000006                   : BIOS.obj (.text:ti_sysbios_knl_Swi_startup__E)
                  00004a4e    00000006     ti.targets.arm.rtsarm.aem4f : System.oem4f (.text:xdc_runtime_System_Module_startup__E)
                  00004a54    00000004     --HOLE-- [fill = 0]
                  00004a58    00000004     sysbios.aem4f : BIOS.obj (.text:ti_sysbios_gates_GateHwi_query__E)
                  00004a5c    00000004     --HOLE-- [fill = 0]
                  00004a60    00000004                   : BIOS.obj (.text:ti_sysbios_gates_GateMutex_query__E)
                  00004a64    00000004     --HOLE-- [fill = 0]
                  00004a68    00000004                   : BIOS.obj (.text:ti_sysbios_knl_Task_startup__E)
                  00004a6c    00000004     --HOLE-- [fill = 0]
                  00004a70    00000002                   : BIOS.obj (.text:ti_sysbios_gates_GateHwi_Instance_init__E)
                  00004a72    00000006     --HOLE-- [fill = 0]
                  00004a78    00000002                   : BIOS.obj (.text:ti_sysbios_knl_Clock_logTick__E)

.const     0    00004a7c    00001c0a     
                  00004a7c    0000178f     clock_pem4f.oem4f (.const:xdc_runtime_Text_charTab__A)
                  0000620b    00000001     clock_pem4f.oem4f (.const:xdc_runtime_Error_policy__C)
                  0000620c    000000b0     clock_pem4f.oem4f (.const:xdc_runtime_Text_nodeTab__A)
                  000062bc    00000048     clock_pem4f.oem4f (.const:.string)
                  00006304    00000028     clock_pem4f.oem4f (.const:ti_sysbios_heaps_HeapMem_Module__FXNS__C)
                  0000632c    00000024     clock_pem4f.oem4f (.const:ti_sysbios_gates_GateHwi_Module__FXNS__C)
                  00006350    00000024     clock_pem4f.oem4f (.const:ti_sysbios_gates_GateMutex_Module__FXNS__C)
                  00006374    00000024     clock_pem4f.oem4f (.const:ti_sysbios_heaps_HeapMem_Object__PARAMS__C)
                  00006398    00000024     clock_pem4f.oem4f (.const:ti_sysbios_knl_Clock_Object__PARAMS__C)
                  000063bc    00000024     clock_pem4f.oem4f (.const:ti_sysbios_knl_Semaphore_Object__PARAMS__C)
                  000063e0    00000020     clock_pem4f.oem4f (.const:ti_sysbios_gates_GateHwi_Object__DESC__C)
                  00006400    00000020     clock_pem4f.oem4f (.const:ti_sysbios_gates_GateMutex_Object__DESC__C)
                  00006420    00000020     clock_pem4f.oem4f (.const:ti_sysbios_heaps_HeapMem_Object__DESC__C)
                  00006440    00000020     clock_pem4f.oem4f (.const:ti_sysbios_knl_Clock_Object__DESC__C)
                  00006460    00000020     clock_pem4f.oem4f (.const:ti_sysbios_knl_Queue_Object__DESC__C)
                  00006480    00000020     clock_pem4f.oem4f (.const:ti_sysbios_knl_Semaphore_Object__DESC__C)
                  000064a0    00000020     clock_pem4f.oem4f (.const:xdc_runtime_Startup_sfxnTab__A)
                  000064c0    00000018     clock_pem4f.oem4f (.const:ti_sysbios_gates_GateHwi_Object__PARAMS__C)
                  000064d8    00000018     clock_pem4f.oem4f (.const:ti_sysbios_gates_GateMutex_Object__PARAMS__C)
                  000064f0    00000018     clock_pem4f.oem4f (.const:ti_sysbios_knl_Queue_Object__PARAMS__C)
                  00006508    00000010     MSP_EXP432P401R.obj (.const)
                  00006518    00000010     clock_pem4f.oem4f (.const:xdc_runtime_Startup_sfxnRts__A)
                  00006528    0000000c     clock_pem4f.oem4f (.const:xdc_runtime_Startup_firstFxns__A)
                  00006534    00000008     clock_pem4f.oem4f (.const:ti_sysbios_family_arm_m3_Hwi_excHookFuncs__A)
                  0000653c    00000008     clock_pem4f.oem4f (.const:ti_sysbios_knl_Idle_funcList__A)
                  00006544    00000008     clock_pem4f.oem4f (.const:ti_sysbios_knl_Idle_funcList__C)
                  0000654c    00000008     clock_pem4f.oem4f (.const:xdc_runtime_Startup_firstFxns__C)
                  00006554    00000008     clock_pem4f.oem4f (.const:xdc_runtime_Startup_lastFxns__C)
                  0000655c    00000004     clock_pem4f.oem4f (.const:ti_sysbios_family_arm_m3_Hwi_E_NMI__C)
                  00006560    00000004     clock_pem4f.oem4f (.const:ti_sysbios_family_arm_m3_Hwi_E_busFault__C)
                  00006564    00000004     clock_pem4f.oem4f (.const:ti_sysbios_family_arm_m3_Hwi_E_debugMon__C)
                  00006568    00000004     clock_pem4f.oem4f (.const:ti_sysbios_family_arm_m3_Hwi_E_hardFault__C)
                  0000656c    00000004     clock_pem4f.oem4f (.const:ti_sysbios_family_arm_m3_Hwi_E_memFault__C)
                  00006570    00000004     clock_pem4f.oem4f (.const:ti_sysbios_family_arm_m3_Hwi_E_noIsr__C)
                  00006574    00000004     clock_pem4f.oem4f (.const:ti_sysbios_family_arm_m3_Hwi_E_reserved__C)
                  00006578    00000004     clock_pem4f.oem4f (.const:ti_sysbios_family_arm_m3_Hwi_E_svCall__C)
                  0000657c    00000004     clock_pem4f.oem4f (.const:ti_sysbios_family_arm_m3_Hwi_E_usageFault__C)
                  00006580    00000004     clock_pem4f.oem4f (.const:ti_sysbios_family_arm_m3_Hwi_NUM_INTERRUPTS__C)
                  00006584    00000004     clock_pem4f.oem4f (.const:ti_sysbios_family_arm_m3_Hwi_Object__count__C)
                  00006588    00000004     clock_pem4f.oem4f (.const:ti_sysbios_family_arm_m3_Hwi_ccr__C)
                  0000658c    00000004     clock_pem4f.oem4f (.const:ti_sysbios_family_arm_m3_Hwi_excHandlerFunc__C)
                  00006590    00000004     clock_pem4f.oem4f (.const:ti_sysbios_family_arm_m3_Hwi_excHookFuncs__C)
                  00006594    00000004     clock_pem4f.oem4f (.const:ti_sysbios_family_arm_m3_Hwi_nullIsrFunc__C)
                  00006598    00000004     clock_pem4f.oem4f (.const:ti_sysbios_family_arm_m3_Hwi_priGroup__C)
                  0000659c    00000004     clock_pem4f.oem4f (.const:ti_sysbios_family_arm_msp432_Timer_numTimerDevices__C)
                  000065a0    00000004     clock_pem4f.oem4f (.const:ti_sysbios_family_arm_msp432_Timer_startupNeeded__C)
                  000065a4    00000004     clock_pem4f.oem4f (.const:ti_sysbios_gates_GateMutex_Instance_State_sem__O)
                  000065a8    00000004     clock_pem4f.oem4f (.const:ti_sysbios_hal_Hwi_E_stackOverflow__C)
                  000065ac    00000004     clock_pem4f.oem4f (.const:ti_sysbios_heaps_HeapMem_E_memory__C)
                  000065b0    00000004     clock_pem4f.oem4f (.const:ti_sysbios_heaps_HeapMem_Module__gateObj__C)
                  000065b4    00000004     clock_pem4f.oem4f (.const:ti_sysbios_heaps_HeapMem_Object__count__C)
                  000065b8    00000004     clock_pem4f.oem4f (.const:ti_sysbios_heaps_HeapMem_reqAlign__C)
                  000065bc    00000004     clock_pem4f.oem4f (.const:ti_sysbios_knl_Clock_Module_State_clockQ__O)
                  000065c0    00000004     clock_pem4f.oem4f (.const:ti_sysbios_knl_Semaphore_Instance_State_pendQ__O)
                  000065c4    00000004     clock_pem4f.oem4f (.const:ti_sysbios_knl_Swi_Object__count__C)
                  000065c8    00000004     clock_pem4f.oem4f (.const:ti_sysbios_knl_Task_E_spOutOfBounds__C)
                  000065cc    00000004     clock_pem4f.oem4f (.const:ti_sysbios_knl_Task_E_stackOverflow__C)
                  000065d0    00000004     clock_pem4f.oem4f (.const:ti_sysbios_knl_Task_Module_State_inactiveQ__O)
                  000065d4    00000004     clock_pem4f.oem4f (.const:ti_sysbios_knl_Task_Object__count__C)
                  000065d8    00000004     clock_pem4f.oem4f (.const:ti_sysbios_knl_Task_allBlockedFunc__C)
                  000065dc    00000004     clock_pem4f.oem4f (.const:ti_sysbios_knl_Task_numConstructedTasks__C)
                  000065e0    00000004     clock_pem4f.oem4f (.const:xdc_runtime_Assert_E_assertFailed__C)
                  000065e4    00000004     clock_pem4f.oem4f (.const:xdc_runtime_Core_A_initializedParams__C)
                  000065e8    00000004     clock_pem4f.oem4f (.const:xdc_runtime_Core_Module__diagsEnabled__C)
                  000065ec    00000004     clock_pem4f.oem4f (.const:xdc_runtime_Core_Module__diagsIncluded__C)
                  000065f0    00000004     clock_pem4f.oem4f (.const:xdc_runtime_Core_Module__diagsMask__C)
                  000065f4    00000004     clock_pem4f.oem4f (.const:xdc_runtime_Error_E_memory__C)
                  000065f8    00000004     clock_pem4f.oem4f (.const:xdc_runtime_Error_Module__diagsEnabled__C)
                  000065fc    00000004     clock_pem4f.oem4f (.const:xdc_runtime_Error_Module__diagsIncluded__C)
                  00006600    00000004     clock_pem4f.oem4f (.const:xdc_runtime_Error_Module__diagsMask__C)
                  00006604    00000004     clock_pem4f.oem4f (.const:xdc_runtime_Error_Module__loggerFxn8__C)
                  00006608    00000004     clock_pem4f.oem4f (.const:xdc_runtime_Error_Module__loggerObj__C)
                  0000660c    00000004     clock_pem4f.oem4f (.const:xdc_runtime_Error_policyFxn__C)
                  00006610    00000004     clock_pem4f.oem4f (.const:xdc_runtime_Error_raiseHook__C)
                  00006614    00000004     clock_pem4f.oem4f (.const:xdc_runtime_IGateProvider_Interface__BASE__C)
                  00006618    00000004     clock_pem4f.oem4f (.const:xdc_runtime_IHeap_Interface__BASE__C)
                  0000661c    00000004     clock_pem4f.oem4f (.const:xdc_runtime_IModule_Interface__BASE__C)
                  00006620    00000004     clock_pem4f.oem4f (.const:xdc_runtime_Log_L_error__C)
                  00006624    00000004     clock_pem4f.oem4f (.const:xdc_runtime_Memory_defaultHeapInstance__C)
                  00006628    00000004     clock_pem4f.oem4f (.const:xdc_runtime_Startup_execImpl__C)
                  0000662c    00000004     clock_pem4f.oem4f (.const:xdc_runtime_Startup_maxPasses__C)
                  00006630    00000004     clock_pem4f.oem4f (.const:xdc_runtime_Startup_sfxnRts__C)
                  00006634    00000004     clock_pem4f.oem4f (.const:xdc_runtime_Startup_sfxnTab__C)
                  00006638    00000004     clock_pem4f.oem4f (.const:xdc_runtime_SysMin_bufSize__C)
                  0000663c    00000004     clock_pem4f.oem4f (.const:xdc_runtime_SysMin_outputFunc__C)
                  00006640    00000004     clock_pem4f.oem4f (.const:xdc_runtime_System_Module__gateObj__C)
                  00006644    00000004     clock_pem4f.oem4f (.const:xdc_runtime_System_abortFxn__C)
                  00006648    00000004     clock_pem4f.oem4f (.const:xdc_runtime_System_exitFxn__C)
                  0000664c    00000004     clock_pem4f.oem4f (.const:xdc_runtime_System_extendFxn__C)
                  00006650    00000004     clock_pem4f.oem4f (.const:xdc_runtime_System_maxAtexitHandlers__C)
                  00006654    00000004     clock_pem4f.oem4f (.const:xdc_runtime_Text_charTab__C)
                  00006658    00000004     clock_pem4f.oem4f (.const:xdc_runtime_Text_nameEmpty__C)
                  0000665c    00000004     clock_pem4f.oem4f (.const:xdc_runtime_Text_nameStatic__C)
                  00006660    00000004     clock_pem4f.oem4f (.const:xdc_runtime_Text_nameUnknown__C)
                  00006664    00000004     clock_pem4f.oem4f (.const:xdc_runtime_Text_nodeTab__C)
                  00006668    00000004     clock_pem4f.oem4f (.const:xdc_runtime_Text_visitRopeFxn__C)
                  0000666c    00000002     clock_pem4f.oem4f (.const:ti_sysbios_family_arm_m3_Hwi_Module__id__C)
                  0000666e    00000002     clock_pem4f.oem4f (.const:ti_sysbios_hal_Hwi_Module__id__C)
                  00006670    00000002     clock_pem4f.oem4f (.const:ti_sysbios_heaps_HeapMem_Module__id__C)
                  00006672    00000002     clock_pem4f.oem4f (.const:ti_sysbios_knl_Task_Module__id__C)
                  00006674    00000002     clock_pem4f.oem4f (.const:xdc_runtime_Core_Module__id__C)
                  00006676    00000002     clock_pem4f.oem4f (.const:xdc_runtime_Error_Module__loggerDefined__C)
                  00006678    00000002     clock_pem4f.oem4f (.const:xdc_runtime_Error_maxDepth__C)
                  0000667a    00000002     clock_pem4f.oem4f (.const:xdc_runtime_Memory_Module__id__C)
                  0000667c    00000002     clock_pem4f.oem4f (.const:xdc_runtime_SysMin_flushAtExit__C)
                  0000667e    00000002     clock_pem4f.oem4f (.const:xdc_runtime_Text_charCnt__C)
                  00006680    00000002     clock_pem4f.oem4f (.const:xdc_runtime_Text_isLoaded__C)
                  00006682    00000002     clock_pem4f.oem4f (.const:xdc_runtime_Text_registryModsLastId__C)
                  00006684    00000002     clock_pem4f.oem4f (.const:xdc_runtime_Text_unnamedModsLastId__C)

.cinit     0    00006688    000003c0     
                  00006688    0000038b     (.cinit..data.load) [load image, compression = rle]
                  00006a13    00000001     --HOLE-- [fill = 0]
                  00006a14    0000000c     (__TI_handler_table)
                  00006a20    00000008     (.cinit..bss.load) [load image, compression = zero_init]
                  00006a28    00000008     (.cinit..vecs.load) [load image, compression = zero_init]
                  00006a30    00000018     (__TI_cinit_table)

.resetVecs 
*          0    00000000    0000003c     
                  00000000    0000003c     clock_pem4f.oem4f (.resetVecs)

.bss       0    20000140    00000ab4     UNINITIALIZED
                  20000140    00000400     clock_pem4f.oem4f (.bss:ti_sysbios_heaps_HeapMem_Instance_State_0_buf__A)
                  20000540    00000200     clock_pem4f.oem4f (.bss:taskStackSection)
                  20000740    00000200     clock_pem4f.oem4f (.bss:xdc_runtime_SysMin_Module_State_0_outbuf__A)
                  20000940    00000140     clock_pem4f.oem4f (.bss:ti_sysbios_family_arm_m3_Hwi_dispatchTable)
                  20000a80    00000120     rtsv7M4_T_le_v4SPD16_eabi.lib : trgmsg.obj (.bss:__CIOBUF_)
                  20000ba0    00000024     clock.obj (.bss:clk0Struct)
                  20000bc4    00000024     clock.obj (.bss:clk1Struct)
                  20000be8    00000008     (.common:parmbuf)
                  20000bf0    00000004     (.common:clk2Handle)

.data      0    20000bf4    000004dc     UNINITIALIZED
                  20000bf4    00000140     clock_pem4f.oem4f (.data)
                  20000d34    0000009c     drivers_MSP432P401R.aem4f : PowerMSP432.oem4f (.data:PowerMSP432_perfLevels)
                  20000dd0    00000080     clock_pem4f.oem4f (.data:ti_sysbios_knl_Swi_Module_State_0_readyQ__A)
                  20000e50    00000080     clock_pem4f.oem4f (.data:ti_sysbios_knl_Task_Module_State_0_readyQ__A)
                  20000ed0    0000004c     clock_pem4f.oem4f (.data:ti_sysbios_family_arm_msp432_Timer_Object__table__V)
                  20000f1c    0000004c     clock_pem4f.oem4f (.data:ti_sysbios_knl_Task_Object__table__V)
                  20000f68    00000044     clock_pem4f.oem4f (.data:ti_sysbios_knl_Task_Module__state__V)
                  20000fac    00000038     clock_pem4f.oem4f (.data:ti_sysbios_gates_GateMutex_Object__table__V)
                  20000fe4    00000034     clock_pem4f.oem4f (.data:ti_sysbios_family_arm_m3_Hwi_Module__state__V)
                  20001018    00000030     clock_pem4f.oem4f (.data:ti_sysbios_knl_Swi_Object__table__V)
                  20001048    0000002c     clock_pem4f.oem4f (.data:ti_sysbios_knl_Clock_Module__state__V)
                  20001074    00000024     drivers_MSP432P401R.aem4f : PowerMSP432.oem4f (.data:PowerMSP432_module)
                  20001098    00000024     clock_pem4f.oem4f (.data:ti_sysbios_BIOS_Module__state__V)
                  200010bc    00000008     rtsv7M4_T_le_v4SPD16_eabi.lib : _lock.obj (.data)
                  200010c4    00000008                                   : exit.obj (.data)
                  200010cc    00000004                                   : stkdepth_vars.obj (.data)

.stack     0    2000fd00    00000300     UNINITIALIZED
                  2000fd00    00000300     --HOLE--

.bootVecs 
*          0    00000000    00000008     DSECT
                  00000000    00000008     boot.aem4f : boot.oem4f (.bootVecs)

.vecs      0    20000000    00000140     UNINITIALIZED
                  20000000    00000140     clock_pem4f.oem4f (.vecs)

xdc.meta   0    00000000    000000ff     COPY SECTION
                  00000000    000000ff     clock_pem4f.oem4f (xdc.meta)

.TI.noinit 
*          0    20000140    00000000     UNINITIALIZED

.TI.persistent 
*          0    20000bf4    00000000     UNINITIALIZED


LINKER GENERATED COPY TABLES

__TI_cinit_table @ 00006a30 records: 3, size/record: 8, table size: 24
	.data: load addr=00006688, load size=0000038b bytes, run addr=20000bf4, run size=000004dc bytes, compression=rle
	.bss: load addr=00006a20, load size=00000008 bytes, run addr=20000140, run size=00000ab4 bytes, compression=zero_init
	.vecs: load addr=00006a28, load size=00000008 bytes, run addr=20000000, run size=00000140 bytes, compression=zero_init


LINKER GENERATED HANDLER TABLE

__TI_handler_table @ 00006a14 records: 3, size/record: 4, table size: 12
	index: 0, handler: __TI_decompress_rle24
	index: 1, handler: __TI_decompress_none
	index: 2, handler: __TI_zero_init


GLOBAL SYMBOLS: SORTED ALPHABETICALLY BY Name 

address   name                                                        
-------   ----                                                        
00003559  C$$EXIT                                                     
00002aff  C$$IO$$                                                     
0000491b  CPU_cpsid                                                   
00004927  CPU_cpsie                                                   
00000da5  CPU_wfi                                                     
00001a8d  CS_initClockSignal                                          
000040a5  CS_setDCOCenteredFrequency                                  
00004991  ClockP_getSystemTicks                                       
000036f9  FlashCtl_disableReadBuffering                               
00003a99  FlashCtl_enableReadBuffering                                
00003fb5  FlashCtl_setWaitState                                       
00000a49  HOSTclock                                                   
00000a11  HOSTclose                                                   
000009d3  HOSTgetenv                                                  
00000977  HOSTlseek                                                   
00000925  HOSTopen                                                    
000008d9  HOSTread                                                    
0000087b  HOSTrename                                                  
00000841  HOSTtime                                                    
00000809  HOSTunlink                                                  
000007bd  HOSTwrite                                                   
00000f0d  List_head                                                   
000013b5  List_next                                                   
000049f9  MSP_EXP432P401R_initGeneral                                 
00003e59  PCM_getCoreVoltageLevel                                     
00003f61  PCM_getPowerMode                                            
00004935  PCM_getPowerState                                           
00003fdd  PCM_gotoLPM0                                                
0000257d  PCM_gotoLPM3                                                
000047cd  PCM_gotoLPM4                                                
00004a01  PCM_setPowerMode                                            
00004a09  PCM_setPowerState                                           
00003111  PCM_shutdownDevice                                          
00006508  PowerMSP432_config                                          
000023d7  PowerMSP432_initPolicy                                      
20001074  PowerMSP432_module                                          
20000d34  PowerMSP432_perfLevels                                      
00003161  PowerMSP432_sleepPolicy                                     
00003e85  PowerMSP432_updateFreqs                                     
00004941  Power_getConstraintMask                                     
000042cd  Power_idleFunc                                              
00003879  Power_init                                                  
000017b5  Power_sleep                                                 
000040c9  RTC_C_holdClock                                             
000040ed  RTC_C_startClock                                            
UNDEFED   SHT$$INIT_ARRAY$$Base                                       
UNDEFED   SHT$$INIT_ARRAY$$Limit                                      
4000480c  WDTCTL_SYM                                                  
000045e5  WDT_A_holdTimer                                             
00004705  WDT_A_startTimer                                            
00000000  __ASM__                                                     
20000a80  __CIOBUF_                                                   
0000007b  __ISA__                                                     
0000008e  __PLAT__                                                    
20010000  __STACK_END                                                 
00000300  __STACK_SIZE                                                
000000b1  __TARG__                                                    
00006a30  __TI_CINIT_Base                                             
00006a48  __TI_CINIT_Limit                                            
00006a14  __TI_Handler_Table_Base                                     
00006a20  __TI_Handler_Table_Limit                                    
000020c5  __TI_auto_init                                              
200010c4  __TI_cleanup_ptr                                            
000048e1  __TI_decompress_none                                        
00004a21  __TI_decompress_rle24                                       
200010c8  __TI_dtors_ptr                                              
00002b03  __TI_readmsg                                                
00006688  __TI_static_base__                                          
00002ad1  __TI_writemsg                                               
0000494d  __TI_zero_init                                              
000000d7  __TRDR__                                                    
000026ef  __aeabi_idiv0                                               
00002675  __aeabi_memclr                                              
00002675  __aeabi_memclr4                                             
00002675  __aeabi_memclr8                                             
00002205  __aeabi_memcpy                                              
00002205  __aeabi_memcpy4                                             
00002205  __aeabi_memcpy8                                             
00002677  __aeabi_memset                                              
00002677  __aeabi_memset4                                             
00002677  __aeabi_memset8                                             
00003779  __aeabi_uidiv                                               
00003779  __aeabi_uidivmod                                            
ffffffff  __binit__                                                   
ffffffff  __c_args__                                                  
2000fd00  __stack                                                     
00003c0b  __xdc__init                                                 
20000d30  __xdc__init__addr                                           
000045fd  _args_main                                                  
00002f09  _c_int00                                                    
200010bc  _lock                                                       
00004727  _nop                                                        
0000471f  _register_lock                                              
00004719  _register_unlock                                            
200010c0  _unlock                                                     
0000355d  abort                                                       
ffffffff  binit                                                       
00003bd9  clk0Fxn                                                     
20000ba0  clk0Struct                                                  
00002c6d  clk1Fxn                                                     
20000bc4  clk1Struct                                                  
20000bf0  clk2Handle                                                  
000032a1  copy_in                                                     
00003565  exit                                                        
000027d1  main                                                        
200010cc  main_func_sp                                                
00002205  memcpy                                                      
0000267d  memset                                                      
00004881  osi_TaskDisable                                             
00004811  osi_start                                                   
0000472d  strcpy                                                      
00004741  strlen                                                      
20001098  ti_sysbios_BIOS_Module__state__V                            
00004549  ti_sysbios_BIOS_RtsGateProxy_Handle__label__S               
000041c5  ti_sysbios_BIOS_RtsGateProxy_Object__delete__S              
00001e9d  ti_sysbios_BIOS_RtsGateProxy_enter__E                       
00001f5d  ti_sysbios_BIOS_RtsGateProxy_leave__E                       
00004a61  ti_sysbios_BIOS_RtsGateProxy_query__E                       
00003c45  ti_sysbios_BIOS_atExitFunc__I                               
00004111  ti_sysbios_BIOS_errorRaiseHook__I                           
000046d9  ti_sysbios_BIOS_exitFunc__I                                 
000047e1  ti_sysbios_BIOS_exit__E                                     
000027cf  ti_sysbios_BIOS_nullFunc__I                                 
00004135  ti_sysbios_BIOS_registerRTSLock__I                          
00004159  ti_sysbios_BIOS_removeRTSLock__I                            
000042ed  ti_sysbios_BIOS_rtsLock__I                                  
00004615  ti_sysbios_BIOS_rtsUnlock__I                                
000047f1  ti_sysbios_BIOS_setCpuFreq__E                               
00004801  ti_sysbios_BIOS_setThreadType__E                            
0000417d  ti_sysbios_BIOS_startFunc__I                                
00004811  ti_sysbios_BIOS_start__E                                    
0000655c  ti_sysbios_family_arm_m3_Hwi_E_NMI__C                       
00006560  ti_sysbios_family_arm_m3_Hwi_E_busFault__C                  
00006564  ti_sysbios_family_arm_m3_Hwi_E_debugMon__C                  
00006568  ti_sysbios_family_arm_m3_Hwi_E_hardFault__C                 
0000656c  ti_sysbios_family_arm_m3_Hwi_E_memFault__C                  
00006570  ti_sysbios_family_arm_m3_Hwi_E_noIsr__C                     
00006574  ti_sysbios_family_arm_m3_Hwi_E_reserved__C                  
00006578  ti_sysbios_family_arm_m3_Hwi_E_svCall__C                    
0000657c  ti_sysbios_family_arm_m3_Hwi_E_usageFault__C                
00004515  ti_sysbios_family_arm_m3_Hwi_Handle__label__S               
20000c14  ti_sysbios_family_arm_m3_Hwi_Module_State_0_excActive__A    
20000c18  ti_sysbios_family_arm_m3_Hwi_Module_State_0_excContext__A   
20000c1c  ti_sysbios_family_arm_m3_Hwi_Module_State_0_excStack__A     
0000666c  ti_sysbios_family_arm_m3_Hwi_Module__id__C                  
20000bf4  ti_sysbios_family_arm_m3_Hwi_Module__root__V                
0000462d  ti_sysbios_family_arm_m3_Hwi_Module__startupDone__F         
0000462d  ti_sysbios_family_arm_m3_Hwi_Module__startupDone__S         
20000fe4  ti_sysbios_family_arm_m3_Hwi_Module__state__V               
000031b1  ti_sysbios_family_arm_m3_Hwi_Module_startup__E              
00006580  ti_sysbios_family_arm_m3_Hwi_NUM_INTERRUPTS__C              
00006584  ti_sysbios_family_arm_m3_Hwi_Object__count__C               
00004755  ti_sysbios_family_arm_m3_Hwi_Object__get__S                 
20000bfc  ti_sysbios_family_arm_m3_Hwi_Object__table__V               
00006588  ti_sysbios_family_arm_m3_Hwi_ccr__C                         
00002c09  ti_sysbios_family_arm_m3_Hwi_dispatchC__I                   
20000940  ti_sysbios_family_arm_m3_Hwi_dispatchTable                  
000018a9  ti_sysbios_family_arm_m3_Hwi_dispatch__I                    
00004a11  ti_sysbios_family_arm_m3_Hwi_doSwiRestore__I                
00004a29  ti_sysbios_family_arm_m3_Hwi_doTaskRestore__I               
00003481  ti_sysbios_family_arm_m3_Hwi_enableInterrupt__E             
00000c31  ti_sysbios_family_arm_m3_Hwi_excBusFault__I                 
00001de1  ti_sysbios_family_arm_m3_Hwi_excDebugMon__I                 
00000041  ti_sysbios_family_arm_m3_Hwi_excDumpRegs__I                 
000012a9  ti_sysbios_family_arm_m3_Hwi_excFillContext__I              
0000430d  ti_sysbios_family_arm_m3_Hwi_excHandlerAsm__I               
0000658c  ti_sysbios_family_arm_m3_Hwi_excHandlerFunc__C              
000013b9  ti_sysbios_family_arm_m3_Hwi_excHandlerMax__I               
00004331  ti_sysbios_family_arm_m3_Hwi_excHandler__I                  
00001ea1  ti_sysbios_family_arm_m3_Hwi_excHardFault__I                
00006534  ti_sysbios_family_arm_m3_Hwi_excHookFuncs__A                
00006590  ti_sysbios_family_arm_m3_Hwi_excHookFuncs__C                
00000f11  ti_sysbios_family_arm_m3_Hwi_excMemFault__I                 
00003ad1  ti_sysbios_family_arm_m3_Hwi_excNmi__I                      
000039b9  ti_sysbios_family_arm_m3_Hwi_excNoIsr__I                    
000034c9  ti_sysbios_family_arm_m3_Hwi_excReserved__I                 
000038b9  ti_sysbios_family_arm_m3_Hwi_excSvCall__I                   
00000da9  ti_sysbios_family_arm_m3_Hwi_excUsageFault__I               
000035a1  ti_sysbios_family_arm_m3_Hwi_getStackInfo__E                
000023d9  ti_sysbios_family_arm_m3_Hwi_initNVIC__E                    
00002f61  ti_sysbios_family_arm_m3_Hwi_initStacks__E                  
00006594  ti_sysbios_family_arm_m3_Hwi_nullIsrFunc__C                 
e000e000  ti_sysbios_family_arm_m3_Hwi_nvic                           
00004059  ti_sysbios_family_arm_m3_Hwi_pendSV__I                      
000024f9  ti_sysbios_family_arm_m3_Hwi_postInit__I                    
00006598  ti_sysbios_family_arm_m3_Hwi_priGroup__C                    
20000000  ti_sysbios_family_arm_m3_Hwi_ramVectors                     
00000000  ti_sysbios_family_arm_m3_Hwi_resetVectors                   
0000407d  ti_sysbios_family_arm_m3_Hwi_return                         
00004a19  ti_sysbios_family_arm_m3_Hwi_startup__E                     
00004769  ti_sysbios_family_arm_m3_Hwi_switchFromBootStack__E         
0000283d  ti_sysbios_family_arm_m3_TaskSupport_Module__startupDone__S 
0000246d  ti_sysbios_family_arm_m3_TaskSupport_buildTaskStack         
00004959  ti_sysbios_family_arm_m3_TaskSupport_checkStack__E          
00004821  ti_sysbios_family_arm_m3_TaskSupport_glue                   
00003c79  ti_sysbios_family_arm_m3_TaskSupport_start__E               
00004645  ti_sysbios_family_arm_m3_TaskSupport_swap__E                
20000c20  ti_sysbios_family_arm_msp432_ClockFreqs_Module__state__V    
000041a1  ti_sysbios_family_arm_msp432_ClockFreqs_setFrequency__E     
20000c34  ti_sysbios_family_arm_msp432_Timer_Module_State_0_device__A 
20000c54  ti_sysbios_family_arm_msp432_Timer_Module_State_0_handles__A
20000c2c  ti_sysbios_family_arm_msp432_Timer_Module__root__V          
0000465d  ti_sysbios_family_arm_msp432_Timer_Module__startupDone__F   
0000465d  ti_sysbios_family_arm_msp432_Timer_Module__startupDone__S   
20000c64  ti_sysbios_family_arm_msp432_Timer_Module__state__V         
000037b9  ti_sysbios_family_arm_msp432_Timer_Module_startup__E        
20000ed0  ti_sysbios_family_arm_msp432_Timer_Object__table__V         
00004969  ti_sysbios_family_arm_msp432_Timer_getMaxTicks__E           
00003011  ti_sysbios_family_arm_msp432_Timer_initDevice__I            
0000659c  ti_sysbios_family_arm_msp432_Timer_numTimerDevices__C       
00002fb9  ti_sysbios_family_arm_msp432_Timer_periodicStub__E          
000032f1  ti_sysbios_family_arm_msp432_Timer_postInit__I              
00002b39  ti_sysbios_family_arm_msp432_Timer_setNextTick__E           
00003341  ti_sysbios_family_arm_msp432_Timer_start__E                 
000065a0  ti_sysbios_family_arm_msp432_Timer_startupNeeded__C         
000037f9  ti_sysbios_family_arm_msp432_Timer_startup__E               
00003069  ti_sysbios_family_arm_msp432_init_Boot_configureClocksHigh  
00004831  ti_sysbios_family_arm_msp432_init_Boot_disableWatchdog      
0000490f  ti_sysbios_family_arm_msp432_init_Boot_init__I              
00004411  ti_sysbios_family_xxx_Hwi_switchAndRunFunc                  
0000452f  ti_sysbios_gates_GateHwi_Handle__label__S                   
00004a71  ti_sysbios_gates_GateHwi_Instance_init__E                   
0000632c  ti_sysbios_gates_GateHwi_Module__FXNS__C                    
20000c70  ti_sysbios_gates_GateHwi_Module__root__V                    
000063e0  ti_sysbios_gates_GateHwi_Object__DESC__C                    
000064c0  ti_sysbios_gates_GateHwi_Object__PARAMS__C                  
00003ca9  ti_sysbios_gates_GateHwi_Object__create__S                  
00004351  ti_sysbios_gates_GateHwi_Object__delete__S                  
20000c78  ti_sysbios_gates_GateHwi_Object__table__V                   
00004979  ti_sysbios_gates_GateHwi_enter__E                           
00004a31  ti_sysbios_gates_GateHwi_leave__E                           
00004a59  ti_sysbios_gates_GateHwi_query__E                           
00004549  ti_sysbios_gates_GateMutex_Handle__label__S                 
000065a4  ti_sysbios_gates_GateMutex_Instance_State_sem__O            
00004841  ti_sysbios_gates_GateMutex_Instance_finalize__E             
00004431  ti_sysbios_gates_GateMutex_Instance_init__E                 
00006350  ti_sysbios_gates_GateMutex_Module__FXNS__C                  
20000c7c  ti_sysbios_gates_GateMutex_Module__root__V                  
00006400  ti_sysbios_gates_GateMutex_Object__DESC__C                  
000064d8  ti_sysbios_gates_GateMutex_Object__PARAMS__C                
00003cd9  ti_sysbios_gates_GateMutex_Object__create__S                
000041c5  ti_sysbios_gates_GateMutex_Object__delete__S                
20000fac  ti_sysbios_gates_GateMutex_Object__table__V                 
00003d09  ti_sysbios_gates_GateMutex_enter__E                         
00004679  ti_sysbios_gates_GateMutex_leave__E                         
00004a61  ti_sysbios_gates_GateMutex_query__E                         
000065a8  ti_sysbios_hal_Hwi_E_stackOverflow__C                       
00004515  ti_sysbios_hal_Hwi_HwiProxy_Handle__label__S                
0000462d  ti_sysbios_hal_Hwi_HwiProxy_Module__startupDone__S          
00003481  ti_sysbios_hal_Hwi_HwiProxy_enableInterrupt__E              
000035a1  ti_sysbios_hal_Hwi_HwiProxy_getStackInfo__E                 
00004a19  ti_sysbios_hal_Hwi_HwiProxy_startup__E                      
00004769  ti_sysbios_hal_Hwi_HwiProxy_switchFromBootStack__E          
0000666e  ti_sysbios_hal_Hwi_Module__id__C                            
20000c84  ti_sysbios_hal_Hwi_Module__root__V                          
000047a9  ti_sysbios_hal_Hwi_Module_startup__E                        
00003b09  ti_sysbios_hal_Hwi_checkStack                               
00003c11  ti_sysbios_hal_Hwi_initStack                                
000065ac  ti_sysbios_heaps_HeapMem_E_memory__C                        
00004563  ti_sysbios_heaps_HeapMem_Handle__label__S                   
20000140  ti_sysbios_heaps_HeapMem_Instance_State_0_buf__A            
00003839  ti_sysbios_heaps_HeapMem_Instance_init__E                   
00004549  ti_sysbios_heaps_HeapMem_Module_GateProxy_Handle__label__S  
000041c5  ti_sysbios_heaps_HeapMem_Module_GateProxy_Object__delete__S 
000028ad  ti_sysbios_heaps_HeapMem_Module_GateProxy_enter__E          
0000291d  ti_sysbios_heaps_HeapMem_Module_GateProxy_leave__E          
00004a61  ti_sysbios_heaps_HeapMem_Module_GateProxy_query__E          
00006304  ti_sysbios_heaps_HeapMem_Module__FXNS__C                    
000065b0  ti_sysbios_heaps_HeapMem_Module__gateObj__C                 
00006670  ti_sysbios_heaps_HeapMem_Module__id__C                      
20000c8c  ti_sysbios_heaps_HeapMem_Module__root__V                    
00006420  ti_sysbios_heaps_HeapMem_Object__DESC__C                    
00006374  ti_sysbios_heaps_HeapMem_Object__PARAMS__C                  
000065b4  ti_sysbios_heaps_HeapMem_Object__count__C                   
00003d39  ti_sysbios_heaps_HeapMem_Object__create__S                  
00004371  ti_sysbios_heaps_HeapMem_Object__delete__S                  
0000477d  ti_sysbios_heaps_HeapMem_Object__get__S                     
20000c94  ti_sysbios_heaps_HeapMem_Object__table__V                   
00001c49  ti_sysbios_heaps_HeapMem_alloc__E                           
000025f9  ti_sysbios_heaps_HeapMem_free__E                            
00003391  ti_sysbios_heaps_HeapMem_getStats__E                        
000038f9  ti_sysbios_heaps_HeapMem_init__I                            
00004a39  ti_sysbios_heaps_HeapMem_isBlocking__E                      
000065b8  ti_sysbios_heaps_HeapMem_reqAlign__C                        
00003939  ti_sysbios_knl_Clock_Instance_init__E                       
000065bc  ti_sysbios_knl_Clock_Module_State_clockQ__O                 
20000cac  ti_sysbios_knl_Clock_Module__root__V                        
20001048  ti_sysbios_knl_Clock_Module__state__V                       
000041e9  ti_sysbios_knl_Clock_Module_startup__E                      
00006440  ti_sysbios_knl_Clock_Object__DESC__C                        
00006398  ti_sysbios_knl_Clock_Object__PARAMS__C                      
00004985  ti_sysbios_knl_Clock_Params__init__S                        
0000465d  ti_sysbios_knl_Clock_TimerProxy_Module__startupDone__S      
00002d8d  ti_sysbios_knl_Clock_TimerProxy_getMaxTicks__E              
000037f9  ti_sysbios_knl_Clock_TimerProxy_startup__E                  
00004009  ti_sysbios_knl_Clock_addI__E                                
00003b3d  ti_sysbios_knl_Clock_construct                              
00003eb1  ti_sysbios_knl_Clock_doTick__I                              
00004991  ti_sysbios_knl_Clock_getTicks__E                            
00004a79  ti_sysbios_knl_Clock_logTick__E                             
00004211  ti_sysbios_knl_Clock_start__E                               
00002841  ti_sysbios_knl_Clock_workFunc__E                            
0000653c  ti_sysbios_knl_Idle_funcList__A                             
00006544  ti_sysbios_knl_Idle_funcList__C                             
000048f1  ti_sysbios_knl_Idle_loop__E                                 
00004391  ti_sysbios_knl_Idle_run__E                                  
00004a41  ti_sysbios_knl_Queue_Instance_init__E                       
20000cb4  ti_sysbios_knl_Queue_Module__root__V                        
00006460  ti_sysbios_knl_Queue_Object__DESC__C                        
000064f0  ti_sysbios_knl_Queue_Object__PARAMS__C                      
0000444d  ti_sysbios_knl_Queue_Object__destruct__S                    
000049a9  ti_sysbios_knl_Queue_Object__get__S                         
00003edd  ti_sysbios_knl_Queue_construct                              
00002ded  ti_sysbios_knl_Queue_destruct                               
00004901  ti_sysbios_knl_Queue_empty__E                               
00004469  ti_sysbios_knl_Queue_put__E                                 
000065c0  ti_sysbios_knl_Semaphore_Instance_State_pendQ__O            
00004851  ti_sysbios_knl_Semaphore_Instance_finalize__E               
00004239  ti_sysbios_knl_Semaphore_Instance_init__E                   
20000cbc  ti_sysbios_knl_Semaphore_Module__root__V                    
00006480  ti_sysbios_knl_Semaphore_Object__DESC__C                    
000063bc  ti_sysbios_knl_Semaphore_Object__PARAMS__C                  
000043b1  ti_sysbios_knl_Semaphore_Object__destruct__S                
00003d69  ti_sysbios_knl_Semaphore_construct                          
00002e4d  ti_sysbios_knl_Semaphore_destruct                           
00003d99  ti_sysbios_knl_Semaphore_pendTimeout__I                     
00001059  ti_sysbios_knl_Semaphore_pend__E                            
000026f1  ti_sysbios_knl_Semaphore_post__E                            
0000457d  ti_sysbios_knl_Swi_Handle__label__S                         
20000dd0  ti_sysbios_knl_Swi_Module_State_0_readyQ__A                 
20000cc4  ti_sysbios_knl_Swi_Module__root__V                          
20000ccc  ti_sysbios_knl_Swi_Module__state__V                         
00004031  ti_sysbios_knl_Swi_Module_startup__E                        
000065c4  ti_sysbios_knl_Swi_Object__count__C                         
00004791  ti_sysbios_knl_Swi_Object__get__S                           
20001018  ti_sysbios_knl_Swi_Object__table__V                         
00004861  ti_sysbios_knl_Swi_disable__E                               
000035e9  ti_sysbios_knl_Swi_post__E                                  
000028b1  ti_sysbios_knl_Swi_restoreHwi__E                            
00003979  ti_sysbios_knl_Swi_restore__E                               
000033e1  ti_sysbios_knl_Swi_runLoop__I                               
00002d31  ti_sysbios_knl_Swi_run__I                                   
00002d91  ti_sysbios_knl_Swi_schedule__I                              
00004a49  ti_sysbios_knl_Swi_startup__E                               
000065c8  ti_sysbios_knl_Task_E_spOutOfBounds__C                      
000065cc  ti_sysbios_knl_Task_E_stackOverflow__C                      
00004597  ti_sysbios_knl_Task_Handle__label__S                        
20000540  ti_sysbios_knl_Task_Instance_State_0_stack__A               
20000cf0  ti_sysbios_knl_Task_Module_State_0_idleTask__A              
20000e50  ti_sysbios_knl_Task_Module_State_0_readyQ__A                
000065d0  ti_sysbios_knl_Task_Module_State_inactiveQ__O               
00006672  ti_sysbios_knl_Task_Module__id__C                           
20000ce8  ti_sysbios_knl_Task_Module__root__V                         
20000f68  ti_sysbios_knl_Task_Module__state__V                        
00002df1  ti_sysbios_knl_Task_Module_startup__E                       
000065d4  ti_sysbios_knl_Task_Object__count__C                        
00004871  ti_sysbios_knl_Task_Object__get__S                          
20000f1c  ti_sysbios_knl_Task_Object__table__V                        
0000283d  ti_sysbios_knl_Task_SupportProxy_Module__startupDone__S     
00004959  ti_sysbios_knl_Task_SupportProxy_checkStack__E              
00003c79  ti_sysbios_knl_Task_SupportProxy_start__E                   
00004645  ti_sysbios_knl_Task_SupportProxy_swap__E                    
000065d8  ti_sysbios_knl_Task_allBlockedFunc__C                       
00003431  ti_sysbios_knl_Task_allBlockedFunction__I                   
00001f61  ti_sysbios_knl_Task_checkStacks__E                          
00004881  ti_sysbios_knl_Task_disable__E                              
00004489  ti_sysbios_knl_Task_enter__I                                
00002921  ti_sysbios_knl_Task_exit__E                                 
000065dc  ti_sysbios_knl_Task_numConstructedTasks__C                  
000022a1  ti_sysbios_knl_Task_postInit__I                             
000039f1  ti_sysbios_knl_Task_processVitalTaskFlag__I                 
00004261  ti_sysbios_knl_Task_restoreHwi__E                           
00003f09  ti_sysbios_knl_Task_restore__E                              
00002cd1  ti_sysbios_knl_Task_schedule__I                             
00002e51  ti_sysbios_knl_Task_startCore__E                            
00004a69  ti_sysbios_knl_Task_startup__E                              
00004651  ti_sysbios_knl_Task_swapReturn                              
00003dc9  ti_sysbios_knl_Task_unblockI__E                             
000065e0  xdc_runtime_Assert_E_assertFailed__C                        
000030bd  xdc_runtime_Assert_raise__I                                 
000065e4  xdc_runtime_Core_A_initializedParams__C                     
000065e8  xdc_runtime_Core_Module__diagsEnabled__C                    
000065ec  xdc_runtime_Core_Module__diagsIncluded__C                   
000065f0  xdc_runtime_Core_Module__diagsMask__C                       
00006674  xdc_runtime_Core_Module__id__C                              
00003b71  xdc_runtime_Core_assignLabel__I                             
00003511  xdc_runtime_Core_assignParams__I                            
00001d15  xdc_runtime_Core_constructObject__I                         
000014c5  xdc_runtime_Core_createObject__I                            
00002ba1  xdc_runtime_Core_deleteObject__I                            
000065f4  xdc_runtime_Error_E_memory__C                               
000065f8  xdc_runtime_Error_Module__diagsEnabled__C                   
000065fc  xdc_runtime_Error_Module__diagsIncluded__C                  
00006600  xdc_runtime_Error_Module__diagsMask__C                      
00006676  xdc_runtime_Error_Module__loggerDefined__C                  
00006604  xdc_runtime_Error_Module__loggerFxn8__C                     
00006608  xdc_runtime_Error_Module__loggerObj__C                      
20000cf4  xdc_runtime_Error_Module__state__V                          
00004691  xdc_runtime_Error_check__E                                  
[...]
00004563  xdc_runtime_Memory_HeapProxy_Handle__label__S               
0000457d  ti_sysbios_knl_Swi_Handle__label__S                         
00004597  ti_sysbios_knl_Task_Handle__label__S                        
000045b1  xdc_runtime_System_aprintf__E                               
000045cb  xdc_runtime_System_printf__E                                
000045e5  WDT_A_holdTimer                                             
000045fd  _args_main                                                  
00004615  ti_sysbios_BIOS_rtsUnlock__I                                
0000462d  ti_sysbios_family_arm_m3_Hwi_Module__startupDone__F         
0000462d  ti_sysbios_family_arm_m3_Hwi_Module__startupDone__S         
0000462d  ti_sysbios_hal_Hwi_HwiProxy_Module__startupDone__S          
00004645  ti_sysbios_family_arm_m3_TaskSupport_swap__E                
00004645  ti_sysbios_knl_Task_SupportProxy_swap__E                    
00004651  ti_sysbios_knl_Task_swapReturn                              
0000465d  ti_sysbios_family_arm_msp432_Timer_Module__startupDone__F   
0000465d  ti_sysbios_family_arm_msp432_Timer_Module__startupDone__S   
0000465d  ti_sysbios_knl_Clock_TimerProxy_Module__startupDone__S      
00004679  ti_sysbios_gates_GateMutex_leave__E                         
00004691  xdc_runtime_Error_check__E                                  
000046a9  xdc_runtime_System_exit__E                                  
000046c1  xdc_runtime_Text_ropeText__E                                
000046d9  ti_sysbios_BIOS_exitFunc__I                                 
00004705  WDT_A_startTimer                                            
00004719  _register_unlock                                            
0000471f  _register_lock                                              
00004727  _nop                                                        
0000472d  strcpy                                                      
00004741  strlen                                                      
00004755  ti_sysbios_family_arm_m3_Hwi_Object__get__S                 
00004769  ti_sysbios_family_arm_m3_Hwi_switchFromBootStack__E         
00004769  ti_sysbios_hal_Hwi_HwiProxy_switchFromBootStack__E          
0000477d  ti_sysbios_heaps_HeapMem_Object__get__S                     
00004791  ti_sysbios_knl_Swi_Object__get__S                           
000047a9  ti_sysbios_hal_Hwi_Module_startup__E                        
000047bb  xdc_runtime_Startup_exec__I                                 
000047cd  PCM_gotoLPM4                                                
000047e1  ti_sysbios_BIOS_exit__E                                     
000047f1  ti_sysbios_BIOS_setCpuFreq__E                               
00004801  ti_sysbios_BIOS_setThreadType__E                            
00004811  osi_start                                                   
00004811  ti_sysbios_BIOS_start__E                                    
00004821  ti_sysbios_family_arm_m3_TaskSupport_glue                   
00004831  ti_sysbios_family_arm_msp432_init_Boot_disableWatchdog      
00004841  ti_sysbios_gates_GateMutex_Instance_finalize__E             
00004851  ti_sysbios_knl_Semaphore_Instance_finalize__E               
00004861  ti_sysbios_knl_Swi_disable__E                               
00004871  ti_sysbios_knl_Task_Object__get__S                          
00004881  osi_TaskDisable                                             
00004881  ti_sysbios_knl_Task_disable__E                              
00004891  xdc_runtime_Gate_leaveSystem__E                             
000048a1  xdc_runtime_Memory_free__E                                  
000048b1  xdc_runtime_SysMin_ready__E                                 
000048b1  xdc_runtime_System_SupportProxy_ready__E                    
000048c1  xdc_runtime_System_vsnprintf__E                             
000048d1  xdc_runtime_Text_visitRope__I                               
000048e1  __TI_decompress_none                                        
000048f1  ti_sysbios_knl_Idle_loop__E                                 
00004901  ti_sysbios_knl_Queue_empty__E                               
0000490f  ti_sysbios_family_arm_msp432_init_Boot_init__I              
0000490f  xdc_runtime_Startup_reset__I                                
0000491b  CPU_cpsid                                                   
00004927  CPU_cpsie                                                   
00004935  PCM_getPowerState                                           
00004941  Power_getConstraintMask                                     
0000494d  __TI_zero_init                                              
00004959  ti_sysbios_family_arm_m3_TaskSupport_checkStack__E          
00004959  ti_sysbios_knl_Task_SupportProxy_checkStack__E              
00004969  ti_sysbios_family_arm_msp432_Timer_getMaxTicks__E           
00004979  ti_sysbios_gates_GateHwi_enter__E                           
00004985  ti_sysbios_knl_Clock_Params__init__S                        
00004991  ClockP_getSystemTicks                                       
00004991  ti_sysbios_knl_Clock_getTicks__E                            
000049a9  ti_sysbios_knl_Queue_Object__get__S                         
000049b5  xdc_runtime_Error_init__E                                   
000049c1  xdc_runtime_Gate_enterSystem__E                             
000049cd  xdc_runtime_Memory_calloc__E                                
000049d9  xdc_runtime_Memory_getMaxDefaultTypeAlign__E                
000049e5  xdc_runtime_Memory_HeapProxy_alloc__E                       
000049ef  xdc_runtime_Memory_HeapProxy_free__E                        
000049f9  MSP_EXP432P401R_initGeneral                                 
00004a01  PCM_setPowerMode                                            
00004a09  PCM_setPowerState                                           
00004a11  ti_sysbios_family_arm_m3_Hwi_doSwiRestore__I                
00004a19  ti_sysbios_family_arm_m3_Hwi_startup__E                     
00004a19  ti_sysbios_hal_Hwi_HwiProxy_startup__E                      
00004a21  __TI_decompress_rle24                                       
00004a29  ti_sysbios_family_arm_m3_Hwi_doTaskRestore__I               
00004a31  ti_sysbios_gates_GateHwi_leave__E                           
00004a39  ti_sysbios_heaps_HeapMem_isBlocking__E                      
00004a41  ti_sysbios_knl_Queue_Instance_init__E                       
00004a49  ti_sysbios_knl_Swi_startup__E                               
00004a4f  xdc_runtime_System_Module_startup__E                        
00004a59  ti_sysbios_gates_GateHwi_query__E                           
00004a59  xdc_runtime_Main_Module_GateProxy_query__E                  
00004a59  xdc_runtime_System_Module_GateProxy_query__E                
00004a61  ti_sysbios_BIOS_RtsGateProxy_query__E                       
00004a61  ti_sysbios_gates_GateMutex_query__E                         
00004a61  ti_sysbios_heaps_HeapMem_Module_GateProxy_query__E          
00004a69  ti_sysbios_knl_Task_startup__E                              
00004a71  ti_sysbios_gates_GateHwi_Instance_init__E                   
00004a79  ti_sysbios_knl_Clock_logTick__E                             
00004a7c  xdc_runtime_Text_charTab__A                                 
0000620b  xdc_runtime_Error_policy__C                                 
0000620c  xdc_runtime_Text_nodeTab__A                                 
00006304  ti_sysbios_heaps_HeapMem_Module__FXNS__C                    
0000632c  ti_sysbios_gates_GateHwi_Module__FXNS__C                    
00006350  ti_sysbios_gates_GateMutex_Module__FXNS__C                  
00006374  ti_sysbios_heaps_HeapMem_Object__PARAMS__C                  
00006398  ti_sysbios_knl_Clock_Object__PARAMS__C                      
000063bc  ti_sysbios_knl_Semaphore_Object__PARAMS__C                  
000063e0  ti_sysbios_gates_GateHwi_Object__DESC__C                    
00006400  ti_sysbios_gates_GateMutex_Object__DESC__C                  
00006420  ti_sysbios_heaps_HeapMem_Object__DESC__C                    
00006440  ti_sysbios_knl_Clock_Object__DESC__C                        
00006460  ti_sysbios_knl_Queue_Object__DESC__C                        
00006480  ti_sysbios_knl_Semaphore_Object__DESC__C                    
000064a0  xdc_runtime_Startup_sfxnTab__A                              
000064c0  ti_sysbios_gates_GateHwi_Object__PARAMS__C                  
000064d8  ti_sysbios_gates_GateMutex_Object__PARAMS__C                
000064f0  ti_sysbios_knl_Queue_Object__PARAMS__C                      
00006508  PowerMSP432_config                                          
00006518  xdc_runtime_Startup_sfxnRts__A                              
00006528  xdc_runtime_Startup_firstFxns__A                            
00006534  ti_sysbios_family_arm_m3_Hwi_excHookFuncs__A                
0000653c  ti_sysbios_knl_Idle_funcList__A                             
00006544  ti_sysbios_knl_Idle_funcList__C                             
0000654c  xdc_runtime_Startup_firstFxns__C                            
00006554  xdc_runtime_Startup_lastFxns__C                             
0000655c  ti_sysbios_family_arm_m3_Hwi_E_NMI__C                       
00006560  ti_sysbios_family_arm_m3_Hwi_E_busFault__C                  
00006564  ti_sysbios_family_arm_m3_Hwi_E_debugMon__C                  
00006568  ti_sysbios_family_arm_m3_Hwi_E_hardFault__C                 
0000656c  ti_sysbios_family_arm_m3_Hwi_E_memFault__C                  
00006570  ti_sysbios_family_arm_m3_Hwi_E_noIsr__C                     
00006574  ti_sysbios_family_arm_m3_Hwi_E_reserved__C                  
00006578  ti_sysbios_family_arm_m3_Hwi_E_svCall__C                    
0000657c  ti_sysbios_family_arm_m3_Hwi_E_usageFault__C                
00006580  ti_sysbios_family_arm_m3_Hwi_NUM_INTERRUPTS__C              
00006584  ti_sysbios_family_arm_m3_Hwi_Object__count__C               
00006588  ti_sysbios_family_arm_m3_Hwi_ccr__C                         
0000658c  ti_sysbios_family_arm_m3_Hwi_excHandlerFunc__C              
00006590  ti_sysbios_family_arm_m3_Hwi_excHookFuncs__C                
00006594  ti_sysbios_family_arm_m3_Hwi_nullIsrFunc__C                 
00006598  ti_sysbios_family_arm_m3_Hwi_priGroup__C                    
0000659c  ti_sysbios_family_arm_msp432_Timer_numTimerDevices__C       
000065a0  ti_sysbios_family_arm_msp432_Timer_startupNeeded__C         
000065a4  ti_sysbios_gates_GateMutex_Instance_State_sem__O            
000065a8  ti_sysbios_hal_Hwi_E_stackOverflow__C                       
000065ac  ti_sysbios_heaps_HeapMem_E_memory__C                        
000065b0  ti_sysbios_heaps_HeapMem_Module__gateObj__C                 
000065b4  ti_sysbios_heaps_HeapMem_Object__count__C                   
000065b8  ti_sysbios_heaps_HeapMem_reqAlign__C                        
000065bc  ti_sysbios_knl_Clock_Module_State_clockQ__O                 
000065c0  ti_sysbios_knl_Semaphore_Instance_State_pendQ__O            
000065c4  ti_sysbios_knl_Swi_Object__count__C                         
000065c8  ti_sysbios_knl_Task_E_spOutOfBounds__C                      
000065cc  ti_sysbios_knl_Task_E_stackOverflow__C                      
000065d0  ti_sysbios_knl_Task_Module_State_inactiveQ__O               
000065d4  ti_sysbios_knl_Task_Object__count__C                        
000065d8  ti_sysbios_knl_Task_allBlockedFunc__C                       
000065dc  ti_sysbios_knl_Task_numConstructedTasks__C                  
000065e0  xdc_runtime_Assert_E_assertFailed__C                        
000065e4  xdc_runtime_Core_A_initializedParams__C                     
000065e8  xdc_runtime_Core_Module__diagsEnabled__C                    
000065ec  xdc_runtime_Core_Module__diagsIncluded__C                   
000065f0  xdc_runtime_Core_Module__diagsMask__C                       
000065f4  xdc_runtime_Error_E_memory__C                               
000065f8  xdc_runtime_Error_Module__diagsEnabled__C                   
000065fc  xdc_runtime_Error_Module__diagsIncluded__C                  
00006600  xdc_runtime_Error_Module__diagsMask__C                      
00006604  xdc_runtime_Error_Module__loggerFxn8__C                     
00006608  xdc_runtime_Error_Module__loggerObj__C                      
0000660c  xdc_runtime_Error_policyFxn__C                              
00006610  xdc_runtime_Error_raiseHook__C                              
00006614  xdc_runtime_IGateProvider_Interface__BASE__C                
00006618  xdc_runtime_IHeap_Interface__BASE__C                        
0000661c  xdc_runtime_IModule_Interface__BASE__C                      
00006620  xdc_runtime_Log_L_error__C                                  
00006624  xdc_runtime_Memory_defaultHeapInstance__C                   
00006628  xdc_runtime_Startup_execImpl__C                             
0000662c  xdc_runtime_Startup_maxPasses__C                            
00006630  xdc_runtime_Startup_sfxnRts__C                              
00006634  xdc_runtime_Startup_sfxnTab__C                              
00006638  xdc_runtime_SysMin_bufSize__C                               
0000663c  xdc_runtime_SysMin_outputFunc__C                            
00006640  xdc_runtime_System_Module__gateObj__C                       
00006644  xdc_runtime_System_abortFxn__C                              
00006648  xdc_runtime_System_exitFxn__C                               
0000664c  xdc_runtime_System_extendFxn__C                             
00006650  xdc_runtime_System_maxAtexitHandlers__C                     
00006654  xdc_runtime_Text_charTab__C                                 
00006658  xdc_runtime_Text_nameEmpty__C                               
0000665c  xdc_runtime_Text_nameStatic__C                              
00006660  xdc_runtime_Text_nameUnknown__C                             
00006664  xdc_runtime_Text_nodeTab__C                                 
00006668  xdc_runtime_Text_visitRopeFxn__C                            
0000666c  ti_sysbios_family_arm_m3_Hwi_Module__id__C                  
0000666e  ti_sysbios_hal_Hwi_Module__id__C                            
00006670  ti_sysbios_heaps_HeapMem_Module__id__C                      
00006672  ti_sysbios_knl_Task_Module__id__C                           
00006674  xdc_runtime_Core_Module__id__C                              
00006676  xdc_runtime_Error_Module__loggerDefined__C                  
00006678  xdc_runtime_Error_maxDepth__C                               
0000667a  xdc_runtime_Memory_Module__id__C                            
0000667c  xdc_runtime_SysMin_flushAtExit__C                           
0000667e  xdc_runtime_Text_charCnt__C                                 
00006680  xdc_runtime_Text_isLoaded__C                                
00006682  xdc_runtime_Text_registryModsLastId__C                      
00006684  xdc_runtime_Text_unnamedModsLastId__C                       
00006688  __TI_static_base__                                          
00006a14  __TI_Handler_Table_Base                                     
00006a20  __TI_Handler_Table_Limit                                    
00006a30  __TI_CINIT_Base                                             
00006a48  __TI_CINIT_Limit                                            
20000000  ti_sysbios_family_arm_m3_Hwi_ramVectors                     
20000140  ti_sysbios_heaps_HeapMem_Instance_State_0_buf__A            
20000540  ti_sysbios_knl_Task_Instance_State_0_stack__A               
20000740  xdc_runtime_SysMin_Module_State_0_outbuf__A                 
20000940  ti_sysbios_family_arm_m3_Hwi_dispatchTable                  
20000a80  __CIOBUF_                                                   
20000ba0  clk0Struct                                                  
20000bc4  clk1Struct                                                  
20000bf0  clk2Handle                                                  
20000bf4  ti_sysbios_family_arm_m3_Hwi_Module__root__V                
20000bfc  ti_sysbios_family_arm_m3_Hwi_Object__table__V               
20000c14  ti_sysbios_family_arm_m3_Hwi_Module_State_0_excActive__A    
20000c18  ti_sysbios_family_arm_m3_Hwi_Module_State_0_excContext__A   
20000c1c  ti_sysbios_family_arm_m3_Hwi_Module_State_0_excStack__A     
20000c20  ti_sysbios_family_arm_msp432_ClockFreqs_Module__state__V    
20000c2c  ti_sysbios_family_arm_msp432_Timer_Module__root__V          
20000c34  ti_sysbios_family_arm_msp432_Timer_Module_State_0_device__A 
20000c54  ti_sysbios_family_arm_msp432_Timer_Module_State_0_handles__A
20000c64  ti_sysbios_family_arm_msp432_Timer_Module__state__V         
20000c70  ti_sysbios_gates_GateHwi_Module__root__V                    
20000c78  ti_sysbios_gates_GateHwi_Object__table__V                   
20000c7c  ti_sysbios_gates_GateMutex_Module__root__V                  
20000c84  ti_sysbios_hal_Hwi_Module__root__V                          
20000c8c  ti_sysbios_heaps_HeapMem_Module__root__V                    
20000c94  ti_sysbios_heaps_HeapMem_Object__table__V                   
20000cac  ti_sysbios_knl_Clock_Module__root__V                        
20000cb4  ti_sysbios_knl_Queue_Module__root__V                        
20000cbc  ti_sysbios_knl_Semaphore_Module__root__V                    
20000cc4  ti_sysbios_knl_Swi_Module__root__V                          
20000ccc  ti_sysbios_knl_Swi_Module__state__V                         
20000ce8  ti_sysbios_knl_Task_Module__root__V                         
20000cf0  ti_sysbios_knl_Task_Module_State_0_idleTask__A              
20000cf4  xdc_runtime_Error_Module__state__V                          
20000cf8  xdc_runtime_Memory_Module__state__V                         
20000cfc  xdc_runtime_Registry_Module__state__V                       
20000d04  xdc_runtime_Startup_Module__state__V                        
20000d0c  xdc_runtime_SysMin_Module__state__V                         
20000d18  xdc_runtime_System_Module_State_0_atexitHandlers__A         
20000d20  xdc_runtime_System_Module__state__V                         
20000d28  xdc_runtime_Text_Module__state__V                           
20000d30  __xdc__init__addr                                           
20000d34  PowerMSP432_perfLevels                                      
20000dd0  ti_sysbios_knl_Swi_Module_State_0_readyQ__A                 
20000e50  ti_sysbios_knl_Task_Module_State_0_readyQ__A                
20000ed0  ti_sysbios_family_arm_msp432_Timer_Object__table__V         
20000f1c  ti_sysbios_knl_Task_Object__table__V                        
20000f68  ti_sysbios_knl_Task_Module__state__V                        
20000fac  ti_sysbios_gates_GateMutex_Object__table__V                 
20000fe4  ti_sysbios_family_arm_m3_Hwi_Module__state__V               
20001018  ti_sysbios_knl_Swi_Object__table__V                         
20001048  ti_sysbios_knl_Clock_Module__state__V                       
20001074  PowerMSP432_module                                          
20001098  ti_sysbios_BIOS_Module__state__V                            
200010bc  _lock                                                       
200010c0  _unlock                                                     
200010c4  __TI_cleanup_ptr                                            
200010c8  __TI_dtors_ptr                                              
200010cc  main_func_sp                                                
2000fd00  __stack                                                     
20010000  __STACK_END                                                 
4000480c  WDTCTL_SYM                                                  
e000e000  ti_sysbios_family_arm_m3_Hwi_nvic                           
ffffffff  __binit__                                                   
ffffffff  __c_args__                                                  
ffffffff  binit                                                       
UNDEFED   SHT$$INIT_ARRAY$$Base                                       
UNDEFED   SHT$$INIT_ARRAY$$Limit                                      

[517 symbols]
