******************************************************************************
                  TI ARM Linker Unix v5.2.6                    
******************************************************************************
>> Linked Sat Apr  2 20:03:43 2016

OUTPUT FILE NAME:   <timer32_periodic_mode_led_toggle.out>
ENTRY POINT SYMBOL: "_c_int00"  address: 0000086d


MEMORY CONFIGURATION

         name            origin    length      used     unused   attr    fill
----------------------  --------  ---------  --------  --------  ----  --------
  MAIN                  00000000   00040000  00000b28  0003f4d8  R  X
  INFO                  00200000   00004000  00000000  00004000  R  X
  SRAM_CODE             01000000   00010000  00000000  00010000  RW X
  SRAM_DATA             20000000   00010000  00000248  0000fdb8  RW  


SEGMENT ALLOCATION MAP

run origin  load origin   length   init length attrs members
----------  ----------- ---------- ----------- ----- -------
00000000    00000000    00000b2c   00000b2c    r-x
  00000000    00000000    00000140   00000140    r-- .intvecs
  00000140    00000140    00000994   00000994    r-x .text
  00000ad8    00000ad8    00000054   00000054    r-- .cinit
20000000    20000000    00000048   00000000    rw-
  20000000    20000000    00000048   00000000    rw- .data
2000fe00    2000fe00    00000200   00000000    rw-
  2000fe00    2000fe00    00000200   00000000    rw- .stack


SECTION ALLOCATION MAP

 output                                  attributes/
section   page    origin      length       input sections
--------  ----  ----------  ----------   ----------------
.intvecs   0    00000000    00000140     
                  00000000    00000140     startup_msp432p401r_ccs.obj (.intvecs:retain)

.text      0    00000140    00000994     
                  00000140    00000348     system_msp432p401r.obj (.text)
                  00000488    00000114     timer32_periodic_mode_led_toggle.obj (.text)
                  0000059c    000000e0     msp432p4xx_driverlib.lib : cs.o (.text:CS_initClockSignal)
                  0000067c    0000009c     rtsv7M4_T_le_v4SPD16_eabi.lib : memcpy_t2.obj (.text)
                  00000718    0000007a                                   : memset_t2.obj (.text)
                  00000792    00000002     --HOLE-- [fill = 0]
                  00000794    0000006c                                   : autoinit.obj (.text)
                  00000800    0000006a                                   : copy_decompress_rle.obj (.text)
                  0000086a    00000002     --HOLE-- [fill = 0]
                  0000086c    00000050                                   : boot.obj (.text)
                  000008bc    0000004c                                   : cpy_tbl.obj (.text)
                  00000908    00000044                                   : exit.obj (.text)
                  0000094c    00000040     msp432p4xx_driverlib.lib : gpio.o (.text:GPIO_getEnabledInterruptStatus)
                  0000098c    00000030                              : gpio.o (.text:GPIO_setAsInputPinWithPullUpResistor)
                  000009bc    00000024                              : gpio.o (.text:GPIO_setAsOutputPin)
                  000009e0    0000001c                              : cs.o (.text:CS_setReferenceOscillatorFrequency)
                  000009fc    00000018                              : gpio.o (.text:GPIO_clearInterruptFlag)
                  00000a14    00000018                              : gpio.o (.text:GPIO_disableInterrupt)
                  00000a2c    00000018                              : gpio.o (.text:GPIO_setOutputLowOnPin)
                  00000a44    00000018     rtsv7M4_T_le_v4SPD16_eabi.lib : args_main.obj (.text)
                  00000a5c    00000014     msp432p4xx_driverlib.lib : gpio.o (.text:GPIO_enableInterrupt)
                  00000a70    00000014                              : gpio.o (.text:GPIO_setOutputHighOnPin)
                  00000a84    00000014     rtsv7M4_T_le_v4SPD16_eabi.lib : _lock.obj (.text)
                  00000a98    00000012     startup_msp432p401r_ccs.obj (.text)
                  00000aaa    00000002     --HOLE-- [fill = 0]
                  00000aac    00000010     msp432p4xx_driverlib.lib : gpio.o (.text:GPIO_getInterruptStatus)
                  00000abc    0000000e     rtsv7M4_T_le_v4SPD16_eabi.lib : copy_decompress_none.obj (.text:decompress:none)
                  00000aca    00000006                                   : copy_decompress_rle.obj (.text:decompress:rle24)
                  00000ad0    00000004                                   : pre_init.obj (.text)

.cinit     0    00000ad8    00000054     
                  00000ad8    00000041     (.cinit..data.load) [load image, compression = rle]
                  00000b19    00000003     --HOLE-- [fill = 0]
                  00000b1c    00000008     (__TI_handler_table)
                  00000b24    00000008     (__TI_cinit_table)

.init_array 
*          0    00000000    00000000     UNINITIALIZED

.data      0    20000000    00000048     UNINITIALIZED
                  20000000    00000030     msp432p4xx_driverlib.lib : gpio.o (.data:GPIO_PORT_TO_BASE)
                  20000030    00000008     rtsv7M4_T_le_v4SPD16_eabi.lib : _lock.obj (.data)
                  20000038    00000008                                   : exit.obj (.data)
                  20000040    00000004                                   : stkdepth_vars.obj (.data)
                  20000044    00000004     system_msp432p401r.obj (.data)

.stack     0    2000fe00    00000200     UNINITIALIZED
                  2000fe00    00000200     --HOLE--

.TI.persistent 
*          0    20000000    00000000     UNINITIALIZED


LINKER GENERATED COPY TABLES

__TI_cinit_table @ 00000b24 records: 1, size/record: 8, table size: 8
	.data: load addr=00000ad8, load size=00000041 bytes, run addr=20000000, run size=00000048 bytes, compression=rle


LINKER GENERATED HANDLER TABLE

__TI_handler_table @ 00000b1c records: 2, size/record: 4, table size: 8
	index: 0, handler: __TI_decompress_rle24
	index: 1, handler: __TI_decompress_none


GLOBAL SYMBOLS: SORTED ALPHABETICALLY BY Name 

address   name                                
-------   ----                                
00000909  C$$EXIT                             
0000059d  CS_initClockSignal                  
000009e1  CS_setReferenceOscillatorFrequency  
000009fd  GPIO_clearInterruptFlag             
00000a15  GPIO_disableInterrupt               
00000a5d  GPIO_enableInterrupt                
0000094d  GPIO_getEnabledInterruptStatus      
00000aad  GPIO_getInterruptStatus             
0000098d  GPIO_setAsInputPinWithPullUpResistor
000009bd  GPIO_setAsOutputPin                 
00000a71  GPIO_setOutputHighOnPin             
00000a2d  GPIO_setOutputLowOnPin              
00000513  PORT1_IRQHandler                    
UNDEFED   SHT$$INIT_ARRAY$$Base               
UNDEFED   SHT$$INIT_ARRAY$$Limit              
20000044  SystemCoreClock                     
00000141  SystemCoreClockUpdate               
000003b5  SystemInit                          
00000567  T32_INT1_IRQHandler                 
4000480c  WDTCTL_SYM                          
20010000  __STACK_END                         
00000200  __STACK_SIZE                        
00000b24  __TI_CINIT_Base                     
00000b2c  __TI_CINIT_Limit                    
00000b1c  __TI_Handler_Table_Base             
00000b24  __TI_Handler_Table_Limit            
00000795  __TI_auto_init                      
20000038  __TI_cleanup_ptr                    
00000abd  __TI_decompress_none                
00000acb  __TI_decompress_rle24               
2000003c  __TI_dtors_ptr                      
00000000  __TI_static_base__                  
00000719  __aeabi_memclr                      
00000719  __aeabi_memclr4                     
00000719  __aeabi_memclr8                     
0000067d  __aeabi_memcpy                      
0000067d  __aeabi_memcpy4                     
0000067d  __aeabi_memcpy8                     
0000071b  __aeabi_memset                      
0000071b  __aeabi_memset4                     
0000071b  __aeabi_memset8                     
ffffffff  __binit__                           
ffffffff  __c_args__                          
2000fe00  __stack                             
00000a45  _args_main                          
0000086d  _c_int00                            
20000030  _lock                               
00000a93  _nop                                
00000a8b  _register_lock                      
00000a85  _register_unlock                    
00000ad1  _system_pre_init                    
20000034  _unlock                             
0000090d  abort                               
ffffffff  binit                               
000008bd  copy_in                             
00000915  exit                                
00000000  interruptVectors                    
00000489  main                                
20000040  main_func_sp                        
0000067d  memcpy                              
00000721  memset                              


GLOBAL SYMBOLS: SORTED BY Symbol Address 

address   name                                
-------   ----                                
00000000  __TI_static_base__                  
00000000  interruptVectors                    
00000141  SystemCoreClockUpdate               
00000200  __STACK_SIZE                        
000003b5  SystemInit                          
00000489  main                                
00000513  PORT1_IRQHandler                    
00000567  T32_INT1_IRQHandler                 
0000059d  CS_initClockSignal                  
0000067d  __aeabi_memcpy                      
0000067d  __aeabi_memcpy4                     
0000067d  __aeabi_memcpy8                     
0000067d  memcpy                              
00000719  __aeabi_memclr                      
00000719  __aeabi_memclr4                     
00000719  __aeabi_memclr8                     
0000071b  __aeabi_memset                      
0000071b  __aeabi_memset4                     
0000071b  __aeabi_memset8                     
00000721  memset                              
00000795  __TI_auto_init                      
0000086d  _c_int00                            
000008bd  copy_in                             
00000909  C$$EXIT                             
0000090d  abort                               
00000915  exit                                
0000094d  GPIO_getEnabledInterruptStatus      
0000098d  GPIO_setAsInputPinWithPullUpResistor
000009bd  GPIO_setAsOutputPin                 
000009e1  CS_setReferenceOscillatorFrequency  
000009fd  GPIO_clearInterruptFlag             
00000a15  GPIO_disableInterrupt               
00000a2d  GPIO_setOutputLowOnPin              
00000a45  _args_main                          
00000a5d  GPIO_enableInterrupt                
00000a71  GPIO_setOutputHighOnPin             
00000a85  _register_unlock                    
00000a8b  _register_lock                      
00000a93  _nop                                
00000aad  GPIO_getInterruptStatus             
00000abd  __TI_decompress_none                
00000acb  __TI_decompress_rle24               
00000ad1  _system_pre_init                    
00000b1c  __TI_Handler_Table_Base             
00000b24  __TI_CINIT_Base                     
00000b24  __TI_Handler_Table_Limit            
00000b2c  __TI_CINIT_Limit                    
20000030  _lock                               
20000034  _unlock                             
20000038  __TI_cleanup_ptr                    
2000003c  __TI_dtors_ptr                      
20000040  main_func_sp                        
20000044  SystemCoreClock                     
2000fe00  __stack                             
20010000  __STACK_END                         
4000480c  WDTCTL_SYM                          
ffffffff  __binit__                           
ffffffff  __c_args__                          
ffffffff  binit                               
UNDEFED   SHT$$INIT_ARRAY$$Base               
UNDEFED   SHT$$INIT_ARRAY$$Limit              

[61 symbols]
