******************************************************************************
                  TI ARM Linker Unix v5.2.6                    
******************************************************************************
>> Linked Mon Apr 11 22:12:57 2016

OUTPUT FILE NAME:   <RTOSChallenge.out>
ENTRY POINT SYMBOL: "_c_int00"  address: 00005b19


MEMORY CONFIGURATION

         name            origin    length      used     unused   attr    fill
----------------------  --------  ---------  --------  --------  ----  --------
  MAIN                  00000000   00040000  0000a749  000358b7  R  X
  INFO                  00200000   00004000  00000000  00004000  R  X
  SRAM_CODE             01000000   00010000  00000000  00010000  RW X
  SRAM_DATA             20000000   00010000  00003c56  0000c3aa  RW  


SEGMENT ALLOCATION MAP

run origin  load origin   length   init length attrs members
----------  ----------- ---------- ----------- ----- -------
00000000    00000000    0000a750   0000a750    r-x
  00000000    00000000    0000003c   0000003c    r-- .resetVecs
  00000040    00000040    00007f4a   00007f4a    r-x .text
  00007f8c    00007f8c    000022c3   000022c3    r-- .const
  0000a250    0000a250    00000500   00000500    r-- .cinit
20000000    20000000    0000395c   00000000    rw-
  20000000    20000000    00000140   00000000    rw- .vecs
  20000140    20000140    000030aa   00000000    rw- .bss
  200031f0    200031f0    0000076c   00000000    rw- .data
2000fd00    2000fd00    00000300   00000000    rw-
  2000fd00    2000fd00    00000300   00000000    rw- .stack


SECTION ALLOCATION MAP

 output                                  attributes/
section   page    origin      length       input sections
--------  ----  ----------  ----------   ----------------
.text      0    00000040    00007f4a     
                  00000040    000010ba     rtsv7M4_T_le_v4SPD16_eabi.lib : _printfi.obj (.text)
                  000010fa    0000047e     string.obj (.text:Graphics_drawString)
                  00001578    00000430     sysbios.aem4f : BIOS.obj (.text:ti_sysbios_family_arm_m3_Hwi_excDumpRegs__I)
                  000019a8    0000034c     ti.targets.arm.rtsarm.aem4f : System.oem4f (.text:xdc_runtime_System_doPrint__I)
                  00001cf4    000002d4     rtsv7M4_T_le_v4SPD16_eabi.lib : trgdrv.obj (.text)
                  00001fc8    000001f4                                   : ull_div_t2.obj (.text)
                  000021bc    000001ce     Crystalfontz128x128_ST7735.obj (.text:Crystalfontz128x128_PixelDrawMultiple)
                  0000238a    000001b6     rtsv7M4_T_le_v4SPD16_eabi.lib : fd_add_t2.obj (.text)
                  00002540    000001b4     init_all.obj (.text:init_All)
                  000026f4    000001a0     msp432p4xx_driverlib.lib : pcm.o (.text:__PCM_setPowerStateAdvanced)
                  00002894    00000004                              : cpu.o (.text:CPU_wfi)
                  00002898    00000174     sysbios.aem4f : BIOS.obj (.text:ti_sysbios_family_arm_m3_Hwi_excBusFault__I)
                  00002a0c    00000004     msp432p4xx_driverlib.lib : spi.o (.text:EUSCI_A_SPI_transmitData)
                  00002a10    00000164     sysbios.aem4f : BIOS.obj (.text:ti_sysbios_family_arm_m3_Hwi_excUsageFault__I)
                  00002b74    00000154     msp432p4xx_driverlib.lib : adc14.o (.text:_getIndexForMemRegister)
                  00002cc8    00000148     sysbios.aem4f : BIOS.obj (.text:ti_sysbios_family_arm_m3_Hwi_excMemFault__I)
                  00002e10    00000138                   : BIOS.obj (.text:ti_sysbios_knl_Semaphore_pend__E)
                  00002f48    00000136     rtsv7M4_T_le_v4SPD16_eabi.lib : fd_div_t2.obj (.text)
                  0000307e    00000002     empty.obj (.text:Idle_fcxn)
                  00003080    00000134     Crystalfontz128x128_ST7735.obj (.text:Crystalfontz128x128_SetDrawFrame)
                  000031b4    0000012c     Crystalfontz128x128_ST7735.obj (.text:Crystalfontz128x128_Init)
                  000032e0    00000128     empty.obj (.text:EUSCIA2_IRQHandler)
                  00003408    00000118     ti.targets.arm.rtsarm.aem4f : Error.oem4f (.text:xdc_runtime_Error_policyDefault__E)
                  00003520    00000110     rtsv7M4_T_le_v4SPD16_eabi.lib : xdscale.obj (.text)
                  00003630    0000010c     sysbios.aem4f : BIOS.obj (.text:ti_sysbios_family_arm_m3_Hwi_excFillContext__I)
                  0000373c    00000004     msp432p4xx_driverlib.lib : spi.o (.text:EUSCI_B_SPI_transmitData)
                  00003740    0000010c     sysbios.aem4f : BIOS.obj (.text:ti_sysbios_family_arm_m3_Hwi_excHandlerMax__I)
                  0000384c    00000104     empty.obj (.text:averageCalcTask)
                  00003950    00000100     ti.targets.arm.rtsarm.aem4f : Core-mem.oem4f (.text:xdc_runtime_Core_createObject__I)
                  00003a50    000000fc     rtsv7M4_T_le_v4SPD16_eabi.lib : fd_mul_t2.obj (.text)
                  00003b4c    000000fa     string.obj (.text:Graphics_getStringWidth)
                  00003c46    00000002     power_tirtos_MSP432P401R.aem4f : PowerMSP432_tirtos.oem4f (.text:PowerMSP432_initPolicy)
                  00003c48    000000f8     ti.targets.arm.rtsarm.aem4f : Startup.oem4f (.text:xdc_runtime_Startup_startMods__I)
                  00003d40    000000f8     empty_pem4f.oem4f (.text:xdc_runtime_System_printfExtend__I)
                  00003e38    000000f4     drivers_MSP432P401R.aem4f : PowerMSP432.oem4f (.text:Power_sleep)
                  00003f2c    000000f4     sysbios.aem4f : m3_Hwi_asm.obj (.text:ti_sysbios_family_arm_m3_Hwi_dispatch__I)
                  00004020    000000f0     drivers_MSP432P401R.aem4f : PowerMSP432.oem4f (.text:initPerfControl)
                  00004110    000000e0     msp432p4xx_driverlib.lib : cs.o (.text:CS_initClockSignal)
                  000041f0    000000dc                              : pcm.o (.text:__PCM_setPowerModeAdvanced)
                  000042cc    00000004     drivers_MSP432P401R.aem4f : List.oem4f (.text:List_head)
                  000042d0    000000cc     sysbios.aem4f : BIOS.obj (.text:ti_sysbios_heaps_HeapMem_alloc__E)
                  0000439c    000000cc     ti.targets.arm.rtsarm.aem4f : Core-smem.oem4f (.text:xdc_runtime_Core_constructObject__I)
                  00004468    000000be     rtsv7M4_T_le_v4SPD16_eabi.lib : xdnorm.obj (.text)
                  00004526    00000002                                   : i_div0.obj (.text)
                  00004528    000000bc     sysbios.aem4f : BIOS.obj (.text:ti_sysbios_family_arm_m3_Hwi_excDebugMon__I)
                  000045e4    00000004     drivers_MSP432P401R.aem4f : List.oem4f (.text:List_next)
                  000045e8    000000bc     sysbios.aem4f : BIOS.obj (.text:ti_sysbios_family_arm_m3_Hwi_excHardFault__I)
                  000046a4    000000b0     msp432p4xx_driverlib.lib : pcm.o (.text:__PCM_setCoreVoltageLevelAdvanced)
                  00004754    000000a0     auto_init.aem4f : auto_init.oem4f (.text)
                  000047f4    000000a0     empty.obj (.text:drawAccelData)
                  00004894    000000a0     ti.targets.arm.rtsarm.aem4f : Text.oem4f (.text:xdc_runtime_Text_putMod__E)
                  00004934    0000009c     Crystalfontz128x128_ST7735.obj (.text:Crystalfontz128x128_RectFill)
                  000049d0    0000009c     line.obj (.text:Graphics_drawLineH)
                  00004a6c    0000009c     rtsv7M4_T_le_v4SPD16_eabi.lib : memcpy_t2.obj (.text)
                  00004b08    0000009a     ti.targets.arm.rtsarm.aem4f : Text.oem4f (.text:xdc_runtime_Text_putSite__E)
                  00004ba2    00000006                                 : xdc_noinit.oem4f (.text:__xdc__init)
                  00004ba8    00000094     sysbios.aem4f : BIOS.obj (.text:ti_sysbios_family_arm_m3_Hwi_initNVIC__E)
                  00004c3c    0000008c                   : m3_TaskSupport_asm.obj (.text:ti_sysbios_family_arm_m3_TaskSupport_buildTaskStack)
                  00004cc8    0000008c                   : BIOS.obj (.text:ti_sysbios_knl_Task_postInit__I)
                  00004d54    00000088     msp432p4xx_driverlib.lib : spi.o (.text:SPI_initMaster)
                  00004ddc    00000004     empty_pem4f.oem4f (.text:ti_sysbios_BIOS_RtsGateProxy_enter__E)
                  00004de0    00000088     sysbios.aem4f : BIOS.obj (.text:ti_sysbios_knl_Mailbox_post__E)
                  00004e68    00000086     rtsv7M4_T_le_v4SPD16_eabi.lib : fd_cmp_t2.obj (.text:__aeabi_cdcmple)
                  00004eee    00000086                                   : fd_cmp_t2.obj (.text:__aeabi_cdrcmple)
                  00004f74    00000004     empty_pem4f.oem4f (.text:ti_sysbios_BIOS_RtsGateProxy_leave__E)
                  00004f78    00000084     sysbios.aem4f : BIOS.obj (.text:ti_sysbios_family_arm_m3_Hwi_postInit__I)
                  00004ffc    0000007c     msp432p4xx_driverlib.lib : pcm.o (.text:PCM_gotoLPM3)
                  00005078    0000007c     sysbios.aem4f : BIOS.obj (.text:ti_sysbios_heaps_HeapMem_free__E)
                  000050f4    0000007a     rtsv7M4_T_le_v4SPD16_eabi.lib : memset_t2.obj (.text)
                  0000516e    00000002     empty_pem4f.oem4f (.text:ti_sysbios_BIOS_nullFunc__I)
                  00005170    00000074     sysbios.aem4f : BIOS.obj (.text:ti_sysbios_knl_Mailbox_pend__E)
                  000051e4    00000004     empty_pem4f.oem4f (.text:ti_sysbios_family_arm_m3_TaskSupport_Module__startupDone__S)
                  000051e8    00000070     sysbios.aem4f : BIOS.obj (.text:ti_sysbios_knl_Semaphore_post__E)
                  00005258    0000006d     ti.targets.arm.rtsarm.aem4f : System.oem4f (.text:xdc_runtime_System_formatNum__I)
                  000052c5    00000003     --HOLE-- [fill = 0]
                  000052c8    0000006c     sysbios.aem4f : BIOS.obj (.text:ti_sysbios_knl_Clock_workFunc__E)
                  00005334    00000004     empty_pem4f.oem4f (.text:ti_sysbios_heaps_HeapMem_Module_GateProxy_enter__E)
                  00005338    0000006c     sysbios.aem4f : BIOS.obj (.text:ti_sysbios_knl_Swi_restoreHwi__E)
                  000053a4    00000004     empty_pem4f.oem4f (.text:ti_sysbios_heaps_HeapMem_Module_GateProxy_leave__E)
                  000053a8    0000006c     sysbios.aem4f : BIOS.obj (.text:ti_sysbios_knl_Task_exit__E)
                  00005414    0000006c     ti.targets.arm.rtsarm.aem4f : Error.oem4f (.text:xdc_runtime_Error_print__E)
                  00005480    0000006c                                 : Memory.oem4f (.text:xdc_runtime_Memory_alloc__E)
                  000054ec    0000006a     rtsv7M4_T_le_v4SPD16_eabi.lib : copy_decompress_rle.obj (.text)
                  00005556    00000002     --HOLE-- [fill = 0]
                  00005558    00000068     empty.obj (.text:ADC_HWI)
                  000055c0    00000068     rtsv7M4_T_le_v4SPD16_eabi.lib : trgmsg.obj (.text)
                  00005628    00000068     sysbios.aem4f : BIOS.obj (.text:ti_sysbios_family_arm_msp432_Timer_setNextTick__E)
                  00005690    00000066     rtsv7M4_T_le_v4SPD16_eabi.lib : xdunscal.obj (.text)
                  000056f6    00000066     ti.targets.arm.rtsarm.aem4f : Core-mem.oem4f (.text:xdc_runtime_Core_deleteObject__I)
                  0000575c    00000004     empty_pem4f.oem4f (.text:ti_sysbios_knl_Clock_TimerProxy_getMaxTicks__E)
                  00005760    00000064     sysbios.aem4f : BIOS.obj (.text:ti_sysbios_family_arm_m3_Hwi_dispatchC__I)
                  000057c4    00000060     Crystalfontz128x128_ST7735.obj (.text:Crystalfontz128x128_LineDrawH)
                  00005824    00000060     Crystalfontz128x128_ST7735.obj (.text:Crystalfontz128x128_LineDrawV)
                  00005884    00000060     rtsv7M4_T_le_v4SPD16_eabi.lib : sprintf.obj (.text)
                  000058e4    0000005c     empty.obj (.text:main)
                  00005940    0000005c     sysbios.aem4f : BIOS.obj (.text:ti_sysbios_knl_Swi_run__I)
                  0000599c    00000004     empty_pem4f.oem4f (.text:ti_sysbios_knl_Queue_destruct)
                  000059a0    0000005c     sysbios.aem4f : BIOS.obj (.text:ti_sysbios_knl_Swi_schedule__I)
                  000059fc    00000004     empty_pem4f.oem4f (.text:ti_sysbios_knl_Semaphore_destruct)
                  00005a00    0000005c     sysbios.aem4f : BIOS.obj (.text:ti_sysbios_knl_Task_Module_startup__E)
                  00005a5c    00000004     ti.targets.arm.rtsarm.aem4f : Error.oem4f (.text:xdc_runtime_Error_getSite__E)
                  00005a60    0000005c     sysbios.aem4f : BIOS.obj (.text:ti_sysbios_knl_Task_startCore__E)
                  00005abc    0000005b     ti.targets.arm.rtsarm.aem4f : Text.oem4f (.text:xdc_runtime_Text_putLab__E)
                  00005b17    00000001     --HOLE-- [fill = 0]
                  00005b18    00000058     boot.aem4f : boot.oem4f (.text)
                  00005b70    00000058     sysbios.aem4f : m3_Hwi_asm_switch.obj (.text:ti_sysbios_family_arm_m3_Hwi_initStacks__E)
                  00005bc8    00000058                   : BIOS.obj (.text:ti_sysbios_family_arm_msp432_Timer_periodicStub__E)
                  00005c20    00000056     rtsv7M4_T_le_v4SPD16_eabi.lib : ltoa.obj (.text)
                  00005c76    00000002     --HOLE-- [fill = 0]
                  00005c78    00000054     Crystalfontz128x128_ST7735.obj (.text:Crystalfontz128x128_SetOrientation)
                  00005ccc    00000054     empty.obj (.text:drawData)
                  00005d20    00000054     empty.obj (.text:drawTitle)
                  00005d74    00000004     empty_pem4f.oem4f (.text:xdc_runtime_System_Module_GateProxy_enter__E)
                  00005d78    00000054     sysbios.aem4f : BIOS.obj (.text:ti_sysbios_family_arm_msp432_Timer_initDevice__I)
                  00005dcc    00000004     empty_pem4f.oem4f (.text:xdc_runtime_System_Module_GateProxy_leave__E)
                  00005dd0    00000054     sysbios.aem4f : BIOS.obj (.text:ti_sysbios_family_arm_msp432_init_Boot_configureClocksHigh)
                  00005e24    00000054     ti.targets.arm.rtsarm.aem4f : Assert.oem4f (.text:xdc_runtime_Assert_raise__I)
                  00005e78    00000052     rtsv7M4_T_le_v4SPD16_eabi.lib : ldexp.obj (.text)
                  00005eca    00000002     --HOLE-- [fill = 0]
                  00005ecc    00000050     msp432p4xx_driverlib.lib : pcm.o (.text:PCM_shutdownDevice)
                  00005f1c    00000050     power_tirtos_MSP432P401R.aem4f : PowerMSP432_tirtos.oem4f (.text:PowerMSP432_sleepPolicy)
                  00005f6c    00000004     ti.targets.arm.rtsarm.aem4f : System.oem4f (.text:xdc_runtime_System_aprintf_va__F)
                  00005f70    00000050     sysbios.aem4f : BIOS.obj (.text:ti_sysbios_family_arm_m3_Hwi_Module_startup__E)
                  00005fc0    00000050     ti.targets.arm.rtsarm.aem4f : Startup.oem4f (.text:xdc_runtime_Startup_exec__E)
                  00006010    00000050                                 : Text.oem4f (.text:xdc_runtime_Text_visitRope2__I)
                  00006060    0000004c     msp432p4xx_driverlib.lib : gpio.o (.text:GPIO_setAsPeripheralModuleFunctionOutputPin)
                  000060ac    0000004c     rtsv7M4_T_le_v4SPD16_eabi.lib : atoi.obj (.text)
                  000060f8    0000004c                                   : cpy_tbl.obj (.text)
                  00006144    00000004     ti.targets.arm.rtsarm.aem4f : System.oem4f (.text:xdc_runtime_System_printf_va__F)
                  00006148    0000004c     sysbios.aem4f : BIOS.obj (.text:ti_sysbios_family_arm_msp432_Timer_start__E)
                  00006194    00000004     --HOLE-- [fill = 0]
                  00006198    0000004c                   : BIOS.obj (.text:ti_sysbios_heaps_HeapMem_getStats__E)
                  000061e4    00000004     --HOLE-- [fill = 0]
                  000061e8    0000004c                   : BIOS.obj (.text:ti_sysbios_knl_Swi_runLoop__I)
                  00006234    00000004     --HOLE-- [fill = 0]
                  00006238    0000004c                   : BIOS.obj (.text:ti_sysbios_knl_Task_allBlockedFunction__I)
                  00006284    00000004     --HOLE-- [fill = 0]
                  00006288    0000004c                   : BIOS.obj (.text:ti_sysbios_knl_Task_schedule__I)
                  000062d4    0000004a     context.obj (.text:Graphics_initContext)
                  0000631e    00000002     --HOLE-- [fill = 0]
                  00006320    00000048     msp432p4xx_driverlib.lib : gpio.o (.text:GPIO_setAsPeripheralModuleFunctionInputPin)
                  00006368    00000048     string.obj (.text:Graphics_drawStringCentered)
                  000063b0    00000048     rtsv7M4_T_le_v4SPD16_eabi.lib : fd_toi_t2.obj (.text)
                  000063f8    00000048     sysbios.aem4f : BIOS.obj (.text:ti_sysbios_family_arm_m3_Hwi_enableInterrupt__E)
                  00006440    00000048                   : BIOS.obj (.text:ti_sysbios_family_arm_m3_Hwi_excReserved__I)
                  00006488    00000048                   : BIOS.obj (.text:ti_sysbios_knl_Mailbox_Module_startup__E)
                  000064d0    00000046     ti.targets.arm.rtsarm.aem4f : Core-params.oem4f (.text:xdc_runtime_Core_assignParams__I)
                  00006516    00000002     --HOLE-- [fill = 0]
                  00006518    00000044     rtsv7M4_T_le_v4SPD16_eabi.lib : exit.obj (.text)
                  0000655c    00000004     --HOLE-- [fill = 0]
                  00006560    00000044     sysbios.aem4f : BIOS.obj (.text:ti_sysbios_family_arm_m3_Hwi_getStackInfo__E)
                  000065a4    00000004     --HOLE-- [fill = 0]
                  000065a8    00000044                   : BIOS.obj (.text:ti_sysbios_knl_Swi_post__E)
                  000065ec    00000044     ti.targets.arm.rtsarm.aem4f : Error.oem4f (.text:xdc_runtime_Error_setX__E)
                  00006630    00000044                                 : SysMin.oem4f (.text:xdc_runtime_SysMin_flush__E)
                  00006674    00000044                                 : Text.oem4f (.text:xdc_runtime_Text_xprintf__I)
                  000066b8    00000040     Crystalfontz128x128_ST7735.obj (.text:Crystalfontz128x128_PixelDraw)
                  000066f8    00000040     msp432p4xx_driverlib.lib : flash.o (.text:FlashCtl_disableReadBuffering)
                  00006738    00000040     string.obj (.text:Graphics_getNumberOfLeadingZeros)
                  00006778    00000040     HAL_MSP_EXP432P401R_Crystalfontz128x128_ST7735.obj (.text:HAL_LCD_SpiInit)
                  000067b8    00000040     drivers_MSP432P401R.aem4f : PowerMSP432.oem4f (.text:notify)
                  000067f8    00000040     rtsv7M4_T_le_v4SPD16_eabi.lib : signal.obj (.text)
                  00006838    00000040                                   : u_divt2.obj (.text)
                  00006878    00000040     sysbios.aem4f : BIOS.obj (.text:ti_sysbios_family_arm_msp432_Timer_Module_startup__E)
                  000068b8    00000040                   : BIOS.obj (.text:ti_sysbios_family_arm_msp432_Timer_startup__E)
                  000068f8    00000040                   : BIOS.obj (.text:ti_sysbios_heaps_HeapMem_Instance_init__E)
                  00006938    0000003c     drivers_MSP432P401R.aem4f : PowerMSP432.oem4f (.text:Power_init)
                  00006974    00000004     --HOLE-- [fill = 0]
                  00006978    0000003c     sysbios.aem4f : BIOS.obj (.text:ti_sysbios_family_arm_m3_Hwi_excSvCall__I)
                  000069b4    00000004     --HOLE-- [fill = 0]
                  000069b8    0000003c                   : BIOS.obj (.text:ti_sysbios_heaps_HeapMem_init__I)
                  000069f4    00000004     --HOLE-- [fill = 0]
                  000069f8    0000003c                   : BIOS.obj (.text:ti_sysbios_knl_Clock_Instance_init__E)
                  00006a34    00000004     --HOLE-- [fill = 0]
                  00006a38    0000003c                   : BIOS.obj (.text:ti_sysbios_knl_Swi_restore__E)
                  00006a74    00000004     --HOLE-- [fill = 0]
                  00006a78    00000038                   : BIOS.obj (.text:ti_sysbios_family_arm_m3_Hwi_excNoIsr__I)
                  00006ab0    00000038     ti.targets.arm.rtsarm.aem4f : SysMin.oem4f (.text:xdc_runtime_SysMin_putch__E)
                  00006ae8    00000038                                 : System.oem4f (.text:xdc_runtime_System_atexit__E)
                  00006b20    00000034     msp432p4xx_driverlib.lib : flash.o (.text:FlashCtl_enableReadBuffering)
                  00006b54    00000034     display.obj (.text:Graphics_drawHorizontalLineOnDisplay)
                  00006b88    00000034     HAL_MSP_EXP432P401R_Crystalfontz128x128_ST7735.obj (.text:HAL_LCD_writeCommand)
                  00006bbc    00000034     rtsv7M4_T_le_v4SPD16_eabi.lib : feraiseexcept.obj (.text)
                  00006bf0    00000034     sysbios.aem4f : BIOS.obj (.text:ti_sysbios_family_arm_m3_Hwi_excNmi__I)
                  00006c24    00000034     empty_pem4f.oem4f (.text:ti_sysbios_knl_Clock_construct)
                  00006c58    00000034     ti.targets.arm.rtsarm.aem4f : Core-label.oem4f (.text:xdc_runtime_Core_assignLabel__I)
                  00006c8c    00000033                                 : Text.oem4f (.text:xdc_runtime_Text_printVisFxn__I)
                  00006cbf    00000001     --HOLE-- [fill = 0]
                  00006cc0    00000032     sysbios.aem4f : BIOS.obj (.text:ti_sysbios_hal_Hwi_initStack)
                  00006cf2    00000030     HAL_MSP_EXP432P401R_Crystalfontz128x128_ST7735.obj (.text:HAL_LCD_PortInit)
                  00006d22    00000002     --HOLE-- [fill = 0]
                  00006d24    00000030     msp432p4xx_driverlib.lib : spi.o (.text:is_A_Module)
                  00006d54    00000030     rtsv7M4_T_le_v4SPD16_eabi.lib : xdclass.obj (.text)
                  00006d84    00000030                                   : xferaise.obj (.text)
                  00006db4    00000030     empty_pem4f.oem4f (.text:ti_sysbios_BIOS_atExitFunc__I)
                  00006de4    00000004     --HOLE-- [fill = 0]
                  00006de8    00000030     sysbios.aem4f : BIOS.obj (.text:ti_sysbios_family_arm_m3_TaskSupport_start__E)
                  00006e18    00000030                   : BIOS.obj (.text:ti_sysbios_family_arm_msp432_Timer_setPeriod__E)
                  00006e48    00000030     empty_pem4f.oem4f (.text:ti_sysbios_gates_GateHwi_Object__create__S)
                  00006e78    00000030     empty_pem4f.oem4f (.text:ti_sysbios_gates_GateMutex_Object__create__S)
                  00006ea8    00000030     sysbios.aem4f : BIOS.obj (.text:ti_sysbios_gates_GateMutex_enter__E)
                  00006ed8    00000030     empty_pem4f.oem4f (.text:ti_sysbios_heaps_HeapMem_Object__create__S)
                  00006f08    00000030     sysbios.aem4f : BIOS.obj (.text:ti_sysbios_knl_Mailbox_postInit__I)
                  00006f38    00000030     empty_pem4f.oem4f (.text:ti_sysbios_knl_Semaphore_construct)
                  00006f68    00000030     sysbios.aem4f : BIOS.obj (.text:ti_sysbios_knl_Semaphore_pendTimeout__I)
                  00006f98    00000030                   : BIOS.obj (.text:ti_sysbios_knl_Task_processVitalTaskFlag__I)
                  00006fc8    00000030                   : BIOS.obj (.text:ti_sysbios_knl_Task_unblockI__E)
                  00006ff8    00000030     ti.targets.arm.rtsarm.aem4f : SysMin.oem4f (.text:xdc_runtime_SysMin_abort__E)
                  00007028    00000030                                 : System.oem4f (.text:xdc_runtime_System_processAtExit__E)
                  00007058    0000002e     rtsv7M4_T_le_v4SPD16_eabi.lib : i_tofd_t2.obj (.text)
                  00007086    0000002e                                   : raise.obj (.text)
                  000070b4    0000002c     Crystalfontz128x128_ST7735.obj (.text:Crystalfontz128x128_ClearScreen)
                  000070e0    0000002c     msp432p4xx_driverlib.lib : pcm.o (.text:PCM_getCoreVoltageLevel)
                  0000710c    0000002c     power_tirtos_MSP432P401R.aem4f : PowerMSP432_tirtos.oem4f (.text:PowerMSP432_updateFreqs)
                  00007138    0000002c     empty_pem4f.oem4f (.text:ti_sysbios_knl_Clock_doTick__I)
                  00007164    0000002c     empty_pem4f.oem4f (.text:ti_sysbios_knl_Queue_construct)
                  00007190    0000002c     sysbios.aem4f : BIOS.obj (.text:ti_sysbios_knl_Task_restore__E)
                  000071bc    0000002c     ti.targets.arm.rtsarm.aem4f : Text.oem4f (.text:xdc_runtime_Text_cordText__E)
                  000071e8    0000002a     display.obj (.text:Graphics_drawPixelOnDisplay)
                  00007212    0000002a     msp432p4xx_driverlib.lib : pcm.o (.text:PCM_getPowerMode)
                  0000723c    0000002a     rtsv7M4_T_le_v4SPD16_eabi.lib : frexp.obj (.text)
                  00007266    0000002a     ti.targets.arm.rtsarm.aem4f : System.oem4f (.text:xdc_runtime_System_putchar__I)
                  00007290    00000028     Crystalfontz128x128_ST7735.obj (.text:Crystalfontz128x128_ColorTranslate)
                  000072b8    00000028     msp432p4xx_driverlib.lib : flash.o (.text:FlashCtl_setWaitState)
                  000072e0    00000028                              : pcm.o (.text:PCM_gotoLPM0)
                  00007308    00000028     sysbios.aem4f : BIOS.obj (.text:ti_sysbios_knl_Clock_addI__E)
                  00007330    00000028                   : BIOS.obj (.text:ti_sysbios_knl_Swi_Module_startup__E)
                  00007358    00000026                   : m3_Hwi_asm.obj (.text:ti_sysbios_family_arm_m3_Hwi_pendSV__I)
                  0000737e    00000026     ti.targets.arm.rtsarm.aem4f : System.oem4f (.text:xdc_runtime_System_avprintf__E)
                  000073a4    00000024     msp432p4xx_driverlib.lib : cs.o (.text:CS_setDCOCenteredFrequency)
                  000073c8    00000024                              : gpio.o (.text:GPIO_setAsOutputPin)
                  000073ec    00000024     HAL_MSP_EXP432P401R_Crystalfontz128x128_ST7735.obj (.text:HAL_LCD_writeData)
                  00007410    00000024     msp432p4xx_driverlib.lib : rtc_c.o (.text:RTC_C_holdClock)
                  00007434    00000024                              : rtc_c.o (.text:RTC_C_startClock)
                  00007458    00000024     empty_pem4f.oem4f (.text:ti_sysbios_BIOS_errorRaiseHook__I)
                  0000747c    00000024     empty_pem4f.oem4f (.text:ti_sysbios_BIOS_registerRTSLock__I)
                  000074a0    00000024     empty_pem4f.oem4f (.text:ti_sysbios_BIOS_removeRTSLock__I)
                  000074c4    00000024     empty_pem4f.oem4f (.text:ti_sysbios_BIOS_startFunc__I)
                  000074e8    00000024     sysbios.aem4f : BIOS.obj (.text:ti_sysbios_family_arm_msp432_ClockFreqs_setFrequency__E)
                  0000750c    00000004     --HOLE-- [fill = 0]
                  00007510    00000024                   : BIOS.obj (.text:ti_sysbios_family_arm_msp432_Timer_postInit__I)
                  00007534    00000024     empty_pem4f.oem4f (.text:ti_sysbios_gates_GateMutex_Object__delete__S)
                  00007558    00000024     sysbios.aem4f : BIOS.obj (.text:ti_sysbios_knl_Clock_Module_startup__E)
                  0000757c    00000004     --HOLE-- [fill = 0]
                  00007580    00000024                   : BIOS.obj (.text:ti_sysbios_knl_Clock_start__E)
                  000075a4    00000004     --HOLE-- [fill = 0]
                  000075a8    00000024                   : BIOS.obj (.text:ti_sysbios_knl_Semaphore_Instance_init__E)
                  000075cc    00000004     --HOLE-- [fill = 0]
                  000075d0    00000024                   : BIOS.obj (.text:ti_sysbios_knl_Task_restoreHwi__E)
                  000075f4    00000024     ti.targets.arm.rtsarm.aem4f : System.oem4f (.text:xdc_runtime_System_vprintf__E)
                  00007618    00000022     empty_pem4f.oem4f (.text:xdc_runtime_SysMin_output__I)
                  0000763a    00000002     --HOLE-- [fill = 0]
                  0000763c    00000020     drivers_MSP432P401R.aem4f : PowerMSP432.oem4f (.text:Power_idleFunc)
                  0000765c    00000020     msp432p4xx_driverlib.lib : spi.o (.text:SPI_transmitData)
                  0000767c    00000020     empty_pem4f.oem4f (.text:ti_sysbios_BIOS_rtsLock__I)
                  0000769c    00000020     sysbios.aem4f : m3_Hwi_asm.obj (.text:ti_sysbios_family_arm_m3_Hwi_excHandlerAsm__I)
                  000076bc    00000004     --HOLE-- [fill = 0]
                  000076c0    00000020                   : BIOS.obj (.text:ti_sysbios_family_arm_m3_Hwi_excHandler__I)
                  000076e0    00000020     empty_pem4f.oem4f (.text:ti_sysbios_gates_GateHwi_Object__delete__S)
                  00007700    00000020     empty_pem4f.oem4f (.text:ti_sysbios_heaps_HeapMem_Object__delete__S)
                  00007720    00000020     sysbios.aem4f : BIOS.obj (.text:ti_sysbios_knl_Idle_run__E)
                  00007740    00000020     empty_pem4f.oem4f (.text:ti_sysbios_knl_Semaphore_Object__destruct__S)
                  00007760    00000020     ti.targets.arm.rtsarm.aem4f : Registry.oem4f (.text:xdc_runtime_Registry_findById__E)
                  00007780    00000020                                 : SysMin.oem4f (.text:xdc_runtime_SysMin_Module_startup__E)
                  000077a0    0000001e     sysbios.aem4f : m3_Hwi_asm_switch.obj (.text:ti_sysbios_family_xxx_Hwi_switchAndRunFunc)
                  000077be    0000001c     rtsv7M4_T_le_v4SPD16_eabi.lib : memccpy.obj (.text)
                  000077da    00000006                                   : copy_decompress_rle.obj (.text:decompress:rle24)
                  000077e0    0000001c     sysbios.aem4f : BIOS.obj (.text:ti_sysbios_gates_GateMutex_Instance_init__E)
                  000077fc    0000001c     empty_pem4f.oem4f (.text:ti_sysbios_knl_Queue_Object__destruct__S)
                  00007818    0000001c     sysbios.aem4f : BIOS.obj (.text:ti_sysbios_knl_Queue_get__E)
                  00007834    00000004     --HOLE-- [fill = 0]
                  00007838    0000001c                   : BIOS.obj (.text:ti_sysbios_knl_Queue_put__E)
                  00007854    00000004     --HOLE-- [fill = 0]
                  00007858    0000001c                   : BIOS.obj (.text:ti_sysbios_knl_Task_enter__I)
                  00007874    0000001c     ti.targets.arm.rtsarm.aem4f : Error.oem4f (.text:xdc_runtime_Error_raiseX__E)
                  00007890    0000001c                                 : Memory.oem4f (.text:xdc_runtime_Memory_valloc__E)
                  000078ac    0000001c                                 : SysMin.oem4f (.text:xdc_runtime_SysMin_exit__E)
                  000078c8    0000001c                                 : System.oem4f (.text:xdc_runtime_System_abort__E)
                  000078e4    0000001a     context.obj (.text:Graphics_setBackgroundColor)
                  000078fe    0000001a     context.obj (.text:Graphics_setFont)
                  00007918    0000001a     msp432p4xx_driverlib.lib : spi.o (.text:SPI_enableModule)
                  00007932    0000001a     empty_pem4f.oem4f (.text:ti_sysbios_family_arm_m3_Hwi_Handle__label__S)
                  0000794c    0000001a     empty_pem4f.oem4f (.text:ti_sysbios_gates_GateHwi_Handle__label__S)
                  00007966    0000001a     empty_pem4f.oem4f (.text:ti_sysbios_gates_GateMutex_Handle__label__S)
                  00007980    0000001a     empty_pem4f.oem4f (.text:ti_sysbios_heaps_HeapMem_Handle__label__S)
                  0000799a    0000001a     empty_pem4f.oem4f (.text:ti_sysbios_knl_Swi_Handle__label__S)
                  000079b4    0000001a     empty_pem4f.oem4f (.text:ti_sysbios_knl_Task_Handle__label__S)
                  000079ce    0000001a     empty_pem4f.oem4f (.text:xdc_runtime_System_aprintf__E)
                  000079e8    0000001a     empty_pem4f.oem4f (.text:xdc_runtime_System_printf__E)
                  00007a02    00000002     --HOLE-- [fill = 0]
                  00007a04    00000018     msp432p4xx_driverlib.lib : adc14.o (.text:ADC14_getResult)
                  00007a1c    00000018                              : gpio.o (.text:GPIO_setOutputLowOnPin)
                  00007a34    00000018     display.obj (.text:Graphics_clearDisplayOnDisplay)
                  00007a4c    00000018     msp432p4xx_driverlib.lib : wdt_a.o (.text:WDT_A_holdTimer)
                  00007a64    00000018     rtsv7M4_T_le_v4SPD16_eabi.lib : args_main.obj (.text)
                  00007a7c    00000018     empty_pem4f.oem4f (.text:ti_sysbios_BIOS_rtsUnlock__I)
                  00007a94    00000018     empty_pem4f.oem4f (.text:ti_sysbios_family_arm_m3_Hwi_Module__startupDone__F)
                  00007aac    00000018     sysbios.aem4f : m3_TaskSupport_asm.obj (.text:ti_sysbios_family_arm_m3_TaskSupport_swap__E)
                  00007ac4    00000018     empty_pem4f.oem4f (.text:ti_sysbios_family_arm_msp432_Timer_Module__startupDone__F)
                  00007adc    00000004     --HOLE-- [fill = 0]
                  00007ae0    00000018     sysbios.aem4f : BIOS.obj (.text:ti_sysbios_gates_GateMutex_leave__E)
                  00007af8    00000018     ti.targets.arm.rtsarm.aem4f : Error.oem4f (.text:xdc_runtime_Error_check__E)
                  00007b10    00000018                                 : System.oem4f (.text:xdc_runtime_System_exit__E)
                  00007b28    00000018                                 : Text.oem4f (.text:xdc_runtime_Text_ropeText__E)
                  00007b40    00000016     context.obj (.text:Graphics_setForegroundColor)
                  00007b56    00000016     display.obj (.text:Graphics_translateColorOnDisplay)
                  00007b6c    00000016     rtsv7M4_T_le_v4SPD16_eabi.lib : strchr.obj (.text)
                  00007b82    00000016     empty_pem4f.oem4f (.text:ti_sysbios_BIOS_exitFunc__I)
                  00007b98    00000016     empty.obj (.text:ti_sysbios_knl_Clock_Params_init)
                  00007bae    00000002     --HOLE-- [fill = 0]
                  00007bb0    00000016     sysbios.aem4f : BIOS.obj (.text:ti_sysbios_knl_Task_unblock__E)
                  00007bc6    00000002     --HOLE-- [fill = 0]
                  00007bc8    00000014     msp432p4xx_driverlib.lib : gpio.o (.text:GPIO_setOutputHighOnPin)
                  00007bdc    00000014                              : wdt_a.o (.text:WDT_A_startTimer)
                  00007bf0    00000014     empty.obj (.text:clk0Fxn)
                  00007c04    00000014     rtsv7M4_T_le_v4SPD16_eabi.lib : _lock.obj (.text)
                  00007c18    00000014                                   : strcpy.obj (.text)
                  00007c2c    00000014                                   : strlen.obj (.text)
                  00007c40    00000014     empty_pem4f.oem4f (.text:ti_sysbios_family_arm_m3_Hwi_Object__get__S)
                  00007c54    00000004     --HOLE-- [fill = 0]
                  00007c58    00000014     sysbios.aem4f : BIOS.obj (.text:ti_sysbios_family_arm_m3_Hwi_switchFromBootStack__E)
                  00007c6c    00000014     empty_pem4f.oem4f (.text:ti_sysbios_heaps_HeapMem_Object__get__S)
                  00007c80    00000014     empty_pem4f.oem4f (.text:ti_sysbios_knl_Mailbox_Object__get__S)
                  00007c94    00000014     empty_pem4f.oem4f (.text:ti_sysbios_knl_Swi_Object__get__S)
                  00007ca8    00000012     context.obj (.text:Graphics_clearDisplay)
                  00007cba    00000006     ti.targets.arm.rtsarm.aem4f : System.oem4f (.text:xdc_runtime_System_Module_startup__E)
                  00007cc0    00000012     sysbios.aem4f : BIOS.obj (.text:ti_sysbios_hal_Hwi_Module_startup__E)
                  00007cd2    00000012     empty_pem4f.oem4f (.text:xdc_runtime_Startup_exec__I)
                  00007ce4    00000010     msp432p4xx_driverlib.lib : pcm.o (.text:PCM_gotoLPM4)
                  00007cf4    00000004     --HOLE-- [fill = 0]
                  00007cf8    00000010     sysbios.aem4f : BIOS.obj (.text:ti_sysbios_BIOS_exit__E)
                  00007d08    00000010                   : BIOS.obj (.text:ti_sysbios_BIOS_setCpuFreq__E)
                  00007d18    00000010                   : BIOS.obj (.text:ti_sysbios_BIOS_setThreadType__E)
                  00007d28    00000010                   : BIOS.obj (.text:ti_sysbios_BIOS_start__E)
                  00007d38    00000010                   : m3_TaskSupport_asm.obj (.text:ti_sysbios_family_arm_m3_TaskSupport_glue)
                  00007d48    00000010                   : BIOS.obj (.text:ti_sysbios_family_arm_msp432_init_Boot_disableWatchdog)
                  00007d58    00000010                   : BIOS.obj (.text:ti_sysbios_gates_GateMutex_Instance_finalize__E)
                  00007d68    00000010                   : BIOS.obj (.text:ti_sysbios_knl_Semaphore_Instance_finalize__E)
                  00007d78    00000010                   : BIOS.obj (.text:ti_sysbios_knl_Swi_disable__E)
                  00007d88    00000010     empty_pem4f.oem4f (.text:ti_sysbios_knl_Task_Object__get__S)
                  00007d98    00000010     sysbios.aem4f : BIOS.obj (.text:ti_sysbios_knl_Task_disable__E)
                  00007da8    00000010     ti.targets.arm.rtsarm.aem4f : Gate.oem4f (.text:xdc_runtime_Gate_leaveSystem__E)
                  00007db8    00000010                                 : Memory.oem4f (.text:xdc_runtime_Memory_free__E)
                  00007dc8    00000010                                 : SysMin.oem4f (.text:xdc_runtime_SysMin_ready__E)
                  00007dd8    00000010                                 : System.oem4f (.text:xdc_runtime_System_vsnprintf__E)
                  00007de8    00000010     empty_pem4f.oem4f (.text:xdc_runtime_Text_visitRope__I)
                  00007df8    0000000e     rtsv7M4_T_le_v4SPD16_eabi.lib : copy_decompress_none.obj (.text:decompress:none)
                  00007e06    00000002     --HOLE-- [fill = 0]
                  00007e08    0000000e     sysbios.aem4f : BIOS.obj (.text:ti_sysbios_knl_Queue_empty__E)
                  00007e16    0000000c     empty_pem4f.oem4f (.text:.bootCodeSection:ti_sysbios_family_arm_msp432_init_Boot_init__I)
                  00007e22    0000000c     msp432p4xx_driverlib.lib : cpu.o (.text:CPU_cpsid)
                  00007e2e    0000000c                              : cpu.o (.text:CPU_cpsie)
                  00007e3a    0000000c                              : spi.o (.text:EUSCI_A_SPI_enable)
                  00007e46    0000000c                              : spi.o (.text:EUSCI_B_SPI_enable)
                  00007e52    00000002     --HOLE-- [fill = 0]
                  00007e54    0000000c                              : pcm.o (.text:PCM_getPowerState)
                  00007e60    0000000c     drivers_MSP432P401R.aem4f : PowerMSP432.oem4f (.text:Power_getConstraintMask)
                  00007e6c    0000000c     rtsv7M4_T_le_v4SPD16_eabi.lib : copy_zero_init.obj (.text:decompress:ZI)
                  00007e78    0000000c     sysbios.aem4f : BIOS.obj (.text:ti_sysbios_family_arm_msp432_Timer_getMaxTicks__E)
                  00007e84    00000004     --HOLE-- [fill = 0]
                  00007e88    0000000c                   : BIOS.obj (.text:ti_sysbios_gates_GateHwi_enter__E)
                  00007e94    0000000c     empty_pem4f.oem4f (.text:ti_sysbios_knl_Clock_Params__init__S)
                  00007ea0    0000000c     empty.obj (.text:ti_sysbios_knl_Clock_handle)
                  00007eac    0000000c     empty_pem4f.oem4f (.text:ti_sysbios_knl_Queue_Object__get__S)
                  00007eb8    0000000c     ti.targets.arm.rtsarm.aem4f : Error.oem4f (.text:xdc_runtime_Error_init__E)
                  00007ec4    0000000c                                 : Gate.oem4f (.text:xdc_runtime_Gate_enterSystem__E)
                  00007ed0    0000000c                                 : Memory.oem4f (.text:xdc_runtime_Memory_calloc__E)
                  00007edc    0000000c                                 : Memory.oem4f (.text:xdc_runtime_Memory_getMaxDefaultTypeAlign__E)
                  00007ee8    0000000a     Crystalfontz128x128_ST7735.obj (.text:Crystalfontz128x128_Flush)
                  00007ef2    0000000a     empty_pem4f.oem4f (.text:xdc_runtime_IHeap_alloc)
                  00007efc    0000000a     empty_pem4f.oem4f (.text:xdc_runtime_IHeap_free)
                  00007f06    00000008     msp432p4xx_driverlib.lib : spi.o (.text:EUSCI_B_SPI_getInterruptStatus)
                  00007f0e    00000008     MSP_EXP432P401R.obj (.text:MSP_EXP432P401R_initGeneral)
                  00007f16    00000008     msp432p4xx_driverlib.lib : pcm.o (.text:PCM_setPowerMode)
                  00007f1e    00000008                              : pcm.o (.text:PCM_setPowerState)
                  00007f26    00000002     --HOLE-- [fill = 0]
                  00007f28    00000008     sysbios.aem4f : BIOS.obj (.text:ti_sysbios_family_arm_m3_Hwi_doSwiRestore__I)
                  00007f30    00000008                   : BIOS.obj (.text:ti_sysbios_family_arm_m3_Hwi_startup__E)
                  00007f38    00000006                   : BIOS.obj (.text:ti_sysbios_family_arm_m3_Hwi_doTaskRestore__I)
                  00007f3e    00000002     --HOLE-- [fill = 0]
                  00007f40    00000006                   : BIOS.obj (.text:ti_sysbios_gates_GateHwi_leave__E)
                  00007f46    00000002     --HOLE-- [fill = 0]
                  00007f48    00000006                   : BIOS.obj (.text:ti_sysbios_heaps_HeapMem_isBlocking__E)
                  00007f4e    00000002     --HOLE-- [fill = 0]
                  00007f50    00000006                   : BIOS.obj (.text:ti_sysbios_knl_Queue_Instance_init__E)
                  00007f56    00000002     --HOLE-- [fill = 0]
                  00007f58    00000006                   : BIOS.obj (.text:ti_sysbios_knl_Swi_startup__E)
                  00007f5e    00000002     --HOLE-- [fill = 0]
                  00007f60    00000004                   : BIOS.obj (.text:ti_sysbios_gates_GateHwi_query__E)
                  00007f64    00000004     --HOLE-- [fill = 0]
                  00007f68    00000004                   : BIOS.obj (.text:ti_sysbios_gates_GateMutex_query__E)
                  00007f6c    00000004     --HOLE-- [fill = 0]
                  00007f70    00000004                   : BIOS.obj (.text:ti_sysbios_knl_Semaphore_getCount__E)
                  00007f74    00000004     --HOLE-- [fill = 0]
                  00007f78    00000004                   : BIOS.obj (.text:ti_sysbios_knl_Task_startup__E)
                  00007f7c    00000004     --HOLE-- [fill = 0]
                  00007f80    00000002                   : BIOS.obj (.text:ti_sysbios_gates_GateHwi_Instance_init__E)
                  00007f82    00000006     --HOLE-- [fill = 0]
                  00007f88    00000002                   : BIOS.obj (.text:ti_sysbios_knl_Clock_logTick__E)

.const     0    00007f8c    000022c3     
                  00007f8c    00001861     empty_pem4f.oem4f (.const:xdc_runtime_Text_charTab__A)
                  000097ed    000002f8     fontfixed6x8.obj (.const:.string:g_pucFontFixed6x8Data)
                  00009ae5    00000101     rtsv7M4_T_le_v4SPD16_eabi.lib : ctype.obj (.const:.string:_ctypes_)
                  00009be6    00000002     empty_pem4f.oem4f (.const:ti_sysbios_family_arm_m3_Hwi_Module__id__C)
                  00009be8    000000c8     fontfixed6x8.obj (.const:g_sFontFixed6x8)
                  00009cb0    000000b8     empty_pem4f.oem4f (.const:xdc_runtime_Text_nodeTab__A)
                  00009d68    00000080     msp432p4xx_driverlib.lib : adc14.o (.const:_ctlRegs)
                  00009de8    00000048     empty_pem4f.oem4f (.const:.string)
                  00009e30    0000002c     Crystalfontz128x128_ST7735.obj (.const:g_sCrystalfontz128x128)
                  00009e5c    00000028     empty_pem4f.oem4f (.const:ti_sysbios_heaps_HeapMem_Module__FXNS__C)
                  00009e84    00000024     init_all.obj (.const:$P$T0$1)
                  00009ea8    00000024     empty_pem4f.oem4f (.const:ti_sysbios_gates_GateHwi_Module__FXNS__C)
                  00009ecc    00000024     empty_pem4f.oem4f (.const:ti_sysbios_gates_GateMutex_Module__FXNS__C)
                  00009ef0    00000024     empty_pem4f.oem4f (.const:ti_sysbios_heaps_HeapMem_Object__PARAMS__C)
                  00009f14    00000024     empty_pem4f.oem4f (.const:ti_sysbios_knl_Clock_Object__PARAMS__C)
                  00009f38    00000024     empty_pem4f.oem4f (.const:ti_sysbios_knl_Semaphore_Object__PARAMS__C)
                  00009f5c    00000024     empty_pem4f.oem4f (.const:xdc_runtime_Startup_sfxnTab__A)
                  00009f80    00000020     empty_pem4f.oem4f (.const:ti_sysbios_gates_GateHwi_Object__DESC__C)
                  00009fa0    00000020     empty_pem4f.oem4f (.const:ti_sysbios_gates_GateMutex_Object__DESC__C)
                  00009fc0    00000020     empty_pem4f.oem4f (.const:ti_sysbios_heaps_HeapMem_Object__DESC__C)
                  00009fe0    00000020     empty_pem4f.oem4f (.const:ti_sysbios_knl_Clock_Object__DESC__C)
                  0000a000    00000020     empty_pem4f.oem4f (.const:ti_sysbios_knl_Queue_Object__DESC__C)
                  0000a020    00000020     empty_pem4f.oem4f (.const:ti_sysbios_knl_Semaphore_Object__DESC__C)
                  0000a040    0000001c     HAL_MSP_EXP432P401R_Crystalfontz128x128_ST7735.obj (.const)
                  0000a05c    0000001c     empty_pem4f.oem4f (.const)
                  0000a078    00000018     empty_pem4f.oem4f (.const:ti_sysbios_gates_GateHwi_Object__PARAMS__C)
                  0000a090    00000018     empty_pem4f.oem4f (.const:ti_sysbios_gates_GateMutex_Object__PARAMS__C)
                  0000a0a8    00000018     empty_pem4f.oem4f (.const:ti_sysbios_knl_Queue_Object__PARAMS__C)
                  0000a0c0    00000012     empty_pem4f.oem4f (.const:xdc_runtime_Startup_sfxnRts__A)
                  0000a0d2    00000002     empty_pem4f.oem4f (.const:ti_sysbios_heaps_HeapMem_Module__id__C)
                  0000a0d4    00000010     MSP_EXP432P401R.obj (.const)
                  0000a0e4    0000000c     empty_pem4f.oem4f (.const:xdc_runtime_Startup_firstFxns__A)
                  0000a0f0    00000008     Crystalfontz128x128_ST7735.obj (.const)
                  0000a0f8    00000008     empty_pem4f.oem4f (.const:ti_sysbios_family_arm_m3_Hwi_excHookFuncs__A)
                  0000a100    00000008     empty_pem4f.oem4f (.const:ti_sysbios_knl_Idle_funcList__A)
                  0000a108    00000008     empty_pem4f.oem4f (.const:ti_sysbios_knl_Idle_funcList__C)
                  0000a110    00000008     empty_pem4f.oem4f (.const:xdc_runtime_Startup_firstFxns__C)
                  0000a118    00000008     empty_pem4f.oem4f (.const:xdc_runtime_Startup_lastFxns__C)
                  0000a120    00000004     empty_pem4f.oem4f (.const:ti_sysbios_family_arm_m3_Hwi_E_NMI__C)
                  0000a124    00000004     empty_pem4f.oem4f (.const:ti_sysbios_family_arm_m3_Hwi_E_busFault__C)
                  0000a128    00000004     empty_pem4f.oem4f (.const:ti_sysbios_family_arm_m3_Hwi_E_debugMon__C)
                  0000a12c    00000004     empty_pem4f.oem4f (.const:ti_sysbios_family_arm_m3_Hwi_E_hardFault__C)
                  0000a130    00000004     empty_pem4f.oem4f (.const:ti_sysbios_family_arm_m3_Hwi_E_memFault__C)
                  0000a134    00000004     empty_pem4f.oem4f (.const:ti_sysbios_family_arm_m3_Hwi_E_noIsr__C)
                  0000a138    00000004     empty_pem4f.oem4f (.const:ti_sysbios_family_arm_m3_Hwi_E_reserved__C)
                  0000a13c    00000004     empty_pem4f.oem4f (.const:ti_sysbios_family_arm_m3_Hwi_E_svCall__C)
                  0000a140    00000004     empty_pem4f.oem4f (.const:ti_sysbios_family_arm_m3_Hwi_E_usageFault__C)
                  0000a144    00000004     empty_pem4f.oem4f (.const:ti_sysbios_family_arm_m3_Hwi_NUM_INTERRUPTS__C)
                  0000a148    00000004     empty_pem4f.oem4f (.const:ti_sysbios_family_arm_m3_Hwi_Object__count__C)
                  0000a14c    00000004     empty_pem4f.oem4f (.const:ti_sysbios_family_arm_m3_Hwi_ccr__C)
                  0000a150    00000004     empty_pem4f.oem4f (.const:ti_sysbios_family_arm_m3_Hwi_excHandlerFunc__C)
                  0000a154    00000004     empty_pem4f.oem4f (.const:ti_sysbios_family_arm_m3_Hwi_excHookFuncs__C)
                  0000a158    00000004     empty_pem4f.oem4f (.const:ti_sysbios_family_arm_m3_Hwi_nullIsrFunc__C)
                  0000a15c    00000004     empty_pem4f.oem4f (.const:ti_sysbios_family_arm_m3_Hwi_priGroup__C)
                  0000a160    00000004     empty_pem4f.oem4f (.const:ti_sysbios_family_arm_msp432_Timer_numTimerDevices__C)
                  0000a164    00000004     empty_pem4f.oem4f (.const:ti_sysbios_family_arm_msp432_Timer_startupNeeded__C)
                  0000a168    00000004     empty_pem4f.oem4f (.const:ti_sysbios_gates_GateMutex_Instance_State_sem__O)
                  0000a16c    00000004     empty_pem4f.oem4f (.const:ti_sysbios_heaps_HeapMem_E_memory__C)
                  0000a170    00000004     empty_pem4f.oem4f (.const:ti_sysbios_heaps_HeapMem_Module__gateObj__C)
                  0000a174    00000004     empty_pem4f.oem4f (.const:ti_sysbios_heaps_HeapMem_Object__count__C)
                  0000a178    00000004     empty_pem4f.oem4f (.const:ti_sysbios_heaps_HeapMem_reqAlign__C)
                  0000a17c    00000004     empty_pem4f.oem4f (.const:ti_sysbios_knl_Clock_Module_State_clockQ__O)
                  0000a180    00000004     empty_pem4f.oem4f (.const:ti_sysbios_knl_Mailbox_Instance_State_dataQue__O)
                  0000a184    00000004     empty_pem4f.oem4f (.const:ti_sysbios_knl_Mailbox_Instance_State_dataSem__O)
                  0000a188    00000004     empty_pem4f.oem4f (.const:ti_sysbios_knl_Mailbox_Instance_State_freeQue__O)
                  0000a18c    00000004     empty_pem4f.oem4f (.const:ti_sysbios_knl_Mailbox_Instance_State_freeSem__O)
                  0000a190    00000004     empty_pem4f.oem4f (.const:ti_sysbios_knl_Mailbox_Object__count__C)
                  0000a194    00000004     empty_pem4f.oem4f (.const:ti_sysbios_knl_Mailbox_maxTypeAlign__C)
                  0000a198    00000004     empty_pem4f.oem4f (.const:ti_sysbios_knl_Semaphore_Instance_State_pendQ__O)
                  0000a19c    00000004     empty_pem4f.oem4f (.const:ti_sysbios_knl_Swi_Object__count__C)
                  0000a1a0    00000004     empty_pem4f.oem4f (.const:ti_sysbios_knl_Task_Module_State_inactiveQ__O)
                  0000a1a4    00000004     empty_pem4f.oem4f (.const:ti_sysbios_knl_Task_Object__count__C)
                  0000a1a8    00000004     empty_pem4f.oem4f (.const:ti_sysbios_knl_Task_allBlockedFunc__C)
                  0000a1ac    00000004     empty_pem4f.oem4f (.const:ti_sysbios_knl_Task_numConstructedTasks__C)
                  0000a1b0    00000004     empty_pem4f.oem4f (.const:xdc_runtime_Assert_E_assertFailed__C)
                  0000a1b4    00000004     empty_pem4f.oem4f (.const:xdc_runtime_Core_A_initializedParams__C)
                  0000a1b8    00000004     empty_pem4f.oem4f (.const:xdc_runtime_Core_Module__diagsEnabled__C)
                  0000a1bc    00000004     empty_pem4f.oem4f (.const:xdc_runtime_Core_Module__diagsIncluded__C)
                  0000a1c0    00000004     empty_pem4f.oem4f (.const:xdc_runtime_Core_Module__diagsMask__C)
                  0000a1c4    00000004     empty_pem4f.oem4f (.const:xdc_runtime_Error_E_memory__C)
                  0000a1c8    00000004     empty_pem4f.oem4f (.const:xdc_runtime_Error_Module__diagsEnabled__C)
                  0000a1cc    00000004     empty_pem4f.oem4f (.const:xdc_runtime_Error_Module__diagsIncluded__C)
                  0000a1d0    00000004     empty_pem4f.oem4f (.const:xdc_runtime_Error_Module__diagsMask__C)
                  0000a1d4    00000004     empty_pem4f.oem4f (.const:xdc_runtime_Error_Module__loggerFxn8__C)
                  0000a1d8    00000004     empty_pem4f.oem4f (.const:xdc_runtime_Error_Module__loggerObj__C)
                  0000a1dc    00000004     empty_pem4f.oem4f (.const:xdc_runtime_Error_policyFxn__C)
                  0000a1e0    00000004     empty_pem4f.oem4f (.const:xdc_runtime_Error_raiseHook__C)
                  0000a1e4    00000004     empty_pem4f.oem4f (.const:xdc_runtime_IGateProvider_Interface__BASE__C)
                  0000a1e8    00000004     empty_pem4f.oem4f (.const:xdc_runtime_IHeap_Interface__BASE__C)
                  0000a1ec    00000004     empty_pem4f.oem4f (.const:xdc_runtime_IModule_Interface__BASE__C)
                  0000a1f0    00000004     empty_pem4f.oem4f (.const:xdc_runtime_Log_L_error__C)
                  0000a1f4    00000004     empty_pem4f.oem4f (.const:xdc_runtime_Memory_defaultHeapInstance__C)
                  0000a1f8    00000004     empty_pem4f.oem4f (.const:xdc_runtime_Startup_execImpl__C)
                  0000a1fc    00000004     empty_pem4f.oem4f (.const:xdc_runtime_Startup_maxPasses__C)
                  0000a200    00000004     empty_pem4f.oem4f (.const:xdc_runtime_Startup_sfxnRts__C)
                  0000a204    00000004     empty_pem4f.oem4f (.const:xdc_runtime_Startup_sfxnTab__C)
                  0000a208    00000004     empty_pem4f.oem4f (.const:xdc_runtime_SysMin_bufSize__C)
                  0000a20c    00000004     empty_pem4f.oem4f (.const:xdc_runtime_SysMin_outputFunc__C)
                  0000a210    00000004     empty_pem4f.oem4f (.const:xdc_runtime_System_Module__gateObj__C)
                  0000a214    00000004     empty_pem4f.oem4f (.const:xdc_runtime_System_abortFxn__C)
                  0000a218    00000004     empty_pem4f.oem4f (.const:xdc_runtime_System_exitFxn__C)
                  0000a21c    00000004     empty_pem4f.oem4f (.const:xdc_runtime_System_extendFxn__C)
                  0000a220    00000004     empty_pem4f.oem4f (.const:xdc_runtime_System_maxAtexitHandlers__C)
                  0000a224    00000004     empty_pem4f.oem4f (.const:xdc_runtime_Text_charTab__C)
                  0000a228    00000004     empty_pem4f.oem4f (.const:xdc_runtime_Text_nameEmpty__C)
                  0000a22c    00000004     empty_pem4f.oem4f (.const:xdc_runtime_Text_nameStatic__C)
                  0000a230    00000004     empty_pem4f.oem4f (.const:xdc_runtime_Text_nameUnknown__C)
                  0000a234    00000004     empty_pem4f.oem4f (.const:xdc_runtime_Text_nodeTab__C)
                  0000a238    00000004     empty_pem4f.oem4f (.const:xdc_runtime_Text_visitRopeFxn__C)
                  0000a23c    00000002     empty_pem4f.oem4f (.const:xdc_runtime_Core_Module__id__C)
                  0000a23e    00000002     empty_pem4f.oem4f (.const:xdc_runtime_Error_Module__loggerDefined__C)
                  0000a240    00000002     empty_pem4f.oem4f (.const:xdc_runtime_Error_maxDepth__C)
                  0000a242    00000002     empty_pem4f.oem4f (.const:xdc_runtime_Memory_Module__id__C)
                  0000a244    00000002     empty_pem4f.oem4f (.const:xdc_runtime_SysMin_flushAtExit__C)
                  0000a246    00000002     empty_pem4f.oem4f (.const:xdc_runtime_Text_charCnt__C)
                  0000a248    00000002     empty_pem4f.oem4f (.const:xdc_runtime_Text_isLoaded__C)
                  0000a24a    00000002     empty_pem4f.oem4f (.const:xdc_runtime_Text_registryModsLastId__C)
                  0000a24c    00000002     empty_pem4f.oem4f (.const:xdc_runtime_Text_unnamedModsLastId__C)
                  0000a24e    00000001     empty_pem4f.oem4f (.const:xdc_runtime_Error_policy__C)

.cinit     0    0000a250    00000500     
                  0000a250    000004c8     (.cinit..data.load) [load image, compression = rle]
                  0000a718    0000000c     (__TI_handler_table)
                  0000a724    00000004     --HOLE-- [fill = 0]
                  0000a728    00000008     (.cinit..bss.load) [load image, compression = zero_init]
                  0000a730    00000008     (.cinit..vecs.load) [load image, compression = zero_init]
                  0000a738    00000018     (__TI_cinit_table)

.resetVecs 
*          0    00000000    0000003c     
                  00000000    0000003c     empty_pem4f.oem4f (.resetVecs)

.bss       0    20000140    000030aa     UNINITIALIZED
                  20000140    00002580     empty_pem4f.oem4f (.bss:ti_sysbios_knl_Mailbox_Instance_State_0_allocBuf__A)
                  200026c0    00000400     empty_pem4f.oem4f (.bss:ti_sysbios_heaps_HeapMem_Instance_State_0_buf__A)
                  20002ac0    00000200     empty_pem4f.oem4f (.bss:taskStackSection)
                  20002cc0    000001e0     empty_pem4f.oem4f (.bss:ti_sysbios_knl_Mailbox_Instance_State_1_allocBuf__A)
                  20002ea0    00000140     empty_pem4f.oem4f (.bss:ti_sysbios_family_arm_m3_Hwi_dispatchTable)
                  20002fe0    00000120     rtsv7M4_T_le_v4SPD16_eabi.lib : trgmsg.obj (.bss:__CIOBUF_)
                  20003100    00000080     empty_pem4f.oem4f (.bss:xdc_runtime_SysMin_Module_State_0_outbuf__A)
                  20003180    00000024     empty.obj (.bss:clk0Struct)
                  200031a4    0000001c     (.common:g_sContext)
                  200031c0    00000008     (.common:parmbuf)
                  200031c8    00000004     (.common:clk0Handle)
                  200031cc    00000004     (.common:receiveData)
                  200031d0    00000002     (.common:Lcd_ScreenHeigth)
                  200031d2    00000002     (.common:Lcd_ScreenWidth)
                  200031d4    00000002     (.common:Lcd_TouchTrim)
                  200031d6    00000002     (.common:avgX$4)
                  200031d8    00000002     (.common:avgY$5)
                  200031da    00000002     (.common:avgZ$6)
                  200031dc    00000002     (.common:lastX$1)
                  200031de    00000002     (.common:lastY$2)
                  200031e0    00000002     (.common:lastZ$3)
                  200031e2    00000001     (.common:Lcd_FlagRead)
                  200031e3    00000001     (.common:Lcd_FontSolid)
                  200031e4    00000001     (.common:Lcd_Orientation)
                  200031e5    00000001     (.common:Lcd_PenSolid)
                  200031e6    00000001     (.common:dataSetASCII)
                  200031e7    00000001     (.common:dataSetHundreds)
                  200031e8    00000001     (.common:dataSetOnes)
                  200031e9    00000001     (.common:dataSetTens)

.data      0    200031f0    0000076c     UNINITIALIZED
                  200031f0    00000148     empty_pem4f.oem4f (.data)
                  20003338    000000b0     rtsv7M4_T_le_v4SPD16_eabi.lib : signal.obj (.data:sigtable)
                  200033e8    000000a0     empty_pem4f.oem4f (.data:ti_sysbios_knl_Mailbox_Object__table__V)
                  20003488    0000009c     drivers_MSP432P401R.aem4f : PowerMSP432.oem4f (.data:PowerMSP432_perfLevels)
                  20003524    00000004     rtsv7M4_T_le_v4SPD16_eabi.lib : errno.obj (.data)
                  20003528    00000080                                   : xvalues.obj (.data)
                  200035a8    00000080     empty_pem4f.oem4f (.data:ti_sysbios_knl_Swi_Module_State_0_readyQ__A)
                  20003628    00000080     empty_pem4f.oem4f (.data:ti_sysbios_knl_Task_Module_State_0_readyQ__A)
                  200036a8    0000004c     empty_pem4f.oem4f (.data:ti_sysbios_family_arm_msp432_Timer_Object__table__V)
                  200036f4    0000004c     empty_pem4f.oem4f (.data:ti_sysbios_knl_Task_Object__table__V)
                  20003740    00000048     empty_pem4f.oem4f (.data:ti_sysbios_family_arm_m3_Hwi_Object__table__V)
                  20003788    00000044     empty_pem4f.oem4f (.data:ti_sysbios_knl_Task_Module__state__V)
                  200037cc    00000038     empty_pem4f.oem4f (.data:ti_sysbios_gates_GateMutex_Object__table__V)
                  20003804    00000034     empty_pem4f.oem4f (.data:ti_sysbios_family_arm_m3_Hwi_Module__state__V)
                  20003838    00000030     msp432p4xx_driverlib.lib : gpio.o (.data:GPIO_PORT_TO_BASE)
                  20003868    00000030     empty_pem4f.oem4f (.data:ti_sysbios_knl_Swi_Object__table__V)
                  20003898    0000002c     empty_pem4f.oem4f (.data:ti_sysbios_knl_Clock_Module__state__V)
                  200038c4    00000028     empty_pem4f.oem4f (.data:ti_sysbios_knl_Semaphore_Object__table__V)
                  200038ec    00000024     drivers_MSP432P401R.aem4f : PowerMSP432.oem4f (.data:PowerMSP432_module)
                  20003910    00000024     empty_pem4f.oem4f (.data:ti_sysbios_BIOS_Module__state__V)
                  20003934    00000009     empty.obj (.data)
                  2000393d    00000003     --HOLE--
                  20003940    00000008     rtsv7M4_T_le_v4SPD16_eabi.lib : _lock.obj (.data)
                  20003948    00000008                                   : exit.obj (.data)
                  20003950    00000008                                   : feraiseexcept.obj (.data)
                  20003958    00000004                                   : stkdepth_vars.obj (.data)

.stack     0    2000fd00    00000300     UNINITIALIZED
                  2000fd00    00000300     --HOLE--

.bootVecs 
*          0    00000000    00000008     DSECT
                  00000000    00000008     boot.aem4f : boot.oem4f (.bootVecs)

.vecs      0    20000000    00000140     UNINITIALIZED
                  20000000    00000140     empty_pem4f.oem4f (.vecs)

xdc.meta   0    00000000    000000e8     COPY SECTION
                  00000000    000000e8     empty_pem4f.oem4f (xdc.meta)

.TI.noinit 
*          0    20000140    00000000     UNINITIALIZED

.TI.persistent 
*          0    200031f0    00000000     UNINITIALIZED


LINKER GENERATED COPY TABLES

__TI_cinit_table @ 0000a738 records: 3, size/record: 8, table size: 24
	.data: load addr=0000a250, load size=000004c8 bytes, run addr=200031f0, run size=0000076c bytes, compression=rle
	.bss: load addr=0000a728, load size=00000008 bytes, run addr=20000140, run size=000030aa bytes, compression=zero_init
	.vecs: load addr=0000a730, load size=00000008 bytes, run addr=20000000, run size=00000140 bytes, compression=zero_init


LINKER GENERATED HANDLER TABLE

__TI_handler_table @ 0000a718 records: 3, size/record: 4, table size: 12
	index: 0, handler: __TI_decompress_rle24
	index: 1, handler: __TI_decompress_none
	index: 2, handler: __TI_zero_init


GLOBAL SYMBOLS: SORTED ALPHABETICALLY BY Name 

address   name                                                        
-------   ----                                                        
00007a05  ADC14_getResult                                             
00005559  ADC_HWI                                                     
00006519  C$$EXIT                                                     
000055ef  C$$IO$$                                                     
00007e23  CPU_cpsid                                                   
00007e2f  CPU_cpsie                                                   
00002895  CPU_wfi                                                     
00004111  CS_initClockSignal                                          
000073a5  CS_setDCOCenteredFrequency                                  
000031b5  Crystalfontz128x128_Init                                    
00003081  Crystalfontz128x128_SetDrawFrame                            
00005c79  Crystalfontz128x128_SetOrientation                          
000032e1  EUSCIA2_IRQHandler                                          
00007e3b  EUSCI_A_SPI_enable                                          
00002a0d  EUSCI_A_SPI_transmitData                                    
00007e47  EUSCI_B_SPI_enable                                          
00007f07  EUSCI_B_SPI_getInterruptStatus                              
0000373d  EUSCI_B_SPI_transmitData                                    
000066f9  FlashCtl_disableReadBuffering                               
00006b21  FlashCtl_enableReadBuffering                                
000072b9  FlashCtl_setWaitState                                       
000073c9  GPIO_setAsOutputPin                                         
00006321  GPIO_setAsPeripheralModuleFunctionInputPin                  
00006061  GPIO_setAsPeripheralModuleFunctionOutputPin                 
00007bc9  GPIO_setOutputHighOnPin                                     
00007a1d  GPIO_setOutputLowOnPin                                      
00007ca9  Graphics_clearDisplay                                       
00007a35  Graphics_clearDisplayOnDisplay                              
00006b55  Graphics_drawHorizontalLineOnDisplay                        
000049d1  Graphics_drawLineH                                          
000071e9  Graphics_drawPixelOnDisplay                                 
000010fb  Graphics_drawString                                         
00006369  Graphics_drawStringCentered                                 
00003b4d  Graphics_getStringWidth                                     
000062d5  Graphics_initContext                                        
000078e5  Graphics_setBackgroundColor                                 
000078ff  Graphics_setFont                                            
00007b41  Graphics_setForegroundColor                                 
00007b57  Graphics_translateColorOnDisplay                            
00006cf3  HAL_LCD_PortInit                                            
00006779  HAL_LCD_SpiInit                                             
00006b89  HAL_LCD_writeCommand                                        
000073ed  HAL_LCD_writeData                                           
00001f81  HOSTclock                                                   
00001f49  HOSTclose                                                   
00001f0b  HOSTgetenv                                                  
00001eaf  HOSTlseek                                                   
00001e5d  HOSTopen                                                    
00001e11  HOSTread                                                    
00001db3  HOSTrename                                                  
00001d79  HOSTtime                                                    
00001d41  HOSTunlink                                                  
00001cf5  HOSTwrite                                                   
0000307f  Idle_fcxn                                                   
0000a070  LCDsemaphore                                                
200031e2  Lcd_FlagRead                                                
200031e3  Lcd_FontSolid                                               
200031e4  Lcd_Orientation                                             
200031e5  Lcd_PenSolid                                                
200031d0  Lcd_ScreenHeigth                                            
200031d2  Lcd_ScreenWidth                                             
200031d4  Lcd_TouchTrim                                               
000042cd  List_head                                                   
000045e5  List_next                                                   
00007f0f  MSP_EXP432P401R_initGeneral                                 
000070e1  PCM_getCoreVoltageLevel                                     
00007213  PCM_getPowerMode                                            
00007e55  PCM_getPowerState                                           
000072e1  PCM_gotoLPM0                                                
00004ffd  PCM_gotoLPM3                                                
00007ce5  PCM_gotoLPM4                                                
00007f17  PCM_setPowerMode                                            
00007f1f  PCM_setPowerState                                           
00005ecd  PCM_shutdownDevice                                          
0000a0d4  PowerMSP432_config                                          
00003c47  PowerMSP432_initPolicy                                      
200038ec  PowerMSP432_module                                          
20003488  PowerMSP432_perfLevels                                      
00005f1d  PowerMSP432_sleepPolicy                                     
0000710d  PowerMSP432_updateFreqs                                     
00007e61  Power_getConstraintMask                                     
0000763d  Power_idleFunc                                              
00006939  Power_init                                                  
00003e39  Power_sleep                                                 
00007411  RTC_C_holdClock                                             
00007435  RTC_C_startClock                                            
UNDEFED   SHT$$INIT_ARRAY$$Base                                       
UNDEFED   SHT$$INIT_ARRAY$$Limit                                      
00007919  SPI_enableModule                                            
00004d55  SPI_initMaster                                              
0000765d  SPI_transmitData                                            
0000a074  UartStartSemaphore                                          
4000480c  WDTCTL_SYM                                                  
00007a4d  WDT_A_holdTimer                                             
00007bdd  WDT_A_startTimer                                            
00006d55  _Dclass                                                     
20003528  _Denorm                                                     
00004469  _Dnorm                                                      
00003521  _Dscale                                                     
00005691  _Dunscale                                                   
20003538  _Eps                                                        
20003524  _Errno                                                      
20003950  _Fenv                                                       
00006d85  _Feraise                                                    
20003548  _Hugeval                                                    
20003558  _Inf                                                        
20003568  _Nan                                                        
20003588  _Rteps                                                      
20003578  _Snan                                                       
20003954  _Tls_setup__Fenv                                            
20003598  _Xbig                                                       
200035a0  _Zero                                                       
00000000  __ASM__                                                     
20002fe0  __CIOBUF_                                                   
00000064  __ISA__                                                     
00000077  __PLAT__                                                    
20010000  __STACK_END                                                 
00000300  __STACK_SIZE                                                
0000009a  __TARG__                                                    
0000a738  __TI_CINIT_Base                                             
0000a750  __TI_CINIT_Limit                                            
0000a718  __TI_Handler_Table_Base                                     
0000a724  __TI_Handler_Table_Limit                                    
00004755  __TI_auto_init                                              
20003948  __TI_cleanup_ptr                                            
00007df9  __TI_decompress_none                                        
000077db  __TI_decompress_rle24                                       
2000394c  __TI_dtors_ptr                                              
00000df5  __TI_printfi                                                
000055f3  __TI_readmsg                                                
0000a250  __TI_static_base__                                          
000055c1  __TI_writemsg                                               
00007e6d  __TI_zero_init                                              
000000c0  __TRDR__                                                    
00004e69  __aeabi_cdcmpeq                                             
00004e69  __aeabi_cdcmple                                             
00004eef  __aeabi_cdrcmple                                            
000063b1  __aeabi_d2iz                                                
00002395  __aeabi_dadd                                                
00002f49  __aeabi_ddiv                                                
00003a51  __aeabi_dmul                                                
0000238b  __aeabi_dsub                                                
00007059  __aeabi_i2d                                                 
00004527  __aeabi_idiv0                                               
000050f5  __aeabi_memclr                                              
000050f5  __aeabi_memclr4                                             
000050f5  __aeabi_memclr8                                             
00004a6d  __aeabi_memcpy                                              
00004a6d  __aeabi_memcpy4                                             
00004a6d  __aeabi_memcpy8                                             
000050f7  __aeabi_memset                                              
000050f7  __aeabi_memset4                                             
000050f7  __aeabi_memset8                                             
00006839  __aeabi_uidiv                                               
00006839  __aeabi_uidivmod                                            
00001fc9  __aeabi_uldivmod                                            
ffffffff  __binit__                                                   
ffffffff  __c_args__                                                  
2000fd00  __stack                                                     
00004ba3  __xdc__init                                                 
20003334  __xdc__init__addr                                           
00007a65  _args_main                                                  
00005b19  _c_int00                                                    
00009ae5  _ctypes_                                                    
20003940  _lock                                                       
00007c13  _nop                                                        
00007c0b  _register_lock                                              
00007c05  _register_unlock                                            
20003944  _unlock                                                     
0000651d  abort                                                       
0000a068  absoluateAvgTask                                            
0000a05c  adc_hwi                                                     
0000a060  adc_mailbox                                                 
000060ad  atoi                                                        
0000384d  averageCalcTask                                             
ffffffff  binit                                                       
00007bf1  clk0Fxn                                                     
200031c8  clk0Handle                                                  
20003180  clk0Struct                                                  
000060f9  copy_in                                                     
20003934  dataCounter                                                 
200031e6  dataSetASCII                                                
200031e7  dataSetHundreds                                             
200031e8  dataSetOnes                                                 
200031e9  dataSetTens                                                 
000047f5  drawAccelData                                               
00005ccd  drawData                                                    
00005d21  drawTitle                                                   
00006525  exit                                                        
00006bbd  feraiseexcept                                               
0000723d  frexp                                                       
200031a4  g_sContext                                                  
00009e30  g_sCrystalfontz128x128                                      
00009be8  g_sFontFixed6x8                                             
00002541  init_All                                                    
0000a06c  lcd_mailbox                                                 
00005e79  ldexp                                                       
00005c21  ltoa                                                        
000058e5  main                                                        
20003958  main_func_sp                                                
000077bf  memccpy                                                     
00004a6d  memcpy                                                      
000050fd  memset                                                      
00007d99  osi_TaskDisable                                             
00007d29  osi_start                                                   
00007087  raise                                                       
200031cc  receiveData                                                 
000067f9  signal                                                      
00005885  sprintf                                                     
00007b6d  strchr                                                      
00007c19  strcpy                                                      
00007c2d  strlen                                                      
20003910  ti_sysbios_BIOS_Module__state__V                            
00007967  ti_sysbios_BIOS_RtsGateProxy_Handle__label__S               
00007535  ti_sysbios_BIOS_RtsGateProxy_Object__delete__S              
00004ddd  ti_sysbios_BIOS_RtsGateProxy_enter__E                       
00004f75  ti_sysbios_BIOS_RtsGateProxy_leave__E                       
00007f69  ti_sysbios_BIOS_RtsGateProxy_query__E                       
00006db5  ti_sysbios_BIOS_atExitFunc__I                               
00007459  ti_sysbios_BIOS_errorRaiseHook__I                           
00007b83  ti_sysbios_BIOS_exitFunc__I                                 
00007cf9  ti_sysbios_BIOS_exit__E                                     
0000516f  ti_sysbios_BIOS_nullFunc__I                                 
0000747d  ti_sysbios_BIOS_registerRTSLock__I                          
000074a1  ti_sysbios_BIOS_removeRTSLock__I                            
0000767d  ti_sysbios_BIOS_rtsLock__I                                  
00007a7d  ti_sysbios_BIOS_rtsUnlock__I                                
00007d09  ti_sysbios_BIOS_setCpuFreq__E                               
00007d19  ti_sysbios_BIOS_setThreadType__E                            
000074c5  ti_sysbios_BIOS_startFunc__I                                
00007d29  ti_sysbios_BIOS_start__E                                    
0000a120  ti_sysbios_family_arm_m3_Hwi_E_NMI__C                       
0000a124  ti_sysbios_family_arm_m3_Hwi_E_busFault__C                  
0000a128  ti_sysbios_family_arm_m3_Hwi_E_debugMon__C                  
0000a12c  ti_sysbios_family_arm_m3_Hwi_E_hardFault__C                 
0000a130  ti_sysbios_family_arm_m3_Hwi_E_memFault__C                  
0000a134  ti_sysbios_family_arm_m3_Hwi_E_noIsr__C                     
[...]
00007d49  ti_sysbios_family_arm_msp432_init_Boot_disableWatchdog      
00007d59  ti_sysbios_gates_GateMutex_Instance_finalize__E             
00007d69  ti_sysbios_knl_Semaphore_Instance_finalize__E               
00007d79  ti_sysbios_knl_Swi_disable__E                               
00007d89  ti_sysbios_knl_Task_Object__get__S                          
00007d99  osi_TaskDisable                                             
00007d99  ti_sysbios_knl_Task_disable__E                              
00007da9  xdc_runtime_Gate_leaveSystem__E                             
00007db9  xdc_runtime_Memory_free__E                                  
00007dc9  xdc_runtime_SysMin_ready__E                                 
00007dc9  xdc_runtime_System_SupportProxy_ready__E                    
00007dd9  xdc_runtime_System_vsnprintf__E                             
00007de9  xdc_runtime_Text_visitRope__I                               
00007df9  __TI_decompress_none                                        
00007e09  ti_sysbios_knl_Queue_empty__E                               
00007e17  ti_sysbios_family_arm_msp432_init_Boot_init__I              
00007e17  xdc_runtime_Startup_reset__I                                
00007e23  CPU_cpsid                                                   
00007e2f  CPU_cpsie                                                   
00007e3b  EUSCI_A_SPI_enable                                          
00007e47  EUSCI_B_SPI_enable                                          
00007e55  PCM_getPowerState                                           
00007e61  Power_getConstraintMask                                     
00007e6d  __TI_zero_init                                              
00007e79  ti_sysbios_family_arm_msp432_Timer_getMaxTicks__E           
00007e89  ti_sysbios_gates_GateHwi_enter__E                           
00007e95  ti_sysbios_knl_Clock_Params__init__S                        
00007ead  ti_sysbios_knl_Queue_Object__get__S                         
00007eb9  xdc_runtime_Error_init__E                                   
00007ec5  xdc_runtime_Gate_enterSystem__E                             
00007ed1  xdc_runtime_Memory_calloc__E                                
00007edd  xdc_runtime_Memory_getMaxDefaultTypeAlign__E                
00007ef3  xdc_runtime_Memory_HeapProxy_alloc__E                       
00007efd  xdc_runtime_Memory_HeapProxy_free__E                        
00007f07  EUSCI_B_SPI_getInterruptStatus                              
00007f0f  MSP_EXP432P401R_initGeneral                                 
00007f17  PCM_setPowerMode                                            
00007f1f  PCM_setPowerState                                           
00007f29  ti_sysbios_family_arm_m3_Hwi_doSwiRestore__I                
00007f31  ti_sysbios_family_arm_m3_Hwi_startup__E                     
00007f31  ti_sysbios_hal_Hwi_HwiProxy_startup__E                      
00007f39  ti_sysbios_family_arm_m3_Hwi_doTaskRestore__I               
00007f41  ti_sysbios_gates_GateHwi_leave__E                           
00007f49  ti_sysbios_heaps_HeapMem_isBlocking__E                      
00007f51  ti_sysbios_knl_Queue_Instance_init__E                       
00007f59  ti_sysbios_knl_Swi_startup__E                               
00007f61  ti_sysbios_gates_GateHwi_query__E                           
00007f61  xdc_runtime_Main_Module_GateProxy_query__E                  
00007f61  xdc_runtime_System_Module_GateProxy_query__E                
00007f69  ti_sysbios_BIOS_RtsGateProxy_query__E                       
00007f69  ti_sysbios_gates_GateMutex_query__E                         
00007f69  ti_sysbios_heaps_HeapMem_Module_GateProxy_query__E          
00007f71  ti_sysbios_knl_Semaphore_getCount__E                        
00007f79  ti_sysbios_knl_Task_startup__E                              
00007f81  ti_sysbios_gates_GateHwi_Instance_init__E                   
00007f89  ti_sysbios_knl_Clock_logTick__E                             
00007f8c  xdc_runtime_Text_charTab__A                                 
00009ae5  _ctypes_                                                    
00009be6  ti_sysbios_family_arm_m3_Hwi_Module__id__C                  
00009be8  g_sFontFixed6x8                                             
00009cb0  xdc_runtime_Text_nodeTab__A                                 
00009e30  g_sCrystalfontz128x128                                      
00009e5c  ti_sysbios_heaps_HeapMem_Module__FXNS__C                    
00009ea8  ti_sysbios_gates_GateHwi_Module__FXNS__C                    
00009ecc  ti_sysbios_gates_GateMutex_Module__FXNS__C                  
00009ef0  ti_sysbios_heaps_HeapMem_Object__PARAMS__C                  
00009f14  ti_sysbios_knl_Clock_Object__PARAMS__C                      
00009f38  ti_sysbios_knl_Semaphore_Object__PARAMS__C                  
00009f5c  xdc_runtime_Startup_sfxnTab__A                              
00009f80  ti_sysbios_gates_GateHwi_Object__DESC__C                    
00009fa0  ti_sysbios_gates_GateMutex_Object__DESC__C                  
00009fc0  ti_sysbios_heaps_HeapMem_Object__DESC__C                    
00009fe0  ti_sysbios_knl_Clock_Object__DESC__C                        
0000a000  ti_sysbios_knl_Queue_Object__DESC__C                        
0000a020  ti_sysbios_knl_Semaphore_Object__DESC__C                    
0000a05c  adc_hwi                                                     
0000a060  adc_mailbox                                                 
0000a064  uart_hwi                                                    
0000a068  absoluateAvgTask                                            
0000a06c  lcd_mailbox                                                 
0000a070  LCDsemaphore                                                
0000a074  UartStartSemaphore                                          
0000a078  ti_sysbios_gates_GateHwi_Object__PARAMS__C                  
0000a090  ti_sysbios_gates_GateMutex_Object__PARAMS__C                
0000a0a8  ti_sysbios_knl_Queue_Object__PARAMS__C                      
0000a0c0  xdc_runtime_Startup_sfxnRts__A                              
0000a0d2  ti_sysbios_heaps_HeapMem_Module__id__C                      
0000a0d4  PowerMSP432_config                                          
0000a0e4  xdc_runtime_Startup_firstFxns__A                            
0000a0f8  ti_sysbios_family_arm_m3_Hwi_excHookFuncs__A                
0000a100  ti_sysbios_knl_Idle_funcList__A                             
0000a108  ti_sysbios_knl_Idle_funcList__C                             
0000a110  xdc_runtime_Startup_firstFxns__C                            
0000a118  xdc_runtime_Startup_lastFxns__C                             
0000a120  ti_sysbios_family_arm_m3_Hwi_E_NMI__C                       
0000a124  ti_sysbios_family_arm_m3_Hwi_E_busFault__C                  
0000a128  ti_sysbios_family_arm_m3_Hwi_E_debugMon__C                  
0000a12c  ti_sysbios_family_arm_m3_Hwi_E_hardFault__C                 
0000a130  ti_sysbios_family_arm_m3_Hwi_E_memFault__C                  
0000a134  ti_sysbios_family_arm_m3_Hwi_E_noIsr__C                     
0000a138  ti_sysbios_family_arm_m3_Hwi_E_reserved__C                  
0000a13c  ti_sysbios_family_arm_m3_Hwi_E_svCall__C                    
0000a140  ti_sysbios_family_arm_m3_Hwi_E_usageFault__C                
0000a144  ti_sysbios_family_arm_m3_Hwi_NUM_INTERRUPTS__C              
0000a148  ti_sysbios_family_arm_m3_Hwi_Object__count__C               
0000a14c  ti_sysbios_family_arm_m3_Hwi_ccr__C                         
0000a150  ti_sysbios_family_arm_m3_Hwi_excHandlerFunc__C              
0000a154  ti_sysbios_family_arm_m3_Hwi_excHookFuncs__C                
0000a158  ti_sysbios_family_arm_m3_Hwi_nullIsrFunc__C                 
0000a15c  ti_sysbios_family_arm_m3_Hwi_priGroup__C                    
0000a160  ti_sysbios_family_arm_msp432_Timer_numTimerDevices__C       
0000a164  ti_sysbios_family_arm_msp432_Timer_startupNeeded__C         
0000a168  ti_sysbios_gates_GateMutex_Instance_State_sem__O            
0000a16c  ti_sysbios_heaps_HeapMem_E_memory__C                        
0000a170  ti_sysbios_heaps_HeapMem_Module__gateObj__C                 
0000a174  ti_sysbios_heaps_HeapMem_Object__count__C                   
0000a178  ti_sysbios_heaps_HeapMem_reqAlign__C                        
0000a17c  ti_sysbios_knl_Clock_Module_State_clockQ__O                 
0000a180  ti_sysbios_knl_Mailbox_Instance_State_dataQue__O            
0000a184  ti_sysbios_knl_Mailbox_Instance_State_dataSem__O            
0000a188  ti_sysbios_knl_Mailbox_Instance_State_freeQue__O            
0000a18c  ti_sysbios_knl_Mailbox_Instance_State_freeSem__O            
0000a190  ti_sysbios_knl_Mailbox_Object__count__C                     
0000a194  ti_sysbios_knl_Mailbox_maxTypeAlign__C                      
0000a198  ti_sysbios_knl_Semaphore_Instance_State_pendQ__O            
0000a19c  ti_sysbios_knl_Swi_Object__count__C                         
0000a1a0  ti_sysbios_knl_Task_Module_State_inactiveQ__O               
0000a1a4  ti_sysbios_knl_Task_Object__count__C                        
0000a1a8  ti_sysbios_knl_Task_allBlockedFunc__C                       
0000a1ac  ti_sysbios_knl_Task_numConstructedTasks__C                  
0000a1b0  xdc_runtime_Assert_E_assertFailed__C                        
0000a1b4  xdc_runtime_Core_A_initializedParams__C                     
0000a1b8  xdc_runtime_Core_Module__diagsEnabled__C                    
0000a1bc  xdc_runtime_Core_Module__diagsIncluded__C                   
0000a1c0  xdc_runtime_Core_Module__diagsMask__C                       
0000a1c4  xdc_runtime_Error_E_memory__C                               
0000a1c8  xdc_runtime_Error_Module__diagsEnabled__C                   
0000a1cc  xdc_runtime_Error_Module__diagsIncluded__C                  
0000a1d0  xdc_runtime_Error_Module__diagsMask__C                      
0000a1d4  xdc_runtime_Error_Module__loggerFxn8__C                     
0000a1d8  xdc_runtime_Error_Module__loggerObj__C                      
0000a1dc  xdc_runtime_Error_policyFxn__C                              
0000a1e0  xdc_runtime_Error_raiseHook__C                              
0000a1e4  xdc_runtime_IGateProvider_Interface__BASE__C                
0000a1e8  xdc_runtime_IHeap_Interface__BASE__C                        
0000a1ec  xdc_runtime_IModule_Interface__BASE__C                      
0000a1f0  xdc_runtime_Log_L_error__C                                  
0000a1f4  xdc_runtime_Memory_defaultHeapInstance__C                   
0000a1f8  xdc_runtime_Startup_execImpl__C                             
0000a1fc  xdc_runtime_Startup_maxPasses__C                            
0000a200  xdc_runtime_Startup_sfxnRts__C                              
0000a204  xdc_runtime_Startup_sfxnTab__C                              
0000a208  xdc_runtime_SysMin_bufSize__C                               
0000a20c  xdc_runtime_SysMin_outputFunc__C                            
0000a210  xdc_runtime_System_Module__gateObj__C                       
0000a214  xdc_runtime_System_abortFxn__C                              
0000a218  xdc_runtime_System_exitFxn__C                               
0000a21c  xdc_runtime_System_extendFxn__C                             
0000a220  xdc_runtime_System_maxAtexitHandlers__C                     
0000a224  xdc_runtime_Text_charTab__C                                 
0000a228  xdc_runtime_Text_nameEmpty__C                               
0000a22c  xdc_runtime_Text_nameStatic__C                              
0000a230  xdc_runtime_Text_nameUnknown__C                             
0000a234  xdc_runtime_Text_nodeTab__C                                 
0000a238  xdc_runtime_Text_visitRopeFxn__C                            
0000a23c  xdc_runtime_Core_Module__id__C                              
0000a23e  xdc_runtime_Error_Module__loggerDefined__C                  
0000a240  xdc_runtime_Error_maxDepth__C                               
0000a242  xdc_runtime_Memory_Module__id__C                            
0000a244  xdc_runtime_SysMin_flushAtExit__C                           
0000a246  xdc_runtime_Text_charCnt__C                                 
0000a248  xdc_runtime_Text_isLoaded__C                                
0000a24a  xdc_runtime_Text_registryModsLastId__C                      
0000a24c  xdc_runtime_Text_unnamedModsLastId__C                       
0000a24e  xdc_runtime_Error_policy__C                                 
0000a250  __TI_static_base__                                          
0000a718  __TI_Handler_Table_Base                                     
0000a724  __TI_Handler_Table_Limit                                    
0000a738  __TI_CINIT_Base                                             
0000a750  __TI_CINIT_Limit                                            
20000000  ti_sysbios_family_arm_m3_Hwi_ramVectors                     
20000140  ti_sysbios_knl_Mailbox_Instance_State_0_allocBuf__A         
200026c0  ti_sysbios_heaps_HeapMem_Instance_State_0_buf__A            
20002ac0  ti_sysbios_knl_Task_Instance_State_0_stack__A               
20002cc0  ti_sysbios_knl_Mailbox_Instance_State_1_allocBuf__A         
20002ea0  ti_sysbios_family_arm_m3_Hwi_dispatchTable                  
20002fe0  __CIOBUF_                                                   
20003100  xdc_runtime_SysMin_Module_State_0_outbuf__A                 
20003180  clk0Struct                                                  
200031a4  g_sContext                                                  
200031c8  clk0Handle                                                  
200031cc  receiveData                                                 
200031d0  Lcd_ScreenHeigth                                            
200031d2  Lcd_ScreenWidth                                             
200031d4  Lcd_TouchTrim                                               
200031e2  Lcd_FlagRead                                                
200031e3  Lcd_FontSolid                                               
200031e4  Lcd_Orientation                                             
200031e5  Lcd_PenSolid                                                
200031e6  dataSetASCII                                                
200031e7  dataSetHundreds                                             
200031e8  dataSetOnes                                                 
200031e9  dataSetTens                                                 
200031f0  ti_sysbios_family_arm_m3_Hwi_Module__root__V                
200031f8  ti_sysbios_family_arm_m3_Hwi_Module_State_0_excActive__A    
200031fc  ti_sysbios_family_arm_m3_Hwi_Module_State_0_excContext__A   
20003200  ti_sysbios_family_arm_m3_Hwi_Module_State_0_excStack__A     
20003204  ti_sysbios_family_arm_msp432_ClockFreqs_Module__state__V    
20003210  ti_sysbios_family_arm_msp432_Timer_Module__root__V          
20003218  ti_sysbios_family_arm_msp432_Timer_Module_State_0_device__A 
20003238  ti_sysbios_family_arm_msp432_Timer_Module_State_0_handles__A
20003248  ti_sysbios_family_arm_msp432_Timer_Module__state__V         
20003254  ti_sysbios_gates_GateHwi_Module__root__V                    
2000325c  ti_sysbios_gates_GateHwi_Object__table__V                   
20003260  ti_sysbios_gates_GateMutex_Module__root__V                  
20003268  ti_sysbios_hal_Hwi_Module__root__V                          
20003270  ti_sysbios_hal_Hwi_Object__table__V                         
20003280  ti_sysbios_heaps_HeapMem_Module__root__V                    
20003288  ti_sysbios_heaps_HeapMem_Object__table__V                   
200032a0  ti_sysbios_knl_Clock_Module__root__V                        
200032a8  ti_sysbios_knl_Event_Module__root__V                        
200032b0  ti_sysbios_knl_Mailbox_Module__root__V                      
200032b8  ti_sysbios_knl_Queue_Module__root__V                        
200032c0  ti_sysbios_knl_Semaphore_Module__root__V                    
200032c8  ti_sysbios_knl_Swi_Module__root__V                          
200032d0  ti_sysbios_knl_Swi_Module__state__V                         
200032ec  ti_sysbios_knl_Task_Module__root__V                         
200032f4  ti_sysbios_knl_Task_Module_State_0_idleTask__A              
200032f8  xdc_runtime_Error_Module__state__V                          
200032fc  xdc_runtime_Memory_Module__state__V                         
20003300  xdc_runtime_Registry_Module__state__V                       
20003308  xdc_runtime_Startup_Module__state__V                        
20003310  xdc_runtime_SysMin_Module__state__V                         
2000331c  xdc_runtime_System_Module_State_0_atexitHandlers__A         
20003324  xdc_runtime_System_Module__state__V                         
2000332c  xdc_runtime_Text_Module__state__V                           
20003334  __xdc__init__addr                                           
200033e8  ti_sysbios_knl_Mailbox_Object__table__V                     
20003488  PowerMSP432_perfLevels                                      
20003524  _Errno                                                      
20003528  _Denorm                                                     
20003538  _Eps                                                        
20003548  _Hugeval                                                    
20003558  _Inf                                                        
20003568  _Nan                                                        
20003578  _Snan                                                       
20003588  _Rteps                                                      
20003598  _Xbig                                                       
200035a0  _Zero                                                       
200035a8  ti_sysbios_knl_Swi_Module_State_0_readyQ__A                 
20003628  ti_sysbios_knl_Task_Module_State_0_readyQ__A                
200036a8  ti_sysbios_family_arm_msp432_Timer_Object__table__V         
200036f4  ti_sysbios_knl_Task_Object__table__V                        
20003740  ti_sysbios_family_arm_m3_Hwi_Object__table__V               
20003788  ti_sysbios_knl_Task_Module__state__V                        
200037cc  ti_sysbios_gates_GateMutex_Object__table__V                 
20003804  ti_sysbios_family_arm_m3_Hwi_Module__state__V               
20003868  ti_sysbios_knl_Swi_Object__table__V                         
20003898  ti_sysbios_knl_Clock_Module__state__V                       
200038c4  ti_sysbios_knl_Semaphore_Object__table__V                   
200038ec  PowerMSP432_module                                          
20003910  ti_sysbios_BIOS_Module__state__V                            
20003934  dataCounter                                                 
20003938  timerCounter                                                
2000393c  ticks0                                                      
20003940  _lock                                                       
20003944  _unlock                                                     
20003948  __TI_cleanup_ptr                                            
2000394c  __TI_dtors_ptr                                              
20003950  _Fenv                                                       
20003954  _Tls_setup__Fenv                                            
20003958  main_func_sp                                                
2000fd00  __stack                                                     
20010000  __STACK_END                                                 
4000480c  WDTCTL_SYM                                                  
e000e000  ti_sysbios_family_arm_m3_Hwi_nvic                           
ffffffff  __binit__                                                   
ffffffff  __c_args__                                                  
ffffffff  binit                                                       
UNDEFED   SHT$$INIT_ARRAY$$Base                                       
UNDEFED   SHT$$INIT_ARRAY$$Limit                                      

[631 symbols]
