******************************************************************************
                  TI ARM Linker Unix v5.2.6                    
******************************************************************************
>> Linked Sun Apr 10 00:41:21 2016

OUTPUT FILE NAME:   <RTOSChallenge.out>
ENTRY POINT SYMBOL: "_c_int00"  address: 000057e1


MEMORY CONFIGURATION

         name            origin    length      used     unused   attr    fill
----------------------  --------  ---------  --------  --------  ----  --------
  MAIN                  00000000   00040000  0000a3bd  00035c43  R  X
  INFO                  00200000   00004000  00000000  00004000  R  X
  SRAM_CODE             01000000   00010000  00000000  00010000  RW X
  SRAM_DATA             20000000   00010000  0000147e  0000eb82  RW  


SEGMENT ALLOCATION MAP

run origin  load origin   length   init length attrs members
----------  ----------- ---------- ----------- ----- -------
00000000    00000000    00009e37   00009e37    r-x
  00000000    00000000    0000003c   0000003c    r-- .resetVecs
  00000040    00000040    00007b92   00007b92    r-x .text
  00007bd4    00007bd4    00002263   00002263    r-- .const
0000a000    0000a000    000000e4   00000000    rw-
  0000a000    0000a000    000000e4   00000000    rw- .vtable
0000a0e8    0000a0e8    000004a8   000004a8    r--
  0000a0e8    0000a0e8    000004a8   000004a8    r-- .cinit
20000000    20000000    00001180   00000000    rw-
  20000000    20000000    00000140   00000000    rw- .vecs
  20000140    20000140    00000956   00000000    rw- .bss
  20000a98    20000a98    000006e8   00000000    rw- .data
2000fd00    2000fd00    00000300   00000000    rw-
  2000fd00    2000fd00    00000300   00000000    rw- .stack


SECTION ALLOCATION MAP

 output                                  attributes/
section   page    origin      length       input sections
--------  ----  ----------  ----------   ----------------
.text      0    00000040    00007b92     
                  00000040    000010ba     rtsv7M4_T_le_v4SPD16_eabi.lib : _printfi.obj (.text)
                  000010fa    0000047e     string.obj (.text:Graphics_drawString)
                  00001578    00000430     sysbios.aem4f : BIOS.obj (.text:ti_sysbios_family_arm_m3_Hwi_excDumpRegs__I)
                  000019a8    0000034c     ti.targets.arm.rtsarm.aem4f : System.oem4f (.text:xdc_runtime_System_doPrint__I)
                  00001cf4    000002d4     rtsv7M4_T_le_v4SPD16_eabi.lib : trgdrv.obj (.text)
                  00001fc8    000001f4                                   : ull_div_t2.obj (.text)
                  000021bc    000001ce     Crystalfontz128x128_ST7735.obj (.text:Crystalfontz128x128_PixelDrawMultiple)
                  0000238a    000001b6     rtsv7M4_T_le_v4SPD16_eabi.lib : fd_add_t2.obj (.text)
                  00002540    000001a0     msp432p4xx_driverlib.lib : pcm.o (.text:__PCM_setPowerStateAdvanced)
                  000026e0    00000184     init_all.obj (.text:init_All)
                  00002864    00000004     msp432p4xx_driverlib.lib : cpu.o (.text:CPU_wfi)
                  00002868    00000174     sysbios.aem4f : BIOS.obj (.text:ti_sysbios_family_arm_m3_Hwi_excBusFault__I)
                  000029dc    00000004     msp432p4xx_driverlib.lib : spi.o (.text:EUSCI_A_SPI_transmitData)
                  000029e0    00000164     sysbios.aem4f : BIOS.obj (.text:ti_sysbios_family_arm_m3_Hwi_excUsageFault__I)
                  00002b44    00000154     msp432p4xx_driverlib.lib : adc14.o (.text:_getIndexForMemRegister)
                  00002c98    00000148     sysbios.aem4f : BIOS.obj (.text:ti_sysbios_family_arm_m3_Hwi_excMemFault__I)
                  00002de0    00000138                   : BIOS.obj (.text:ti_sysbios_knl_Semaphore_pend__E)
                  00002f18    00000136     rtsv7M4_T_le_v4SPD16_eabi.lib : fd_div_t2.obj (.text)
                  0000304e    00000002     empty.obj (.text:Idle_fcxn)
                  00003050    00000134     Crystalfontz128x128_ST7735.obj (.text:Crystalfontz128x128_SetDrawFrame)
                  00003184    0000012c     Crystalfontz128x128_ST7735.obj (.text:Crystalfontz128x128_Init)
                  000032b0    00000118     ti.targets.arm.rtsarm.aem4f : Error.oem4f (.text:xdc_runtime_Error_policyDefault__E)
                  000033c8    00000110     rtsv7M4_T_le_v4SPD16_eabi.lib : xdscale.obj (.text)
                  000034d8    0000010c     sysbios.aem4f : BIOS.obj (.text:ti_sysbios_family_arm_m3_Hwi_excFillContext__I)
                  000035e4    00000004     msp432p4xx_driverlib.lib : spi.o (.text:EUSCI_B_SPI_transmitData)
                  000035e8    0000010c     sysbios.aem4f : BIOS.obj (.text:ti_sysbios_family_arm_m3_Hwi_excHandlerMax__I)
                  000036f4    00000100     ti.targets.arm.rtsarm.aem4f : Core-mem.oem4f (.text:xdc_runtime_Core_createObject__I)
                  000037f4    000000fc     rtsv7M4_T_le_v4SPD16_eabi.lib : fd_mul_t2.obj (.text)
                  000038f0    000000f8     ti.targets.arm.rtsarm.aem4f : Startup.oem4f (.text:xdc_runtime_Startup_startMods__I)
                  000039e8    000000f8     empty_pem4f.oem4f (.text:xdc_runtime_System_printfExtend__I)
                  00003ae0    000000f4     drivers_MSP432P401R.aem4f : PowerMSP432.oem4f (.text:Power_sleep)
                  00003bd4    000000f4     sysbios.aem4f : m3_Hwi_asm.obj (.text:ti_sysbios_family_arm_m3_Hwi_dispatch__I)
                  00003cc8    000000f0     drivers_MSP432P401R.aem4f : PowerMSP432.oem4f (.text:initPerfControl)
                  00003db8    000000e0     msp432p4xx_driverlib.lib : cs.o (.text:CS_initClockSignal)
                  00003e98    000000dc                              : pcm.o (.text:__PCM_setPowerModeAdvanced)
                  00003f74    00000004     drivers_MSP432P401R.aem4f : List.oem4f (.text:List_head)
                  00003f78    000000cc     sysbios.aem4f : BIOS.obj (.text:ti_sysbios_heaps_HeapMem_alloc__E)
                  00004044    000000cc     ti.targets.arm.rtsarm.aem4f : Core-smem.oem4f (.text:xdc_runtime_Core_constructObject__I)
                  00004110    000000be     rtsv7M4_T_le_v4SPD16_eabi.lib : xdnorm.obj (.text)
                  000041ce    00000002     power_tirtos_MSP432P401R.aem4f : PowerMSP432_tirtos.oem4f (.text:PowerMSP432_initPolicy)
                  000041d0    000000bc     sysbios.aem4f : BIOS.obj (.text:ti_sysbios_family_arm_m3_Hwi_excDebugMon__I)
                  0000428c    00000004     drivers_MSP432P401R.aem4f : List.oem4f (.text:List_next)
                  00004290    000000bc     sysbios.aem4f : BIOS.obj (.text:ti_sysbios_family_arm_m3_Hwi_excHardFault__I)
                  0000434c    000000b0     msp432p4xx_driverlib.lib : pcm.o (.text:__PCM_setCoreVoltageLevelAdvanced)
                  000043fc    000000a0     auto_init.aem4f : auto_init.oem4f (.text)
                  0000449c    000000a0     empty.obj (.text:drawAccelData)
                  0000453c    000000a0     ti.targets.arm.rtsarm.aem4f : Text.oem4f (.text:xdc_runtime_Text_putMod__E)
                  000045dc    0000009c     Crystalfontz128x128_ST7735.obj (.text:Crystalfontz128x128_RectFill)
                  00004678    0000009c     line.obj (.text:Graphics_drawLineH)
                  00004714    0000009c     rtsv7M4_T_le_v4SPD16_eabi.lib : memcpy_t2.obj (.text)
                  000047b0    0000009a     ti.targets.arm.rtsarm.aem4f : Text.oem4f (.text:xdc_runtime_Text_putSite__E)
                  0000484a    00000006                                 : xdc_noinit.oem4f (.text:__xdc__init)
                  00004850    00000094     sysbios.aem4f : BIOS.obj (.text:ti_sysbios_family_arm_m3_Hwi_initNVIC__E)
                  000048e4    0000008c                   : m3_TaskSupport_asm.obj (.text:ti_sysbios_family_arm_m3_TaskSupport_buildTaskStack)
                  00004970    0000008c                   : BIOS.obj (.text:ti_sysbios_knl_Task_postInit__I)
                  000049fc    00000088     msp432p4xx_driverlib.lib : spi.o (.text:SPI_initMaster)
                  00004a84    00000004     empty_pem4f.oem4f (.text:ti_sysbios_BIOS_RtsGateProxy_enter__E)
                  00004a88    00000088     sysbios.aem4f : BIOS.obj (.text:ti_sysbios_knl_Mailbox_post__E)
                  00004b10    00000086     rtsv7M4_T_le_v4SPD16_eabi.lib : fd_cmp_t2.obj (.text:__aeabi_cdcmple)
                  00004b96    00000086                                   : fd_cmp_t2.obj (.text:__aeabi_cdrcmple)
                  00004c1c    00000084     empty.obj (.text:ADC_HWI)
                  00004ca0    00000084     sysbios.aem4f : BIOS.obj (.text:ti_sysbios_family_arm_m3_Hwi_postInit__I)
                  00004d24    0000007c     msp432p4xx_driverlib.lib : pcm.o (.text:PCM_gotoLPM3)
                  00004da0    0000007c     sysbios.aem4f : BIOS.obj (.text:ti_sysbios_heaps_HeapMem_free__E)
                  00004e1c    0000007a     rtsv7M4_T_le_v4SPD16_eabi.lib : memset_t2.obj (.text)
                  00004e96    00000002                                   : i_div0.obj (.text)
                  00004e98    00000074     sysbios.aem4f : BIOS.obj (.text:ti_sysbios_knl_Mailbox_pend__E)
                  00004f0c    00000004     empty_pem4f.oem4f (.text:ti_sysbios_BIOS_RtsGateProxy_leave__E)
                  00004f10    00000070     sysbios.aem4f : BIOS.obj (.text:ti_sysbios_knl_Semaphore_post__E)
                  00004f80    0000006d     ti.targets.arm.rtsarm.aem4f : System.oem4f (.text:xdc_runtime_System_formatNum__I)
                  00004fed    00000001     --HOLE-- [fill = 0]
                  00004fee    00000002     empty_pem4f.oem4f (.text:ti_sysbios_BIOS_nullFunc__I)
                  00004ff0    0000006c     sysbios.aem4f : BIOS.obj (.text:ti_sysbios_knl_Clock_workFunc__E)
                  0000505c    00000004     empty_pem4f.oem4f (.text:ti_sysbios_family_arm_m3_TaskSupport_Module__startupDone__S)
                  00005060    0000006c     sysbios.aem4f : BIOS.obj (.text:ti_sysbios_knl_Swi_restoreHwi__E)
                  000050cc    00000004     empty_pem4f.oem4f (.text:ti_sysbios_heaps_HeapMem_Module_GateProxy_enter__E)
                  000050d0    0000006c     sysbios.aem4f : BIOS.obj (.text:ti_sysbios_knl_Task_exit__E)
                  0000513c    0000006c     ti.targets.arm.rtsarm.aem4f : Error.oem4f (.text:xdc_runtime_Error_print__E)
                  000051a8    0000006c                                 : Memory.oem4f (.text:xdc_runtime_Memory_alloc__E)
                  00005214    0000006a     rtsv7M4_T_le_v4SPD16_eabi.lib : copy_decompress_rle.obj (.text)
                  0000527e    00000002     --HOLE-- [fill = 0]
                  00005280    00000068                                   : trgmsg.obj (.text)
                  000052e8    00000068     sysbios.aem4f : BIOS.obj (.text:ti_sysbios_family_arm_msp432_Timer_setNextTick__E)
                  00005350    00000066     rtsv7M4_T_le_v4SPD16_eabi.lib : xdunscal.obj (.text)
                  000053b6    00000066     ti.targets.arm.rtsarm.aem4f : Core-mem.oem4f (.text:xdc_runtime_Core_deleteObject__I)
                  0000541c    00000064     msp432p4xx_driverlib.lib : interrupt.o (.text:Interrupt_enableInterrupt)
                  00005480    00000064     sysbios.aem4f : BIOS.obj (.text:ti_sysbios_family_arm_m3_Hwi_dispatchC__I)
                  000054e4    00000060     Crystalfontz128x128_ST7735.obj (.text:Crystalfontz128x128_LineDrawH)
                  00005544    00000060     Crystalfontz128x128_ST7735.obj (.text:Crystalfontz128x128_LineDrawV)
                  000055a4    00000060     rtsv7M4_T_le_v4SPD16_eabi.lib : sprintf.obj (.text)
                  00005604    00000004     empty_pem4f.oem4f (.text:ti_sysbios_heaps_HeapMem_Module_GateProxy_leave__E)
                  00005608    0000005c     sysbios.aem4f : BIOS.obj (.text:ti_sysbios_knl_Swi_run__I)
                  00005664    00000004     empty_pem4f.oem4f (.text:ti_sysbios_knl_Clock_TimerProxy_getMaxTicks__E)
                  00005668    0000005c     sysbios.aem4f : BIOS.obj (.text:ti_sysbios_knl_Swi_schedule__I)
                  000056c4    00000004     empty_pem4f.oem4f (.text:ti_sysbios_knl_Queue_destruct)
                  000056c8    0000005c     sysbios.aem4f : BIOS.obj (.text:ti_sysbios_knl_Task_Module_startup__E)
                  00005724    00000004     empty_pem4f.oem4f (.text:ti_sysbios_knl_Semaphore_destruct)
                  00005728    0000005c     sysbios.aem4f : BIOS.obj (.text:ti_sysbios_knl_Task_startCore__E)
                  00005784    0000005b     ti.targets.arm.rtsarm.aem4f : Text.oem4f (.text:xdc_runtime_Text_putLab__E)
                  000057df    00000001     --HOLE-- [fill = 0]
                  000057e0    00000058     boot.aem4f : boot.oem4f (.text)
                  00005838    00000058     sysbios.aem4f : m3_Hwi_asm_switch.obj (.text:ti_sysbios_family_arm_m3_Hwi_initStacks__E)
                  00005890    00000058                   : BIOS.obj (.text:ti_sysbios_family_arm_msp432_Timer_periodicStub__E)
                  000058e8    00000056     rtsv7M4_T_le_v4SPD16_eabi.lib : ltoa.obj (.text)
                  0000593e    00000002     --HOLE-- [fill = 0]
                  00005940    00000054     Crystalfontz128x128_ST7735.obj (.text:Crystalfontz128x128_SetOrientation)
                  00005994    00000004     ti.targets.arm.rtsarm.aem4f : Error.oem4f (.text:xdc_runtime_Error_getSite__E)
                  00005998    00000054     sysbios.aem4f : BIOS.obj (.text:ti_sysbios_family_arm_msp432_Timer_initDevice__I)
                  000059ec    00000004     empty_pem4f.oem4f (.text:xdc_runtime_System_Module_GateProxy_enter__E)
                  000059f0    00000054     sysbios.aem4f : BIOS.obj (.text:ti_sysbios_family_arm_msp432_init_Boot_configureClocksHigh)
                  00005a44    00000054     ti.targets.arm.rtsarm.aem4f : Assert.oem4f (.text:xdc_runtime_Assert_raise__I)
                  00005a98    00000052     rtsv7M4_T_le_v4SPD16_eabi.lib : ldexp.obj (.text)
                  00005aea    00000002     --HOLE-- [fill = 0]
                  00005aec    00000050     msp432p4xx_driverlib.lib : pcm.o (.text:PCM_shutdownDevice)
                  00005b3c    00000050     power_tirtos_MSP432P401R.aem4f : PowerMSP432_tirtos.oem4f (.text:PowerMSP432_sleepPolicy)
                  00005b8c    00000004     empty_pem4f.oem4f (.text:xdc_runtime_System_Module_GateProxy_leave__E)
                  00005b90    00000050     sysbios.aem4f : BIOS.obj (.text:ti_sysbios_family_arm_m3_Hwi_Module_startup__E)
                  00005be0    00000050     ti.targets.arm.rtsarm.aem4f : Startup.oem4f (.text:xdc_runtime_Startup_exec__E)
                  00005c30    00000050                                 : Text.oem4f (.text:xdc_runtime_Text_visitRope2__I)
                  00005c80    0000004c     msp432p4xx_driverlib.lib : gpio.o (.text:GPIO_setAsPeripheralModuleFunctionOutputPin)
                  00005ccc    0000004c     rtsv7M4_T_le_v4SPD16_eabi.lib : atoi.obj (.text)
                  00005d18    0000004c                                   : cpy_tbl.obj (.text)
                  00005d64    00000004     ti.targets.arm.rtsarm.aem4f : System.oem4f (.text:xdc_runtime_System_aprintf_va__F)
                  00005d68    0000004c     sysbios.aem4f : BIOS.obj (.text:ti_sysbios_family_arm_msp432_Timer_start__E)
                  00005db4    00000004     ti.targets.arm.rtsarm.aem4f : System.oem4f (.text:xdc_runtime_System_printf_va__F)
                  00005db8    0000004c     sysbios.aem4f : BIOS.obj (.text:ti_sysbios_heaps_HeapMem_getStats__E)
                  00005e04    00000004     --HOLE-- [fill = 0]
                  00005e08    0000004c                   : BIOS.obj (.text:ti_sysbios_knl_Swi_runLoop__I)
                  00005e54    00000004     --HOLE-- [fill = 0]
                  00005e58    0000004c                   : BIOS.obj (.text:ti_sysbios_knl_Task_allBlockedFunction__I)
                  00005ea4    00000004     --HOLE-- [fill = 0]
                  00005ea8    0000004c                   : BIOS.obj (.text:ti_sysbios_knl_Task_schedule__I)
                  00005ef4    0000004a     context.obj (.text:Graphics_initContext)
                  00005f3e    00000002     --HOLE-- [fill = 0]
                  00005f40    00000048     msp432p4xx_driverlib.lib : gpio.o (.text:GPIO_setAsPeripheralModuleFunctionInputPin)
                  00005f88    00000048                              : timer32.o (.text:Timer32_initModule)
                  00005fd0    00000048     rtsv7M4_T_le_v4SPD16_eabi.lib : fd_toi_t2.obj (.text)
                  00006018    00000048     sysbios.aem4f : BIOS.obj (.text:ti_sysbios_family_arm_m3_Hwi_enableInterrupt__E)
                  00006060    00000048                   : BIOS.obj (.text:ti_sysbios_family_arm_m3_Hwi_excReserved__I)
                  000060a8    00000048                   : BIOS.obj (.text:ti_sysbios_knl_Mailbox_Module_startup__E)
                  000060f0    00000046     ti.targets.arm.rtsarm.aem4f : Core-params.oem4f (.text:xdc_runtime_Core_assignParams__I)
                  00006136    00000002     --HOLE-- [fill = 0]
                  00006138    00000044     rtsv7M4_T_le_v4SPD16_eabi.lib : exit.obj (.text)
                  0000617c    00000004     --HOLE-- [fill = 0]
                  00006180    00000044     sysbios.aem4f : BIOS.obj (.text:ti_sysbios_family_arm_m3_Hwi_getStackInfo__E)
                  000061c4    00000004     --HOLE-- [fill = 0]
                  000061c8    00000044                   : BIOS.obj (.text:ti_sysbios_knl_Swi_post__E)
                  0000620c    00000044     ti.targets.arm.rtsarm.aem4f : Error.oem4f (.text:xdc_runtime_Error_setX__E)
                  00006250    00000044                                 : SysMin.oem4f (.text:xdc_runtime_SysMin_flush__E)
                  00006294    00000044                                 : Text.oem4f (.text:xdc_runtime_Text_xprintf__I)
                  000062d8    00000040     Crystalfontz128x128_ST7735.obj (.text:Crystalfontz128x128_PixelDraw)
                  00006318    00000040     msp432p4xx_driverlib.lib : flash.o (.text:FlashCtl_disableReadBuffering)
                  00006358    00000040     string.obj (.text:Graphics_getNumberOfLeadingZeros)
                  00006398    00000040     HAL_MSP_EXP432P401R_Crystalfontz128x128_ST7735.obj (.text:HAL_LCD_SpiInit)
                  000063d8    00000040     drivers_MSP432P401R.aem4f : PowerMSP432.oem4f (.text:notify)
                  00006418    00000040     rtsv7M4_T_le_v4SPD16_eabi.lib : signal.obj (.text)
                  00006458    00000040                                   : u_divt2.obj (.text)
                  00006498    00000040     sysbios.aem4f : BIOS.obj (.text:ti_sysbios_family_arm_msp432_Timer_Module_startup__E)
                  000064d8    00000040                   : BIOS.obj (.text:ti_sysbios_family_arm_msp432_Timer_startup__E)
                  00006518    00000040                   : BIOS.obj (.text:ti_sysbios_heaps_HeapMem_Instance_init__E)
                  00006558    0000003e     empty.obj (.text:calculateAvg)
                  00006596    00000002     --HOLE-- [fill = 0]
                  00006598    0000003c     drivers_MSP432P401R.aem4f : PowerMSP432.oem4f (.text:Power_init)
                  000065d4    00000004     --HOLE-- [fill = 0]
                  000065d8    0000003c     sysbios.aem4f : BIOS.obj (.text:ti_sysbios_family_arm_m3_Hwi_excSvCall__I)
                  00006614    00000004     --HOLE-- [fill = 0]
                  00006618    0000003c                   : BIOS.obj (.text:ti_sysbios_heaps_HeapMem_init__I)
                  00006654    00000004     --HOLE-- [fill = 0]
                  00006658    0000003c                   : BIOS.obj (.text:ti_sysbios_knl_Swi_restore__E)
                  00006694    00000038     empty.obj (.text:Timer32_HWI)
                  000066cc    00000004     --HOLE-- [fill = 0]
                  000066d0    00000038     sysbios.aem4f : BIOS.obj (.text:ti_sysbios_family_arm_m3_Hwi_excNoIsr__I)
                  00006708    00000038     ti.targets.arm.rtsarm.aem4f : SysMin.oem4f (.text:xdc_runtime_SysMin_putch__E)
                  00006740    00000038                                 : System.oem4f (.text:xdc_runtime_System_atexit__E)
                  00006778    00000034     msp432p4xx_driverlib.lib : flash.o (.text:FlashCtl_enableReadBuffering)
                  000067ac    00000034     display.obj (.text:Graphics_drawHorizontalLineOnDisplay)
                  000067e0    00000034     HAL_MSP_EXP432P401R_Crystalfontz128x128_ST7735.obj (.text:HAL_LCD_writeCommand)
                  00006814    00000034     msp432p4xx_driverlib.lib : interrupt.o (.text:Interrupt_registerInterrupt)
                  00006848    00000034     rtsv7M4_T_le_v4SPD16_eabi.lib : feraiseexcept.obj (.text)
                  0000687c    00000004     --HOLE-- [fill = 0]
                  00006880    00000034     sysbios.aem4f : BIOS.obj (.text:ti_sysbios_family_arm_m3_Hwi_excNmi__I)
                  000068b4    00000034     ti.targets.arm.rtsarm.aem4f : Core-label.oem4f (.text:xdc_runtime_Core_assignLabel__I)
                  000068e8    00000033                                 : Text.oem4f (.text:xdc_runtime_Text_printVisFxn__I)
                  0000691b    00000005     --HOLE-- [fill = 0]
                  00006920    00000032     sysbios.aem4f : BIOS.obj (.text:ti_sysbios_hal_Hwi_initStack)
                  00006952    00000030     HAL_MSP_EXP432P401R_Crystalfontz128x128_ST7735.obj (.text:HAL_LCD_PortInit)
                  00006982    00000002     --HOLE-- [fill = 0]
                  00006984    00000030     msp432p4xx_driverlib.lib : spi.o (.text:is_A_Module)
                  000069b4    00000030     rtsv7M4_T_le_v4SPD16_eabi.lib : xdclass.obj (.text)
                  000069e4    00000030                                   : xferaise.obj (.text)
                  00006a14    00000030     empty_pem4f.oem4f (.text:ti_sysbios_BIOS_atExitFunc__I)
                  00006a44    00000004     --HOLE-- [fill = 0]
                  00006a48    00000030     sysbios.aem4f : BIOS.obj (.text:ti_sysbios_family_arm_m3_TaskSupport_start__E)
                  00006a78    00000030                   : BIOS.obj (.text:ti_sysbios_family_arm_msp432_Timer_setPeriod__E)
                  00006aa8    00000030     empty_pem4f.oem4f (.text:ti_sysbios_gates_GateHwi_Object__create__S)
                  00006ad8    00000030     empty_pem4f.oem4f (.text:ti_sysbios_gates_GateMutex_Object__create__S)
                  00006b08    00000030     sysbios.aem4f : BIOS.obj (.text:ti_sysbios_gates_GateMutex_enter__E)
                  00006b38    00000030     empty_pem4f.oem4f (.text:ti_sysbios_heaps_HeapMem_Object__create__S)
                  00006b68    00000030     sysbios.aem4f : BIOS.obj (.text:ti_sysbios_knl_Mailbox_postInit__I)
                  00006b98    00000030     empty_pem4f.oem4f (.text:ti_sysbios_knl_Semaphore_construct)
                  00006bc8    00000030     sysbios.aem4f : BIOS.obj (.text:ti_sysbios_knl_Semaphore_pendTimeout__I)
                  00006bf8    00000030                   : BIOS.obj (.text:ti_sysbios_knl_Task_processVitalTaskFlag__I)
                  00006c28    00000030                   : BIOS.obj (.text:ti_sysbios_knl_Task_unblockI__E)
                  00006c58    00000030     ti.targets.arm.rtsarm.aem4f : SysMin.oem4f (.text:xdc_runtime_SysMin_abort__E)
                  00006c88    00000030                                 : System.oem4f (.text:xdc_runtime_System_processAtExit__E)
                  00006cb8    0000002e     rtsv7M4_T_le_v4SPD16_eabi.lib : i_tofd_t2.obj (.text)
                  00006ce6    0000002e                                   : raise.obj (.text)
                  00006d14    0000002c     Crystalfontz128x128_ST7735.obj (.text:Crystalfontz128x128_ClearScreen)
                  00006d40    0000002c     msp432p4xx_driverlib.lib : pcm.o (.text:PCM_getCoreVoltageLevel)
                  00006d6c    0000002c     power_tirtos_MSP432P401R.aem4f : PowerMSP432_tirtos.oem4f (.text:PowerMSP432_updateFreqs)
                  00006d98    0000002c     empty_pem4f.oem4f (.text:ti_sysbios_knl_Clock_doTick__I)
                  00006dc4    0000002c     empty_pem4f.oem4f (.text:ti_sysbios_knl_Queue_construct)
                  00006df0    0000002c     sysbios.aem4f : BIOS.obj (.text:ti_sysbios_knl_Task_restore__E)
                  00006e1c    0000002c     ti.targets.arm.rtsarm.aem4f : Text.oem4f (.text:xdc_runtime_Text_cordText__E)
                  00006e48    0000002a     display.obj (.text:Graphics_drawPixelOnDisplay)
                  00006e72    0000002a     msp432p4xx_driverlib.lib : pcm.o (.text:PCM_getPowerMode)
                  00006e9c    0000002a     rtsv7M4_T_le_v4SPD16_eabi.lib : frexp.obj (.text)
                  00006ec6    0000002a     ti.targets.arm.rtsarm.aem4f : System.oem4f (.text:xdc_runtime_System_putchar__I)
                  00006ef0    00000028     Crystalfontz128x128_ST7735.obj (.text:Crystalfontz128x128_ColorTranslate)
                  00006f18    00000028     msp432p4xx_driverlib.lib : flash.o (.text:FlashCtl_setWaitState)
                  00006f40    00000028                              : pcm.o (.text:PCM_gotoLPM0)
                  00006f68    00000028     sysbios.aem4f : BIOS.obj (.text:ti_sysbios_knl_Clock_addI__E)
                  00006f90    00000028                   : BIOS.obj (.text:ti_sysbios_knl_Swi_Module_startup__E)
                  00006fb8    00000026                   : m3_Hwi_asm.obj (.text:ti_sysbios_family_arm_m3_Hwi_pendSV__I)
                  00006fde    00000026     ti.targets.arm.rtsarm.aem4f : System.oem4f (.text:xdc_runtime_System_avprintf__E)
                  00007004    00000024     msp432p4xx_driverlib.lib : cs.o (.text:CS_setDCOCenteredFrequency)
                  00007028    00000024                              : gpio.o (.text:GPIO_setAsOutputPin)
                  0000704c    00000024     HAL_MSP_EXP432P401R_Crystalfontz128x128_ST7735.obj (.text:HAL_LCD_writeData)
                  00007070    00000024     msp432p4xx_driverlib.lib : rtc_c.o (.text:RTC_C_holdClock)
                  00007094    00000024                              : rtc_c.o (.text:RTC_C_startClock)
                  000070b8    00000024                              : timer32.o (.text:Timer32_setCount)
                  000070dc    00000024     empty_pem4f.oem4f (.text:ti_sysbios_BIOS_errorRaiseHook__I)
                  00007100    00000024     empty_pem4f.oem4f (.text:ti_sysbios_BIOS_registerRTSLock__I)
                  00007124    00000024     empty_pem4f.oem4f (.text:ti_sysbios_BIOS_removeRTSLock__I)
                  00007148    00000024     empty_pem4f.oem4f (.text:ti_sysbios_BIOS_startFunc__I)
                  0000716c    00000004     --HOLE-- [fill = 0]
                  00007170    00000024     sysbios.aem4f : BIOS.obj (.text:ti_sysbios_family_arm_msp432_ClockFreqs_setFrequency__E)
                  00007194    00000004     --HOLE-- [fill = 0]
                  00007198    00000024                   : BIOS.obj (.text:ti_sysbios_family_arm_msp432_Timer_postInit__I)
                  000071bc    00000024     empty_pem4f.oem4f (.text:ti_sysbios_gates_GateMutex_Object__delete__S)
                  000071e0    00000024     sysbios.aem4f : BIOS.obj (.text:ti_sysbios_knl_Clock_Module_startup__E)
                  00007204    00000004     --HOLE-- [fill = 0]
                  00007208    00000024                   : BIOS.obj (.text:ti_sysbios_knl_Semaphore_Instance_init__E)
                  0000722c    00000004     --HOLE-- [fill = 0]
                  00007230    00000024                   : BIOS.obj (.text:ti_sysbios_knl_Task_restoreHwi__E)
                  00007254    00000024     ti.targets.arm.rtsarm.aem4f : System.oem4f (.text:xdc_runtime_System_vprintf__E)
                  00007278    00000022     empty_pem4f.oem4f (.text:xdc_runtime_SysMin_output__I)
                  0000729a    00000002     --HOLE-- [fill = 0]
                  0000729c    00000020     drivers_MSP432P401R.aem4f : PowerMSP432.oem4f (.text:Power_idleFunc)
                  000072bc    00000020     msp432p4xx_driverlib.lib : spi.o (.text:SPI_transmitData)
                  000072dc    00000020                              : timer32.o (.text:Timer32_startTimer)
                  000072fc    00000020     empty_pem4f.oem4f (.text:ti_sysbios_BIOS_rtsLock__I)
                  0000731c    00000020     sysbios.aem4f : m3_Hwi_asm.obj (.text:ti_sysbios_family_arm_m3_Hwi_excHandlerAsm__I)
                  0000733c    00000004     --HOLE-- [fill = 0]
                  00007340    00000020                   : BIOS.obj (.text:ti_sysbios_family_arm_m3_Hwi_excHandler__I)
                  00007360    00000020     empty_pem4f.oem4f (.text:ti_sysbios_gates_GateHwi_Object__delete__S)
                  00007380    00000020     empty_pem4f.oem4f (.text:ti_sysbios_heaps_HeapMem_Object__delete__S)
                  000073a0    00000020     sysbios.aem4f : BIOS.obj (.text:ti_sysbios_knl_Idle_run__E)
                  000073c0    00000020     empty_pem4f.oem4f (.text:ti_sysbios_knl_Semaphore_Object__destruct__S)
                  000073e0    00000020     ti.targets.arm.rtsarm.aem4f : Registry.oem4f (.text:xdc_runtime_Registry_findById__E)
                  00007400    00000020                                 : SysMin.oem4f (.text:xdc_runtime_SysMin_Module_startup__E)
                  00007420    0000001e     sysbios.aem4f : m3_Hwi_asm_switch.obj (.text:ti_sysbios_family_xxx_Hwi_switchAndRunFunc)
                  0000743e    0000001c     rtsv7M4_T_le_v4SPD16_eabi.lib : memccpy.obj (.text)
                  0000745a    00000006                                   : copy_decompress_rle.obj (.text:decompress:rle24)
                  00007460    0000001c     sysbios.aem4f : BIOS.obj (.text:ti_sysbios_gates_GateMutex_Instance_init__E)
                  0000747c    0000001c     empty_pem4f.oem4f (.text:ti_sysbios_knl_Queue_Object__destruct__S)
                  00007498    0000001c     sysbios.aem4f : BIOS.obj (.text:ti_sysbios_knl_Queue_get__E)
                  000074b4    00000004     --HOLE-- [fill = 0]
                  000074b8    0000001c                   : BIOS.obj (.text:ti_sysbios_knl_Queue_put__E)
                  000074d4    00000004     --HOLE-- [fill = 0]
                  000074d8    0000001c                   : BIOS.obj (.text:ti_sysbios_knl_Task_enter__I)
                  000074f4    0000001c     ti.targets.arm.rtsarm.aem4f : Error.oem4f (.text:xdc_runtime_Error_raiseX__E)
                  00007510    0000001c                                 : Memory.oem4f (.text:xdc_runtime_Memory_valloc__E)
                  0000752c    0000001c                                 : SysMin.oem4f (.text:xdc_runtime_SysMin_exit__E)
                  00007548    0000001c                                 : System.oem4f (.text:xdc_runtime_System_abort__E)
                  00007564    0000001a     context.obj (.text:Graphics_setBackgroundColor)
                  0000757e    0000001a     context.obj (.text:Graphics_setFont)
                  00007598    0000001a     msp432p4xx_driverlib.lib : spi.o (.text:SPI_enableModule)
                  000075b2    0000001a     empty_pem4f.oem4f (.text:ti_sysbios_family_arm_m3_Hwi_Handle__label__S)
                  000075cc    0000001a     empty_pem4f.oem4f (.text:ti_sysbios_gates_GateHwi_Handle__label__S)
                  000075e6    0000001a     empty_pem4f.oem4f (.text:ti_sysbios_gates_GateMutex_Handle__label__S)
                  00007600    0000001a     empty_pem4f.oem4f (.text:ti_sysbios_heaps_HeapMem_Handle__label__S)
                  0000761a    0000001a     empty_pem4f.oem4f (.text:ti_sysbios_knl_Swi_Handle__label__S)
                  00007634    0000001a     empty_pem4f.oem4f (.text:ti_sysbios_knl_Task_Handle__label__S)
                  0000764e    0000001a     empty_pem4f.oem4f (.text:xdc_runtime_System_aprintf__E)
                  00007668    0000001a     empty_pem4f.oem4f (.text:xdc_runtime_System_printf__E)
                  00007682    00000002     --HOLE-- [fill = 0]
                  00007684    00000018     msp432p4xx_driverlib.lib : adc14.o (.text:ADC14_getResult)
                  0000769c    00000018                              : gpio.o (.text:GPIO_setOutputLowOnPin)
                  000076b4    00000018                              : wdt_a.o (.text:WDT_A_holdTimer)
                  000076cc    00000018     rtsv7M4_T_le_v4SPD16_eabi.lib : args_main.obj (.text)
                  000076e4    00000018     empty_pem4f.oem4f (.text:ti_sysbios_BIOS_rtsUnlock__I)
                  000076fc    00000018     empty_pem4f.oem4f (.text:ti_sysbios_family_arm_m3_Hwi_Module__startupDone__F)
                  00007714    00000018     sysbios.aem4f : m3_TaskSupport_asm.obj (.text:ti_sysbios_family_arm_m3_TaskSupport_swap__E)
                  0000772c    00000018     empty_pem4f.oem4f (.text:ti_sysbios_family_arm_msp432_Timer_Module__startupDone__F)
                  00007744    00000004     --HOLE-- [fill = 0]
                  00007748    00000018     sysbios.aem4f : BIOS.obj (.text:ti_sysbios_gates_GateMutex_leave__E)
                  00007760    00000018     ti.targets.arm.rtsarm.aem4f : Error.oem4f (.text:xdc_runtime_Error_check__E)
                  00007778    00000018                                 : System.oem4f (.text:xdc_runtime_System_exit__E)
                  00007790    00000018                                 : Text.oem4f (.text:xdc_runtime_Text_ropeText__E)
                  000077a8    00000016     context.obj (.text:Graphics_setForegroundColor)
                  000077be    00000016     display.obj (.text:Graphics_translateColorOnDisplay)
                  000077d4    00000016     rtsv7M4_T_le_v4SPD16_eabi.lib : strchr.obj (.text)
                  000077ea    00000016     empty_pem4f.oem4f (.text:ti_sysbios_BIOS_exitFunc__I)
                  00007800    00000016     sysbios.aem4f : BIOS.obj (.text:ti_sysbios_knl_Task_unblock__E)
                  00007816    00000002     --HOLE-- [fill = 0]
                  00007818    00000014     msp432p4xx_driverlib.lib : gpio.o (.text:GPIO_setOutputHighOnPin)
                  0000782c    00000014                              : gpio.o (.text:GPIO_toggleOutputOnPin)
                  00007840    00000014                              : wdt_a.o (.text:WDT_A_startTimer)
                  00007854    00000014     rtsv7M4_T_le_v4SPD16_eabi.lib : _lock.obj (.text)
                  00007868    00000014                                   : strcpy.obj (.text)
                  0000787c    00000014                                   : strlen.obj (.text)
                  00007890    00000014     empty_pem4f.oem4f (.text:ti_sysbios_family_arm_m3_Hwi_Object__get__S)
                  000078a4    00000004     --HOLE-- [fill = 0]
                  000078a8    00000014     sysbios.aem4f : BIOS.obj (.text:ti_sysbios_family_arm_m3_Hwi_switchFromBootStack__E)
                  000078bc    00000014     empty_pem4f.oem4f (.text:ti_sysbios_heaps_HeapMem_Object__get__S)
                  000078d0    00000014     empty_pem4f.oem4f (.text:ti_sysbios_knl_Mailbox_Object__get__S)
                  000078e4    00000014     empty_pem4f.oem4f (.text:ti_sysbios_knl_Swi_Object__get__S)
                  000078f8    00000012     empty.obj (.text:main)
                  0000790a    00000006     ti.targets.arm.rtsarm.aem4f : System.oem4f (.text:xdc_runtime_System_Module_startup__E)
                  00007910    00000012     sysbios.aem4f : BIOS.obj (.text:ti_sysbios_hal_Hwi_Module_startup__E)
                  00007922    00000012     empty_pem4f.oem4f (.text:xdc_runtime_Startup_exec__I)
                  00007934    00000010     msp432p4xx_driverlib.lib : pcm.o (.text:PCM_gotoLPM4)
                  00007944    00000010                              : timer32.o (.text:Timer32_registerInterrupt)
                  00007954    00000004     --HOLE-- [fill = 0]
                  00007958    00000010     sysbios.aem4f : BIOS.obj (.text:ti_sysbios_BIOS_exit__E)
                  00007968    00000010                   : BIOS.obj (.text:ti_sysbios_BIOS_setCpuFreq__E)
                  00007978    00000010                   : BIOS.obj (.text:ti_sysbios_BIOS_setThreadType__E)
                  00007988    00000010                   : BIOS.obj (.text:ti_sysbios_BIOS_start__E)
                  00007998    00000010                   : m3_TaskSupport_asm.obj (.text:ti_sysbios_family_arm_m3_TaskSupport_glue)
                  000079a8    00000010                   : BIOS.obj (.text:ti_sysbios_family_arm_msp432_init_Boot_disableWatchdog)
                  000079b8    00000010                   : BIOS.obj (.text:ti_sysbios_gates_GateMutex_Instance_finalize__E)
                  000079c8    00000010                   : BIOS.obj (.text:ti_sysbios_knl_Semaphore_Instance_finalize__E)
                  000079d8    00000010                   : BIOS.obj (.text:ti_sysbios_knl_Swi_disable__E)
                  000079e8    00000010     empty_pem4f.oem4f (.text:ti_sysbios_knl_Task_Object__get__S)
                  000079f8    00000010     sysbios.aem4f : BIOS.obj (.text:ti_sysbios_knl_Task_disable__E)
                  00007a08    00000010     ti.targets.arm.rtsarm.aem4f : Gate.oem4f (.text:xdc_runtime_Gate_leaveSystem__E)
                  00007a18    00000010                                 : Memory.oem4f (.text:xdc_runtime_Memory_free__E)
                  00007a28    00000010                                 : SysMin.oem4f (.text:xdc_runtime_SysMin_ready__E)
                  00007a38    00000010                                 : System.oem4f (.text:xdc_runtime_System_vsnprintf__E)
                  00007a48    00000010     empty_pem4f.oem4f (.text:xdc_runtime_Text_visitRope__I)
                  00007a58    0000000e     rtsv7M4_T_le_v4SPD16_eabi.lib : copy_decompress_none.obj (.text:decompress:none)
                  00007a66    00000002     --HOLE-- [fill = 0]
                  00007a68    0000000e     sysbios.aem4f : BIOS.obj (.text:ti_sysbios_knl_Queue_empty__E)
                  00007a76    0000000c     empty_pem4f.oem4f (.text:.bootCodeSection:ti_sysbios_family_arm_msp432_init_Boot_init__I)
                  00007a82    0000000c     msp432p4xx_driverlib.lib : cpu.o (.text:CPU_cpsid)
                  00007a8e    0000000c                              : cpu.o (.text:CPU_cpsie)
                  00007a9a    0000000c                              : spi.o (.text:EUSCI_A_SPI_enable)
                  00007aa6    0000000c                              : spi.o (.text:EUSCI_B_SPI_enable)
                  00007ab2    00000002     --HOLE-- [fill = 0]
                  00007ab4    0000000c                              : pcm.o (.text:PCM_getPowerState)
                  00007ac0    0000000c     drivers_MSP432P401R.aem4f : PowerMSP432.oem4f (.text:Power_getConstraintMask)
                  00007acc    0000000c     rtsv7M4_T_le_v4SPD16_eabi.lib : copy_zero_init.obj (.text:decompress:ZI)
                  00007ad8    0000000c     sysbios.aem4f : BIOS.obj (.text:ti_sysbios_family_arm_msp432_Timer_getMaxTicks__E)
                  00007ae4    00000004     --HOLE-- [fill = 0]
                  00007ae8    0000000c                   : BIOS.obj (.text:ti_sysbios_gates_GateHwi_enter__E)
                  00007af4    0000000c     empty_pem4f.oem4f (.text:ti_sysbios_knl_Queue_Object__get__S)
                  00007b00    0000000c     ti.targets.arm.rtsarm.aem4f : Error.oem4f (.text:xdc_runtime_Error_init__E)
                  00007b0c    0000000c                                 : Gate.oem4f (.text:xdc_runtime_Gate_enterSystem__E)
                  00007b18    0000000c                                 : Memory.oem4f (.text:xdc_runtime_Memory_calloc__E)
                  00007b24    0000000c                                 : Memory.oem4f (.text:xdc_runtime_Memory_getMaxDefaultTypeAlign__E)
                  00007b30    0000000a     Crystalfontz128x128_ST7735.obj (.text:Crystalfontz128x128_Flush)
                  00007b3a    0000000a     msp432p4xx_driverlib.lib : timer32.o (.text:Timer32_enableInterrupt)
                  00007b44    0000000a     empty_pem4f.oem4f (.text:xdc_runtime_IHeap_alloc)
                  00007b4e    0000000a     empty_pem4f.oem4f (.text:xdc_runtime_IHeap_free)
                  00007b58    00000008     msp432p4xx_driverlib.lib : spi.o (.text:EUSCI_B_SPI_getInterruptStatus)
                  00007b60    00000008     MSP_EXP432P401R.obj (.text:MSP_EXP432P401R_initGeneral)
                  00007b68    00000008     msp432p4xx_driverlib.lib : pcm.o (.text:PCM_setPowerMode)
                  00007b70    00000008                              : pcm.o (.text:PCM_setPowerState)
                  00007b78    00000008     sysbios.aem4f : BIOS.obj (.text:ti_sysbios_family_arm_m3_Hwi_doSwiRestore__I)
                  00007b80    00000008                   : BIOS.obj (.text:ti_sysbios_family_arm_m3_Hwi_startup__E)
                  00007b88    00000006                   : BIOS.obj (.text:ti_sysbios_family_arm_m3_Hwi_doTaskRestore__I)
                  00007b8e    00000002     --HOLE-- [fill = 0]
                  00007b90    00000006                   : BIOS.obj (.text:ti_sysbios_gates_GateHwi_leave__E)
                  00007b96    00000002     --HOLE-- [fill = 0]
                  00007b98    00000006                   : BIOS.obj (.text:ti_sysbios_heaps_HeapMem_isBlocking__E)
                  00007b9e    00000002     --HOLE-- [fill = 0]
                  00007ba0    00000006                   : BIOS.obj (.text:ti_sysbios_knl_Queue_Instance_init__E)
                  00007ba6    00000002     --HOLE-- [fill = 0]
                  00007ba8    00000006                   : BIOS.obj (.text:ti_sysbios_knl_Swi_startup__E)
                  00007bae    00000002     --HOLE-- [fill = 0]
                  00007bb0    00000004                   : BIOS.obj (.text:ti_sysbios_gates_GateHwi_query__E)
                  00007bb4    00000004     --HOLE-- [fill = 0]
                  00007bb8    00000004                   : BIOS.obj (.text:ti_sysbios_gates_GateMutex_query__E)
                  00007bbc    00000004     --HOLE-- [fill = 0]
                  00007bc0    00000004                   : BIOS.obj (.text:ti_sysbios_knl_Task_startup__E)
                  00007bc4    00000004     --HOLE-- [fill = 0]
                  00007bc8    00000002                   : BIOS.obj (.text:ti_sysbios_gates_GateHwi_Instance_init__E)
                  00007bca    00000006     --HOLE-- [fill = 0]
                  00007bd0    00000002                   : BIOS.obj (.text:ti_sysbios_knl_Clock_logTick__E)

.const     0    00007bd4    00002263     
                  00007bd4    00001835     empty_pem4f.oem4f (.const:xdc_runtime_Text_charTab__A)
                  00009409    000002f8     fontfixed6x8.obj (.const:.string:g_pucFontFixed6x8Data)
                  00009701    00000101     rtsv7M4_T_le_v4SPD16_eabi.lib : ctype.obj (.const:.string:_ctypes_)
                  00009802    00000002     empty_pem4f.oem4f (.const:ti_sysbios_family_arm_m3_Hwi_Module__id__C)
                  00009804    000000c8     fontfixed6x8.obj (.const:g_sFontFixed6x8)
                  000098cc    000000b8     empty_pem4f.oem4f (.const:xdc_runtime_Text_nodeTab__A)
                  00009984    00000080     msp432p4xx_driverlib.lib : adc14.o (.const:_ctlRegs)
                  00009a04    00000048     empty_pem4f.oem4f (.const:.string)
                  00009a4c    00000040     msp432p4xx_driverlib.lib : interrupt.o (.const)
                  00009a8c    0000002c     Crystalfontz128x128_ST7735.obj (.const:g_sCrystalfontz128x128)
                  00009ab8    00000028     empty_pem4f.oem4f (.const:ti_sysbios_heaps_HeapMem_Module__FXNS__C)
                  00009ae0    00000024     empty_pem4f.oem4f (.const:ti_sysbios_gates_GateHwi_Module__FXNS__C)
                  00009b04    00000024     empty_pem4f.oem4f (.const:ti_sysbios_gates_GateMutex_Module__FXNS__C)
                  00009b28    00000024     empty_pem4f.oem4f (.const:ti_sysbios_heaps_HeapMem_Object__PARAMS__C)
                  00009b4c    00000024     empty_pem4f.oem4f (.const:ti_sysbios_knl_Semaphore_Object__PARAMS__C)
                  00009b70    00000024     empty_pem4f.oem4f (.const:xdc_runtime_Startup_sfxnTab__A)
                  00009b94    00000020     empty_pem4f.oem4f (.const:ti_sysbios_gates_GateHwi_Object__DESC__C)
                  00009bb4    00000020     empty_pem4f.oem4f (.const:ti_sysbios_gates_GateMutex_Object__DESC__C)
                  00009bd4    00000020     empty_pem4f.oem4f (.const:ti_sysbios_heaps_HeapMem_Object__DESC__C)
                  00009bf4    00000020     empty_pem4f.oem4f (.const:ti_sysbios_knl_Queue_Object__DESC__C)
                  00009c14    00000020     empty_pem4f.oem4f (.const:ti_sysbios_knl_Semaphore_Object__DESC__C)
                  00009c34    0000001c     HAL_MSP_EXP432P401R_Crystalfontz128x128_ST7735.obj (.const)
                  00009c50    00000018     empty_pem4f.oem4f (.const:ti_sysbios_gates_GateHwi_Object__PARAMS__C)
                  00009c68    00000018     empty_pem4f.oem4f (.const:ti_sysbios_gates_GateMutex_Object__PARAMS__C)
                  00009c80    00000018     empty_pem4f.oem4f (.const:ti_sysbios_knl_Queue_Object__PARAMS__C)
                  00009c98    00000012     empty_pem4f.oem4f (.const:xdc_runtime_Startup_sfxnRts__A)
                  00009caa    00000002     empty_pem4f.oem4f (.const:ti_sysbios_heaps_HeapMem_Module__id__C)
                  00009cac    00000010     MSP_EXP432P401R.obj (.const)
                  00009cbc    00000010     empty_pem4f.oem4f (.const)
                  00009ccc    0000000c     empty_pem4f.oem4f (.const:xdc_runtime_Startup_firstFxns__A)
                  00009cd8    00000008     Crystalfontz128x128_ST7735.obj (.const)
                  00009ce0    00000008     empty_pem4f.oem4f (.const:ti_sysbios_family_arm_m3_Hwi_excHookFuncs__A)
                  00009ce8    00000008     empty_pem4f.oem4f (.const:ti_sysbios_knl_Idle_funcList__A)
                  00009cf0    00000008     empty_pem4f.oem4f (.const:ti_sysbios_knl_Idle_funcList__C)
                  00009cf8    00000008     empty_pem4f.oem4f (.const:xdc_runtime_Startup_firstFxns__C)
                  00009d00    00000008     empty_pem4f.oem4f (.const:xdc_runtime_Startup_lastFxns__C)
                  00009d08    00000004     empty_pem4f.oem4f (.const:ti_sysbios_family_arm_m3_Hwi_E_NMI__C)
                  00009d0c    00000004     empty_pem4f.oem4f (.const:ti_sysbios_family_arm_m3_Hwi_E_busFault__C)
                  00009d10    00000004     empty_pem4f.oem4f (.const:ti_sysbios_family_arm_m3_Hwi_E_debugMon__C)
                  00009d14    00000004     empty_pem4f.oem4f (.const:ti_sysbios_family_arm_m3_Hwi_E_hardFault__C)
                  00009d18    00000004     empty_pem4f.oem4f (.const:ti_sysbios_family_arm_m3_Hwi_E_memFault__C)
                  00009d1c    00000004     empty_pem4f.oem4f (.const:ti_sysbios_family_arm_m3_Hwi_E_noIsr__C)
                  00009d20    00000004     empty_pem4f.oem4f (.const:ti_sysbios_family_arm_m3_Hwi_E_reserved__C)
                  00009d24    00000004     empty_pem4f.oem4f (.const:ti_sysbios_family_arm_m3_Hwi_E_svCall__C)
                  00009d28    00000004     empty_pem4f.oem4f (.const:ti_sysbios_family_arm_m3_Hwi_E_usageFault__C)
                  00009d2c    00000004     empty_pem4f.oem4f (.const:ti_sysbios_family_arm_m3_Hwi_NUM_INTERRUPTS__C)
                  00009d30    00000004     empty_pem4f.oem4f (.const:ti_sysbios_family_arm_m3_Hwi_Object__count__C)
                  00009d34    00000004     empty_pem4f.oem4f (.const:ti_sysbios_family_arm_m3_Hwi_ccr__C)
                  00009d38    00000004     empty_pem4f.oem4f (.const:ti_sysbios_family_arm_m3_Hwi_excHandlerFunc__C)
                  00009d3c    00000004     empty_pem4f.oem4f (.const:ti_sysbios_family_arm_m3_Hwi_excHookFuncs__C)
                  00009d40    00000004     empty_pem4f.oem4f (.const:ti_sysbios_family_arm_m3_Hwi_nullIsrFunc__C)
                  00009d44    00000004     empty_pem4f.oem4f (.const:ti_sysbios_family_arm_m3_Hwi_priGroup__C)
                  00009d48    00000004     empty_pem4f.oem4f (.const:ti_sysbios_family_arm_msp432_Timer_numTimerDevices__C)
                  00009d4c    00000004     empty_pem4f.oem4f (.const:ti_sysbios_family_arm_msp432_Timer_startupNeeded__C)
                  00009d50    00000004     empty_pem4f.oem4f (.const:ti_sysbios_gates_GateMutex_Instance_State_sem__O)
                  00009d54    00000004     empty_pem4f.oem4f (.const:ti_sysbios_heaps_HeapMem_E_memory__C)
                  00009d58    00000004     empty_pem4f.oem4f (.const:ti_sysbios_heaps_HeapMem_Module__gateObj__C)
                  00009d5c    00000004     empty_pem4f.oem4f (.const:ti_sysbios_heaps_HeapMem_Object__count__C)
                  00009d60    00000004     empty_pem4f.oem4f (.const:ti_sysbios_heaps_HeapMem_reqAlign__C)
                  00009d64    00000004     empty_pem4f.oem4f (.const:ti_sysbios_knl_Clock_Module_State_clockQ__O)
                  00009d68    00000004     empty_pem4f.oem4f (.const:ti_sysbios_knl_Mailbox_Instance_State_dataQue__O)
                  00009d6c    00000004     empty_pem4f.oem4f (.const:ti_sysbios_knl_Mailbox_Instance_State_dataSem__O)
                  00009d70    00000004     empty_pem4f.oem4f (.const:ti_sysbios_knl_Mailbox_Instance_State_freeQue__O)
                  00009d74    00000004     empty_pem4f.oem4f (.const:ti_sysbios_knl_Mailbox_Instance_State_freeSem__O)
                  00009d78    00000004     empty_pem4f.oem4f (.const:ti_sysbios_knl_Mailbox_Object__count__C)
                  00009d7c    00000004     empty_pem4f.oem4f (.const:ti_sysbios_knl_Mailbox_maxTypeAlign__C)
                  00009d80    00000004     empty_pem4f.oem4f (.const:ti_sysbios_knl_Semaphore_Instance_State_pendQ__O)
                  00009d84    00000004     empty_pem4f.oem4f (.const:ti_sysbios_knl_Swi_Object__count__C)
                  00009d88    00000004     empty_pem4f.oem4f (.const:ti_sysbios_knl_Task_Module_State_inactiveQ__O)
                  00009d8c    00000004     empty_pem4f.oem4f (.const:ti_sysbios_knl_Task_Object__count__C)
                  00009d90    00000004     empty_pem4f.oem4f (.const:ti_sysbios_knl_Task_allBlockedFunc__C)
                  00009d94    00000004     empty_pem4f.oem4f (.const:ti_sysbios_knl_Task_numConstructedTasks__C)
                  00009d98    00000004     empty_pem4f.oem4f (.const:xdc_runtime_Assert_E_assertFailed__C)
                  00009d9c    00000004     empty_pem4f.oem4f (.const:xdc_runtime_Core_A_initializedParams__C)
                  00009da0    00000004     empty_pem4f.oem4f (.const:xdc_runtime_Core_Module__diagsEnabled__C)
                  00009da4    00000004     empty_pem4f.oem4f (.const:xdc_runtime_Core_Module__diagsIncluded__C)
                  00009da8    00000004     empty_pem4f.oem4f (.const:xdc_runtime_Core_Module__diagsMask__C)
                  00009dac    00000004     empty_pem4f.oem4f (.const:xdc_runtime_Error_E_memory__C)
                  00009db0    00000004     empty_pem4f.oem4f (.const:xdc_runtime_Error_Module__diagsEnabled__C)
                  00009db4    00000004     empty_pem4f.oem4f (.const:xdc_runtime_Error_Module__diagsIncluded__C)
                  00009db8    00000004     empty_pem4f.oem4f (.const:xdc_runtime_Error_Module__diagsMask__C)
                  00009dbc    00000004     empty_pem4f.oem4f (.const:xdc_runtime_Error_Module__loggerFxn8__C)
                  00009dc0    00000004     empty_pem4f.oem4f (.const:xdc_runtime_Error_Module__loggerObj__C)
                  00009dc4    00000004     empty_pem4f.oem4f (.const:xdc_runtime_Error_policyFxn__C)
                  00009dc8    00000004     empty_pem4f.oem4f (.const:xdc_runtime_Error_raiseHook__C)
                  00009dcc    00000004     empty_pem4f.oem4f (.const:xdc_runtime_IGateProvider_Interface__BASE__C)
                  00009dd0    00000004     empty_pem4f.oem4f (.const:xdc_runtime_IHeap_Interface__BASE__C)
                  00009dd4    00000004     empty_pem4f.oem4f (.const:xdc_runtime_IModule_Interface__BASE__C)
                  00009dd8    00000004     empty_pem4f.oem4f (.const:xdc_runtime_Log_L_error__C)
                  00009ddc    00000004     empty_pem4f.oem4f (.const:xdc_runtime_Memory_defaultHeapInstance__C)
                  00009de0    00000004     empty_pem4f.oem4f (.const:xdc_runtime_Startup_execImpl__C)
                  00009de4    00000004     empty_pem4f.oem4f (.const:xdc_runtime_Startup_maxPasses__C)
                  00009de8    00000004     empty_pem4f.oem4f (.const:xdc_runtime_Startup_sfxnRts__C)
                  00009dec    00000004     empty_pem4f.oem4f (.const:xdc_runtime_Startup_sfxnTab__C)
                  00009df0    00000004     empty_pem4f.oem4f (.const:xdc_runtime_SysMin_bufSize__C)
                  00009df4    00000004     empty_pem4f.oem4f (.const:xdc_runtime_SysMin_outputFunc__C)
                  00009df8    00000004     empty_pem4f.oem4f (.const:xdc_runtime_System_Module__gateObj__C)
                  00009dfc    00000004     empty_pem4f.oem4f (.const:xdc_runtime_System_abortFxn__C)
                  00009e00    00000004     empty_pem4f.oem4f (.const:xdc_runtime_System_exitFxn__C)
                  00009e04    00000004     empty_pem4f.oem4f (.const:xdc_runtime_System_extendFxn__C)
                  00009e08    00000004     empty_pem4f.oem4f (.const:xdc_runtime_System_maxAtexitHandlers__C)
                  00009e0c    00000004     empty_pem4f.oem4f (.const:xdc_runtime_Text_charTab__C)
                  00009e10    00000004     empty_pem4f.oem4f (.const:xdc_runtime_Text_nameEmpty__C)
                  00009e14    00000004     empty_pem4f.oem4f (.const:xdc_runtime_Text_nameStatic__C)
                  00009e18    00000004     empty_pem4f.oem4f (.const:xdc_runtime_Text_nameUnknown__C)
                  00009e1c    00000004     empty_pem4f.oem4f (.const:xdc_runtime_Text_nodeTab__C)
                  00009e20    00000004     empty_pem4f.oem4f (.const:xdc_runtime_Text_visitRopeFxn__C)
                  00009e24    00000002     empty_pem4f.oem4f (.const:xdc_runtime_Core_Module__id__C)
                  00009e26    00000002     empty_pem4f.oem4f (.const:xdc_runtime_Error_Module__loggerDefined__C)
                  00009e28    00000002     empty_pem4f.oem4f (.const:xdc_runtime_Error_maxDepth__C)
                  00009e2a    00000002     empty_pem4f.oem4f (.const:xdc_runtime_Memory_Module__id__C)
                  00009e2c    00000002     empty_pem4f.oem4f (.const:xdc_runtime_SysMin_flushAtExit__C)
                  00009e2e    00000002     empty_pem4f.oem4f (.const:xdc_runtime_Text_charCnt__C)
                  00009e30    00000002     empty_pem4f.oem4f (.const:xdc_runtime_Text_isLoaded__C)
                  00009e32    00000002     empty_pem4f.oem4f (.const:xdc_runtime_Text_registryModsLastId__C)
                  00009e34    00000002     empty_pem4f.oem4f (.const:xdc_runtime_Text_unnamedModsLastId__C)
                  00009e36    00000001     empty_pem4f.oem4f (.const:xdc_runtime_Error_policy__C)

.cinit     0    0000a0e8    000004a8     
                  0000a0e8    0000045f     (.cinit..data.load) [load image, compression = rle]
                  0000a547    00000001     --HOLE-- [fill = 0]
                  0000a548    0000000c     (__TI_handler_table)
                  0000a554    00000004     --HOLE-- [fill = 0]
                  0000a558    00000008     (.cinit..bss.load) [load image, compression = zero_init]
                  0000a560    00000008     (.cinit..vecs.load) [load image, compression = zero_init]
                  0000a568    00000008     (.cinit..vtable.load) [load image, compression = zero_init]
                  0000a570    00000020     (__TI_cinit_table)

.resetVecs 
*          0    00000000    0000003c     
                  00000000    0000003c     empty_pem4f.oem4f (.resetVecs)

.bss       0    20000140    00000956     UNINITIALIZED
                  20000140    00000400     empty_pem4f.oem4f (.bss:ti_sysbios_heaps_HeapMem_Instance_State_0_buf__A)
                  20000540    00000200     empty_pem4f.oem4f (.bss:taskStackSection)
                  20000740    00000140     empty_pem4f.oem4f (.bss:ti_sysbios_family_arm_m3_Hwi_dispatchTable)
                  20000880    00000120     rtsv7M4_T_le_v4SPD16_eabi.lib : trgmsg.obj (.bss:__CIOBUF_)
                  200009a0    00000080     empty_pem4f.oem4f (.bss:xdc_runtime_SysMin_Module_State_0_outbuf__A)
                  20000a20    00000048     empty_pem4f.oem4f (.bss:ti_sysbios_knl_Mailbox_Instance_State_0_allocBuf__A)
                  20000a68    0000001c     (.common:g_sContext)
                  20000a84    00000008     (.common:parmbuf)
                  20000a8c    00000002     (.common:Lcd_ScreenHeigth)
                  20000a8e    00000002     (.common:Lcd_ScreenWidth)
                  20000a90    00000002     (.common:Lcd_TouchTrim)
                  20000a92    00000001     (.common:Lcd_FlagRead)
                  20000a93    00000001     (.common:Lcd_FontSolid)
                  20000a94    00000001     (.common:Lcd_Orientation)
                  20000a95    00000001     (.common:Lcd_PenSolid)

.data      0    20000a98    000006e8     UNINITIALIZED
                  20000a98    00000148     empty_pem4f.oem4f (.data)
                  20000be0    000000b0     rtsv7M4_T_le_v4SPD16_eabi.lib : signal.obj (.data:sigtable)
                  20000c90    0000009c     drivers_MSP432P401R.aem4f : PowerMSP432.oem4f (.data:PowerMSP432_perfLevels)
                  20000d2c    00000004     rtsv7M4_T_le_v4SPD16_eabi.lib : errno.obj (.data)
                  20000d30    00000080                                   : xvalues.obj (.data)
                  20000db0    00000080     empty_pem4f.oem4f (.data:ti_sysbios_knl_Swi_Module_State_0_readyQ__A)
                  20000e30    00000080     empty_pem4f.oem4f (.data:ti_sysbios_knl_Task_Module_State_0_readyQ__A)
                  20000eb0    00000050     empty_pem4f.oem4f (.data:ti_sysbios_knl_Mailbox_Object__table__V)
                  20000f00    0000004c     empty_pem4f.oem4f (.data:ti_sysbios_family_arm_msp432_Timer_Object__table__V)
                  20000f4c    0000004c     empty_pem4f.oem4f (.data:ti_sysbios_knl_Task_Object__table__V)
                  20000f98    00000048     empty_pem4f.oem4f (.data:ti_sysbios_family_arm_m3_Hwi_Object__table__V)
                  20000fe0    00000044     empty_pem4f.oem4f (.data:ti_sysbios_knl_Task_Module__state__V)
                  20001024    00000038     empty_pem4f.oem4f (.data:ti_sysbios_gates_GateMutex_Object__table__V)
                  2000105c    00000034     empty_pem4f.oem4f (.data:ti_sysbios_family_arm_m3_Hwi_Module__state__V)
                  20001090    00000030     msp432p4xx_driverlib.lib : gpio.o (.data:GPIO_PORT_TO_BASE)
                  200010c0    00000030     empty_pem4f.oem4f (.data:ti_sysbios_knl_Swi_Object__table__V)
                  200010f0    0000002c     empty_pem4f.oem4f (.data:ti_sysbios_knl_Clock_Module__state__V)
                  2000111c    00000024     drivers_MSP432P401R.aem4f : PowerMSP432.oem4f (.data:PowerMSP432_module)
                  20001140    00000024     empty_pem4f.oem4f (.data:ti_sysbios_BIOS_Module__state__V)
                  20001164    00000008     rtsv7M4_T_le_v4SPD16_eabi.lib : _lock.obj (.data)
                  2000116c    00000008                                   : exit.obj (.data)
                  20001174    00000008                                   : feraiseexcept.obj (.data)
                  2000117c    00000004                                   : stkdepth_vars.obj (.data)

.stack     0    2000fd00    00000300     UNINITIALIZED
                  2000fd00    00000300     --HOLE--

.bootVecs 
*          0    00000000    00000008     DSECT
                  00000000    00000008     boot.aem4f : boot.oem4f (.bootVecs)

.vecs      0    20000000    00000140     UNINITIALIZED
                  20000000    00000140     empty_pem4f.oem4f (.vecs)

xdc.meta   0    00000000    000000e8     COPY SECTION
                  00000000    000000e8     empty_pem4f.oem4f (xdc.meta)

.TI.noinit 
*          0    20000140    00000000     UNINITIALIZED

.TI.persistent 
*          0    20000a98    00000000     UNINITIALIZED

.vtable    0    0000a000    000000e4     UNINITIALIZED
                  0000a000    000000e4     msp432p4xx_driverlib.lib : interrupt.o (.vtable)


LINKER GENERATED COPY TABLES

__TI_cinit_table @ 0000a570 records: 4, size/record: 8, table size: 32
	.data: load addr=0000a0e8, load size=0000045f bytes, run addr=20000a98, run size=000006e8 bytes, compression=rle
	.bss: load addr=0000a558, load size=00000008 bytes, run addr=20000140, run size=00000956 bytes, compression=zero_init
	.vecs: load addr=0000a560, load size=00000008 bytes, run addr=20000000, run size=00000140 bytes, compression=zero_init
	.vtable: load addr=0000a568, load size=00000008 bytes, run addr=0000a000, run size=000000e4 bytes, compression=zero_init


LINKER GENERATED HANDLER TABLE

__TI_handler_table @ 0000a548 records: 3, size/record: 4, table size: 12
	index: 0, handler: __TI_decompress_rle24
	index: 1, handler: __TI_decompress_none
	index: 2, handler: __TI_zero_init


GLOBAL SYMBOLS: SORTED ALPHABETICALLY BY Name 

address   name                                                        
-------   ----                                                        
00007685  ADC14_getResult                                             
00004c1d  ADC_HWI                                                     
00009cc8  AccelDataTask                                               
00006139  C$$EXIT                                                     
000052af  C$$IO$$                                                     
00007a83  CPU_cpsid                                                   
00007a8f  CPU_cpsie                                                   
00002865  CPU_wfi                                                     
00003db9  CS_initClockSignal                                          
00007005  CS_setDCOCenteredFrequency                                  
00003185  Crystalfontz128x128_Init                                    
00003051  Crystalfontz128x128_SetDrawFrame                            
00005941  Crystalfontz128x128_SetOrientation                          
00007a9b  EUSCI_A_SPI_enable                                          
000029dd  EUSCI_A_SPI_transmitData                                    
00007aa7  EUSCI_B_SPI_enable                                          
00007b59  EUSCI_B_SPI_getInterruptStatus                              
000035e5  EUSCI_B_SPI_transmitData                                    
00006319  FlashCtl_disableReadBuffering                               
00006779  FlashCtl_enableReadBuffering                                
00006f19  FlashCtl_setWaitState                                       
00007029  GPIO_setAsOutputPin                                         
00005f41  GPIO_setAsPeripheralModuleFunctionInputPin                  
00005c81  GPIO_setAsPeripheralModuleFunctionOutputPin                 
00007819  GPIO_setOutputHighOnPin                                     
0000769d  GPIO_setOutputLowOnPin                                      
0000782d  GPIO_toggleOutputOnPin                                      
000067ad  Graphics_drawHorizontalLineOnDisplay                        
00004679  Graphics_drawLineH                                          
00006e49  Graphics_drawPixelOnDisplay                                 
000010fb  Graphics_drawString                                         
00005ef5  Graphics_initContext                                        
00007565  Graphics_setBackgroundColor                                 
0000757f  Graphics_setFont                                            
000077a9  Graphics_setForegroundColor                                 
000077bf  Graphics_translateColorOnDisplay                            
00006953  HAL_LCD_PortInit                                            
00006399  HAL_LCD_SpiInit                                             
000067e1  HAL_LCD_writeCommand                                        
0000704d  HAL_LCD_writeData                                           
00001f81  HOSTclock                                                   
00001f49  HOSTclose                                                   
00001f0b  HOSTgetenv                                                  
00001eaf  HOSTlseek                                                   
00001e5d  HOSTopen                                                    
00001e11  HOSTread                                                    
00001db3  HOSTrename                                                  
00001d79  HOSTtime                                                    
00001d41  HOSTunlink                                                  
00001cf5  HOSTwrite                                                   
0000304f  Idle_fcxn                                                   
0000541d  Interrupt_enableInterrupt                                   
00006815  Interrupt_registerInterrupt                                 
20000a92  Lcd_FlagRead                                                
20000a93  Lcd_FontSolid                                               
20000a94  Lcd_Orientation                                             
20000a95  Lcd_PenSolid                                                
20000a8c  Lcd_ScreenHeigth                                            
20000a8e  Lcd_ScreenWidth                                             
20000a90  Lcd_TouchTrim                                               
00003f75  List_head                                                   
0000428d  List_next                                                   
00007b61  MSP_EXP432P401R_initGeneral                                 
00006d41  PCM_getCoreVoltageLevel                                     
00006e73  PCM_getPowerMode                                            
00007ab5  PCM_getPowerState                                           
00006f41  PCM_gotoLPM0                                                
00004d25  PCM_gotoLPM3                                                
00007935  PCM_gotoLPM4                                                
00007b69  PCM_setPowerMode                                            
00007b71  PCM_setPowerState                                           
00005aed  PCM_shutdownDevice                                          
00009cac  PowerMSP432_config                                          
000041cf  PowerMSP432_initPolicy                                      
2000111c  PowerMSP432_module                                          
20000c90  PowerMSP432_perfLevels                                      
00005b3d  PowerMSP432_sleepPolicy                                     
00006d6d  PowerMSP432_updateFreqs                                     
00007ac1  Power_getConstraintMask                                     
0000729d  Power_idleFunc                                              
00006599  Power_init                                                  
00003ae1  Power_sleep                                                 
00007071  RTC_C_holdClock                                             
00007095  RTC_C_startClock                                            
UNDEFED   SHT$$INIT_ARRAY$$Base                                       
UNDEFED   SHT$$INIT_ARRAY$$Limit                                      
00007599  SPI_enableModule                                            
000049fd  SPI_initMaster                                              
000072bd  SPI_transmitData                                            
00006695  Timer32_HWI                                                 
00007b3b  Timer32_enableInterrupt                                     
00005f89  Timer32_initModule                                          
00007945  Timer32_registerInterrupt                                   
000070b9  Timer32_setCount                                            
000072dd  Timer32_startTimer                                          
4000480c  WDTCTL_SYM                                                  
000076b5  WDT_A_holdTimer                                             
00007841  WDT_A_startTimer                                            
000069b5  _Dclass                                                     
20000d30  _Denorm                                                     
00004111  _Dnorm                                                      
000033c9  _Dscale                                                     
00005351  _Dunscale                                                   
20000d40  _Eps                                                        
20000d2c  _Errno                                                      
20001174  _Fenv                                                       
000069e5  _Feraise                                                    
20000d50  _Hugeval                                                    
20000d60  _Inf                                                        
20000d70  _Nan                                                        
20000d90  _Rteps                                                      
20000d80  _Snan                                                       
20001178  _Tls_setup__Fenv                                            
20000da0  _Xbig                                                       
20000da8  _Zero                                                       
00000000  __ASM__                                                     
20000880  __CIOBUF_                                                   
00000064  __ISA__                                                     
00000077  __PLAT__                                                    
20010000  __STACK_END                                                 
00000300  __STACK_SIZE                                                
0000009a  __TARG__                                                    
0000a570  __TI_CINIT_Base                                             
0000a590  __TI_CINIT_Limit                                            
0000a548  __TI_Handler_Table_Base                                     
0000a554  __TI_Handler_Table_Limit                                    
000043fd  __TI_auto_init                                              
2000116c  __TI_cleanup_ptr                                            
00007a59  __TI_decompress_none                                        
0000745b  __TI_decompress_rle24                                       
20001170  __TI_dtors_ptr                                              
00000df5  __TI_printfi                                                
000052b3  __TI_readmsg                                                
0000a0e8  __TI_static_base__                                          
00005281  __TI_writemsg                                               
00007acd  __TI_zero_init                                              
000000c0  __TRDR__                                                    
00004b11  __aeabi_cdcmpeq                                             
00004b11  __aeabi_cdcmple                                             
00004b97  __aeabi_cdrcmple                                            
00005fd1  __aeabi_d2iz                                                
00002395  __aeabi_dadd                                                
00002f19  __aeabi_ddiv                                                
000037f5  __aeabi_dmul                                                
0000238b  __aeabi_dsub                                                
00006cb9  __aeabi_i2d                                                 
00004e97  __aeabi_idiv0                                               
00004e1d  __aeabi_memclr                                              
00004e1d  __aeabi_memclr4                                             
00004e1d  __aeabi_memclr8                                             
00004715  __aeabi_memcpy                                              
00004715  __aeabi_memcpy4                                             
00004715  __aeabi_memcpy8                                             
00004e1f  __aeabi_memset                                              
00004e1f  __aeabi_memset4                                             
00004e1f  __aeabi_memset8                                             
00006459  __aeabi_uidiv                                               
00006459  __aeabi_uidivmod                                            
00001fc9  __aeabi_uldivmod                                            
ffffffff  __binit__                                                   
ffffffff  __c_args__                                                  
2000fd00  __stack                                                     
0000484b  __xdc__init                                                 
20000bdc  __xdc__init__addr                                           
000076cd  _args_main                                                  
000057e1  _c_int00                                                    
00009701  _ctypes_                                                    
20001164  _lock                                                       
00007863  _nop                                                        
0000785b  _register_lock                                              
00007855  _register_unlock                                            
20001168  _unlock                                                     
0000613d  abort                                                       
00009cbc  adc_hwi                                                     
00009cc0  adc_mailbox                                                 
00005ccd  atoi                                                        
ffffffff  binit                                                       
00006559  calculateAvg                                                
00005d19  copy_in                                                     
0000449d  drawAccelData                                               
00006145  exit                                                        
00006849  feraiseexcept                                               
00006e9d  frexp                                                       
0000a000  g_pfnRAMVectors                                             
20000a68  g_sContext                                                  
00009a8c  g_sCrystalfontz128x128                                      
00009804  g_sFontFixed6x8                                             
000026e1  init_All                                                    
00005a99  ldexp                                                       
000058e9  ltoa                                                        
000078f9  main                                                        
2000117c  main_func_sp                                                
0000743f  memccpy                                                     
00004715  memcpy                                                      
00004e25  memset                                                      
000079f9  osi_TaskDisable                                             
00007989  osi_start                                                   
00006ce7  raise                                                       
00006419  signal                                                      
000055a5  sprintf                                                     
000077d5  strchr                                                      
00007869  strcpy                                                      
0000787d  strlen                                                      
20001140  ti_sysbios_BIOS_Module__state__V                            
000075e7  ti_sysbios_BIOS_RtsGateProxy_Handle__label__S               
000071bd  ti_sysbios_BIOS_RtsGateProxy_Object__delete__S              
00004a85  ti_sysbios_BIOS_RtsGateProxy_enter__E                       
00004f0d  ti_sysbios_BIOS_RtsGateProxy_leave__E                       
00007bb9  ti_sysbios_BIOS_RtsGateProxy_query__E                       
00006a15  ti_sysbios_BIOS_atExitFunc__I                               
000070dd  ti_sysbios_BIOS_errorRaiseHook__I                           
000077eb  ti_sysbios_BIOS_exitFunc__I                                 
00007959  ti_sysbios_BIOS_exit__E                                     
00004fef  ti_sysbios_BIOS_nullFunc__I                                 
00007101  ti_sysbios_BIOS_registerRTSLock__I                          
00007125  ti_sysbios_BIOS_removeRTSLock__I                            
000072fd  ti_sysbios_BIOS_rtsLock__I                                  
000076e5  ti_sysbios_BIOS_rtsUnlock__I                                
00007969  ti_sysbios_BIOS_setCpuFreq__E                               
00007979  ti_sysbios_BIOS_setThreadType__E                            
00007149  ti_sysbios_BIOS_startFunc__I                                
00007989  ti_sysbios_BIOS_start__E                                    
00009d08  ti_sysbios_family_arm_m3_Hwi_E_NMI__C                       
00009d0c  ti_sysbios_family_arm_m3_Hwi_E_busFault__C                  
00009d10  ti_sysbios_family_arm_m3_Hwi_E_debugMon__C                  
00009d14  ti_sysbios_family_arm_m3_Hwi_E_hardFault__C                 
00009d18  ti_sysbios_family_arm_m3_Hwi_E_memFault__C                  
00009d1c  ti_sysbios_family_arm_m3_Hwi_E_noIsr__C                     
00009d20  ti_sysbios_family_arm_m3_Hwi_E_reserved__C                  
00009d24  ti_sysbios_family_arm_m3_Hwi_E_svCall__C                    
00009d28  ti_sysbios_family_arm_m3_Hwi_E_usageFault__C                
000075b3  ti_sysbios_family_arm_m3_Hwi_Handle__label__S               
20000aa0  ti_sysbios_family_arm_m3_Hwi_Module_State_0_excActive__A    
20000aa4  ti_sysbios_family_arm_m3_Hwi_Module_State_0_excContext__A   
20000aa8  ti_sysbios_family_arm_m3_Hwi_Module_State_0_excStack__A     
00009802  ti_sysbios_family_arm_m3_Hwi_Module__id__C                  
20000a98  ti_sysbios_family_arm_m3_Hwi_Module__root__V                
000076fd  ti_sysbios_family_arm_m3_Hwi_Module__startupDone__F         
000076fd  ti_sysbios_family_arm_m3_Hwi_Module__startupDone__S         
2000105c  ti_sysbios_family_arm_m3_Hwi_Module__state__V               
00005b91  ti_sysbios_family_arm_m3_Hwi_Module_startup__E              
00009d2c  ti_sysbios_family_arm_m3_Hwi_NUM_INTERRUPTS__C              
00009d30  ti_sysbios_family_arm_m3_Hwi_Object__count__C               
00007891  ti_sysbios_family_arm_m3_Hwi_Object__get__S                 
20000f98  ti_sysbios_family_arm_m3_Hwi_Object__table__V               
00009d34  ti_sysbios_family_arm_m3_Hwi_ccr__C                         
00005481  ti_sysbios_family_arm_m3_Hwi_dispatchC__I                   
20000740  ti_sysbios_family_arm_m3_Hwi_dispatchTable                  
00003bd5  ti_sysbios_family_arm_m3_Hwi_dispatch__I                    
00007b79  ti_sysbios_family_arm_m3_Hwi_doSwiRestore__I                
00007b89  ti_sysbios_family_arm_m3_Hwi_doTaskRestore__I               
00006019  ti_sysbios_family_arm_m3_Hwi_enableInterrupt__E             
00002869  ti_sysbios_family_arm_m3_Hwi_excBusFault__I                 
000041d1  ti_sysbios_family_arm_m3_Hwi_excDebugMon__I                 
00001579  ti_sysbios_family_arm_m3_Hwi_excDumpRegs__I                 
000034d9  ti_sysbios_family_arm_m3_Hwi_excFillContext__I              
0000731d  ti_sysbios_family_arm_m3_Hwi_excHandlerAsm__I               
[...]
000078a9  ti_sysbios_family_arm_m3_Hwi_switchFromBootStack__E         
000078a9  ti_sysbios_hal_Hwi_HwiProxy_switchFromBootStack__E          
000078bd  ti_sysbios_heaps_HeapMem_Object__get__S                     
000078d1  ti_sysbios_knl_Mailbox_Object__get__S                       
000078e5  ti_sysbios_knl_Swi_Object__get__S                           
000078f9  main                                                        
0000790b  xdc_runtime_System_Module_startup__E                        
00007911  ti_sysbios_hal_Hwi_Module_startup__E                        
00007923  xdc_runtime_Startup_exec__I                                 
00007935  PCM_gotoLPM4                                                
00007945  Timer32_registerInterrupt                                   
00007959  ti_sysbios_BIOS_exit__E                                     
00007969  ti_sysbios_BIOS_setCpuFreq__E                               
00007979  ti_sysbios_BIOS_setThreadType__E                            
00007989  osi_start                                                   
00007989  ti_sysbios_BIOS_start__E                                    
00007999  ti_sysbios_family_arm_m3_TaskSupport_glue                   
000079a9  ti_sysbios_family_arm_msp432_init_Boot_disableWatchdog      
000079b9  ti_sysbios_gates_GateMutex_Instance_finalize__E             
000079c9  ti_sysbios_knl_Semaphore_Instance_finalize__E               
000079d9  ti_sysbios_knl_Swi_disable__E                               
000079e9  ti_sysbios_knl_Task_Object__get__S                          
000079f9  osi_TaskDisable                                             
000079f9  ti_sysbios_knl_Task_disable__E                              
00007a09  xdc_runtime_Gate_leaveSystem__E                             
00007a19  xdc_runtime_Memory_free__E                                  
00007a29  xdc_runtime_SysMin_ready__E                                 
00007a29  xdc_runtime_System_SupportProxy_ready__E                    
00007a39  xdc_runtime_System_vsnprintf__E                             
00007a49  xdc_runtime_Text_visitRope__I                               
00007a59  __TI_decompress_none                                        
00007a69  ti_sysbios_knl_Queue_empty__E                               
00007a77  ti_sysbios_family_arm_msp432_init_Boot_init__I              
00007a77  xdc_runtime_Startup_reset__I                                
00007a83  CPU_cpsid                                                   
00007a8f  CPU_cpsie                                                   
00007a9b  EUSCI_A_SPI_enable                                          
00007aa7  EUSCI_B_SPI_enable                                          
00007ab5  PCM_getPowerState                                           
00007ac1  Power_getConstraintMask                                     
00007acd  __TI_zero_init                                              
00007ad9  ti_sysbios_family_arm_msp432_Timer_getMaxTicks__E           
00007ae9  ti_sysbios_gates_GateHwi_enter__E                           
00007af5  ti_sysbios_knl_Queue_Object__get__S                         
00007b01  xdc_runtime_Error_init__E                                   
00007b0d  xdc_runtime_Gate_enterSystem__E                             
00007b19  xdc_runtime_Memory_calloc__E                                
00007b25  xdc_runtime_Memory_getMaxDefaultTypeAlign__E                
00007b3b  Timer32_enableInterrupt                                     
00007b45  xdc_runtime_Memory_HeapProxy_alloc__E                       
00007b4f  xdc_runtime_Memory_HeapProxy_free__E                        
00007b59  EUSCI_B_SPI_getInterruptStatus                              
00007b61  MSP_EXP432P401R_initGeneral                                 
00007b69  PCM_setPowerMode                                            
00007b71  PCM_setPowerState                                           
00007b79  ti_sysbios_family_arm_m3_Hwi_doSwiRestore__I                
00007b81  ti_sysbios_family_arm_m3_Hwi_startup__E                     
00007b81  ti_sysbios_hal_Hwi_HwiProxy_startup__E                      
00007b89  ti_sysbios_family_arm_m3_Hwi_doTaskRestore__I               
00007b91  ti_sysbios_gates_GateHwi_leave__E                           
00007b99  ti_sysbios_heaps_HeapMem_isBlocking__E                      
00007ba1  ti_sysbios_knl_Queue_Instance_init__E                       
00007ba9  ti_sysbios_knl_Swi_startup__E                               
00007bb1  ti_sysbios_gates_GateHwi_query__E                           
00007bb1  xdc_runtime_Main_Module_GateProxy_query__E                  
00007bb1  xdc_runtime_System_Module_GateProxy_query__E                
00007bb9  ti_sysbios_BIOS_RtsGateProxy_query__E                       
00007bb9  ti_sysbios_gates_GateMutex_query__E                         
00007bb9  ti_sysbios_heaps_HeapMem_Module_GateProxy_query__E          
00007bc1  ti_sysbios_knl_Task_startup__E                              
00007bc9  ti_sysbios_gates_GateHwi_Instance_init__E                   
00007bd1  ti_sysbios_knl_Clock_logTick__E                             
00007bd4  xdc_runtime_Text_charTab__A                                 
00009701  _ctypes_                                                    
00009802  ti_sysbios_family_arm_m3_Hwi_Module__id__C                  
00009804  g_sFontFixed6x8                                             
000098cc  xdc_runtime_Text_nodeTab__A                                 
00009a8c  g_sCrystalfontz128x128                                      
00009ab8  ti_sysbios_heaps_HeapMem_Module__FXNS__C                    
00009ae0  ti_sysbios_gates_GateHwi_Module__FXNS__C                    
00009b04  ti_sysbios_gates_GateMutex_Module__FXNS__C                  
00009b28  ti_sysbios_heaps_HeapMem_Object__PARAMS__C                  
00009b4c  ti_sysbios_knl_Semaphore_Object__PARAMS__C                  
00009b70  xdc_runtime_Startup_sfxnTab__A                              
00009b94  ti_sysbios_gates_GateHwi_Object__DESC__C                    
00009bb4  ti_sysbios_gates_GateMutex_Object__DESC__C                  
00009bd4  ti_sysbios_heaps_HeapMem_Object__DESC__C                    
00009bf4  ti_sysbios_knl_Queue_Object__DESC__C                        
00009c14  ti_sysbios_knl_Semaphore_Object__DESC__C                    
00009c50  ti_sysbios_gates_GateHwi_Object__PARAMS__C                  
00009c68  ti_sysbios_gates_GateMutex_Object__PARAMS__C                
00009c80  ti_sysbios_knl_Queue_Object__PARAMS__C                      
00009c98  xdc_runtime_Startup_sfxnRts__A                              
00009caa  ti_sysbios_heaps_HeapMem_Module__id__C                      
00009cac  PowerMSP432_config                                          
00009cbc  adc_hwi                                                     
00009cc0  adc_mailbox                                                 
00009cc4  timer32_hwi                                                 
00009cc8  AccelDataTask                                               
00009ccc  xdc_runtime_Startup_firstFxns__A                            
00009ce0  ti_sysbios_family_arm_m3_Hwi_excHookFuncs__A                
00009ce8  ti_sysbios_knl_Idle_funcList__A                             
00009cf0  ti_sysbios_knl_Idle_funcList__C                             
00009cf8  xdc_runtime_Startup_firstFxns__C                            
00009d00  xdc_runtime_Startup_lastFxns__C                             
00009d08  ti_sysbios_family_arm_m3_Hwi_E_NMI__C                       
00009d0c  ti_sysbios_family_arm_m3_Hwi_E_busFault__C                  
00009d10  ti_sysbios_family_arm_m3_Hwi_E_debugMon__C                  
00009d14  ti_sysbios_family_arm_m3_Hwi_E_hardFault__C                 
00009d18  ti_sysbios_family_arm_m3_Hwi_E_memFault__C                  
00009d1c  ti_sysbios_family_arm_m3_Hwi_E_noIsr__C                     
00009d20  ti_sysbios_family_arm_m3_Hwi_E_reserved__C                  
00009d24  ti_sysbios_family_arm_m3_Hwi_E_svCall__C                    
00009d28  ti_sysbios_family_arm_m3_Hwi_E_usageFault__C                
00009d2c  ti_sysbios_family_arm_m3_Hwi_NUM_INTERRUPTS__C              
00009d30  ti_sysbios_family_arm_m3_Hwi_Object__count__C               
00009d34  ti_sysbios_family_arm_m3_Hwi_ccr__C                         
00009d38  ti_sysbios_family_arm_m3_Hwi_excHandlerFunc__C              
00009d3c  ti_sysbios_family_arm_m3_Hwi_excHookFuncs__C                
00009d40  ti_sysbios_family_arm_m3_Hwi_nullIsrFunc__C                 
00009d44  ti_sysbios_family_arm_m3_Hwi_priGroup__C                    
00009d48  ti_sysbios_family_arm_msp432_Timer_numTimerDevices__C       
00009d4c  ti_sysbios_family_arm_msp432_Timer_startupNeeded__C         
00009d50  ti_sysbios_gates_GateMutex_Instance_State_sem__O            
00009d54  ti_sysbios_heaps_HeapMem_E_memory__C                        
00009d58  ti_sysbios_heaps_HeapMem_Module__gateObj__C                 
00009d5c  ti_sysbios_heaps_HeapMem_Object__count__C                   
00009d60  ti_sysbios_heaps_HeapMem_reqAlign__C                        
00009d64  ti_sysbios_knl_Clock_Module_State_clockQ__O                 
00009d68  ti_sysbios_knl_Mailbox_Instance_State_dataQue__O            
00009d6c  ti_sysbios_knl_Mailbox_Instance_State_dataSem__O            
00009d70  ti_sysbios_knl_Mailbox_Instance_State_freeQue__O            
00009d74  ti_sysbios_knl_Mailbox_Instance_State_freeSem__O            
00009d78  ti_sysbios_knl_Mailbox_Object__count__C                     
00009d7c  ti_sysbios_knl_Mailbox_maxTypeAlign__C                      
00009d80  ti_sysbios_knl_Semaphore_Instance_State_pendQ__O            
00009d84  ti_sysbios_knl_Swi_Object__count__C                         
00009d88  ti_sysbios_knl_Task_Module_State_inactiveQ__O               
00009d8c  ti_sysbios_knl_Task_Object__count__C                        
00009d90  ti_sysbios_knl_Task_allBlockedFunc__C                       
00009d94  ti_sysbios_knl_Task_numConstructedTasks__C                  
00009d98  xdc_runtime_Assert_E_assertFailed__C                        
00009d9c  xdc_runtime_Core_A_initializedParams__C                     
00009da0  xdc_runtime_Core_Module__diagsEnabled__C                    
00009da4  xdc_runtime_Core_Module__diagsIncluded__C                   
00009da8  xdc_runtime_Core_Module__diagsMask__C                       
00009dac  xdc_runtime_Error_E_memory__C                               
00009db0  xdc_runtime_Error_Module__diagsEnabled__C                   
00009db4  xdc_runtime_Error_Module__diagsIncluded__C                  
00009db8  xdc_runtime_Error_Module__diagsMask__C                      
00009dbc  xdc_runtime_Error_Module__loggerFxn8__C                     
00009dc0  xdc_runtime_Error_Module__loggerObj__C                      
00009dc4  xdc_runtime_Error_policyFxn__C                              
00009dc8  xdc_runtime_Error_raiseHook__C                              
00009dcc  xdc_runtime_IGateProvider_Interface__BASE__C                
00009dd0  xdc_runtime_IHeap_Interface__BASE__C                        
00009dd4  xdc_runtime_IModule_Interface__BASE__C                      
00009dd8  xdc_runtime_Log_L_error__C                                  
00009ddc  xdc_runtime_Memory_defaultHeapInstance__C                   
00009de0  xdc_runtime_Startup_execImpl__C                             
00009de4  xdc_runtime_Startup_maxPasses__C                            
00009de8  xdc_runtime_Startup_sfxnRts__C                              
00009dec  xdc_runtime_Startup_sfxnTab__C                              
00009df0  xdc_runtime_SysMin_bufSize__C                               
00009df4  xdc_runtime_SysMin_outputFunc__C                            
00009df8  xdc_runtime_System_Module__gateObj__C                       
00009dfc  xdc_runtime_System_abortFxn__C                              
00009e00  xdc_runtime_System_exitFxn__C                               
00009e04  xdc_runtime_System_extendFxn__C                             
00009e08  xdc_runtime_System_maxAtexitHandlers__C                     
00009e0c  xdc_runtime_Text_charTab__C                                 
00009e10  xdc_runtime_Text_nameEmpty__C                               
00009e14  xdc_runtime_Text_nameStatic__C                              
00009e18  xdc_runtime_Text_nameUnknown__C                             
00009e1c  xdc_runtime_Text_nodeTab__C                                 
00009e20  xdc_runtime_Text_visitRopeFxn__C                            
00009e24  xdc_runtime_Core_Module__id__C                              
00009e26  xdc_runtime_Error_Module__loggerDefined__C                  
00009e28  xdc_runtime_Error_maxDepth__C                               
00009e2a  xdc_runtime_Memory_Module__id__C                            
00009e2c  xdc_runtime_SysMin_flushAtExit__C                           
00009e2e  xdc_runtime_Text_charCnt__C                                 
00009e30  xdc_runtime_Text_isLoaded__C                                
00009e32  xdc_runtime_Text_registryModsLastId__C                      
00009e34  xdc_runtime_Text_unnamedModsLastId__C                       
00009e36  xdc_runtime_Error_policy__C                                 
0000a000  g_pfnRAMVectors                                             
0000a0e8  __TI_static_base__                                          
0000a548  __TI_Handler_Table_Base                                     
0000a554  __TI_Handler_Table_Limit                                    
0000a570  __TI_CINIT_Base                                             
0000a590  __TI_CINIT_Limit                                            
20000000  ti_sysbios_family_arm_m3_Hwi_ramVectors                     
20000140  ti_sysbios_heaps_HeapMem_Instance_State_0_buf__A            
20000540  ti_sysbios_knl_Task_Instance_State_0_stack__A               
20000740  ti_sysbios_family_arm_m3_Hwi_dispatchTable                  
20000880  __CIOBUF_                                                   
200009a0  xdc_runtime_SysMin_Module_State_0_outbuf__A                 
20000a20  ti_sysbios_knl_Mailbox_Instance_State_0_allocBuf__A         
20000a68  g_sContext                                                  
20000a8c  Lcd_ScreenHeigth                                            
20000a8e  Lcd_ScreenWidth                                             
20000a90  Lcd_TouchTrim                                               
20000a92  Lcd_FlagRead                                                
20000a93  Lcd_FontSolid                                               
20000a94  Lcd_Orientation                                             
20000a95  Lcd_PenSolid                                                
20000a98  ti_sysbios_family_arm_m3_Hwi_Module__root__V                
20000aa0  ti_sysbios_family_arm_m3_Hwi_Module_State_0_excActive__A    
20000aa4  ti_sysbios_family_arm_m3_Hwi_Module_State_0_excContext__A   
20000aa8  ti_sysbios_family_arm_m3_Hwi_Module_State_0_excStack__A     
20000aac  ti_sysbios_family_arm_msp432_ClockFreqs_Module__state__V    
20000ab8  ti_sysbios_family_arm_msp432_Timer_Module__root__V          
20000ac0  ti_sysbios_family_arm_msp432_Timer_Module_State_0_device__A 
20000ae0  ti_sysbios_family_arm_msp432_Timer_Module_State_0_handles__A
20000af0  ti_sysbios_family_arm_msp432_Timer_Module__state__V         
20000afc  ti_sysbios_gates_GateHwi_Module__root__V                    
20000b04  ti_sysbios_gates_GateHwi_Object__table__V                   
20000b08  ti_sysbios_gates_GateMutex_Module__root__V                  
20000b10  ti_sysbios_hal_Hwi_Module__root__V                          
20000b18  ti_sysbios_hal_Hwi_Object__table__V                         
20000b28  ti_sysbios_heaps_HeapMem_Module__root__V                    
20000b30  ti_sysbios_heaps_HeapMem_Object__table__V                   
20000b48  ti_sysbios_knl_Clock_Module__root__V                        
20000b50  ti_sysbios_knl_Event_Module__root__V                        
20000b58  ti_sysbios_knl_Mailbox_Module__root__V                      
20000b60  ti_sysbios_knl_Queue_Module__root__V                        
20000b68  ti_sysbios_knl_Semaphore_Module__root__V                    
20000b70  ti_sysbios_knl_Swi_Module__root__V                          
20000b78  ti_sysbios_knl_Swi_Module__state__V                         
20000b94  ti_sysbios_knl_Task_Module__root__V                         
20000b9c  ti_sysbios_knl_Task_Module_State_0_idleTask__A              
20000ba0  xdc_runtime_Error_Module__state__V                          
20000ba4  xdc_runtime_Memory_Module__state__V                         
20000ba8  xdc_runtime_Registry_Module__state__V                       
20000bb0  xdc_runtime_Startup_Module__state__V                        
20000bb8  xdc_runtime_SysMin_Module__state__V                         
20000bc4  xdc_runtime_System_Module_State_0_atexitHandlers__A         
20000bcc  xdc_runtime_System_Module__state__V                         
20000bd4  xdc_runtime_Text_Module__state__V                           
20000bdc  __xdc__init__addr                                           
20000c90  PowerMSP432_perfLevels                                      
20000d2c  _Errno                                                      
20000d30  _Denorm                                                     
20000d40  _Eps                                                        
20000d50  _Hugeval                                                    
20000d60  _Inf                                                        
20000d70  _Nan                                                        
20000d80  _Snan                                                       
20000d90  _Rteps                                                      
20000da0  _Xbig                                                       
20000da8  _Zero                                                       
20000db0  ti_sysbios_knl_Swi_Module_State_0_readyQ__A                 
20000e30  ti_sysbios_knl_Task_Module_State_0_readyQ__A                
20000eb0  ti_sysbios_knl_Mailbox_Object__table__V                     
20000f00  ti_sysbios_family_arm_msp432_Timer_Object__table__V         
20000f4c  ti_sysbios_knl_Task_Object__table__V                        
20000f98  ti_sysbios_family_arm_m3_Hwi_Object__table__V               
20000fe0  ti_sysbios_knl_Task_Module__state__V                        
20001024  ti_sysbios_gates_GateMutex_Object__table__V                 
2000105c  ti_sysbios_family_arm_m3_Hwi_Module__state__V               
200010c0  ti_sysbios_knl_Swi_Object__table__V                         
200010f0  ti_sysbios_knl_Clock_Module__state__V                       
2000111c  PowerMSP432_module                                          
20001140  ti_sysbios_BIOS_Module__state__V                            
20001164  _lock                                                       
20001168  _unlock                                                     
2000116c  __TI_cleanup_ptr                                            
20001170  __TI_dtors_ptr                                              
20001174  _Fenv                                                       
20001178  _Tls_setup__Fenv                                            
2000117c  main_func_sp                                                
2000fd00  __stack                                                     
20010000  __STACK_END                                                 
4000480c  WDTCTL_SYM                                                  
e000e000  ti_sysbios_family_arm_m3_Hwi_nvic                           
ffffffff  __binit__                                                   
ffffffff  __c_args__                                                  
ffffffff  binit                                                       
UNDEFED   SHT$$INIT_ARRAY$$Base                                       
UNDEFED   SHT$$INIT_ARRAY$$Limit                                      

[611 symbols]
