******************************************************************************
                  TI ARM Linker Unix v5.2.6                    
******************************************************************************
>> Linked Fri Apr  8 00:36:35 2016

OUTPUT FILE NAME:   <RTOSChallenge.out>
ENTRY POINT SYMBOL: "_c_int00"  address: 00007af5


MEMORY CONFIGURATION

         name            origin    length      used     unused   attr    fill
----------------------  --------  ---------  --------  --------  ----  --------
  MAIN                  00000000   00040000  0000d4d2  00032b2e  R  X
  INFO                  00200000   00004000  00000000  00004000  R  X
  SRAM_CODE             01000000   00010000  00000000  00010000  RW X
  SRAM_DATA             20000000   00010000  00001b53  0000e4ad  RW  


SEGMENT ALLOCATION MAP

run origin  load origin   length   init length attrs members
----------  ----------- ---------- ----------- ----- -------
00000000    00000000    0000d4d8   0000d4d8    r-x
  00000000    00000000    0000003c   0000003c    r-- .resetVecs
  00000040    00000040    0000aafa   0000aafa    r-x .text
  0000ab3c    0000ab3c    000024f4   000024f4    r-- .const
  0000d030    0000d030    000004a8   000004a8    r-- .cinit
20000000    20000000    00000140   00000000    rw-
  20000000    20000000    00000140   00000000    rw- .vecs
20000200    20000200    00001719   00000000    rw-
  20000200    20000200    00000ff2   00000000    rw- .bss
  200011f8    200011f8    00000721   00000000    rw- .data
2000fd00    2000fd00    00000300   00000000    rw-
  2000fd00    2000fd00    00000300   00000000    rw- .stack


SECTION ALLOCATION MAP

 output                                  attributes/
section   page    origin      length       input sections
--------  ----  ----------  ----------   ----------------
.text      0    00000040    0000aafa     
                  00000040    000010ba     rtsv7M4_T_le_v4SPD16_eabi.lib : _printfi.obj (.text)
                  000010fa    0000047e     string.obj (.text:Graphics_drawString)
                  00001578    00000430     sysbios.aem4f : BIOS.obj (.text:ti_sysbios_family_arm_m3_Hwi_excDumpRegs__I)
                  000019a8    0000034c     ti.targets.arm.rtsarm.aem4f : System.oem4f (.text:xdc_runtime_System_doPrint__I)
                  00001cf4    000002d4     rtsv7M4_T_le_v4SPD16_eabi.lib : trgdrv.obj (.text)
                  00001fc8    000002ac     sysbios.aem4f : BIOS.obj (.text:ti_sysbios_knl_Semaphore_pend__E)
                  00002274    00000260     drivers_MSP432P401R.aem4f : UARTMSP432.oem4f (.text:UARTMSP432_open)
                  000024d4    00000004     msp432p4xx_driverlib.lib : cpu.o (.text:CPU_wfi)
                  000024d8    00000254     sysbios.aem4f : BIOS.obj (.text:ti_sysbios_heaps_HeapMem_free__E)
                  0000272c    00000004     msp432p4xx_driverlib.lib : spi.o (.text:EUSCI_A_SPI_getReceiveBufferAddressForDMA)
                  00002730    00000248     sysbios.aem4f : BIOS.obj (.text:ti_sysbios_heaps_HeapMem_alloc__E)
                  00002978    0000022c                   : BIOS.obj (.text:ti_sysbios_knl_Task_Instance_finalize__E)
                  00002ba4    00000004     msp432p4xx_driverlib.lib : spi.o (.text:EUSCI_A_SPI_getTransmitBufferAddressForDMA)
                  00002ba8    000001fc     sysbios.aem4f : BIOS.obj (.text:ti_sysbios_family_arm_m3_Hwi_excHandlerMax__I)
                  00002da4    000001f4     rtsv7M4_T_le_v4SPD16_eabi.lib : ull_div_t2.obj (.text)
                  00002f98    000001ce     Crystalfontz128x128_ST7735.obj (.text:Crystalfontz128x128_PixelDrawMultiple)
                  00003166    00000002     power_tirtos_MSP432P401R.aem4f : PowerMSP432_tirtos.oem4f (.text:PowerMSP432_initPolicy)
                  00003168    000001c8     sysbios.aem4f : BIOS.obj (.text:ti_sysbios_knl_Task_Instance_init__E)
                  00003330    000001b8                   : BIOS.obj (.text:ti_sysbios_knl_Task_sleep__E)
                  000034e8    000001b6     rtsv7M4_T_le_v4SPD16_eabi.lib : fd_add_t2.obj (.text)
                  0000369e    000001a0     msp432p4xx_driverlib.lib : pcm.o (.text:__PCM_setPowerStateAdvanced)
                  0000383e    00000002     drivers_MSP432P401R.aem4f : SPIMSP432DMA.oem4f (.text:SPIMSP432DMA_serviceISR)
                  00003840    00000174     sysbios.aem4f : BIOS.obj (.text:ti_sysbios_family_arm_m3_Hwi_excBusFault__I)
                  000039b4    00000170     drivers_MSP432P401R.aem4f : SPIMSP432DMA.oem4f (.text:SPIMSP432DMA_open)
                  00003b24    00000004     msp432p4xx_driverlib.lib : spi.o (.text:EUSCI_A_SPI_transmitData)
                  00003b28    00000164     sysbios.aem4f : BIOS.obj (.text:ti_sysbios_family_arm_m3_Hwi_excUsageFault__I)
                  00003c8c    00000154     init.obj (.text:Init)
                  00003de0    00000154     msp432p4xx_driverlib.lib : adc14.o (.text:_getIndexForMemRegister)
                  00003f34    00000004                              : spi.o (.text:EUSCI_B_SPI_getReceiveBufferAddressForDMA)
                  00003f38    00000148     sysbios.aem4f : BIOS.obj (.text:ti_sysbios_family_arm_m3_Hwi_excMemFault__I)
                  00004080    00000140     drivers_MSP432P401R.aem4f : GPIOMSP432.oem4f (.text:GPIO_setConfig)
                  000041c0    0000013c     sysbios.aem4f : BIOS.obj (.text:ti_sysbios_heaps_HeapMem_Instance_init__E)
                  000042fc    00000136     rtsv7M4_T_le_v4SPD16_eabi.lib : fd_div_t2.obj (.text)
                  00004432    00000002     drivers_MSP432P401R.aem4f : WatchdogMSP432.oem4f (.text:WatchdogMSP432_setReload)
                  00004434    00000134     Crystalfontz128x128_ST7735.obj (.text:Crystalfontz128x128_SetDrawFrame)
                  00004568    0000012c     Crystalfontz128x128_ST7735.obj (.text:Crystalfontz128x128_Init)
                  00004694    00000118     ti.targets.arm.rtsarm.aem4f : Error.oem4f (.text:xdc_runtime_Error_policyDefault__E)
                  000047ac    00000110     rtsv7M4_T_le_v4SPD16_eabi.lib : xdscale.obj (.text)
                  000048bc    00000004     msp432p4xx_driverlib.lib : spi.o (.text:EUSCI_B_SPI_getTransmitBufferAddressForDMA)
                  000048c0    00000108     sysbios.aem4f : BIOS.obj (.text:ti_sysbios_knl_Clock_Instance_init__E)
                  000049c8    00000100     ti.targets.arm.rtsarm.aem4f : Core-mem.oem4f (.text:xdc_runtime_Core_createObject__I)
                  00004ac8    000000fc     rtsv7M4_T_le_v4SPD16_eabi.lib : fd_mul_t2.obj (.text)
                  00004bc4    000000fa     string.obj (.text:Graphics_getStringWidth)
                  00004cbe    00000002     rtsv7M4_T_le_v4SPD16_eabi.lib : i_div0.obj (.text)
                  00004cc0    000000f8     empty.obj (.text:UartIsr)
                  00004db8    000000f8     ti.targets.arm.rtsarm.aem4f : Startup.oem4f (.text:xdc_runtime_Startup_startMods__I)
                  00004eb0    000000f8     empty_pem4f.oem4f (.text:xdc_runtime_System_printfExtend__I)
                  00004fa8    000000f4     drivers_MSP432P401R.aem4f : PowerMSP432.oem4f (.text:Power_sleep)
                  0000509c    000000f4     sysbios.aem4f : m3_Hwi_asm.obj (.text:ti_sysbios_family_arm_m3_Hwi_dispatch__I)
                  00005190    000000f0     drivers_MSP432P401R.aem4f : PowerMSP432.oem4f (.text:initPerfControl)
                  00005280    000000ec     sysbios.aem4f : BIOS.obj (.text:ti_sysbios_knl_Semaphore_post__E)
                  0000536c    000000e0     msp432p4xx_driverlib.lib : cs.o (.text:CS_initClockSignal)
                  0000544c    000000dc     empty.obj (.text:ADC14Isr)
                  00005528    000000dc     msp432p4xx_driverlib.lib : pcm.o (.text:__PCM_setPowerModeAdvanced)
                  00005604    000000d4     empty.obj (.text:main)
                  000056d8    000000cc     msp432p4xx_driverlib.lib : dma.o (.text:DMA_assignChannel)
                  000057a4    000000cc     ti.targets.arm.rtsarm.aem4f : Core-smem.oem4f (.text:xdc_runtime_Core_constructObject__I)
                  00005870    000000be     rtsv7M4_T_le_v4SPD16_eabi.lib : xdnorm.obj (.text)
                  0000592e    00000002     empty_pem4f.oem4f (.text:ti_sysbios_BIOS_nullFunc__I)
                  00005930    000000bc     sysbios.aem4f : BIOS.obj (.text:ti_sysbios_family_arm_m3_Hwi_excDebugMon__I)
                  000059ec    00000004     msp432p4xx_driverlib.lib : spi.o (.text:EUSCI_B_SPI_transmitData)
                  000059f0    000000bc     sysbios.aem4f : BIOS.obj (.text:ti_sysbios_family_arm_m3_Hwi_excHardFault__I)
                  00005aac    000000b4     drivers_MSP432P401R.aem4f : SPIMSP432DMA.oem4f (.text:configDMA)
                  00005b60    000000b4     sysbios.aem4f : BIOS.obj (.text:ti_sysbios_gates_GateMutex_enter__E)
                  00005c14    00000004     tirtosport.aem4f : HwiP_tirtos.oem4f (.text:HwiP_disable)
                  00005c18    000000b4     sysbios.aem4f : BIOS.obj (.text:ti_sysbios_knl_Task_checkStacks__E)
                  00005ccc    000000b0     drivers_MSP432P401R.aem4f : UARTMSP432.oem4f (.text:UARTMSP432_readPolling)
                  00005d7c    000000b0     msp432p4xx_driverlib.lib : pcm.o (.text:__PCM_setCoreVoltageLevelAdvanced)
                  00005e2c    000000ae     drivers_MSP432P401R.aem4f : WatchdogMSP432.oem4f (.text:WatchdogMSP432_open)
                  00005eda    00000006                               : SPIMSP432DMA.oem4f (.text:SPIMSP432DMA_control)
                  00005ee0    000000a8     sysbios.aem4f : BIOS.obj (.text:ti_sysbios_family_arm_msp432_Timer_periodicStub__E)
                  00005f88    000000a4     drivers_MSP432P401R.aem4f : UARTMSP432.oem4f (.text:UARTMSP432_control)
                  0000602c    00000004                               : List.oem4f (.text:List_head)
                  00006030    000000a4     sysbios.aem4f : BIOS.obj (.text:ti_sysbios_knl_Clock_Instance_finalize__E)
                  000060d4    000000a0     auto_init.aem4f : auto_init.oem4f (.text)
                  00006174    000000a0     ti.targets.arm.rtsarm.aem4f : Text.oem4f (.text:xdc_runtime_Text_putMod__E)
                  00006214    0000009c     Crystalfontz128x128_ST7735.obj (.text:Crystalfontz128x128_RectFill)
                  000062b0    0000009c     line.obj (.text:Graphics_drawLineH)
                  0000634c    0000009c     drivers_MSP432P401R.aem4f : UARTMSP432.oem4f (.text:readTaskBlocking)
                  000063e8    0000009c     rtsv7M4_T_le_v4SPD16_eabi.lib : memcpy_t2.obj (.text)
                  00006484    00000004     drivers_MSP432P401R.aem4f : List.oem4f (.text:List_next)
                  00006488    0000009c     sysbios.aem4f : BIOS.obj (.text:ti_sysbios_knl_Semaphore_Instance_init__E)
                  00006524    00000004     drivers_MSP432P401R.aem4f : PowerMSP432.oem4f (.text:PowerMSP432_getNumPerfLevels)
                  00006528    0000009c     sysbios.aem4f : BIOS.obj (.text:ti_sysbios_knl_Task_postInit__I)
                  000065c4    0000009a     ti.targets.arm.rtsarm.aem4f : Text.oem4f (.text:xdc_runtime_Text_putSite__E)
                  0000665e    00000002     --HOLE-- [fill = 0]
                  00006660    00000094     msp432p4xx_driverlib.lib : uart.o (.text:UART_initModule)
                  000066f4    00000094     draw.obj (.text:drawAccelData)
                  00006788    00000094     sysbios.aem4f : BIOS.obj (.text:ti_sysbios_family_arm_m3_Hwi_Instance_init__E)
                  0000681c    00000004     drivers_MSP432P401R.aem4f : WatchdogMSP432.oem4f (.text:WatchdogMSP432_clear)
                  00006820    00000094     sysbios.aem4f : BIOS.obj (.text:ti_sysbios_family_arm_m3_Hwi_initNVIC__E)
                  000068b4    0000008c                   : m3_TaskSupport_asm.obj (.text:ti_sysbios_family_arm_m3_TaskSupport_buildTaskStack)
                  00006940    0000008a     drivers_MSP432P401R.aem4f : UARTMSP432.oem4f (.text:UARTMSP432_close)
                  000069ca    00000088     msp432p4xx_driverlib.lib : spi.o (.text:SPI_initMaster)
                  00006a52    00000086     rtsv7M4_T_le_v4SPD16_eabi.lib : fd_cmp_t2.obj (.text:__aeabi_cdcmple)
                  00006ad8    00000086                                   : fd_cmp_t2.obj (.text:__aeabi_cdrcmple)
                  00006b5e    00000002     --HOLE-- [fill = 0]
                  00006b60    00000084     drivers_MSP432P401R.aem4f : UARTMSP432.oem4f (.text:initHw)
                  00006be4    00000004     empty_pem4f.oem4f (.text:ti_sysbios_BIOS_RtsGateProxy_enter__E)
                  00006be8    00000084     sysbios.aem4f : BIOS.obj (.text:ti_sysbios_family_arm_m3_Hwi_postInit__I)
                  00006c6c    00000084     drivers_MSP432P401R.aem4f : UARTMSP432.oem4f (.text:writeData)
                  00006cf0    00000082                               : UARTMSP432.oem4f (.text:readIsrTextCallback)
                  00006d72    00000002     --HOLE-- [fill = 0]
                  00006d74    00000080     msp432p4xx_driverlib.lib : dma.o (.text:DMA_setChannelTransfer)
                  00006df4    0000007c                              : pcm.o (.text:PCM_gotoLPM3)
                  00006e70    0000007a     drivers_MSP432P401R.aem4f : UARTMSP432.oem4f (.text:UARTMSP432_write)
                  00006eea    0000007a                               : UARTMSP432.oem4f (.text:readTaskCallback)
                  00006f64    0000007a     rtsv7M4_T_le_v4SPD16_eabi.lib : memset_t2.obj (.text)
                  00006fde    00000074     drivers_MSP432P401R.aem4f : UARTMSP432.oem4f (.text:readIsrTextBlocking)
                  00007052    00000006     msp432p4xx_driverlib.lib : uart.o (.text:UART_getInterruptStatus)
                  00007058    00000074     sysbios.aem4f : BIOS.obj (.text:ti_sysbios_knl_Clock_start__E)
                  000070cc    0000006d     ti.targets.arm.rtsarm.aem4f : System.oem4f (.text:xdc_runtime_System_formatNum__I)
                  00007139    00000001     --HOLE-- [fill = 0]
                  0000713a    00000006     msp432p4xx_driverlib.lib : uart.o (.text:UART_queryStatusFlags)
                  00007140    0000006c     sysbios.aem4f : BIOS.obj (.text:ti_sysbios_knl_Clock_workFunc__E)
                  000071ac    00000004     empty_pem4f.oem4f (.text:ti_sysbios_BIOS_RtsGateProxy_leave__E)
                  000071b0    0000006c     sysbios.aem4f : BIOS.obj (.text:ti_sysbios_knl_Swi_restoreHwi__E)
                  0000721c    00000004     empty_pem4f.oem4f (.text:ti_sysbios_family_arm_m3_Hwi_destruct)
                  00007220    0000006c     sysbios.aem4f : BIOS.obj (.text:ti_sysbios_knl_Task_exit__E)
                  0000728c    0000006c     ti.targets.arm.rtsarm.aem4f : Error.oem4f (.text:xdc_runtime_Error_print__E)
                  000072f8    0000006c                                 : Memory.oem4f (.text:xdc_runtime_Memory_alloc__E)
                  00007364    0000006a     rtsv7M4_T_le_v4SPD16_eabi.lib : copy_decompress_rle.obj (.text)
                  000073ce    00000002     --HOLE-- [fill = 0]
                  000073d0    00000068                                   : trgmsg.obj (.text)
                  00007438    00000066                                   : xdunscal.obj (.text)
                  0000749e    00000066     ti.targets.arm.rtsarm.aem4f : Core-mem.oem4f (.text:xdc_runtime_Core_deleteObject__I)
                  00007504    00000064     drivers_MSP432P401R.aem4f : UARTMSP432.oem4f (.text:UARTMSP432_writePolling)
                  00007568    00000064     sysbios.aem4f : BIOS.obj (.text:ti_sysbios_family_arm_m3_Hwi_dispatchC__I)
                  000075cc    00000062     tirtosport.aem4f : HwiP_tirtos.oem4f (.text:HwiP_create)
                  0000762e    00000060     Crystalfontz128x128_ST7735.obj (.text:Crystalfontz128x128_LineDrawH)
                  0000768e    00000060     Crystalfontz128x128_ST7735.obj (.text:Crystalfontz128x128_LineDrawV)
                  000076ee    00000002     --HOLE-- [fill = 0]
                  000076f0    00000060     rtsv7M4_T_le_v4SPD16_eabi.lib : sprintf.obj (.text)
                  00007750    00000060     sysbios.aem4f : BIOS.obj (.text:ti_sysbios_knl_Task_schedule__I)
                  000077b0    0000005c     drivers_MSP432P401R.aem4f : GPIOMSP432.oem4f (.text:GPIO_init)
                  0000780c    00000004     empty_pem4f.oem4f (.text:ti_sysbios_family_arm_m3_TaskSupport_Module__startupDone__S)
                  00007810    0000005c     sysbios.aem4f : BIOS.obj (.text:ti_sysbios_knl_Swi_run__I)
                  0000786c    00000004     empty_pem4f.oem4f (.text:ti_sysbios_heaps_HeapMem_Module_GateProxy_enter__E)
                  00007870    0000005c     sysbios.aem4f : BIOS.obj (.text:ti_sysbios_knl_Swi_schedule__I)
                  000078cc    00000004     empty_pem4f.oem4f (.text:ti_sysbios_heaps_HeapMem_Module_GateProxy_leave__E)
                  000078d0    0000005c     sysbios.aem4f : BIOS.obj (.text:ti_sysbios_knl_Task_Module_startup__E)
                  0000792c    00000004     empty_pem4f.oem4f (.text:ti_sysbios_knl_Clock_TimerProxy_getMaxTicks__E)
                  00007930    0000005c     sysbios.aem4f : BIOS.obj (.text:ti_sysbios_knl_Task_startCore__E)
                  0000798c    0000005b     ti.targets.arm.rtsarm.aem4f : Text.oem4f (.text:xdc_runtime_Text_putLab__E)
                  000079e7    00000001     --HOLE-- [fill = 0]
                  000079e8    0000005a     tirtosport.aem4f : ClockP_tirtos.oem4f (.text:ClockP_create)
                  00007a42    00000058     drivers_MSP432P401R.aem4f : SPIMSP432DMA.oem4f (.text:SPIMSP432DMA_transfer)
                  00007a9a    00000058     tirtosport.aem4f : SemaphoreP_tirtos.oem4f (.text:SemaphoreP_create)
                  00007af2    00000002     --HOLE-- [fill = 0]
                  00007af4    00000058     boot.aem4f : boot.oem4f (.text)
                  00007b4c    00000058     draw.obj (.text:drawTitle)
                  00007ba4    00000058     empty_pem4f.oem4f (.text:ti_sysbios_family_arm_m3_Hwi_construct)
                  00007bfc    00000058     sysbios.aem4f : m3_Hwi_asm_switch.obj (.text:ti_sysbios_family_arm_m3_Hwi_initStacks__E)
                  00007c54    00000056     rtsv7M4_T_le_v4SPD16_eabi.lib : ltoa.obj (.text)
                  00007caa    00000002     --HOLE-- [fill = 0]
                  00007cac    00000054     Crystalfontz128x128_ST7735.obj (.text:Crystalfontz128x128_SetOrientation)
                  00007d00    00000054     drivers_MSP432P401R.aem4f : GPIOMSP432.oem4f (.text:GPIO_hwiIntFxn)
                  00007d54    00000054                               : GPIOMSP432.oem4f (.text:GPIO_setCallback)
                  00007da8    00000054     MSP_EXP432P401R.obj (.text:MSP_EXP432P401R_initDMA)
                  00007dfc    00000004     empty_pem4f.oem4f (.text:ti_sysbios_knl_Clock_destruct)
                  00007e00    00000054     sysbios.aem4f : BIOS.obj (.text:ti_sysbios_family_arm_msp432_Timer_initDevice__I)
                  00007e54    00000004     empty_pem4f.oem4f (.text:ti_sysbios_knl_Queue_destruct)
                  00007e58    00000054     sysbios.aem4f : BIOS.obj (.text:ti_sysbios_family_arm_msp432_init_Boot_configureClocksHigh)
                  00007eac    00000054     empty_pem4f.oem4f (.text:ti_sysbios_knl_Task_construct)
                  00007f00    00000054     ti.targets.arm.rtsarm.aem4f : Assert.oem4f (.text:xdc_runtime_Assert_raise__I)
                  00007f54    00000052     drivers_MSP432P401R.aem4f : SPIMSP432DMA.oem4f (.text:SPIMSP432DMA_close)
                  00007fa6    00000052                               : UARTMSP432.oem4f (.text:UARTMSP432_writeCancel)
                  00007ff8    00000052     rtsv7M4_T_le_v4SPD16_eabi.lib : ldexp.obj (.text)
                  0000804a    00000002     --HOLE-- [fill = 0]
                  0000804c    00000050     drivers_MSP432P401R.aem4f : GPIOMSP432.oem4f (.text:GPIO_write)
                  0000809c    00000050     msp432p4xx_driverlib.lib : pcm.o (.text:PCM_shutdownDevice)
                  000080ec    00000050     power_tirtos_MSP432P401R.aem4f : PowerMSP432_tirtos.oem4f (.text:PowerMSP432_sleepPolicy)
                  0000813c    00000004     empty_pem4f.oem4f (.text:ti_sysbios_knl_Semaphore_destruct)
                  00008140    00000050     sysbios.aem4f : BIOS.obj (.text:ti_sysbios_family_arm_m3_Hwi_Module_startup__E)
                  00008190    00000050     ti.targets.arm.rtsarm.aem4f : Startup.oem4f (.text:xdc_runtime_Startup_exec__E)
                  000081e0    00000050                                 : Text.oem4f (.text:xdc_runtime_Text_visitRope2__I)
                  00008230    0000004c     msp432p4xx_driverlib.lib : gpio.o (.text:GPIO_setAsPeripheralModuleFunctionOutputPin)
                  0000827c    0000004c     draw.obj (.text:drawData)
                  000082c8    0000004c     rtsv7M4_T_le_v4SPD16_eabi.lib : atoi.obj (.text)
                  00008314    0000004c                                   : cpy_tbl.obj (.text)
                  00008360    0000004c     sysbios.aem4f : BIOS.obj (.text:ti_sysbios_family_arm_msp432_Timer_postInit__I)
                  000083ac    00000004     ti.targets.arm.rtsarm.aem4f : Error.oem4f (.text:xdc_runtime_Error_getSite__E)
                  000083b0    0000004c     sysbios.aem4f : BIOS.obj (.text:ti_sysbios_family_arm_msp432_Timer_start__E)
                  000083fc    00000004     empty_pem4f.oem4f (.text:xdc_runtime_System_Module_GateProxy_enter__E)
                  00008400    0000004c     sysbios.aem4f : BIOS.obj (.text:ti_sysbios_heaps_HeapMem_getStats__E)
                  0000844c    00000004     empty_pem4f.oem4f (.text:xdc_runtime_System_Module_GateProxy_leave__E)
                  00008450    0000004c     sysbios.aem4f : BIOS.obj (.text:ti_sysbios_knl_Swi_runLoop__I)
                  0000849c    00000004     ti.targets.arm.rtsarm.aem4f : System.oem4f (.text:xdc_runtime_System_aprintf_va__F)
                  000084a0    0000004c     sysbios.aem4f : BIOS.obj (.text:ti_sysbios_knl_Task_allBlockedFunction__I)
                  000084ec    0000004a     context.obj (.text:Graphics_initContext)
                  00008536    0000004a     drivers_MSP432P401R.aem4f : SPIMSP432DMA.oem4f (.text:initHw)
                  00008580    00000048     msp432p4xx_driverlib.lib : dma.o (.text:DMA_assignInterrupt)
                  000085c8    00000048                              : gpio.o (.text:GPIO_setAsPeripheralModuleFunctionInputPin)
                  00008610    00000048     string.obj (.text:Graphics_drawStringCentered)
                  00008658    00000048     rtsv7M4_T_le_v4SPD16_eabi.lib : fd_toi_t2.obj (.text)
                  000086a0    00000048     sysbios.aem4f : BIOS.obj (.text:ti_sysbios_family_arm_m3_Hwi_disableInterrupt__E)
                  000086e8    00000048                   : BIOS.obj (.text:ti_sysbios_family_arm_m3_Hwi_enableInterrupt__E)
                  00008730    00000048                   : BIOS.obj (.text:ti_sysbios_family_arm_m3_Hwi_excReserved__I)
                  00008778    00000046     drivers_MSP432P401R.aem4f : RingBuf.oem4f (.text:RingBuf_put)
                  000087be    00000046                               : UARTMSP432.oem4f (.text:readIsrBinaryBlocking)
                  00008804    00000046     ti.targets.arm.rtsarm.aem4f : Core-params.oem4f (.text:xdc_runtime_Core_assignParams__I)
                  0000884a    00000002     --HOLE-- [fill = 0]
                  0000884c    00000044     rtsv7M4_T_le_v4SPD16_eabi.lib : exit.obj (.text)
                  00008890    00000044     sysbios.aem4f : BIOS.obj (.text:ti_sysbios_family_arm_m3_Hwi_getStackInfo__E)
                  000088d4    00000004     ti.targets.arm.rtsarm.aem4f : System.oem4f (.text:xdc_runtime_System_printf_va__F)
                  000088d8    00000044     sysbios.aem4f : BIOS.obj (.text:ti_sysbios_knl_Swi_post__E)
                  0000891c    00000044     ti.targets.arm.rtsarm.aem4f : Error.oem4f (.text:xdc_runtime_Error_setX__E)
                  00008960    00000044                                 : SysMin.oem4f (.text:xdc_runtime_SysMin_flush__E)
                  000089a4    00000044                                 : Text.oem4f (.text:xdc_runtime_Text_xprintf__I)
                  000089e8    00000042     drivers_MSP432P401R.aem4f : UARTMSP432.oem4f (.text:UARTMSP432_hwiIntFxn)
                  00008a2a    00000040     Crystalfontz128x128_ST7735.obj (.text:Crystalfontz128x128_PixelDraw)
                  00008a6a    00000002     --HOLE-- [fill = 0]
                  00008a6c    00000040     msp432p4xx_driverlib.lib : flash.o (.text:FlashCtl_disableReadBuffering)
                  00008aac    00000040     string.obj (.text:Graphics_getNumberOfLeadingZeros)
                  00008aec    00000040     HAL_MSP_EXP432P401R_Crystalfontz128x128_ST7735.obj (.text:HAL_LCD_SpiInit)
                  00008b2c    00000040     drivers_MSP432P401R.aem4f : RingBuf.oem4f (.text:RingBuf_get)
                  00008b6c    00000040                               : UARTMSP432.oem4f (.text:UARTMSP432_read)
                  00008bac    00000040                               : PowerMSP432.oem4f (.text:notify)
                  00008bec    00000040     rtsv7M4_T_le_v4SPD16_eabi.lib : signal.obj (.text)
                  00008c2c    00000040                                   : u_divt2.obj (.text)
                  00008c6c    00000004     --HOLE-- [fill = 0]
                  00008c70    00000040     sysbios.aem4f : BIOS.obj (.text:ti_sysbios_family_arm_msp432_Timer_Module_startup__E)
                  00008cb0    00000040                   : BIOS.obj (.text:ti_sysbios_family_arm_msp432_Timer_startup__E)
                  00008cf0    0000003c     msp432p4xx_driverlib.lib : dma.o (.text:DMA_enableInterrupt)
                  00008d2c    0000003c     drivers_MSP432P401R.aem4f : PowerMSP432.oem4f (.text:Power_init)
                  00008d68    0000003c                               : WatchdogMSP432.oem4f (.text:WatchdogMSP432_close)
                  00008da4    00000004     --HOLE-- [fill = 0]
                  00008da8    0000003c     sysbios.aem4f : BIOS.obj (.text:ti_sysbios_family_arm_m3_Hwi_excSvCall__I)
                  00008de4    00000004     --HOLE-- [fill = 0]
                  00008de8    0000003c                   : BIOS.obj (.text:ti_sysbios_heaps_HeapMem_init__I)
                  00008e24    00000004     --HOLE-- [fill = 0]
                  00008e28    0000003c                   : BIOS.obj (.text:ti_sysbios_knl_Swi_restore__E)
                  00008e64    0000003a     drivers_MSP432P401R.aem4f : SPIMSP432DMA.oem4f (.text:SPIMSP432DMA_hwiFxn)
                  00008e9e    0000003a                               : UARTMSP432.oem4f (.text:readIsrBinaryCallback)
                  00008ed8    00000038                               : SPI.oem4f (.text:SPI_init)
                  00008f10    00000038                               : UART.oem4f (.text:UART_init)
                  00008f48    00000038                               : Watchdog.oem4f (.text:Watchdog_init)
                  00008f80    00000038     sysbios.aem4f : BIOS.obj (.text:ti_sysbios_family_arm_m3_Hwi_excNoIsr__I)
                  00008fb8    00000038                   : BIOS.obj (.text:ti_sysbios_knl_Task_processVitalTaskFlag__I)
                  00008ff0    00000038     ti.targets.arm.rtsarm.aem4f : SysMin.oem4f (.text:xdc_runtime_SysMin_putch__E)
                  00009028    00000038                                 : System.oem4f (.text:xdc_runtime_System_atexit__E)
                  00009060    00000036     drivers_MSP432P401R.aem4f : UARTMSP432.oem4f (.text:UARTMSP432_readCancel)
                  00009096    00000036                               : UARTMSP432.oem4f (.text:perfChangeNotifyFxn)
                  000090cc    00000034     msp432p4xx_driverlib.lib : flash.o (.text:FlashCtl_enableReadBuffering)
                  00009100    00000034     display.obj (.text:Graphics_drawHorizontalLineOnDisplay)
                  00009134    00000034     HAL_MSP_EXP432P401R_Crystalfontz128x128_ST7735.obj (.text:HAL_LCD_writeCommand)
                  00009168    00000034     MSP_EXP432P401R.obj (.text:MSP_EXP432P401R_initSPI)
                  0000919c    00000034     rtsv7M4_T_le_v4SPD16_eabi.lib : feraiseexcept.obj (.text)
                  000091d0    00000034     sysbios.aem4f : BIOS.obj (.text:ti_sysbios_family_arm_m3_Hwi_Instance_finalize__E)
                  00009204    00000004     --HOLE-- [fill = 0]
                  00009208    00000034                   : BIOS.obj (.text:ti_sysbios_family_arm_m3_Hwi_excNmi__I)
                  0000923c    00000004     --HOLE-- [fill = 0]
                  00009240    00000034                   : BIOS.obj (.text:ti_sysbios_hal_Hwi_checkStack)
                  00009274    00000034     empty_pem4f.oem4f (.text:ti_sysbios_knl_Clock_construct)
                  000092a8    00000034     ti.targets.arm.rtsarm.aem4f : Core-label.oem4f (.text:xdc_runtime_Core_assignLabel__I)
                  000092dc    00000033                                 : Text.oem4f (.text:xdc_runtime_Text_printVisFxn__I)
                  0000930f    00000001     --HOLE-- [fill = 0]
                  00009310    00000032     msp432p4xx_driverlib.lib : spi.o (.text:SPI_initSlave)
                  00009342    00000006     drivers_MSP432P401R.aem4f : WatchdogMSP432.oem4f (.text:WatchdogMSP432_control)
                  00009348    00000032     sysbios.aem4f : BIOS.obj (.text:ti_sysbios_hal_Hwi_initStack)
                  0000937a    00000002     --HOLE-- [fill = 0]
                  0000937c    00000030     drivers_MSP432P401R.aem4f : GPIOMSP432.oem4f (.text:GPIO_getEnabledInterruptStatus_WA)
                  000093ac    00000030     msp432p4xx_driverlib.lib : gpio.o (.text:GPIO_setAsInputPinWithPullDownResistor)
                  000093dc    00000030                              : gpio.o (.text:GPIO_setAsInputPinWithPullUpResistor)
                  0000940c    00000030     drivers_MSP432P401R.aem4f : GPIOMSP432.oem4f (.text:GPIO_toggle)
                  0000943c    00000030     HAL_MSP_EXP432P401R_Crystalfontz128x128_ST7735.obj (.text:HAL_LCD_PortInit)
                  0000946c    00000030     msp432p4xx_driverlib.lib : spi.o (.text:is_A_Module)
                  0000949c    00000030     rtsv7M4_T_le_v4SPD16_eabi.lib : xdclass.obj (.text)
                  000094cc    00000030                                   : xferaise.obj (.text)
                  000094fc    00000030     empty_pem4f.oem4f (.text:ti_sysbios_BIOS_atExitFunc__I)
                  0000952c    00000004     --HOLE-- [fill = 0]
                  00009530    00000030     sysbios.aem4f : BIOS.obj (.text:ti_sysbios_family_arm_m3_TaskSupport_start__E)
                  00009560    00000030     empty_pem4f.oem4f (.text:ti_sysbios_gates_GateHwi_Object__create__S)
                  00009590    00000030     empty_pem4f.oem4f (.text:ti_sysbios_gates_GateMutex_Object__create__S)
                  000095c0    00000030     empty_pem4f.oem4f (.text:ti_sysbios_heaps_HeapMem_Object__create__S)
                  000095f0    00000030     empty_pem4f.oem4f (.text:ti_sysbios_knl_Semaphore_construct)
                  00009620    00000030     sysbios.aem4f : BIOS.obj (.text:ti_sysbios_knl_Semaphore_pendTimeout__I)
                  00009650    00000030                   : BIOS.obj (.text:ti_sysbios_knl_Task_unblockI__E)
                  00009680    00000030     ti.targets.arm.rtsarm.aem4f : SysMin.oem4f (.text:xdc_runtime_SysMin_abort__E)
                  000096b0    00000030                                 : System.oem4f (.text:xdc_runtime_System_processAtExit__E)
                  000096e0    0000002e     rtsv7M4_T_le_v4SPD16_eabi.lib : i_tofd_t2.obj (.text)
                  0000970e    0000002e                                   : raise.obj (.text)
                  0000973c    0000002c     Crystalfontz128x128_ST7735.obj (.text:Crystalfontz128x128_ClearScreen)
                  00009768    0000002c     msp432p4xx_driverlib.lib : gpio.o (.text:GPIO_setAsInputPin)
                  00009794    0000002c                              : pcm.o (.text:PCM_getCoreVoltageLevel)
                  000097c0    0000002c     power_tirtos_MSP432P401R.aem4f : PowerMSP432_tirtos.oem4f (.text:PowerMSP432_updateFreqs)
                  000097ec    0000002c     drivers_MSP432P401R.aem4f : PowerMSP432.oem4f (.text:Power_releaseConstraint)
                  00009818    0000002c                               : PowerMSP432.oem4f (.text:Power_setConstraint)
                  00009844    0000002c     empty_pem4f.oem4f (.text:ti_sysbios_knl_Clock_doTick__I)
                  00009870    0000002c     empty_pem4f.oem4f (.text:ti_sysbios_knl_Queue_construct)
                  0000989c    00000004     --HOLE-- [fill = 0]
                  000098a0    0000002c     sysbios.aem4f : BIOS.obj (.text:ti_sysbios_knl_Task_restore__E)
                  000098cc    0000002c     ti.targets.arm.rtsarm.aem4f : Text.oem4f (.text:xdc_runtime_Text_cordText__E)
                  000098f8    0000002a     display.obj (.text:Graphics_drawPixelOnDisplay)
                  00009922    0000002a     msp432p4xx_driverlib.lib : pcm.o (.text:PCM_getPowerMode)
                  0000994c    0000002a     drivers_MSP432P401R.aem4f : UARTMSP432.oem4f (.text:findBaudDividerIndex)
                  00009976    0000002a                               : SPIMSP432DMA.oem4f (.text:perfChangeNotifyFxn)
                  000099a0    0000002a     rtsv7M4_T_le_v4SPD16_eabi.lib : frexp.obj (.text)
                  000099ca    0000002a     ti.targets.arm.rtsarm.aem4f : System.oem4f (.text:xdc_runtime_System_putchar__I)
                  000099f4    00000028     Crystalfontz128x128_ST7735.obj (.text:Crystalfontz128x128_ColorTranslate)
                  00009a1c    00000028     msp432p4xx_driverlib.lib : flash.o (.text:FlashCtl_setWaitState)
                  00009a44    00000028                              : pcm.o (.text:PCM_gotoLPM0)
                  00009a6c    00000004     --HOLE-- [fill = 0]
                  00009a70    00000028     sysbios.aem4f : BIOS.obj (.text:ti_sysbios_knl_Clock_addI__E)
                  00009a98    00000028                   : BIOS.obj (.text:ti_sysbios_knl_Swi_Module_startup__E)
                  00009ac0    00000026     drivers_MSP432P401R.aem4f : List.oem4f (.text:List_put)
                  00009ae6    00000026     sysbios.aem4f : m3_Hwi_asm.obj (.text:ti_sysbios_family_arm_m3_Hwi_pendSV__I)
                  00009b0c    00000026     ti.targets.arm.rtsarm.aem4f : System.oem4f (.text:xdc_runtime_System_avprintf__E)
                  00009b32    00000002     --HOLE-- [fill = 0]
                  00009b34    00000024     msp432p4xx_driverlib.lib : cs.o (.text:CS_setDCOCenteredFrequency)
                  00009b58    00000024                              : dma.o (.text:DMA_setChannelControl)
                  00009b7c    00000024                              : gpio.o (.text:GPIO_setAsOutputPin)
                  00009ba0    00000024     HAL_MSP_EXP432P401R_Crystalfontz128x128_ST7735.obj (.text:HAL_LCD_writeData)
                  00009bc4    00000024     msp432p4xx_driverlib.lib : rtc_c.o (.text:RTC_C_holdClock)
                  00009be8    00000024                              : rtc_c.o (.text:RTC_C_startClock)
                  00009c0c    00000024                              : uart.o (.text:UART_disableInterrupt)
                  00009c30    00000024                              : uart.o (.text:UART_receiveData)
                  00009c54    00000024                              : uart.o (.text:UART_transmitData)
                  00009c78    00000024     empty_pem4f.oem4f (.text:ti_sysbios_BIOS_errorRaiseHook__I)
                  00009c9c    00000024     empty_pem4f.oem4f (.text:ti_sysbios_BIOS_registerRTSLock__I)
                  00009cc0    00000024     empty_pem4f.oem4f (.text:ti_sysbios_BIOS_removeRTSLock__I)
                  00009ce4    00000024     empty_pem4f.oem4f (.text:ti_sysbios_BIOS_startFunc__I)
                  00009d08    00000024     sysbios.aem4f : BIOS.obj (.text:ti_sysbios_family_arm_msp432_ClockFreqs_setFrequency__E)
                  00009d2c    00000024     empty_pem4f.oem4f (.text:ti_sysbios_gates_GateMutex_Object__delete__S)
                  00009d50    00000024     sysbios.aem4f : BIOS.obj (.text:ti_sysbios_knl_Clock_Module_startup__E)
                  00009d74    00000004     --HOLE-- [fill = 0]
                  00009d78    00000024                   : BIOS.obj (.text:ti_sysbios_knl_Task_restoreHwi__E)
                  00009d9c    00000024     ti.targets.arm.rtsarm.aem4f : System.oem4f (.text:xdc_runtime_System_vprintf__E)
                  00009dc0    00000022     empty_pem4f.oem4f (.text:xdc_runtime_SysMin_output__I)
                  00009de2    00000002     --HOLE-- [fill = 0]
                  00009de4    00000020     msp432p4xx_driverlib.lib : gpio.o (.text:GPIO_interruptEdgeSelect)
                  00009e04    00000020     drivers_MSP432P401R.aem4f : PowerMSP432.oem4f (.text:PowerMSP432_getFreqs)
                  00009e24    00000020                               : PowerMSP432.oem4f (.text:Power_idleFunc)
                  00009e44    00000020                               : PowerMSP432.oem4f (.text:Power_unregisterNotify)
                  00009e64    00000020     msp432p4xx_driverlib.lib : spi.o (.text:SPI_transmitData)
                  00009e84    00000020     empty_pem4f.oem4f (.text:ti_sysbios_BIOS_rtsLock__I)
                  00009ea4    00000020     sysbios.aem4f : m3_Hwi_asm.obj (.text:ti_sysbios_family_arm_m3_Hwi_excHandlerAsm__I)
                  00009ec4    00000004     --HOLE-- [fill = 0]
                  00009ec8    00000020                   : BIOS.obj (.text:ti_sysbios_family_arm_m3_Hwi_excHandler__I)
                  00009ee8    00000020     empty_pem4f.oem4f (.text:ti_sysbios_gates_GateHwi_Object__delete__S)
                  00009f08    00000020     empty_pem4f.oem4f (.text:ti_sysbios_heaps_HeapMem_Object__delete__S)
                  00009f28    00000020     empty_pem4f.oem4f (.text:ti_sysbios_knl_Clock_Object__destruct__S)
                  00009f48    00000020     sysbios.aem4f : BIOS.obj (.text:ti_sysbios_knl_Idle_run__E)
                  00009f68    00000020     empty_pem4f.oem4f (.text:ti_sysbios_knl_Semaphore_Object__destruct__S)
                  00009f88    00000020     ti.targets.arm.rtsarm.aem4f : Registry.oem4f (.text:xdc_runtime_Registry_findById__E)
                  00009fa8    00000020                                 : SysMin.oem4f (.text:xdc_runtime_SysMin_Module_startup__E)
                  00009fc8    0000001e     sysbios.aem4f : m3_Hwi_asm_switch.obj (.text:ti_sysbios_family_xxx_Hwi_switchAndRunFunc)
                  00009fe6    0000001c     MSP_EXP432P401R.obj (.text:MSP_EXP432P401R_initUART)
                  0000a002    00000002     --HOLE-- [fill = 0]
                  0000a004    0000001c     drivers_MSP432P401R.aem4f : PowerMSP432.oem4f (.text:Power_registerNotify)
                  0000a020    0000001c     rtsv7M4_T_le_v4SPD16_eabi.lib : memccpy.obj (.text)
                  0000a03c    0000001c     empty_pem4f.oem4f (.text:ti_sysbios_family_arm_m3_Hwi_Object__destruct__S)
                  0000a058    0000001c     sysbios.aem4f : BIOS.obj (.text:ti_sysbios_gates_GateMutex_Instance_init__E)
                  0000a074    0000001c     empty_pem4f.oem4f (.text:ti_sysbios_knl_Queue_Object__destruct__S)
                  0000a090    0000001c     sysbios.aem4f : BIOS.obj (.text:ti_sysbios_knl_Queue_put__E)
                  0000a0ac    00000004     --HOLE-- [fill = 0]
                  0000a0b0    0000001c                   : BIOS.obj (.text:ti_sysbios_knl_Task_enter__I)
                  0000a0cc    0000001c     ti.targets.arm.rtsarm.aem4f : Error.oem4f (.text:xdc_runtime_Error_raiseX__E)
                  0000a0e8    0000001c                                 : Memory.oem4f (.text:xdc_runtime_Memory_valloc__E)
                  0000a104    0000001c                                 : SysMin.oem4f (.text:xdc_runtime_SysMin_exit__E)
                  0000a120    0000001c                                 : System.oem4f (.text:xdc_runtime_System_abort__E)
                  0000a13c    0000001a     context.obj (.text:Graphics_setBackgroundColor)
                  0000a156    0000001a     context.obj (.text:Graphics_setFont)
                  0000a170    0000001a     drivers_MSP432P401R.aem4f : List.oem4f (.text:List_remove)
                  0000a18a    0000001a     msp432p4xx_driverlib.lib : spi.o (.text:SPI_disableModule)
                  0000a1a4    0000001a                              : spi.o (.text:SPI_enableModule)
                  0000a1be    0000001a                              : spi.o (.text:SPI_getReceiveBufferAddressForDMA)
                  0000a1d8    0000001a                              : spi.o (.text:SPI_getTransmitBufferAddressForDMA)
                  0000a1f2    0000001a     empty_pem4f.oem4f (.text:ti_sysbios_family_arm_m3_Hwi_Handle__label__S)
                  0000a20c    0000001a     empty_pem4f.oem4f (.text:ti_sysbios_gates_GateHwi_Handle__label__S)
                  0000a226    0000001a     empty_pem4f.oem4f (.text:ti_sysbios_gates_GateMutex_Handle__label__S)
                  0000a240    0000001a     empty_pem4f.oem4f (.text:ti_sysbios_heaps_HeapMem_Handle__label__S)
                  0000a25a    0000001a     empty_pem4f.oem4f (.text:ti_sysbios_knl_Swi_Handle__label__S)
                  0000a274    0000001a     empty_pem4f.oem4f (.text:ti_sysbios_knl_Task_Handle__label__S)
                  0000a28e    0000001a     empty_pem4f.oem4f (.text:xdc_runtime_System_aprintf__E)
                  0000a2a8    0000001a     empty_pem4f.oem4f (.text:xdc_runtime_System_printf__E)
                  0000a2c2    00000002     --HOLE-- [fill = 0]
                  0000a2c4    00000018     msp432p4xx_driverlib.lib : adc14.o (.text:ADC14_getResult)
                  0000a2dc    00000018                              : dma.o (.text:DMA_clearInterruptFlag)
                  0000a2f4    00000018                              : dma.o (.text:DMA_enableChannel)
                  0000a30c    00000018                              : dma.o (.text:DMA_isChannelEnabled)
                  0000a324    00000018                              : gpio.o (.text:GPIO_clearInterruptFlag)
                  0000a33c    00000018                              : gpio.o (.text:GPIO_setDriveStrengthLow)
                  0000a354    00000018                              : gpio.o (.text:GPIO_setOutputLowOnPin)
                  0000a36c    00000018     display.obj (.text:Graphics_clearDisplayOnDisplay)
                  0000a384    00000018     drivers_MSP432P401R.aem4f : SPIMSP432DMA.oem4f (.text:SPIMSP432DMA_transferCancel)
                  0000a39c    00000018     msp432p4xx_driverlib.lib : wdt_a.o (.text:WDT_A_clearTimer)
                  0000a3b4    00000018                              : wdt_a.o (.text:WDT_A_holdTimer)
                  0000a3cc    00000018     empty.obj (.text:drawAccelDataTask)
                  0000a3e4    00000018     rtsv7M4_T_le_v4SPD16_eabi.lib : args_main.obj (.text)
                  0000a3fc    00000018     empty_pem4f.oem4f (.text:ti_sysbios_BIOS_rtsUnlock__I)
                  0000a414    00000018     empty_pem4f.oem4f (.text:ti_sysbios_family_arm_m3_Hwi_Module__startupDone__F)
                  0000a42c    00000018     sysbios.aem4f : m3_TaskSupport_asm.obj (.text:ti_sysbios_family_arm_m3_TaskSupport_swap__E)
                  0000a444    00000018     empty_pem4f.oem4f (.text:ti_sysbios_family_arm_msp432_Timer_Module__startupDone__F)
                  0000a45c    00000004     --HOLE-- [fill = 0]
                  0000a460    00000018     sysbios.aem4f : BIOS.obj (.text:ti_sysbios_gates_GateMutex_leave__E)
                  0000a478    00000018                   : BIOS.obj (.text:ti_sysbios_knl_Task_sleepTimeout__I)
                  0000a490    00000018     ti.targets.arm.rtsarm.aem4f : Error.oem4f (.text:xdc_runtime_Error_check__E)
                  0000a4a8    00000018                                 : System.oem4f (.text:xdc_runtime_System_exit__E)
                  0000a4c0    00000018                                 : Text.oem4f (.text:xdc_runtime_Text_ropeText__E)
                  0000a4d8    00000016     tirtosport.aem4f : ClockP_tirtos.oem4f (.text:ClockP_delete)
                  0000a4ee    00000016     context.obj (.text:Graphics_setForegroundColor)
                  0000a504    00000016     display.obj (.text:Graphics_translateColorOnDisplay)
                  0000a51a    00000016     tirtosport.aem4f : HwiP_tirtos.oem4f (.text:HwiP_delete)
                  0000a530    00000016                      : SemaphoreP_tirtos.oem4f (.text:SemaphoreP_delete)
                  0000a546    00000016     msp432p4xx_driverlib.lib : uart.o (.text:UART_enableInterrupt)
                  0000a55c    00000016     rtsv7M4_T_le_v4SPD16_eabi.lib : strchr.obj (.text)
                  0000a572    00000016     empty_pem4f.oem4f (.text:ti_sysbios_BIOS_exitFunc__I)
                  0000a588    00000016     empty.obj (.text:ti_sysbios_knl_Task_Params_init)
                  0000a59e    00000002     --HOLE-- [fill = 0]
                  0000a5a0    00000014     msp432p4xx_driverlib.lib : gpio.o (.text:GPIO_setDriveStrengthHigh)
                  0000a5b4    00000014                              : gpio.o (.text:GPIO_setOutputHighOnPin)
                  0000a5c8    00000014                              : gpio.o (.text:GPIO_toggleOutputOnPin)
                  0000a5dc    00000014                              : wdt_a.o (.text:WDT_A_initIntervalTimer)
                  0000a5f0    00000014                              : wdt_a.o (.text:WDT_A_initWatchdogTimer)
                  0000a604    00000014                              : wdt_a.o (.text:WDT_A_startTimer)
                  0000a618    00000014     MSP_EXP432P401R.obj (.text:dmaErrorHwi)
                  0000a62c    00000014     empty.obj (.text:heartBeatFxn)
                  0000a640    00000014     rtsv7M4_T_le_v4SPD16_eabi.lib : _lock.obj (.text)
                  0000a654    00000014                                   : strcpy.obj (.text)
                  0000a668    00000014                                   : strlen.obj (.text)
                  0000a67c    00000014     empty_pem4f.oem4f (.text:ti_sysbios_family_arm_m3_Hwi_Object__get__S)
                  0000a690    00000014     sysbios.aem4f : BIOS.obj (.text:ti_sysbios_family_arm_m3_Hwi_switchFromBootStack__E)
                  0000a6a4    00000014     empty_pem4f.oem4f (.text:ti_sysbios_heaps_HeapMem_Object__get__S)
                  0000a6b8    00000014     empty_pem4f.oem4f (.text:ti_sysbios_knl_Swi_Object__get__S)
                  0000a6cc    00000012     tirtosport.aem4f : ClockP_tirtos.oem4f (.text:ClockP_start)
                  0000a6de    00000012     context.obj (.text:Graphics_clearDisplay)
                  0000a6f0    00000012     drivers_MSP432P401R.aem4f : RingBuf.oem4f (.text:RingBuf_construct)
                  0000a702    00000012     tirtosport.aem4f : SemaphoreP_tirtos.oem4f (.text:SemaphoreP_pend)
                  0000a714    00000004     --HOLE-- [fill = 0]
                  0000a718    00000012     sysbios.aem4f : BIOS.obj (.text:ti_sysbios_hal_Hwi_Module_startup__E)
                  0000a72a    00000012     empty_pem4f.oem4f (.text:xdc_runtime_Startup_exec__I)
                  0000a73c    00000010     msp432p4xx_driverlib.lib : gpio.o (.text:GPIO_getInterruptStatus)
                  0000a74c    00000010                              : pcm.o (.text:PCM_gotoLPM4)
                  0000a75c    00000010     drivers_MSP432P401R.aem4f : UARTMSP432.oem4f (.text:readBlockingTimeout)
                  0000a76c    00000004     --HOLE-- [fill = 0]
                  0000a770    00000010     sysbios.aem4f : BIOS.obj (.text:ti_sysbios_BIOS_setCpuFreq__E)
                  0000a780    00000010                   : BIOS.obj (.text:ti_sysbios_BIOS_setThreadType__E)
                  0000a790    00000010                   : BIOS.obj (.text:ti_sysbios_BIOS_start__E)
                  0000a7a0    00000010                   : m3_TaskSupport_asm.obj (.text:ti_sysbios_family_arm_m3_TaskSupport_glue)
                  0000a7b0    00000010                   : BIOS.obj (.text:ti_sysbios_family_arm_msp432_init_Boot_disableWatchdog)
                  0000a7c0    00000010                   : BIOS.obj (.text:ti_sysbios_gates_GateMutex_Instance_finalize__E)
                  0000a7d0    00000010                   : BIOS.obj (.text:ti_sysbios_knl_Semaphore_Instance_finalize__E)
                  0000a7e0    00000010                   : BIOS.obj (.text:ti_sysbios_knl_Swi_disable__E)
                  0000a7f0    00000010     empty_pem4f.oem4f (.text:ti_sysbios_knl_Task_Object__get__S)
                  0000a800    00000010     sysbios.aem4f : BIOS.obj (.text:ti_sysbios_knl_Task_disable__E)
                  0000a810    00000010     ti.targets.arm.rtsarm.aem4f : Gate.oem4f (.text:xdc_runtime_Gate_leaveSystem__E)
                  0000a820    00000010                                 : Memory.oem4f (.text:xdc_runtime_Memory_free__E)
                  0000a830    00000010                                 : SysMin.oem4f (.text:xdc_runtime_SysMin_ready__E)
                  0000a840    00000010                                 : System.oem4f (.text:xdc_runtime_System_vsnprintf__E)
                  0000a850    00000010     empty_pem4f.oem4f (.text:xdc_runtime_Text_visitRope__I)
                  0000a860    0000000e     tirtosport.aem4f : HwiP_tirtos.oem4f (.text:HwiP_Params_init)
                  0000a86e    0000000e     msp432p4xx_driverlib.lib : uart.o (.text:UART_clearInterruptFlag)
                  0000a87c    0000000e     rtsv7M4_T_le_v4SPD16_eabi.lib : copy_decompress_none.obj (.text:decompress:none)
                  0000a88a    00000006     ti.targets.arm.rtsarm.aem4f : xdc_noinit.oem4f (.text:__xdc__init)
                  0000a890    0000000e     sysbios.aem4f : BIOS.obj (.text:ti_sysbios_knl_Idle_loop__E)
                  0000a89e    00000002     --HOLE-- [fill = 0]
                  0000a8a0    0000000e                   : BIOS.obj (.text:ti_sysbios_knl_Queue_empty__E)
                  0000a8ae    0000000c     empty_pem4f.oem4f (.text:.bootCodeSection:ti_sysbios_family_arm_msp432_init_Boot_init__I)
                  0000a8ba    0000000c     msp432p4xx_driverlib.lib : cpu.o (.text:CPU_cpsid)
                  0000a8c6    0000000c                              : cpu.o (.text:CPU_cpsie)
                  0000a8d2    0000000c                              : spi.o (.text:EUSCI_A_SPI_disable)
                  0000a8de    0000000c                              : spi.o (.text:EUSCI_A_SPI_enable)
                  0000a8ea    0000000c                              : spi.o (.text:EUSCI_B_SPI_disable)
                  0000a8f6    0000000c                              : spi.o (.text:EUSCI_B_SPI_enable)
                  0000a902    00000002     --HOLE-- [fill = 0]
                  0000a904    0000000c                              : pcm.o (.text:PCM_getPowerState)
                  0000a910    0000000c     drivers_MSP432P401R.aem4f : PowerMSP432.oem4f (.text:Power_getConstraintMask)
                  0000a91c    0000000c                               : PowerMSP432.oem4f (.text:Power_getPerformanceLevel)
                  0000a928    0000000c                               : RingBuf.oem4f (.text:RingBuf_peek)
                  0000a934    0000000c                               : UARTMSP432.oem4f (.text:UARTMSP432_init)
                  0000a940    0000000c     msp432p4xx_driverlib.lib : uart.o (.text:UART_disableModule)
                  0000a94c    0000000c                              : uart.o (.text:UART_enableModule)
                  0000a958    0000000c     rtsv7M4_T_le_v4SPD16_eabi.lib : copy_zero_init.obj (.text:decompress:ZI)
                  0000a964    0000000c     empty_pem4f.oem4f (.text:ti_sysbios_family_arm_m3_Hwi_Params__init__S)
                  0000a970    0000000c     sysbios.aem4f : BIOS.obj (.text:ti_sysbios_family_arm_m3_Hwi_disableFxn__E)
                  0000a97c    00000004     --HOLE-- [fill = 0]
                  0000a980    0000000c                   : BIOS.obj (.text:ti_sysbios_family_arm_m3_TaskSupport_checkStack__E)
                  0000a98c    00000004     --HOLE-- [fill = 0]
                  0000a990    0000000c                   : BIOS.obj (.text:ti_sysbios_family_arm_m3_TaskSupport_getStackAlignment__E)
                  0000a99c    00000004     --HOLE-- [fill = 0]
                  0000a9a0    0000000c                   : BIOS.obj (.text:ti_sysbios_family_arm_msp432_Timer_getMaxTicks__E)
                  0000a9ac    00000004     --HOLE-- [fill = 0]
                  0000a9b0    0000000c                   : BIOS.obj (.text:ti_sysbios_gates_GateHwi_enter__E)
                  0000a9bc    0000000c     empty_pem4f.oem4f (.text:ti_sysbios_knl_Clock_Params__init__S)
                  0000a9c8    0000000c     empty_pem4f.oem4f (.text:ti_sysbios_knl_Queue_Object__get__S)
                  0000a9d4    0000000c     empty_pem4f.oem4f (.text:ti_sysbios_knl_Semaphore_Params__init__S)
                  0000a9e0    0000000c     empty_pem4f.oem4f (.text:ti_sysbios_knl_Task_Params__init__S)
                  0000a9ec    0000000c     ti.targets.arm.rtsarm.aem4f : Error.oem4f (.text:xdc_runtime_Error_init__E)
                  0000a9f8    0000000c                                 : Gate.oem4f (.text:xdc_runtime_Gate_enterSystem__E)
                  0000aa04    0000000c                                 : Memory.oem4f (.text:xdc_runtime_Memory_calloc__E)
                  0000aa10    0000000c                                 : Memory.oem4f (.text:xdc_runtime_Memory_getMaxDefaultTypeAlign__E)
                  0000aa1c    0000000a     tirtosport.aem4f : ClockP_tirtos.oem4f (.text:ClockP_stop)
                  0000aa26    0000000a     Crystalfontz128x128_ST7735.obj (.text:Crystalfontz128x128_Flush)
                  0000aa30    0000000a     tirtosport.aem4f : SemaphoreP_tirtos.oem4f (.text:SemaphoreP_post)
                  0000aa3a    0000000a     empty_pem4f.oem4f (.text:xdc_runtime_IHeap_alloc)
                  0000aa44    0000000a     empty_pem4f.oem4f (.text:xdc_runtime_IHeap_free)
                  0000aa4e    00000008     tirtosport.aem4f : ClockP_tirtos.oem4f (.text:ClockP_Params_init)
                  0000aa56    00000008     msp432p4xx_driverlib.lib : spi.o (.text:EUSCI_B_SPI_getInterruptStatus)
                  0000aa5e    00000008     MSP_EXP432P401R.obj (.text:MSP_EXP432P401R_initGPIO)
                  0000aa66    00000008     MSP_EXP432P401R.obj (.text:MSP_EXP432P401R_initGeneral)
                  0000aa6e    00000008     MSP_EXP432P401R.obj (.text:MSP_EXP432P401R_initWatchdog)
                  0000aa76    00000008     msp432p4xx_driverlib.lib : pcm.o (.text:PCM_setPowerMode)
                  0000aa7e    00000008                              : pcm.o (.text:PCM_setPowerState)
                  0000aa86    00000008     drivers_MSP432P401R.aem4f : SPIMSP432DMA.oem4f (.text:SPIMSP432DMA_init)
                  0000aa8e    00000008     tirtosport.aem4f : SemaphoreP_tirtos.oem4f (.text:SemaphoreP_Params_init)
                  0000aa96    00000008     drivers_MSP432P401R.aem4f : WatchdogMSP432.oem4f (.text:WatchdogMSP432_init)
                  0000aa9e    00000008                               : SPIMSP432DMA.oem4f (.text:blockingTransferCallback)
                  0000aaa6    00000008                               : UARTMSP432.oem4f (.text:readSemCallback)
                  0000aaae    00000002     --HOLE-- [fill = 0]
                  0000aab0    00000008     sysbios.aem4f : BIOS.obj (.text:ti_sysbios_family_arm_m3_Hwi_doSwiRestore__I)
                  0000aab8    00000008                   : BIOS.obj (.text:ti_sysbios_family_arm_m3_Hwi_startup__E)
                  0000aac0    00000008     drivers_MSP432P401R.aem4f : UARTMSP432.oem4f (.text:writeSemCallback)
                  0000aac8    00000006     rtsv7M4_T_le_v4SPD16_eabi.lib : copy_decompress_rle.obj (.text:decompress:rle24)
                  0000aace    00000002     --HOLE-- [fill = 0]
                  0000aad0    00000006     sysbios.aem4f : BIOS.obj (.text:ti_sysbios_family_arm_m3_Hwi_doTaskRestore__I)
                  0000aad6    00000002     --HOLE-- [fill = 0]
                  0000aad8    00000006                   : BIOS.obj (.text:ti_sysbios_family_arm_m3_Hwi_restoreFxn__E)
                  0000aade    00000002     --HOLE-- [fill = 0]
                  0000aae0    00000006                   : BIOS.obj (.text:ti_sysbios_gates_GateHwi_leave__E)
                  0000aae6    00000002     --HOLE-- [fill = 0]
                  0000aae8    00000006                   : BIOS.obj (.text:ti_sysbios_heaps_HeapMem_isBlocking__E)
                  0000aaee    00000002     --HOLE-- [fill = 0]
                  0000aaf0    00000006                   : BIOS.obj (.text:ti_sysbios_knl_Clock_stop__E)
                  0000aaf6    00000002     --HOLE-- [fill = 0]
                  0000aaf8    00000006                   : BIOS.obj (.text:ti_sysbios_knl_Queue_Instance_init__E)
                  0000aafe    00000002     --HOLE-- [fill = 0]
                  0000ab00    00000006                   : BIOS.obj (.text:ti_sysbios_knl_Swi_startup__E)
                  0000ab06    00000006     ti.targets.arm.rtsarm.aem4f : System.oem4f (.text:xdc_runtime_System_Module_startup__E)
                  0000ab0c    00000004     --HOLE-- [fill = 0]
                  0000ab10    00000004     sysbios.aem4f : BIOS.obj (.text:ti_sysbios_gates_GateHwi_query__E)
                  0000ab14    00000004     --HOLE-- [fill = 0]
                  0000ab18    00000004                   : BIOS.obj (.text:ti_sysbios_gates_GateMutex_query__E)
                  0000ab1c    00000004     --HOLE-- [fill = 0]
                  0000ab20    00000004                   : BIOS.obj (.text:ti_sysbios_knl_Clock_setTimeout__E)
                  0000ab24    00000004     --HOLE-- [fill = 0]
                  0000ab28    00000004                   : BIOS.obj (.text:ti_sysbios_knl_Task_startup__E)
                  0000ab2c    00000004     --HOLE-- [fill = 0]
                  0000ab30    00000002                   : BIOS.obj (.text:ti_sysbios_gates_GateHwi_Instance_init__E)
                  0000ab32    00000006     --HOLE-- [fill = 0]
                  0000ab38    00000002                   : BIOS.obj (.text:ti_sysbios_knl_Clock_logTick__E)

.const     0    0000ab3c    000024f4     
                  0000ab3c    000017a9     empty_pem4f.oem4f (.const:xdc_runtime_Text_charTab__A)
                  0000c2e5    000002f8     fontfixed6x8.obj (.const:.string:g_pucFontFixed6x8Data)
                  0000c5dd    00000101     rtsv7M4_T_le_v4SPD16_eabi.lib : ctype.obj (.const:.string:_ctypes_)
                  0000c6de    00000002     empty_pem4f.oem4f (.const:ti_sysbios_family_arm_m3_Hwi_Module__id__C)
                  0000c6e0    000000c8     fontfixed6x8.obj (.const:g_sFontFixed6x8)
                  0000c7a8    000000b0     empty_pem4f.oem4f (.const:xdc_runtime_Text_nodeTab__A)
                  0000c858    00000080     msp432p4xx_driverlib.lib : adc14.o (.const:_ctlRegs)
                  0000c8d8    00000070     MSP_EXP432P401R.obj (.const:uartMSP432Baudrates)
                  0000c948    00000048     empty_pem4f.oem4f (.const:.string)
                  0000c990    00000048     MSP_EXP432P401R.obj (.const:uartMSP432HWAttrs)
                  0000c9d8    0000003c     empty_pem4f.oem4f (.const:ti_sysbios_knl_Task_Object__PARAMS__C)
                  0000ca14    00000030     MSP_EXP432P401R.obj (.const:spiMSP432DMAHWAttrs)
                  0000ca44    00000030     empty_pem4f.oem4f (.const:ti_sysbios_family_arm_m3_Hwi_Object__PARAMS__C)
                  0000ca74    0000002c     Crystalfontz128x128_ST7735.obj (.const:g_sCrystalfontz128x128)
                  0000caa0    00000028     drivers_MSP432P401R.aem4f : UARTMSP432.oem4f (.const:UARTMSP432_fxnTable)
                  0000cac8    00000028                               : SPIMSP432DMA.oem4f (.const)
                  0000caf0    00000028     empty_pem4f.oem4f (.const:ti_sysbios_heaps_HeapMem_Module__FXNS__C)
                  0000cb18    00000024     MSP_EXP432P401R.obj (.const:SPI_config)
                  0000cb3c    00000024     MSP_EXP432P401R.obj (.const:UART_config)
                  0000cb60    00000024     drivers_MSP432P401R.aem4f : UARTMSP432.oem4f (.const)
                  0000cb84    00000024     empty_pem4f.oem4f (.const:ti_sysbios_gates_GateHwi_Module__FXNS__C)
                  0000cba8    00000024     empty_pem4f.oem4f (.const:ti_sysbios_gates_GateMutex_Module__FXNS__C)
                  0000cbcc    00000024     empty_pem4f.oem4f (.const:ti_sysbios_heaps_HeapMem_Object__PARAMS__C)
                  0000cbf0    00000024     empty_pem4f.oem4f (.const:ti_sysbios_knl_Clock_Object__PARAMS__C)
                  0000cc14    00000024     empty_pem4f.oem4f (.const:ti_sysbios_knl_Semaphore_Object__PARAMS__C)
                  0000cc38    00000020     empty_pem4f.oem4f (.const:ti_sysbios_family_arm_m3_Hwi_Object__DESC__C)
                  0000cc58    00000020     empty_pem4f.oem4f (.const:ti_sysbios_gates_GateHwi_Object__DESC__C)
                  0000cc78    00000020     empty_pem4f.oem4f (.const:ti_sysbios_gates_GateMutex_Object__DESC__C)
                  0000cc98    00000020     empty_pem4f.oem4f (.const:ti_sysbios_heaps_HeapMem_Object__DESC__C)
                  0000ccb8    00000020     empty_pem4f.oem4f (.const:ti_sysbios_knl_Clock_Object__DESC__C)
                  0000ccd8    00000020     empty_pem4f.oem4f (.const:ti_sysbios_knl_Queue_Object__DESC__C)
                  0000ccf8    00000020     empty_pem4f.oem4f (.const:ti_sysbios_knl_Semaphore_Object__DESC__C)
                  0000cd18    00000020     empty_pem4f.oem4f (.const:ti_sysbios_knl_Task_Object__DESC__C)
                  0000cd38    00000020     empty_pem4f.oem4f (.const:xdc_runtime_Startup_sfxnTab__A)
                  0000cd58    0000001c     HAL_MSP_EXP432P401R_Crystalfontz128x128_ST7735.obj (.const)
                  0000cd74    00000018     MSP_EXP432P401R.obj (.const:Watchdog_config)
                  0000cd8c    00000018     drivers_MSP432P401R.aem4f : WatchdogMSP432.oem4f (.const)
                  0000cda4    00000018     empty_pem4f.oem4f (.const:ti_sysbios_gates_GateHwi_Object__PARAMS__C)
                  0000cdbc    00000018     empty_pem4f.oem4f (.const:ti_sysbios_gates_GateMutex_Object__PARAMS__C)
                  0000cdd4    00000018     empty_pem4f.oem4f (.const:ti_sysbios_knl_Queue_Object__PARAMS__C)
                  0000cdec    00000014     MSP_EXP432P401R.obj (.const:GPIOMSP432_config)
                  0000ce00    00000010     MSP_EXP432P401R.obj (.const)
                  0000ce10    00000010     empty_pem4f.oem4f (.const:xdc_runtime_Startup_sfxnRts__A)
                  0000ce20    0000000c     drivers_MSP432P401R.aem4f : GPIOMSP432.oem4f (.const:.string)
                  0000ce2c    0000000c     empty_pem4f.oem4f (.const:xdc_runtime_Startup_firstFxns__A)
                  0000ce38    00000008     Crystalfontz128x128_ST7735.obj (.const)
                  0000ce40    00000008     empty_pem4f.oem4f (.const:ti_sysbios_family_arm_m3_Hwi_excHookFuncs__A)
                  0000ce48    00000008     empty_pem4f.oem4f (.const:ti_sysbios_knl_Idle_funcList__A)
                  0000ce50    00000008     empty_pem4f.oem4f (.const:ti_sysbios_knl_Idle_funcList__C)
                  0000ce58    00000008     MSP_EXP432P401R.obj (.const:watchdogMSP432HWAttrs)
                  0000ce60    00000008     empty_pem4f.oem4f (.const:xdc_runtime_Startup_firstFxns__C)
                  0000ce68    00000008     empty_pem4f.oem4f (.const:xdc_runtime_Startup_lastFxns__C)
                  0000ce70    00000005     drivers_MSP432P401R.aem4f : UARTMSP432.oem4f (.const:.string)
                  0000ce75    00000001     empty_pem4f.oem4f (.const:xdc_runtime_Error_policy__C)
                  0000ce76    00000002     empty_pem4f.oem4f (.const:ti_sysbios_gates_GateMutex_Module__id__C)
                  0000ce78    00000004     empty_pem4f.oem4f (.const:ti_sysbios_family_arm_m3_Hwi_E_NMI__C)
                  0000ce7c    00000004     empty_pem4f.oem4f (.const:ti_sysbios_family_arm_m3_Hwi_E_alreadyDefined__C)
                  0000ce80    00000004     empty_pem4f.oem4f (.const:ti_sysbios_family_arm_m3_Hwi_E_busFault__C)
                  0000ce84    00000004     empty_pem4f.oem4f (.const:ti_sysbios_family_arm_m3_Hwi_E_debugMon__C)
                  0000ce88    00000004     empty_pem4f.oem4f (.const:ti_sysbios_family_arm_m3_Hwi_E_hardFault__C)
                  0000ce8c    00000004     empty_pem4f.oem4f (.const:ti_sysbios_family_arm_m3_Hwi_E_memFault__C)
                  0000ce90    00000004     empty_pem4f.oem4f (.const:ti_sysbios_family_arm_m3_Hwi_E_noIsr__C)
                  0000ce94    00000004     empty_pem4f.oem4f (.const:ti_sysbios_family_arm_m3_Hwi_E_reserved__C)
                  0000ce98    00000004     empty_pem4f.oem4f (.const:ti_sysbios_family_arm_m3_Hwi_E_svCall__C)
                  0000ce9c    00000004     empty_pem4f.oem4f (.const:ti_sysbios_family_arm_m3_Hwi_E_usageFault__C)
                  0000cea0    00000004     empty_pem4f.oem4f (.const:ti_sysbios_family_arm_m3_Hwi_NUM_INTERRUPTS__C)
                  0000cea4    00000004     empty_pem4f.oem4f (.const:ti_sysbios_family_arm_m3_Hwi_Object__count__C)
                  0000cea8    00000004     empty_pem4f.oem4f (.const:ti_sysbios_family_arm_m3_Hwi_ccr__C)
                  0000ceac    00000004     empty_pem4f.oem4f (.const:ti_sysbios_family_arm_m3_Hwi_excHandlerFunc__C)
                  0000ceb0    00000004     empty_pem4f.oem4f (.const:ti_sysbios_family_arm_m3_Hwi_excHookFuncs__C)
                  0000ceb4    00000004     empty_pem4f.oem4f (.const:ti_sysbios_family_arm_m3_Hwi_nullIsrFunc__C)
                  0000ceb8    00000004     empty_pem4f.oem4f (.const:ti_sysbios_family_arm_m3_Hwi_priGroup__C)
                  0000cebc    00000004     empty_pem4f.oem4f (.const:ti_sysbios_family_arm_m3_TaskSupport_stackAlignment__C)
                  0000cec0    00000004     empty_pem4f.oem4f (.const:ti_sysbios_family_arm_msp432_Timer_numTimerDevices__C)
                  0000cec4    00000004     empty_pem4f.oem4f (.const:ti_sysbios_family_arm_msp432_Timer_startupNeeded__C)
                  0000cec8    00000004     empty_pem4f.oem4f (.const:ti_sysbios_gates_GateMutex_A_badContext__C)
                  0000cecc    00000004     empty_pem4f.oem4f (.const:ti_sysbios_gates_GateMutex_Instance_State_sem__O)
                  0000ced0    00000004     empty_pem4f.oem4f (.const:ti_sysbios_gates_GateMutex_Module__diagsEnabled__C)
                  0000ced4    00000004     empty_pem4f.oem4f (.const:ti_sysbios_gates_GateMutex_Module__diagsIncluded__C)
                  0000ced8    00000004     empty_pem4f.oem4f (.const:ti_sysbios_gates_GateMutex_Module__diagsMask__C)
                  0000cedc    00000004     empty_pem4f.oem4f (.const:ti_sysbios_hal_Hwi_E_stackOverflow__C)
                  0000cee0    00000004     empty_pem4f.oem4f (.const:ti_sysbios_heaps_HeapMem_A_align__C)
                  0000cee4    00000004     empty_pem4f.oem4f (.const:ti_sysbios_heaps_HeapMem_A_heapSize__C)
                  0000cee8    00000004     empty_pem4f.oem4f (.const:ti_sysbios_heaps_HeapMem_A_invalidFree__C)
                  0000ceec    00000004     empty_pem4f.oem4f (.const:ti_sysbios_heaps_HeapMem_A_zeroBlock__C)
                  0000cef0    00000004     empty_pem4f.oem4f (.const:ti_sysbios_heaps_HeapMem_E_memory__C)
                  0000cef4    00000004     empty_pem4f.oem4f (.const:ti_sysbios_heaps_HeapMem_Module__diagsEnabled__C)
                  0000cef8    00000004     empty_pem4f.oem4f (.const:ti_sysbios_heaps_HeapMem_Module__diagsIncluded__C)
                  0000cefc    00000004     empty_pem4f.oem4f (.const:ti_sysbios_heaps_HeapMem_Module__diagsMask__C)
                  0000cf00    00000004     empty_pem4f.oem4f (.const:ti_sysbios_heaps_HeapMem_Module__gateObj__C)
                  0000cf04    00000004     empty_pem4f.oem4f (.const:ti_sysbios_heaps_HeapMem_Object__count__C)
                  0000cf08    00000004     empty_pem4f.oem4f (.const:ti_sysbios_heaps_HeapMem_reqAlign__C)
                  0000cf0c    00000004     empty_pem4f.oem4f (.const:ti_sysbios_knl_Clock_A_badThreadType__C)
                  0000cf10    00000004     empty_pem4f.oem4f (.const:ti_sysbios_knl_Clock_Module_State_clockQ__O)
                  0000cf14    00000004     empty_pem4f.oem4f (.const:ti_sysbios_knl_Clock_Module__diagsEnabled__C)
                  0000cf18    00000004     empty_pem4f.oem4f (.const:ti_sysbios_knl_Clock_Module__diagsIncluded__C)
                  0000cf1c    00000004     empty_pem4f.oem4f (.const:ti_sysbios_knl_Clock_Module__diagsMask__C)
                  0000cf20    00000004     empty_pem4f.oem4f (.const:ti_sysbios_knl_Semaphore_A_badContext__C)
                  0000cf24    00000004     empty_pem4f.oem4f (.const:ti_sysbios_knl_Semaphore_A_noEvents__C)
                  0000cf28    00000004     empty_pem4f.oem4f (.const:ti_sysbios_knl_Semaphore_A_overflow__C)
                  0000cf2c    00000004     empty_pem4f.oem4f (.const:ti_sysbios_knl_Semaphore_A_pendTaskDisabled__C)
                  0000cf30    00000004     empty_pem4f.oem4f (.const:ti_sysbios_knl_Semaphore_Instance_State_pendQ__O)
                  0000cf34    00000004     empty_pem4f.oem4f (.const:ti_sysbios_knl_Semaphore_Module__diagsEnabled__C)
                  0000cf38    00000004     empty_pem4f.oem4f (.const:ti_sysbios_knl_Semaphore_Module__diagsIncluded__C)
                  0000cf3c    00000004     empty_pem4f.oem4f (.const:ti_sysbios_knl_Semaphore_Module__diagsMask__C)
                  0000cf40    00000004     empty_pem4f.oem4f (.const:ti_sysbios_knl_Swi_Object__count__C)
                  0000cf44    00000004     empty_pem4f.oem4f (.const:ti_sysbios_knl_Task_A_badPriority__C)
                  0000cf48    00000004     empty_pem4f.oem4f (.const:ti_sysbios_knl_Task_A_badTaskState__C)
                  0000cf4c    00000004     empty_pem4f.oem4f (.const:ti_sysbios_knl_Task_A_badThreadType__C)
                  0000cf50    00000004     empty_pem4f.oem4f (.const:ti_sysbios_knl_Task_A_badTimeout__C)
                  0000cf54    00000004     empty_pem4f.oem4f (.const:ti_sysbios_knl_Task_A_noPendElem__C)
                  0000cf58    00000004     empty_pem4f.oem4f (.const:ti_sysbios_knl_Task_A_sleepTaskDisabled__C)
                  0000cf5c    00000004     empty_pem4f.oem4f (.const:ti_sysbios_knl_Task_E_spOutOfBounds__C)
                  0000cf60    00000004     empty_pem4f.oem4f (.const:ti_sysbios_knl_Task_E_stackOverflow__C)
                  0000cf64    00000004     empty_pem4f.oem4f (.const:ti_sysbios_knl_Task_Module_State_inactiveQ__O)
                  0000cf68    00000004     empty_pem4f.oem4f (.const:ti_sysbios_knl_Task_Module__diagsEnabled__C)
                  0000cf6c    00000004     empty_pem4f.oem4f (.const:ti_sysbios_knl_Task_Module__diagsIncluded__C)
                  0000cf70    00000004     empty_pem4f.oem4f (.const:ti_sysbios_knl_Task_Module__diagsMask__C)
                  0000cf74    00000004     empty_pem4f.oem4f (.const:ti_sysbios_knl_Task_Object__count__C)
                  0000cf78    00000004     empty_pem4f.oem4f (.const:ti_sysbios_knl_Task_allBlockedFunc__C)
                  0000cf7c    00000004     empty_pem4f.oem4f (.const:ti_sysbios_knl_Task_defaultStackHeap__C)
                  0000cf80    00000004     empty_pem4f.oem4f (.const:ti_sysbios_knl_Task_defaultStackSize__C)
                  0000cf84    00000004     empty_pem4f.oem4f (.const:ti_sysbios_knl_Task_numConstructedTasks__C)
                  0000cf88    00000004     empty_pem4f.oem4f (.const:xdc_runtime_Assert_E_assertFailed__C)
                  0000cf8c    00000004     empty_pem4f.oem4f (.const:xdc_runtime_Core_A_initializedParams__C)
                  0000cf90    00000004     empty_pem4f.oem4f (.const:xdc_runtime_Core_Module__diagsEnabled__C)
                  0000cf94    00000004     empty_pem4f.oem4f (.const:xdc_runtime_Core_Module__diagsIncluded__C)
                  0000cf98    00000004     empty_pem4f.oem4f (.const:xdc_runtime_Core_Module__diagsMask__C)
                  0000cf9c    00000004     empty_pem4f.oem4f (.const:xdc_runtime_Error_E_memory__C)
                  0000cfa0    00000004     empty_pem4f.oem4f (.const:xdc_runtime_Error_Module__diagsEnabled__C)
                  0000cfa4    00000004     empty_pem4f.oem4f (.const:xdc_runtime_Error_Module__diagsIncluded__C)
                  0000cfa8    00000004     empty_pem4f.oem4f (.const:xdc_runtime_Error_Module__diagsMask__C)
                  0000cfac    00000004     empty_pem4f.oem4f (.const:xdc_runtime_Error_Module__loggerFxn8__C)
                  0000cfb0    00000004     empty_pem4f.oem4f (.const:xdc_runtime_Error_Module__loggerObj__C)
                  0000cfb4    00000004     empty_pem4f.oem4f (.const:xdc_runtime_Error_policyFxn__C)
                  0000cfb8    00000004     empty_pem4f.oem4f (.const:xdc_runtime_Error_raiseHook__C)
                  0000cfbc    00000004     empty_pem4f.oem4f (.const:xdc_runtime_IGateProvider_Interface__BASE__C)
                  0000cfc0    00000004     empty_pem4f.oem4f (.const:xdc_runtime_IHeap_Interface__BASE__C)
                  0000cfc4    00000004     empty_pem4f.oem4f (.const:xdc_runtime_IModule_Interface__BASE__C)
                  0000cfc8    00000004     empty_pem4f.oem4f (.const:xdc_runtime_Log_L_error__C)
                  0000cfcc    00000004     empty_pem4f.oem4f (.const:xdc_runtime_Memory_defaultHeapInstance__C)
                  0000cfd0    00000004     empty_pem4f.oem4f (.const:xdc_runtime_Startup_execImpl__C)
                  0000cfd4    00000004     empty_pem4f.oem4f (.const:xdc_runtime_Startup_maxPasses__C)
                  0000cfd8    00000004     empty_pem4f.oem4f (.const:xdc_runtime_Startup_sfxnRts__C)
                  0000cfdc    00000004     empty_pem4f.oem4f (.const:xdc_runtime_Startup_sfxnTab__C)
                  0000cfe0    00000004     empty_pem4f.oem4f (.const:xdc_runtime_SysMin_bufSize__C)
                  0000cfe4    00000004     empty_pem4f.oem4f (.const:xdc_runtime_SysMin_outputFunc__C)
                  0000cfe8    00000004     empty_pem4f.oem4f (.const:xdc_runtime_System_Module__gateObj__C)
                  0000cfec    00000004     empty_pem4f.oem4f (.const:xdc_runtime_System_abortFxn__C)
                  0000cff0    00000004     empty_pem4f.oem4f (.const:xdc_runtime_System_exitFxn__C)
                  0000cff4    00000004     empty_pem4f.oem4f (.const:xdc_runtime_System_extendFxn__C)
                  0000cff8    00000004     empty_pem4f.oem4f (.const:xdc_runtime_System_maxAtexitHandlers__C)
                  0000cffc    00000004     empty_pem4f.oem4f (.const:xdc_runtime_Text_charTab__C)
                  0000d000    00000004     empty_pem4f.oem4f (.const:xdc_runtime_Text_nameEmpty__C)
                  0000d004    00000004     empty_pem4f.oem4f (.const:xdc_runtime_Text_nameStatic__C)
                  0000d008    00000004     empty_pem4f.oem4f (.const:xdc_runtime_Text_nameUnknown__C)
                  0000d00c    00000004     empty_pem4f.oem4f (.const:xdc_runtime_Text_nodeTab__C)
                  0000d010    00000004     empty_pem4f.oem4f (.const:xdc_runtime_Text_visitRopeFxn__C)
                  0000d014    00000002     empty_pem4f.oem4f (.const:ti_sysbios_hal_Hwi_Module__id__C)
                  0000d016    00000002     empty_pem4f.oem4f (.const:ti_sysbios_heaps_HeapMem_Module__id__C)
                  0000d018    00000002     empty_pem4f.oem4f (.const:ti_sysbios_knl_Clock_Module__id__C)
                  0000d01a    00000002     empty_pem4f.oem4f (.const:ti_sysbios_knl_Semaphore_Module__id__C)
                  0000d01c    00000002     empty_pem4f.oem4f (.const:ti_sysbios_knl_Task_Module__id__C)
                  0000d01e    00000002     empty_pem4f.oem4f (.const:xdc_runtime_Core_Module__id__C)
                  0000d020    00000002     empty_pem4f.oem4f (.const:xdc_runtime_Error_Module__loggerDefined__C)
                  0000d022    00000002     empty_pem4f.oem4f (.const:xdc_runtime_Error_maxDepth__C)
                  0000d024    00000002     empty_pem4f.oem4f (.const:xdc_runtime_Memory_Module__id__C)
                  0000d026    00000002     empty_pem4f.oem4f (.const:xdc_runtime_SysMin_flushAtExit__C)
                  0000d028    00000002     empty_pem4f.oem4f (.const:xdc_runtime_Text_charCnt__C)
                  0000d02a    00000002     empty_pem4f.oem4f (.const:xdc_runtime_Text_isLoaded__C)
                  0000d02c    00000002     empty_pem4f.oem4f (.const:xdc_runtime_Text_registryModsLastId__C)
                  0000d02e    00000002     empty_pem4f.oem4f (.const:xdc_runtime_Text_unnamedModsLastId__C)

.cinit     0    0000d030    000004a8     
                  0000d030    00000472     (.cinit..data.load) [load image, compression = rle]
                  0000d4a2    00000002     --HOLE-- [fill = 0]
                  0000d4a4    0000000c     (__TI_handler_table)
                  0000d4b0    00000008     (.cinit..bss.load) [load image, compression = zero_init]
                  0000d4b8    00000008     (.cinit..vecs.load) [load image, compression = zero_init]
                  0000d4c0    00000018     (__TI_cinit_table)

.resetVecs 
*          0    00000000    0000003c     
                  00000000    0000003c     empty_pem4f.oem4f (.resetVecs)

.bss       0    20000200    00000ff2     UNINITIALIZED
                  20000200    00000400     empty_pem4f.oem4f (.bss:taskStackSection)
                  20000600    00000400     empty_pem4f.oem4f (.bss:ti_sysbios_heaps_HeapMem_Instance_State_0_buf__A)
                  20000a00    00000200     empty.obj (.bss:task0Stack)
                  20000c00    00000140     empty_pem4f.oem4f (.bss:ti_sysbios_family_arm_m3_Hwi_dispatchTable)
                  20000d40    00000120     rtsv7M4_T_le_v4SPD16_eabi.lib : trgmsg.obj (.bss:__CIOBUF_)
                  20000e60    00000100     MSP_EXP432P401R.obj (.bss:uartMSP432Objects)
                  20000f60    00000080     empty_pem4f.oem4f (.bss:xdc_runtime_SysMin_Module_State_0_outbuf__A)
                  20000fe0    0000001c     (.common:g_sContext)
                  20000ffc    00000004     (.common:dataSetASCII$2)
                  20001000    00000080     MSP_EXP432P401R.obj (.bss:dmaControlTable)
                  20001080    00000068     MSP_EXP432P401R.obj (.bss:spiMSP432DMAObjects)
                  200010e8    00000050     empty.obj (.bss:task0Struct)
                  20001138    00000040     MSP_EXP432P401R.obj (.bss:uartMSP432RingBuffer)
                  20001178    00000030     drivers_MSP432P401R.aem4f : GPIOMSP432.oem4f (.bss:gpioCallbackInfo)
                  200011a8    0000000c     (.common:watchdogMSP432Objects)
                  200011b4    00000008     (.common:parmbuf)
                  200011bc    00000008     (.common:resultsBuffer$1)
                  200011c4    00000008     (.common:resultsBuffer$8)
                  200011cc    00000004     (.common:dataSetHundreds$2)
                  200011d0    00000004     (.common:dataSetHundreds$3)
                  200011d4    00000004     (.common:dataSetOnes$4)
                  200011d8    00000004     (.common:dataSetOnes$5)
[...]
0000aad9  HwiP_restore                                                
0000aad9  ti_sysbios_family_arm_m3_Hwi_restoreFxn__E                  
0000aad9  ti_sysbios_hal_Hwi_HwiProxy_restore__E                      
0000aae1  ti_sysbios_gates_GateHwi_leave__E                           
0000aae9  ti_sysbios_heaps_HeapMem_isBlocking__E                      
0000aaf1  ti_sysbios_knl_Clock_stop__E                                
0000aaf9  ti_sysbios_knl_Queue_Instance_init__E                       
0000ab01  ti_sysbios_knl_Swi_startup__E                               
0000ab07  xdc_runtime_System_Module_startup__E                        
0000ab11  ti_sysbios_gates_GateHwi_query__E                           
0000ab11  xdc_runtime_Main_Module_GateProxy_query__E                  
0000ab11  xdc_runtime_System_Module_GateProxy_query__E                
0000ab19  ti_sysbios_BIOS_RtsGateProxy_query__E                       
0000ab19  ti_sysbios_gates_GateMutex_query__E                         
0000ab19  ti_sysbios_heaps_HeapMem_Module_GateProxy_query__E          
0000ab21  ti_sysbios_knl_Clock_setTimeout__E                          
0000ab29  ti_sysbios_knl_Task_startup__E                              
0000ab31  ti_sysbios_gates_GateHwi_Instance_init__E                   
0000ab39  ti_sysbios_knl_Clock_logTick__E                             
0000ab3c  xdc_runtime_Text_charTab__A                                 
0000c5dd  _ctypes_                                                    
0000c6de  ti_sysbios_family_arm_m3_Hwi_Module__id__C                  
0000c6e0  g_sFontFixed6x8                                             
0000c7a8  xdc_runtime_Text_nodeTab__A                                 
0000c8d8  uartMSP432Baudrates                                         
0000c990  uartMSP432HWAttrs                                           
0000c9d8  ti_sysbios_knl_Task_Object__PARAMS__C                       
0000ca14  spiMSP432DMAHWAttrs                                         
0000ca44  ti_sysbios_family_arm_m3_Hwi_Object__PARAMS__C              
0000ca74  g_sCrystalfontz128x128                                      
0000caa0  UARTMSP432_fxnTable                                         
0000cac8  SPIMSP432DMA_fxnTable                                       
0000caf0  ti_sysbios_heaps_HeapMem_Module__FXNS__C                    
0000cb18  SPI_config                                                  
0000cb3c  UART_config                                                 
0000cb84  ti_sysbios_gates_GateHwi_Module__FXNS__C                    
0000cba8  ti_sysbios_gates_GateMutex_Module__FXNS__C                  
0000cbcc  ti_sysbios_heaps_HeapMem_Object__PARAMS__C                  
0000cbf0  ti_sysbios_knl_Clock_Object__PARAMS__C                      
0000cc14  ti_sysbios_knl_Semaphore_Object__PARAMS__C                  
0000cc38  ti_sysbios_family_arm_m3_Hwi_Object__DESC__C                
0000cc58  ti_sysbios_gates_GateHwi_Object__DESC__C                    
0000cc78  ti_sysbios_gates_GateMutex_Object__DESC__C                  
0000cc98  ti_sysbios_heaps_HeapMem_Object__DESC__C                    
0000ccb8  ti_sysbios_knl_Clock_Object__DESC__C                        
0000ccd8  ti_sysbios_knl_Queue_Object__DESC__C                        
0000ccf8  ti_sysbios_knl_Semaphore_Object__DESC__C                    
0000cd18  ti_sysbios_knl_Task_Object__DESC__C                         
0000cd38  xdc_runtime_Startup_sfxnTab__A                              
0000cd74  Watchdog_config                                             
0000cd8c  WatchdogMSP432_fxnTable                                     
0000cda4  ti_sysbios_gates_GateHwi_Object__PARAMS__C                  
0000cdbc  ti_sysbios_gates_GateMutex_Object__PARAMS__C                
0000cdd4  ti_sysbios_knl_Queue_Object__PARAMS__C                      
0000cdec  GPIOMSP432_config                                           
0000ce00  PowerMSP432_config                                          
0000ce10  xdc_runtime_Startup_sfxnRts__A                              
0000ce2c  xdc_runtime_Startup_firstFxns__A                            
0000ce40  ti_sysbios_family_arm_m3_Hwi_excHookFuncs__A                
0000ce48  ti_sysbios_knl_Idle_funcList__A                             
0000ce50  ti_sysbios_knl_Idle_funcList__C                             
0000ce58  watchdogMSP432HWAttrs                                       
0000ce60  xdc_runtime_Startup_firstFxns__C                            
0000ce68  xdc_runtime_Startup_lastFxns__C                             
0000ce75  xdc_runtime_Error_policy__C                                 
0000ce76  ti_sysbios_gates_GateMutex_Module__id__C                    
0000ce78  ti_sysbios_family_arm_m3_Hwi_E_NMI__C                       
0000ce7c  ti_sysbios_family_arm_m3_Hwi_E_alreadyDefined__C            
0000ce80  ti_sysbios_family_arm_m3_Hwi_E_busFault__C                  
0000ce84  ti_sysbios_family_arm_m3_Hwi_E_debugMon__C                  
0000ce88  ti_sysbios_family_arm_m3_Hwi_E_hardFault__C                 
0000ce8c  ti_sysbios_family_arm_m3_Hwi_E_memFault__C                  
0000ce90  ti_sysbios_family_arm_m3_Hwi_E_noIsr__C                     
0000ce94  ti_sysbios_family_arm_m3_Hwi_E_reserved__C                  
0000ce98  ti_sysbios_family_arm_m3_Hwi_E_svCall__C                    
0000ce9c  ti_sysbios_family_arm_m3_Hwi_E_usageFault__C                
0000cea0  ti_sysbios_family_arm_m3_Hwi_NUM_INTERRUPTS__C              
0000cea4  ti_sysbios_family_arm_m3_Hwi_Object__count__C               
0000cea8  ti_sysbios_family_arm_m3_Hwi_ccr__C                         
0000ceac  ti_sysbios_family_arm_m3_Hwi_excHandlerFunc__C              
0000ceb0  ti_sysbios_family_arm_m3_Hwi_excHookFuncs__C                
0000ceb4  ti_sysbios_family_arm_m3_Hwi_nullIsrFunc__C                 
0000ceb8  ti_sysbios_family_arm_m3_Hwi_priGroup__C                    
0000cebc  ti_sysbios_family_arm_m3_TaskSupport_stackAlignment__C      
0000cec0  ti_sysbios_family_arm_msp432_Timer_numTimerDevices__C       
0000cec4  ti_sysbios_family_arm_msp432_Timer_startupNeeded__C         
0000cec8  ti_sysbios_gates_GateMutex_A_badContext__C                  
0000cecc  ti_sysbios_gates_GateMutex_Instance_State_sem__O            
0000ced0  ti_sysbios_gates_GateMutex_Module__diagsEnabled__C          
0000ced4  ti_sysbios_gates_GateMutex_Module__diagsIncluded__C         
0000ced8  ti_sysbios_gates_GateMutex_Module__diagsMask__C             
0000cedc  ti_sysbios_hal_Hwi_E_stackOverflow__C                       
0000cee0  ti_sysbios_heaps_HeapMem_A_align__C                         
0000cee4  ti_sysbios_heaps_HeapMem_A_heapSize__C                      
0000cee8  ti_sysbios_heaps_HeapMem_A_invalidFree__C                   
0000ceec  ti_sysbios_heaps_HeapMem_A_zeroBlock__C                     
0000cef0  ti_sysbios_heaps_HeapMem_E_memory__C                        
0000cef4  ti_sysbios_heaps_HeapMem_Module__diagsEnabled__C            
0000cef8  ti_sysbios_heaps_HeapMem_Module__diagsIncluded__C           
0000cefc  ti_sysbios_heaps_HeapMem_Module__diagsMask__C               
0000cf00  ti_sysbios_heaps_HeapMem_Module__gateObj__C                 
0000cf04  ti_sysbios_heaps_HeapMem_Object__count__C                   
0000cf08  ti_sysbios_heaps_HeapMem_reqAlign__C                        
0000cf0c  ti_sysbios_knl_Clock_A_badThreadType__C                     
0000cf10  ti_sysbios_knl_Clock_Module_State_clockQ__O                 
0000cf14  ti_sysbios_knl_Clock_Module__diagsEnabled__C                
0000cf18  ti_sysbios_knl_Clock_Module__diagsIncluded__C               
0000cf1c  ti_sysbios_knl_Clock_Module__diagsMask__C                   
0000cf20  ti_sysbios_knl_Semaphore_A_badContext__C                    
0000cf24  ti_sysbios_knl_Semaphore_A_noEvents__C                      
0000cf28  ti_sysbios_knl_Semaphore_A_overflow__C                      
0000cf2c  ti_sysbios_knl_Semaphore_A_pendTaskDisabled__C              
0000cf30  ti_sysbios_knl_Semaphore_Instance_State_pendQ__O            
0000cf34  ti_sysbios_knl_Semaphore_Module__diagsEnabled__C            
0000cf38  ti_sysbios_knl_Semaphore_Module__diagsIncluded__C           
0000cf3c  ti_sysbios_knl_Semaphore_Module__diagsMask__C               
0000cf40  ti_sysbios_knl_Swi_Object__count__C                         
0000cf44  ti_sysbios_knl_Task_A_badPriority__C                        
0000cf48  ti_sysbios_knl_Task_A_badTaskState__C                       
0000cf4c  ti_sysbios_knl_Task_A_badThreadType__C                      
0000cf50  ti_sysbios_knl_Task_A_badTimeout__C                         
0000cf54  ti_sysbios_knl_Task_A_noPendElem__C                         
0000cf58  ti_sysbios_knl_Task_A_sleepTaskDisabled__C                  
0000cf5c  ti_sysbios_knl_Task_E_spOutOfBounds__C                      
0000cf60  ti_sysbios_knl_Task_E_stackOverflow__C                      
0000cf64  ti_sysbios_knl_Task_Module_State_inactiveQ__O               
0000cf68  ti_sysbios_knl_Task_Module__diagsEnabled__C                 
0000cf6c  ti_sysbios_knl_Task_Module__diagsIncluded__C                
0000cf70  ti_sysbios_knl_Task_Module__diagsMask__C                    
0000cf74  ti_sysbios_knl_Task_Object__count__C                        
0000cf78  ti_sysbios_knl_Task_allBlockedFunc__C                       
0000cf7c  ti_sysbios_knl_Task_defaultStackHeap__C                     
0000cf80  ti_sysbios_knl_Task_defaultStackSize__C                     
0000cf84  ti_sysbios_knl_Task_numConstructedTasks__C                  
0000cf88  xdc_runtime_Assert_E_assertFailed__C                        
0000cf8c  xdc_runtime_Core_A_initializedParams__C                     
0000cf90  xdc_runtime_Core_Module__diagsEnabled__C                    
0000cf94  xdc_runtime_Core_Module__diagsIncluded__C                   
0000cf98  xdc_runtime_Core_Module__diagsMask__C                       
0000cf9c  xdc_runtime_Error_E_memory__C                               
0000cfa0  xdc_runtime_Error_Module__diagsEnabled__C                   
0000cfa4  xdc_runtime_Error_Module__diagsIncluded__C                  
0000cfa8  xdc_runtime_Error_Module__diagsMask__C                      
0000cfac  xdc_runtime_Error_Module__loggerFxn8__C                     
0000cfb0  xdc_runtime_Error_Module__loggerObj__C                      
0000cfb4  xdc_runtime_Error_policyFxn__C                              
0000cfb8  xdc_runtime_Error_raiseHook__C                              
0000cfbc  xdc_runtime_IGateProvider_Interface__BASE__C                
0000cfc0  xdc_runtime_IHeap_Interface__BASE__C                        
0000cfc4  xdc_runtime_IModule_Interface__BASE__C                      
0000cfc8  xdc_runtime_Log_L_error__C                                  
0000cfcc  xdc_runtime_Memory_defaultHeapInstance__C                   
0000cfd0  xdc_runtime_Startup_execImpl__C                             
0000cfd4  xdc_runtime_Startup_maxPasses__C                            
0000cfd8  xdc_runtime_Startup_sfxnRts__C                              
0000cfdc  xdc_runtime_Startup_sfxnTab__C                              
0000cfe0  xdc_runtime_SysMin_bufSize__C                               
0000cfe4  xdc_runtime_SysMin_outputFunc__C                            
0000cfe8  xdc_runtime_System_Module__gateObj__C                       
0000cfec  xdc_runtime_System_abortFxn__C                              
0000cff0  xdc_runtime_System_exitFxn__C                               
0000cff4  xdc_runtime_System_extendFxn__C                             
0000cff8  xdc_runtime_System_maxAtexitHandlers__C                     
0000cffc  xdc_runtime_Text_charTab__C                                 
0000d000  xdc_runtime_Text_nameEmpty__C                               
0000d004  xdc_runtime_Text_nameStatic__C                              
0000d008  xdc_runtime_Text_nameUnknown__C                             
0000d00c  xdc_runtime_Text_nodeTab__C                                 
0000d010  xdc_runtime_Text_visitRopeFxn__C                            
0000d014  ti_sysbios_hal_Hwi_Module__id__C                            
0000d016  ti_sysbios_heaps_HeapMem_Module__id__C                      
0000d018  ti_sysbios_knl_Clock_Module__id__C                          
0000d01a  ti_sysbios_knl_Semaphore_Module__id__C                      
0000d01c  ti_sysbios_knl_Task_Module__id__C                           
0000d01e  xdc_runtime_Core_Module__id__C                              
0000d020  xdc_runtime_Error_Module__loggerDefined__C                  
0000d022  xdc_runtime_Error_maxDepth__C                               
0000d024  xdc_runtime_Memory_Module__id__C                            
0000d026  xdc_runtime_SysMin_flushAtExit__C                           
0000d028  xdc_runtime_Text_charCnt__C                                 
0000d02a  xdc_runtime_Text_isLoaded__C                                
0000d02c  xdc_runtime_Text_registryModsLastId__C                      
0000d02e  xdc_runtime_Text_unnamedModsLastId__C                       
0000d030  __TI_static_base__                                          
0000d4a4  __TI_Handler_Table_Base                                     
0000d4b0  __TI_Handler_Table_Limit                                    
0000d4c0  __TI_CINIT_Base                                             
0000d4d8  __TI_CINIT_Limit                                            
20000000  ti_sysbios_family_arm_m3_Hwi_ramVectors                     
20000200  ti_sysbios_knl_Task_Instance_State_0_stack__A               
20000400  ti_sysbios_knl_Task_Instance_State_1_stack__A               
20000600  ti_sysbios_heaps_HeapMem_Instance_State_0_buf__A            
20000a00  task0Stack                                                  
20000c00  ti_sysbios_family_arm_m3_Hwi_dispatchTable                  
20000d40  __CIOBUF_                                                   
20000e60  uartMSP432Objects                                           
20000f60  xdc_runtime_SysMin_Module_State_0_outbuf__A                 
20000fe0  g_sContext                                                  
20001080  spiMSP432DMAObjects                                         
200010e8  task0Struct                                                 
20001138  uartMSP432RingBuffer                                        
200011a8  watchdogMSP432Objects                                       
200011e8  Lcd_ScreenHeigth                                            
200011ea  Lcd_ScreenWidth                                             
200011ec  Lcd_TouchTrim                                               
200011ee  Lcd_FlagRead                                                
200011ef  Lcd_FontSolid                                               
200011f0  Lcd_Orientation                                             
200011f1  Lcd_PenSolid                                                
200011f8  ti_sysbios_family_arm_m3_Hwi_Module__root__V                
20001200  ti_sysbios_family_arm_m3_Hwi_Module_State_0_excActive__A    
20001204  ti_sysbios_family_arm_m3_Hwi_Module_State_0_excContext__A   
20001208  ti_sysbios_family_arm_m3_Hwi_Module_State_0_excStack__A     
2000120c  ti_sysbios_family_arm_msp432_ClockFreqs_Module__state__V    
20001218  ti_sysbios_family_arm_msp432_Timer_Module__root__V          
20001220  ti_sysbios_family_arm_msp432_Timer_Module_State_0_device__A 
20001240  ti_sysbios_family_arm_msp432_Timer_Module_State_0_handles__A
20001250  ti_sysbios_family_arm_msp432_Timer_Module__state__V         
2000125c  ti_sysbios_gates_GateHwi_Module__root__V                    
20001264  ti_sysbios_gates_GateHwi_Object__table__V                   
20001268  ti_sysbios_gates_GateMutex_Module__root__V                  
20001270  ti_sysbios_hal_Hwi_Module__root__V                          
20001278  ti_sysbios_heaps_HeapMem_Module__root__V                    
20001280  ti_sysbios_heaps_HeapMem_Object__table__V                   
20001298  ti_sysbios_knl_Clock_Module__root__V                        
200012a0  ti_sysbios_knl_Queue_Module__root__V                        
200012a8  ti_sysbios_knl_Semaphore_Module__root__V                    
200012b0  ti_sysbios_knl_Swi_Module__root__V                          
200012b8  ti_sysbios_knl_Swi_Module__state__V                         
200012d4  ti_sysbios_knl_Task_Module__root__V                         
200012dc  ti_sysbios_knl_Task_Module_State_0_idleTask__A              
200012e0  xdc_runtime_Error_Module__state__V                          
200012e4  xdc_runtime_Memory_Module__state__V                         
200012e8  xdc_runtime_Registry_Module__state__V                       
200012f0  xdc_runtime_Startup_Module__state__V                        
200012f8  xdc_runtime_SysMin_Module__state__V                         
20001304  xdc_runtime_System_Module_State_0_atexitHandlers__A         
2000130c  xdc_runtime_System_Module__state__V                         
20001314  xdc_runtime_Text_Module__state__V                           
2000131c  __xdc__init__addr                                           
200013d0  PowerMSP432_perfLevels                                      
2000146c  ti_sysbios_knl_Task_Object__table__V                        
20001508  _Denorm                                                     
20001518  _Eps                                                        
20001528  _Hugeval                                                    
20001538  _Inf                                                        
20001548  _Nan                                                        
20001558  _Snan                                                       
20001568  _Rteps                                                      
20001578  _Xbig                                                       
20001580  _Zero                                                       
20001588  ti_sysbios_knl_Swi_Module_State_0_readyQ__A                 
20001608  ti_sysbios_knl_Task_Module_State_0_readyQ__A                
20001688  ti_sysbios_family_arm_msp432_Timer_Object__table__V         
200016d4  ti_sysbios_family_arm_m3_Hwi_Object__table__V               
2000171c  ti_sysbios_knl_Task_Module__state__V                        
20001760  ti_sysbios_gates_GateMutex_Object__table__V                 
20001798  ti_sysbios_family_arm_m3_Hwi_Module__state__V               
2000182c  ti_sysbios_knl_Swi_Object__table__V                         
2000185c  ti_sysbios_knl_Clock_Module__state__V                       
20001888  PowerMSP432_module                                          
200018ac  ti_sysbios_BIOS_Module__state__V                            
200018d4  gpioPinConfigs                                              
200018e4  gpioCallbackFunctions                                       
200018ec  _lock                                                       
200018f0  _unlock                                                     
200018f4  __TI_cleanup_ptr                                            
200018f8  __TI_dtors_ptr                                              
200018fc  _Fenv                                                       
20001900  _Tls_setup__Fenv                                            
20001910  _Errno                                                      
20001914  main_func_sp                                                
2000fd00  __stack                                                     
20010000  __STACK_END                                                 
4000480c  WDTCTL_SYM                                                  
e000e000  ti_sysbios_family_arm_m3_Hwi_nvic                           
ffffffff  __binit__                                                   
ffffffff  __c_args__                                                  
ffffffff  binit                                                       
UNDEFED   SHT$$INIT_ARRAY$$Base                                       
UNDEFED   SHT$$INIT_ARRAY$$Limit                                      

[799 symbols]
