******************************************************************************
                  TI ARM Linker Unix v5.2.6                    
******************************************************************************
>> Linked Mon Apr 11 23:29:44 2016

OUTPUT FILE NAME:   <RTOSChallenge.out>
ENTRY POINT SYMBOL: "_c_int00"  address: 00005b79


MEMORY CONFIGURATION

         name            origin    length      used     unused   attr    fill
----------------------  --------  ---------  --------  --------  ----  --------
  MAIN                  00000000   00040000  0000a7a9  00035857  R  X
  INFO                  00200000   00004000  00000000  00004000  R  X
  SRAM_CODE             01000000   00010000  00000000  00010000  RW X
  SRAM_DATA             20000000   00010000  00003c56  0000c3aa  RW  


SEGMENT ALLOCATION MAP

run origin  load origin   length   init length attrs members
----------  ----------- ---------- ----------- ----- -------
00000000    00000000    0000a7b0   0000a7b0    r-x
  00000000    00000000    0000003c   0000003c    r-- .resetVecs
  00000040    00000040    00007faa   00007faa    r-x .text
  00007fec    00007fec    000022c3   000022c3    r-- .const
  0000a2b0    0000a2b0    00000500   00000500    r-- .cinit
20000000    20000000    0000395c   00000000    rw-
  20000000    20000000    00000140   00000000    rw- .vecs
  20000140    20000140    000030aa   00000000    rw- .bss
  200031f0    200031f0    0000076c   00000000    rw- .data
2000fd00    2000fd00    00000300   00000000    rw-
  2000fd00    2000fd00    00000300   00000000    rw- .stack


SECTION ALLOCATION MAP

 output                                  attributes/
section   page    origin      length       input sections
--------  ----  ----------  ----------   ----------------
.text      0    00000040    00007faa     
                  00000040    000010ba     rtsv7M4_T_le_v4SPD16_eabi.lib : _printfi.obj (.text)
                  000010fa    0000047e     string.obj (.text:Graphics_drawString)
                  00001578    00000430     sysbios.aem4f : BIOS.obj (.text:ti_sysbios_family_arm_m3_Hwi_excDumpRegs__I)
                  000019a8    0000034c     ti.targets.arm.rtsarm.aem4f : System.oem4f (.text:xdc_runtime_System_doPrint__I)
                  00001cf4    000002d4     rtsv7M4_T_le_v4SPD16_eabi.lib : trgdrv.obj (.text)
                  00001fc8    000001f4                                   : ull_div_t2.obj (.text)
                  000021bc    000001e4     init_all.obj (.text:init_All)
                  000023a0    000001ce     Crystalfontz128x128_ST7735.obj (.text:Crystalfontz128x128_PixelDrawMultiple)
                  0000256e    000001b6     rtsv7M4_T_le_v4SPD16_eabi.lib : fd_add_t2.obj (.text)
                  00002724    000001a0     msp432p4xx_driverlib.lib : pcm.o (.text:__PCM_setPowerStateAdvanced)
                  000028c4    00000004                              : cpu.o (.text:CPU_wfi)
                  000028c8    00000174     sysbios.aem4f : BIOS.obj (.text:ti_sysbios_family_arm_m3_Hwi_excBusFault__I)
                  00002a3c    00000004     msp432p4xx_driverlib.lib : spi.o (.text:EUSCI_A_SPI_transmitData)
                  00002a40    00000164     sysbios.aem4f : BIOS.obj (.text:ti_sysbios_family_arm_m3_Hwi_excUsageFault__I)
                  00002ba4    00000154     empty.obj (.text:EUSCIA2_IRQHandler)
                  00002cf8    00000154     msp432p4xx_driverlib.lib : adc14.o (.text:_getIndexForMemRegister)
                  00002e4c    00000004                              : spi.o (.text:EUSCI_B_SPI_transmitData)
                  00002e50    00000148     sysbios.aem4f : BIOS.obj (.text:ti_sysbios_family_arm_m3_Hwi_excMemFault__I)
                  00002f98    00000138                   : BIOS.obj (.text:ti_sysbios_knl_Semaphore_pend__E)
                  000030d0    00000136     rtsv7M4_T_le_v4SPD16_eabi.lib : fd_div_t2.obj (.text)
                  00003206    00000002     empty.obj (.text:Idle_fcxn)
                  00003208    00000134     Crystalfontz128x128_ST7735.obj (.text:Crystalfontz128x128_SetDrawFrame)
                  0000333c    0000012c     Crystalfontz128x128_ST7735.obj (.text:Crystalfontz128x128_Init)
                  00003468    00000118     ti.targets.arm.rtsarm.aem4f : Error.oem4f (.text:xdc_runtime_Error_policyDefault__E)
                  00003580    00000110     rtsv7M4_T_le_v4SPD16_eabi.lib : xdscale.obj (.text)
                  00003690    0000010c     sysbios.aem4f : BIOS.obj (.text:ti_sysbios_family_arm_m3_Hwi_excFillContext__I)
                  0000379c    00000004     drivers_MSP432P401R.aem4f : List.oem4f (.text:List_head)
                  000037a0    0000010c     sysbios.aem4f : BIOS.obj (.text:ti_sysbios_family_arm_m3_Hwi_excHandlerMax__I)
                  000038ac    00000104     empty.obj (.text:averageCalcTask)
                  000039b0    00000100     ti.targets.arm.rtsarm.aem4f : Core-mem.oem4f (.text:xdc_runtime_Core_createObject__I)
                  00003ab0    000000fc     rtsv7M4_T_le_v4SPD16_eabi.lib : fd_mul_t2.obj (.text)
                  00003bac    000000fa     string.obj (.text:Graphics_getStringWidth)
                  00003ca6    00000002     power_tirtos_MSP432P401R.aem4f : PowerMSP432_tirtos.oem4f (.text:PowerMSP432_initPolicy)
                  00003ca8    000000f8     ti.targets.arm.rtsarm.aem4f : Startup.oem4f (.text:xdc_runtime_Startup_startMods__I)
                  00003da0    000000f8     empty_pem4f.oem4f (.text:xdc_runtime_System_printfExtend__I)
                  00003e98    000000f4     drivers_MSP432P401R.aem4f : PowerMSP432.oem4f (.text:Power_sleep)
                  00003f8c    000000f4     sysbios.aem4f : m3_Hwi_asm.obj (.text:ti_sysbios_family_arm_m3_Hwi_dispatch__I)
                  00004080    000000f0     drivers_MSP432P401R.aem4f : PowerMSP432.oem4f (.text:initPerfControl)
                  00004170    000000e0     msp432p4xx_driverlib.lib : cs.o (.text:CS_initClockSignal)
                  00004250    000000dc                              : pcm.o (.text:__PCM_setPowerModeAdvanced)
                  0000432c    00000004     drivers_MSP432P401R.aem4f : List.oem4f (.text:List_next)
                  00004330    000000cc     sysbios.aem4f : BIOS.obj (.text:ti_sysbios_heaps_HeapMem_alloc__E)
                  000043fc    000000cc     ti.targets.arm.rtsarm.aem4f : Core-smem.oem4f (.text:xdc_runtime_Core_constructObject__I)
                  000044c8    000000be     rtsv7M4_T_le_v4SPD16_eabi.lib : xdnorm.obj (.text)
                  00004586    00000002                                   : i_div0.obj (.text)
                  00004588    000000bc     sysbios.aem4f : BIOS.obj (.text:ti_sysbios_family_arm_m3_Hwi_excDebugMon__I)
                  00004644    00000004     empty_pem4f.oem4f (.text:ti_sysbios_BIOS_RtsGateProxy_enter__E)
                  00004648    000000bc     sysbios.aem4f : BIOS.obj (.text:ti_sysbios_family_arm_m3_Hwi_excHardFault__I)
                  00004704    000000b0     msp432p4xx_driverlib.lib : pcm.o (.text:__PCM_setCoreVoltageLevelAdvanced)
                  000047b4    000000a0     auto_init.aem4f : auto_init.oem4f (.text)
                  00004854    000000a0     empty.obj (.text:drawAccelData)
                  000048f4    000000a0     ti.targets.arm.rtsarm.aem4f : Text.oem4f (.text:xdc_runtime_Text_putMod__E)
                  00004994    0000009c     Crystalfontz128x128_ST7735.obj (.text:Crystalfontz128x128_RectFill)
                  00004a30    0000009c     line.obj (.text:Graphics_drawLineH)
                  00004acc    0000009c     rtsv7M4_T_le_v4SPD16_eabi.lib : memcpy_t2.obj (.text)
                  00004b68    0000009a     ti.targets.arm.rtsarm.aem4f : Text.oem4f (.text:xdc_runtime_Text_putSite__E)
                  00004c02    00000006                                 : xdc_noinit.oem4f (.text:__xdc__init)
                  00004c08    00000094     sysbios.aem4f : BIOS.obj (.text:ti_sysbios_family_arm_m3_Hwi_initNVIC__E)
                  00004c9c    0000008c                   : m3_TaskSupport_asm.obj (.text:ti_sysbios_family_arm_m3_TaskSupport_buildTaskStack)
                  00004d28    0000008c                   : BIOS.obj (.text:ti_sysbios_knl_Task_postInit__I)
                  00004db4    00000088     msp432p4xx_driverlib.lib : spi.o (.text:SPI_initMaster)
                  00004e3c    00000004     empty_pem4f.oem4f (.text:ti_sysbios_BIOS_RtsGateProxy_leave__E)
                  00004e40    00000088     sysbios.aem4f : BIOS.obj (.text:ti_sysbios_knl_Mailbox_post__E)
                  00004ec8    00000086     rtsv7M4_T_le_v4SPD16_eabi.lib : fd_cmp_t2.obj (.text:__aeabi_cdcmple)
                  00004f4e    00000086                                   : fd_cmp_t2.obj (.text:__aeabi_cdrcmple)
                  00004fd4    00000004     empty_pem4f.oem4f (.text:ti_sysbios_family_arm_m3_TaskSupport_Module__startupDone__S)
                  00004fd8    00000084     sysbios.aem4f : BIOS.obj (.text:ti_sysbios_family_arm_m3_Hwi_postInit__I)
                  0000505c    0000007c     msp432p4xx_driverlib.lib : pcm.o (.text:PCM_gotoLPM3)
                  000050d8    0000007c     sysbios.aem4f : BIOS.obj (.text:ti_sysbios_heaps_HeapMem_free__E)
                  00005154    0000007a     rtsv7M4_T_le_v4SPD16_eabi.lib : memset_t2.obj (.text)
                  000051ce    00000002     empty_pem4f.oem4f (.text:ti_sysbios_BIOS_nullFunc__I)
                  000051d0    00000074     sysbios.aem4f : BIOS.obj (.text:ti_sysbios_knl_Mailbox_pend__E)
                  00005244    00000004     empty_pem4f.oem4f (.text:ti_sysbios_heaps_HeapMem_Module_GateProxy_enter__E)
                  00005248    00000070     sysbios.aem4f : BIOS.obj (.text:ti_sysbios_knl_Semaphore_post__E)
                  000052b8    0000006d     ti.targets.arm.rtsarm.aem4f : System.oem4f (.text:xdc_runtime_System_formatNum__I)
                  00005325    00000003     --HOLE-- [fill = 0]
                  00005328    0000006c     sysbios.aem4f : BIOS.obj (.text:ti_sysbios_knl_Clock_workFunc__E)
                  00005394    00000004     empty_pem4f.oem4f (.text:ti_sysbios_heaps_HeapMem_Module_GateProxy_leave__E)
                  00005398    0000006c     sysbios.aem4f : BIOS.obj (.text:ti_sysbios_knl_Swi_restoreHwi__E)
                  00005404    00000004     empty_pem4f.oem4f (.text:ti_sysbios_knl_Clock_TimerProxy_getMaxTicks__E)
                  00005408    0000006c     sysbios.aem4f : BIOS.obj (.text:ti_sysbios_knl_Task_exit__E)
                  00005474    0000006c     ti.targets.arm.rtsarm.aem4f : Error.oem4f (.text:xdc_runtime_Error_print__E)
                  000054e0    0000006c                                 : Memory.oem4f (.text:xdc_runtime_Memory_alloc__E)
                  0000554c    0000006a     rtsv7M4_T_le_v4SPD16_eabi.lib : copy_decompress_rle.obj (.text)
                  000055b6    00000002     --HOLE-- [fill = 0]
                  000055b8    00000068     empty.obj (.text:ADC_HWI)
                  00005620    00000068     rtsv7M4_T_le_v4SPD16_eabi.lib : trgmsg.obj (.text)
                  00005688    00000068     sysbios.aem4f : BIOS.obj (.text:ti_sysbios_family_arm_msp432_Timer_setNextTick__E)
                  000056f0    00000066     rtsv7M4_T_le_v4SPD16_eabi.lib : xdunscal.obj (.text)
                  00005756    00000066     ti.targets.arm.rtsarm.aem4f : Core-mem.oem4f (.text:xdc_runtime_Core_deleteObject__I)
                  000057bc    00000004     empty_pem4f.oem4f (.text:ti_sysbios_knl_Queue_destruct)
                  000057c0    00000064     sysbios.aem4f : BIOS.obj (.text:ti_sysbios_family_arm_m3_Hwi_dispatchC__I)
                  00005824    00000060     Crystalfontz128x128_ST7735.obj (.text:Crystalfontz128x128_LineDrawH)
                  00005884    00000060     Crystalfontz128x128_ST7735.obj (.text:Crystalfontz128x128_LineDrawV)
                  000058e4    00000060     rtsv7M4_T_le_v4SPD16_eabi.lib : sprintf.obj (.text)
                  00005944    0000005c     empty.obj (.text:main)
                  000059a0    0000005c     sysbios.aem4f : BIOS.obj (.text:ti_sysbios_knl_Swi_run__I)
                  000059fc    00000004     empty_pem4f.oem4f (.text:ti_sysbios_knl_Semaphore_destruct)
                  00005a00    0000005c     sysbios.aem4f : BIOS.obj (.text:ti_sysbios_knl_Swi_schedule__I)
                  00005a5c    00000004     ti.targets.arm.rtsarm.aem4f : Error.oem4f (.text:xdc_runtime_Error_getSite__E)
                  00005a60    0000005c     sysbios.aem4f : BIOS.obj (.text:ti_sysbios_knl_Task_Module_startup__E)
                  00005abc    00000004     empty_pem4f.oem4f (.text:xdc_runtime_System_Module_GateProxy_enter__E)
                  00005ac0    0000005c     sysbios.aem4f : BIOS.obj (.text:ti_sysbios_knl_Task_startCore__E)
                  00005b1c    0000005b     ti.targets.arm.rtsarm.aem4f : Text.oem4f (.text:xdc_runtime_Text_putLab__E)
                  00005b77    00000001     --HOLE-- [fill = 0]
                  00005b78    00000058     boot.aem4f : boot.oem4f (.text)
                  00005bd0    00000058     sysbios.aem4f : m3_Hwi_asm_switch.obj (.text:ti_sysbios_family_arm_m3_Hwi_initStacks__E)
                  00005c28    00000058                   : BIOS.obj (.text:ti_sysbios_family_arm_msp432_Timer_periodicStub__E)
                  00005c80    00000056     rtsv7M4_T_le_v4SPD16_eabi.lib : ltoa.obj (.text)
                  00005cd6    00000002     --HOLE-- [fill = 0]
                  00005cd8    00000054     Crystalfontz128x128_ST7735.obj (.text:Crystalfontz128x128_SetOrientation)
                  00005d2c    00000054     empty.obj (.text:drawData)
                  00005d80    00000054     empty.obj (.text:drawTitle)
                  00005dd4    00000004     empty_pem4f.oem4f (.text:xdc_runtime_System_Module_GateProxy_leave__E)
                  00005dd8    00000054     sysbios.aem4f : BIOS.obj (.text:ti_sysbios_family_arm_msp432_Timer_initDevice__I)
                  00005e2c    00000004     ti.targets.arm.rtsarm.aem4f : System.oem4f (.text:xdc_runtime_System_aprintf_va__F)
                  00005e30    00000054     sysbios.aem4f : BIOS.obj (.text:ti_sysbios_family_arm_msp432_init_Boot_configureClocksHigh)
                  00005e84    00000054     ti.targets.arm.rtsarm.aem4f : Assert.oem4f (.text:xdc_runtime_Assert_raise__I)
                  00005ed8    00000052     rtsv7M4_T_le_v4SPD16_eabi.lib : ldexp.obj (.text)
                  00005f2a    00000002     --HOLE-- [fill = 0]
                  00005f2c    00000050     msp432p4xx_driverlib.lib : pcm.o (.text:PCM_shutdownDevice)
                  00005f7c    00000050     power_tirtos_MSP432P401R.aem4f : PowerMSP432_tirtos.oem4f (.text:PowerMSP432_sleepPolicy)
                  00005fcc    00000004     ti.targets.arm.rtsarm.aem4f : System.oem4f (.text:xdc_runtime_System_printf_va__F)
                  00005fd0    00000050     sysbios.aem4f : BIOS.obj (.text:ti_sysbios_family_arm_m3_Hwi_Module_startup__E)
                  00006020    00000050     ti.targets.arm.rtsarm.aem4f : Startup.oem4f (.text:xdc_runtime_Startup_exec__E)
                  00006070    00000050                                 : Text.oem4f (.text:xdc_runtime_Text_visitRope2__I)
                  000060c0    0000004c     msp432p4xx_driverlib.lib : gpio.o (.text:GPIO_setAsPeripheralModuleFunctionOutputPin)
                  0000610c    0000004c     rtsv7M4_T_le_v4SPD16_eabi.lib : atoi.obj (.text)
                  00006158    0000004c                                   : cpy_tbl.obj (.text)
                  000061a4    00000004     --HOLE-- [fill = 0]
                  000061a8    0000004c     sysbios.aem4f : BIOS.obj (.text:ti_sysbios_family_arm_msp432_Timer_start__E)
                  000061f4    00000004     --HOLE-- [fill = 0]
                  000061f8    0000004c                   : BIOS.obj (.text:ti_sysbios_heaps_HeapMem_getStats__E)
                  00006244    00000004     --HOLE-- [fill = 0]
                  00006248    0000004c                   : BIOS.obj (.text:ti_sysbios_knl_Swi_runLoop__I)
                  00006294    00000004     --HOLE-- [fill = 0]
                  00006298    0000004c                   : BIOS.obj (.text:ti_sysbios_knl_Task_allBlockedFunction__I)
                  000062e4    00000004     --HOLE-- [fill = 0]
                  000062e8    0000004c                   : BIOS.obj (.text:ti_sysbios_knl_Task_schedule__I)
                  00006334    0000004a     context.obj (.text:Graphics_initContext)
                  0000637e    00000002     --HOLE-- [fill = 0]
                  00006380    00000048     msp432p4xx_driverlib.lib : gpio.o (.text:GPIO_setAsPeripheralModuleFunctionInputPin)
                  000063c8    00000048     string.obj (.text:Graphics_drawStringCentered)
                  00006410    00000048     rtsv7M4_T_le_v4SPD16_eabi.lib : fd_toi_t2.obj (.text)
                  00006458    00000048     sysbios.aem4f : BIOS.obj (.text:ti_sysbios_family_arm_m3_Hwi_enableInterrupt__E)
                  000064a0    00000048                   : BIOS.obj (.text:ti_sysbios_family_arm_m3_Hwi_excReserved__I)
                  000064e8    00000048                   : BIOS.obj (.text:ti_sysbios_knl_Mailbox_Module_startup__E)
                  00006530    00000046     ti.targets.arm.rtsarm.aem4f : Core-params.oem4f (.text:xdc_runtime_Core_assignParams__I)
                  00006576    00000002     --HOLE-- [fill = 0]
                  00006578    00000044     rtsv7M4_T_le_v4SPD16_eabi.lib : exit.obj (.text)
                  000065bc    00000004     --HOLE-- [fill = 0]
                  000065c0    00000044     sysbios.aem4f : BIOS.obj (.text:ti_sysbios_family_arm_m3_Hwi_getStackInfo__E)
                  00006604    00000004     --HOLE-- [fill = 0]
                  00006608    00000044                   : BIOS.obj (.text:ti_sysbios_knl_Swi_post__E)
                  0000664c    00000044     ti.targets.arm.rtsarm.aem4f : Error.oem4f (.text:xdc_runtime_Error_setX__E)
                  00006690    00000044                                 : SysMin.oem4f (.text:xdc_runtime_SysMin_flush__E)
                  000066d4    00000044                                 : Text.oem4f (.text:xdc_runtime_Text_xprintf__I)
                  00006718    00000040     Crystalfontz128x128_ST7735.obj (.text:Crystalfontz128x128_PixelDraw)
                  00006758    00000040     msp432p4xx_driverlib.lib : flash.o (.text:FlashCtl_disableReadBuffering)
                  00006798    00000040     string.obj (.text:Graphics_getNumberOfLeadingZeros)
                  000067d8    00000040     HAL_MSP_EXP432P401R_Crystalfontz128x128_ST7735.obj (.text:HAL_LCD_SpiInit)
                  00006818    00000040     drivers_MSP432P401R.aem4f : PowerMSP432.oem4f (.text:notify)
                  00006858    00000040     rtsv7M4_T_le_v4SPD16_eabi.lib : signal.obj (.text)
                  00006898    00000040                                   : u_divt2.obj (.text)
                  000068d8    00000040     sysbios.aem4f : BIOS.obj (.text:ti_sysbios_family_arm_msp432_Timer_Module_startup__E)
                  00006918    00000040                   : BIOS.obj (.text:ti_sysbios_family_arm_msp432_Timer_startup__E)
                  00006958    00000040                   : BIOS.obj (.text:ti_sysbios_heaps_HeapMem_Instance_init__E)
                  00006998    0000003c     drivers_MSP432P401R.aem4f : PowerMSP432.oem4f (.text:Power_init)
                  000069d4    00000004     --HOLE-- [fill = 0]
                  000069d8    0000003c     sysbios.aem4f : BIOS.obj (.text:ti_sysbios_family_arm_m3_Hwi_excSvCall__I)
                  00006a14    00000004     --HOLE-- [fill = 0]
                  00006a18    0000003c                   : BIOS.obj (.text:ti_sysbios_heaps_HeapMem_init__I)
                  00006a54    00000004     --HOLE-- [fill = 0]
                  00006a58    0000003c                   : BIOS.obj (.text:ti_sysbios_knl_Clock_Instance_init__E)
                  00006a94    00000004     --HOLE-- [fill = 0]
                  00006a98    0000003c                   : BIOS.obj (.text:ti_sysbios_knl_Swi_restore__E)
                  00006ad4    00000004     --HOLE-- [fill = 0]
                  00006ad8    00000038                   : BIOS.obj (.text:ti_sysbios_family_arm_m3_Hwi_excNoIsr__I)
                  00006b10    00000038     ti.targets.arm.rtsarm.aem4f : SysMin.oem4f (.text:xdc_runtime_SysMin_putch__E)
                  00006b48    00000038                                 : System.oem4f (.text:xdc_runtime_System_atexit__E)
                  00006b80    00000034     msp432p4xx_driverlib.lib : flash.o (.text:FlashCtl_enableReadBuffering)
                  00006bb4    00000034     display.obj (.text:Graphics_drawHorizontalLineOnDisplay)
                  00006be8    00000034     HAL_MSP_EXP432P401R_Crystalfontz128x128_ST7735.obj (.text:HAL_LCD_writeCommand)
                  00006c1c    00000034     rtsv7M4_T_le_v4SPD16_eabi.lib : feraiseexcept.obj (.text)
                  00006c50    00000034     sysbios.aem4f : BIOS.obj (.text:ti_sysbios_family_arm_m3_Hwi_excNmi__I)
                  00006c84    00000034     empty_pem4f.oem4f (.text:ti_sysbios_knl_Clock_construct)
                  00006cb8    00000034     ti.targets.arm.rtsarm.aem4f : Core-label.oem4f (.text:xdc_runtime_Core_assignLabel__I)
                  00006cec    00000033                                 : Text.oem4f (.text:xdc_runtime_Text_printVisFxn__I)
                  00006d1f    00000001     --HOLE-- [fill = 0]
                  00006d20    00000032     sysbios.aem4f : BIOS.obj (.text:ti_sysbios_hal_Hwi_initStack)
                  00006d52    00000030     HAL_MSP_EXP432P401R_Crystalfontz128x128_ST7735.obj (.text:HAL_LCD_PortInit)
                  00006d82    00000002     --HOLE-- [fill = 0]
                  00006d84    00000030     msp432p4xx_driverlib.lib : spi.o (.text:is_A_Module)
                  00006db4    00000030     rtsv7M4_T_le_v4SPD16_eabi.lib : xdclass.obj (.text)
                  00006de4    00000030                                   : xferaise.obj (.text)
                  00006e14    00000030     empty_pem4f.oem4f (.text:ti_sysbios_BIOS_atExitFunc__I)
                  00006e44    00000004     --HOLE-- [fill = 0]
                  00006e48    00000030     sysbios.aem4f : BIOS.obj (.text:ti_sysbios_family_arm_m3_TaskSupport_start__E)
                  00006e78    00000030                   : BIOS.obj (.text:ti_sysbios_family_arm_msp432_Timer_setPeriod__E)
                  00006ea8    00000030     empty_pem4f.oem4f (.text:ti_sysbios_gates_GateHwi_Object__create__S)
                  00006ed8    00000030     empty_pem4f.oem4f (.text:ti_sysbios_gates_GateMutex_Object__create__S)
                  00006f08    00000030     sysbios.aem4f : BIOS.obj (.text:ti_sysbios_gates_GateMutex_enter__E)
                  00006f38    00000030     empty_pem4f.oem4f (.text:ti_sysbios_heaps_HeapMem_Object__create__S)
                  00006f68    00000030     sysbios.aem4f : BIOS.obj (.text:ti_sysbios_knl_Mailbox_postInit__I)
                  00006f98    00000030     empty_pem4f.oem4f (.text:ti_sysbios_knl_Semaphore_construct)
                  00006fc8    00000030     sysbios.aem4f : BIOS.obj (.text:ti_sysbios_knl_Semaphore_pendTimeout__I)
                  00006ff8    00000030                   : BIOS.obj (.text:ti_sysbios_knl_Task_processVitalTaskFlag__I)
                  00007028    00000030                   : BIOS.obj (.text:ti_sysbios_knl_Task_unblockI__E)
                  00007058    00000030     ti.targets.arm.rtsarm.aem4f : SysMin.oem4f (.text:xdc_runtime_SysMin_abort__E)
                  00007088    00000030                                 : System.oem4f (.text:xdc_runtime_System_processAtExit__E)
                  000070b8    0000002e     rtsv7M4_T_le_v4SPD16_eabi.lib : i_tofd_t2.obj (.text)
                  000070e6    0000002e                                   : raise.obj (.text)
                  00007114    0000002c     Crystalfontz128x128_ST7735.obj (.text:Crystalfontz128x128_ClearScreen)
                  00007140    0000002c     msp432p4xx_driverlib.lib : pcm.o (.text:PCM_getCoreVoltageLevel)
                  0000716c    0000002c     power_tirtos_MSP432P401R.aem4f : PowerMSP432_tirtos.oem4f (.text:PowerMSP432_updateFreqs)
                  00007198    0000002c     empty_pem4f.oem4f (.text:ti_sysbios_knl_Clock_doTick__I)
                  000071c4    0000002c     empty_pem4f.oem4f (.text:ti_sysbios_knl_Queue_construct)
                  000071f0    0000002c     sysbios.aem4f : BIOS.obj (.text:ti_sysbios_knl_Task_restore__E)
                  0000721c    0000002c     ti.targets.arm.rtsarm.aem4f : Text.oem4f (.text:xdc_runtime_Text_cordText__E)
                  00007248    0000002a     display.obj (.text:Graphics_drawPixelOnDisplay)
                  00007272    0000002a     msp432p4xx_driverlib.lib : pcm.o (.text:PCM_getPowerMode)
                  0000729c    0000002a     rtsv7M4_T_le_v4SPD16_eabi.lib : frexp.obj (.text)
                  000072c6    0000002a     ti.targets.arm.rtsarm.aem4f : System.oem4f (.text:xdc_runtime_System_putchar__I)
                  000072f0    00000028     Crystalfontz128x128_ST7735.obj (.text:Crystalfontz128x128_ColorTranslate)
                  00007318    00000028     msp432p4xx_driverlib.lib : flash.o (.text:FlashCtl_setWaitState)
                  00007340    00000028                              : pcm.o (.text:PCM_gotoLPM0)
                  00007368    00000028     sysbios.aem4f : BIOS.obj (.text:ti_sysbios_knl_Clock_addI__E)
                  00007390    00000028                   : BIOS.obj (.text:ti_sysbios_knl_Swi_Module_startup__E)
                  000073b8    00000026                   : m3_Hwi_asm.obj (.text:ti_sysbios_family_arm_m3_Hwi_pendSV__I)
                  000073de    00000026     ti.targets.arm.rtsarm.aem4f : System.oem4f (.text:xdc_runtime_System_avprintf__E)
                  00007404    00000024     msp432p4xx_driverlib.lib : cs.o (.text:CS_setDCOCenteredFrequency)
                  00007428    00000024                              : gpio.o (.text:GPIO_setAsOutputPin)
                  0000744c    00000024     HAL_MSP_EXP432P401R_Crystalfontz128x128_ST7735.obj (.text:HAL_LCD_writeData)
                  00007470    00000024     msp432p4xx_driverlib.lib : rtc_c.o (.text:RTC_C_holdClock)
                  00007494    00000024                              : rtc_c.o (.text:RTC_C_startClock)
                  000074b8    00000024     empty_pem4f.oem4f (.text:ti_sysbios_BIOS_errorRaiseHook__I)
                  000074dc    00000024     empty_pem4f.oem4f (.text:ti_sysbios_BIOS_registerRTSLock__I)
                  00007500    00000024     empty_pem4f.oem4f (.text:ti_sysbios_BIOS_removeRTSLock__I)
                  00007524    00000024     empty_pem4f.oem4f (.text:ti_sysbios_BIOS_startFunc__I)
                  00007548    00000024     sysbios.aem4f : BIOS.obj (.text:ti_sysbios_family_arm_msp432_ClockFreqs_setFrequency__E)
                  0000756c    00000004     --HOLE-- [fill = 0]
                  00007570    00000024                   : BIOS.obj (.text:ti_sysbios_family_arm_msp432_Timer_postInit__I)
                  00007594    00000024     empty_pem4f.oem4f (.text:ti_sysbios_gates_GateMutex_Object__delete__S)
                  000075b8    00000024     sysbios.aem4f : BIOS.obj (.text:ti_sysbios_knl_Clock_Module_startup__E)
                  000075dc    00000004     --HOLE-- [fill = 0]
                  000075e0    00000024                   : BIOS.obj (.text:ti_sysbios_knl_Clock_start__E)
                  00007604    00000004     --HOLE-- [fill = 0]
                  00007608    00000024                   : BIOS.obj (.text:ti_sysbios_knl_Semaphore_Instance_init__E)
                  0000762c    00000004     --HOLE-- [fill = 0]
                  00007630    00000024                   : BIOS.obj (.text:ti_sysbios_knl_Task_restoreHwi__E)
                  00007654    00000024     ti.targets.arm.rtsarm.aem4f : System.oem4f (.text:xdc_runtime_System_vprintf__E)
                  00007678    00000022     empty_pem4f.oem4f (.text:xdc_runtime_SysMin_output__I)
                  0000769a    00000002     --HOLE-- [fill = 0]
                  0000769c    00000020     drivers_MSP432P401R.aem4f : PowerMSP432.oem4f (.text:Power_idleFunc)
                  000076bc    00000020     msp432p4xx_driverlib.lib : spi.o (.text:SPI_transmitData)
                  000076dc    00000020     empty_pem4f.oem4f (.text:ti_sysbios_BIOS_rtsLock__I)
                  000076fc    00000020     sysbios.aem4f : m3_Hwi_asm.obj (.text:ti_sysbios_family_arm_m3_Hwi_excHandlerAsm__I)
                  0000771c    00000004     --HOLE-- [fill = 0]
                  00007720    00000020                   : BIOS.obj (.text:ti_sysbios_family_arm_m3_Hwi_excHandler__I)
                  00007740    00000020     empty_pem4f.oem4f (.text:ti_sysbios_gates_GateHwi_Object__delete__S)
                  00007760    00000020     empty_pem4f.oem4f (.text:ti_sysbios_heaps_HeapMem_Object__delete__S)
                  00007780    00000020     sysbios.aem4f : BIOS.obj (.text:ti_sysbios_knl_Idle_run__E)
                  000077a0    00000020     empty_pem4f.oem4f (.text:ti_sysbios_knl_Semaphore_Object__destruct__S)
                  000077c0    00000020     ti.targets.arm.rtsarm.aem4f : Registry.oem4f (.text:xdc_runtime_Registry_findById__E)
                  000077e0    00000020                                 : SysMin.oem4f (.text:xdc_runtime_SysMin_Module_startup__E)
                  00007800    0000001e     sysbios.aem4f : m3_Hwi_asm_switch.obj (.text:ti_sysbios_family_xxx_Hwi_switchAndRunFunc)
                  0000781e    0000001c     rtsv7M4_T_le_v4SPD16_eabi.lib : memccpy.obj (.text)
                  0000783a    00000006                                   : copy_decompress_rle.obj (.text:decompress:rle24)
                  00007840    0000001c     sysbios.aem4f : BIOS.obj (.text:ti_sysbios_gates_GateMutex_Instance_init__E)
                  0000785c    0000001c     empty_pem4f.oem4f (.text:ti_sysbios_knl_Queue_Object__destruct__S)
                  00007878    0000001c     sysbios.aem4f : BIOS.obj (.text:ti_sysbios_knl_Queue_get__E)
                  00007894    00000004     --HOLE-- [fill = 0]
                  00007898    0000001c                   : BIOS.obj (.text:ti_sysbios_knl_Queue_put__E)
                  000078b4    00000004     --HOLE-- [fill = 0]
                  000078b8    0000001c                   : BIOS.obj (.text:ti_sysbios_knl_Task_enter__I)
                  000078d4    0000001c     ti.targets.arm.rtsarm.aem4f : Error.oem4f (.text:xdc_runtime_Error_raiseX__E)
                  000078f0    0000001c                                 : Memory.oem4f (.text:xdc_runtime_Memory_valloc__E)
                  0000790c    0000001c                                 : SysMin.oem4f (.text:xdc_runtime_SysMin_exit__E)
                  00007928    0000001c                                 : System.oem4f (.text:xdc_runtime_System_abort__E)
                  00007944    0000001a     context.obj (.text:Graphics_setBackgroundColor)
                  0000795e    0000001a     context.obj (.text:Graphics_setFont)
                  00007978    0000001a     msp432p4xx_driverlib.lib : spi.o (.text:SPI_enableModule)
                  00007992    0000001a     empty_pem4f.oem4f (.text:ti_sysbios_family_arm_m3_Hwi_Handle__label__S)
                  000079ac    0000001a     empty_pem4f.oem4f (.text:ti_sysbios_gates_GateHwi_Handle__label__S)
                  000079c6    0000001a     empty_pem4f.oem4f (.text:ti_sysbios_gates_GateMutex_Handle__label__S)
                  000079e0    0000001a     empty_pem4f.oem4f (.text:ti_sysbios_heaps_HeapMem_Handle__label__S)
                  000079fa    0000001a     empty_pem4f.oem4f (.text:ti_sysbios_knl_Swi_Handle__label__S)
                  00007a14    0000001a     empty_pem4f.oem4f (.text:ti_sysbios_knl_Task_Handle__label__S)
                  00007a2e    0000001a     empty_pem4f.oem4f (.text:xdc_runtime_System_aprintf__E)
                  00007a48    0000001a     empty_pem4f.oem4f (.text:xdc_runtime_System_printf__E)
                  00007a62    00000002     --HOLE-- [fill = 0]
                  00007a64    00000018     msp432p4xx_driverlib.lib : adc14.o (.text:ADC14_getResult)
                  00007a7c    00000018                              : gpio.o (.text:GPIO_setOutputLowOnPin)
                  00007a94    00000018     display.obj (.text:Graphics_clearDisplayOnDisplay)
                  00007aac    00000018     msp432p4xx_driverlib.lib : wdt_a.o (.text:WDT_A_holdTimer)
                  00007ac4    00000018     rtsv7M4_T_le_v4SPD16_eabi.lib : args_main.obj (.text)
                  00007adc    00000018     empty_pem4f.oem4f (.text:ti_sysbios_BIOS_rtsUnlock__I)
                  00007af4    00000018     empty_pem4f.oem4f (.text:ti_sysbios_family_arm_m3_Hwi_Module__startupDone__F)
                  00007b0c    00000018     sysbios.aem4f : m3_TaskSupport_asm.obj (.text:ti_sysbios_family_arm_m3_TaskSupport_swap__E)
                  00007b24    00000018     empty_pem4f.oem4f (.text:ti_sysbios_family_arm_msp432_Timer_Module__startupDone__F)
                  00007b3c    00000004     --HOLE-- [fill = 0]
                  00007b40    00000018     sysbios.aem4f : BIOS.obj (.text:ti_sysbios_gates_GateMutex_leave__E)
                  00007b58    00000018     ti.targets.arm.rtsarm.aem4f : Error.oem4f (.text:xdc_runtime_Error_check__E)
                  00007b70    00000018                                 : System.oem4f (.text:xdc_runtime_System_exit__E)
                  00007b88    00000018                                 : Text.oem4f (.text:xdc_runtime_Text_ropeText__E)
                  00007ba0    00000016     context.obj (.text:Graphics_setForegroundColor)
                  00007bb6    00000016     display.obj (.text:Graphics_translateColorOnDisplay)
                  00007bcc    00000016     rtsv7M4_T_le_v4SPD16_eabi.lib : strchr.obj (.text)
                  00007be2    00000016     empty_pem4f.oem4f (.text:ti_sysbios_BIOS_exitFunc__I)
                  00007bf8    00000016     empty.obj (.text:ti_sysbios_knl_Clock_Params_init)
                  00007c0e    00000002     --HOLE-- [fill = 0]
                  00007c10    00000016     sysbios.aem4f : BIOS.obj (.text:ti_sysbios_knl_Task_unblock__E)
                  00007c26    00000002     --HOLE-- [fill = 0]
                  00007c28    00000014     msp432p4xx_driverlib.lib : gpio.o (.text:GPIO_setOutputHighOnPin)
                  00007c3c    00000014                              : wdt_a.o (.text:WDT_A_startTimer)
                  00007c50    00000014     empty.obj (.text:clk0Fxn)
                  00007c64    00000014     rtsv7M4_T_le_v4SPD16_eabi.lib : _lock.obj (.text)
                  00007c78    00000014                                   : strcpy.obj (.text)
                  00007c8c    00000014                                   : strlen.obj (.text)
                  00007ca0    00000014     empty_pem4f.oem4f (.text:ti_sysbios_family_arm_m3_Hwi_Object__get__S)
                  00007cb4    00000004     --HOLE-- [fill = 0]
                  00007cb8    00000014     sysbios.aem4f : BIOS.obj (.text:ti_sysbios_family_arm_m3_Hwi_switchFromBootStack__E)
                  00007ccc    00000014     empty_pem4f.oem4f (.text:ti_sysbios_heaps_HeapMem_Object__get__S)
                  00007ce0    00000014     empty_pem4f.oem4f (.text:ti_sysbios_knl_Mailbox_Object__get__S)
                  00007cf4    00000014     empty_pem4f.oem4f (.text:ti_sysbios_knl_Swi_Object__get__S)
                  00007d08    00000012     context.obj (.text:Graphics_clearDisplay)
                  00007d1a    00000006     ti.targets.arm.rtsarm.aem4f : System.oem4f (.text:xdc_runtime_System_Module_startup__E)
                  00007d20    00000012     sysbios.aem4f : BIOS.obj (.text:ti_sysbios_hal_Hwi_Module_startup__E)
                  00007d32    00000012     empty_pem4f.oem4f (.text:xdc_runtime_Startup_exec__I)
                  00007d44    00000010     msp432p4xx_driverlib.lib : pcm.o (.text:PCM_gotoLPM4)
                  00007d54    00000004     --HOLE-- [fill = 0]
                  00007d58    00000010     sysbios.aem4f : BIOS.obj (.text:ti_sysbios_BIOS_exit__E)
                  00007d68    00000010                   : BIOS.obj (.text:ti_sysbios_BIOS_setCpuFreq__E)
                  00007d78    00000010                   : BIOS.obj (.text:ti_sysbios_BIOS_setThreadType__E)
                  00007d88    00000010                   : BIOS.obj (.text:ti_sysbios_BIOS_start__E)
                  00007d98    00000010                   : m3_TaskSupport_asm.obj (.text:ti_sysbios_family_arm_m3_TaskSupport_glue)
                  00007da8    00000010                   : BIOS.obj (.text:ti_sysbios_family_arm_msp432_init_Boot_disableWatchdog)
                  00007db8    00000010                   : BIOS.obj (.text:ti_sysbios_gates_GateMutex_Instance_finalize__E)
                  00007dc8    00000010                   : BIOS.obj (.text:ti_sysbios_knl_Semaphore_Instance_finalize__E)
                  00007dd8    00000010                   : BIOS.obj (.text:ti_sysbios_knl_Swi_disable__E)
                  00007de8    00000010     empty_pem4f.oem4f (.text:ti_sysbios_knl_Task_Object__get__S)
                  00007df8    00000010     sysbios.aem4f : BIOS.obj (.text:ti_sysbios_knl_Task_disable__E)
                  00007e08    00000010     ti.targets.arm.rtsarm.aem4f : Gate.oem4f (.text:xdc_runtime_Gate_leaveSystem__E)
                  00007e18    00000010                                 : Memory.oem4f (.text:xdc_runtime_Memory_free__E)
                  00007e28    00000010                                 : SysMin.oem4f (.text:xdc_runtime_SysMin_ready__E)
                  00007e38    00000010                                 : System.oem4f (.text:xdc_runtime_System_vsnprintf__E)
                  00007e48    00000010     empty_pem4f.oem4f (.text:xdc_runtime_Text_visitRope__I)
                  00007e58    0000000e     rtsv7M4_T_le_v4SPD16_eabi.lib : copy_decompress_none.obj (.text:decompress:none)
                  00007e66    00000002     --HOLE-- [fill = 0]
                  00007e68    0000000e     sysbios.aem4f : BIOS.obj (.text:ti_sysbios_knl_Queue_empty__E)
                  00007e76    0000000c     empty_pem4f.oem4f (.text:.bootCodeSection:ti_sysbios_family_arm_msp432_init_Boot_init__I)
                  00007e82    0000000c     msp432p4xx_driverlib.lib : cpu.o (.text:CPU_cpsid)
                  00007e8e    0000000c                              : cpu.o (.text:CPU_cpsie)
                  00007e9a    0000000c                              : spi.o (.text:EUSCI_A_SPI_enable)
                  00007ea6    0000000c                              : spi.o (.text:EUSCI_B_SPI_enable)
                  00007eb2    00000002     --HOLE-- [fill = 0]
                  00007eb4    0000000c                              : pcm.o (.text:PCM_getPowerState)
                  00007ec0    0000000c     drivers_MSP432P401R.aem4f : PowerMSP432.oem4f (.text:Power_getConstraintMask)
                  00007ecc    0000000c     rtsv7M4_T_le_v4SPD16_eabi.lib : copy_zero_init.obj (.text:decompress:ZI)
                  00007ed8    0000000c     sysbios.aem4f : BIOS.obj (.text:ti_sysbios_family_arm_msp432_Timer_getMaxTicks__E)
                  00007ee4    00000004     --HOLE-- [fill = 0]
                  00007ee8    0000000c                   : BIOS.obj (.text:ti_sysbios_gates_GateHwi_enter__E)
                  00007ef4    0000000c     empty_pem4f.oem4f (.text:ti_sysbios_knl_Clock_Params__init__S)
                  00007f00    0000000c     empty.obj (.text:ti_sysbios_knl_Clock_handle)
                  00007f0c    0000000c     empty_pem4f.oem4f (.text:ti_sysbios_knl_Queue_Object__get__S)
                  00007f18    0000000c     ti.targets.arm.rtsarm.aem4f : Error.oem4f (.text:xdc_runtime_Error_init__E)
                  00007f24    0000000c                                 : Gate.oem4f (.text:xdc_runtime_Gate_enterSystem__E)
                  00007f30    0000000c                                 : Memory.oem4f (.text:xdc_runtime_Memory_calloc__E)
                  00007f3c    0000000c                                 : Memory.oem4f (.text:xdc_runtime_Memory_getMaxDefaultTypeAlign__E)
                  00007f48    0000000a     Crystalfontz128x128_ST7735.obj (.text:Crystalfontz128x128_Flush)
                  00007f52    0000000a     empty_pem4f.oem4f (.text:xdc_runtime_IHeap_alloc)
                  00007f5c    0000000a     empty_pem4f.oem4f (.text:xdc_runtime_IHeap_free)
                  00007f66    00000008     msp432p4xx_driverlib.lib : spi.o (.text:EUSCI_B_SPI_getInterruptStatus)
                  00007f6e    00000008     MSP_EXP432P401R.obj (.text:MSP_EXP432P401R_initGeneral)
                  00007f76    00000008     msp432p4xx_driverlib.lib : pcm.o (.text:PCM_setPowerMode)
                  00007f7e    00000008                              : pcm.o (.text:PCM_setPowerState)
                  00007f86    00000002     --HOLE-- [fill = 0]
                  00007f88    00000008     sysbios.aem4f : BIOS.obj (.text:ti_sysbios_family_arm_m3_Hwi_doSwiRestore__I)
                  00007f90    00000008                   : BIOS.obj (.text:ti_sysbios_family_arm_m3_Hwi_startup__E)
                  00007f98    00000006                   : BIOS.obj (.text:ti_sysbios_family_arm_m3_Hwi_doTaskRestore__I)
                  00007f9e    00000002     --HOLE-- [fill = 0]
                  00007fa0    00000006                   : BIOS.obj (.text:ti_sysbios_gates_GateHwi_leave__E)
                  00007fa6    00000002     --HOLE-- [fill = 0]
                  00007fa8    00000006                   : BIOS.obj (.text:ti_sysbios_heaps_HeapMem_isBlocking__E)
                  00007fae    00000002     --HOLE-- [fill = 0]
                  00007fb0    00000006                   : BIOS.obj (.text:ti_sysbios_knl_Queue_Instance_init__E)
                  00007fb6    00000002     --HOLE-- [fill = 0]
                  00007fb8    00000006                   : BIOS.obj (.text:ti_sysbios_knl_Swi_startup__E)
                  00007fbe    00000002     --HOLE-- [fill = 0]
                  00007fc0    00000004                   : BIOS.obj (.text:ti_sysbios_gates_GateHwi_query__E)
                  00007fc4    00000004     --HOLE-- [fill = 0]
                  00007fc8    00000004                   : BIOS.obj (.text:ti_sysbios_gates_GateMutex_query__E)
                  00007fcc    00000004     --HOLE-- [fill = 0]
                  00007fd0    00000004                   : BIOS.obj (.text:ti_sysbios_knl_Semaphore_getCount__E)
                  00007fd4    00000004     --HOLE-- [fill = 0]
                  00007fd8    00000004                   : BIOS.obj (.text:ti_sysbios_knl_Task_startup__E)
                  00007fdc    00000004     --HOLE-- [fill = 0]
                  00007fe0    00000002                   : BIOS.obj (.text:ti_sysbios_gates_GateHwi_Instance_init__E)
                  00007fe2    00000006     --HOLE-- [fill = 0]
                  00007fe8    00000002                   : BIOS.obj (.text:ti_sysbios_knl_Clock_logTick__E)

.const     0    00007fec    000022c3     
                  00007fec    00001861     empty_pem4f.oem4f (.const:xdc_runtime_Text_charTab__A)
                  0000984d    000002f8     fontfixed6x8.obj (.const:.string:g_pucFontFixed6x8Data)
                  00009b45    00000101     rtsv7M4_T_le_v4SPD16_eabi.lib : ctype.obj (.const:.string:_ctypes_)
                  00009c46    00000002     empty_pem4f.oem4f (.const:ti_sysbios_family_arm_m3_Hwi_Module__id__C)
                  00009c48    000000c8     fontfixed6x8.obj (.const:g_sFontFixed6x8)
                  00009d10    000000b8     empty_pem4f.oem4f (.const:xdc_runtime_Text_nodeTab__A)
                  00009dc8    00000080     msp432p4xx_driverlib.lib : adc14.o (.const:_ctlRegs)
                  00009e48    00000048     empty_pem4f.oem4f (.const:.string)
                  00009e90    0000002c     Crystalfontz128x128_ST7735.obj (.const:g_sCrystalfontz128x128)
                  00009ebc    00000028     empty_pem4f.oem4f (.const:ti_sysbios_heaps_HeapMem_Module__FXNS__C)
                  00009ee4    00000024     init_all.obj (.const:$P$T0$1)
                  00009f08    00000024     empty_pem4f.oem4f (.const:ti_sysbios_gates_GateHwi_Module__FXNS__C)
                  00009f2c    00000024     empty_pem4f.oem4f (.const:ti_sysbios_gates_GateMutex_Module__FXNS__C)
                  00009f50    00000024     empty_pem4f.oem4f (.const:ti_sysbios_heaps_HeapMem_Object__PARAMS__C)
                  00009f74    00000024     empty_pem4f.oem4f (.const:ti_sysbios_knl_Clock_Object__PARAMS__C)
                  00009f98    00000024     empty_pem4f.oem4f (.const:ti_sysbios_knl_Semaphore_Object__PARAMS__C)
                  00009fbc    00000024     empty_pem4f.oem4f (.const:xdc_runtime_Startup_sfxnTab__A)
                  00009fe0    00000020     empty_pem4f.oem4f (.const:ti_sysbios_gates_GateHwi_Object__DESC__C)
                  0000a000    00000020     empty_pem4f.oem4f (.const:ti_sysbios_gates_GateMutex_Object__DESC__C)
                  0000a020    00000020     empty_pem4f.oem4f (.const:ti_sysbios_heaps_HeapMem_Object__DESC__C)
                  0000a040    00000020     empty_pem4f.oem4f (.const:ti_sysbios_knl_Clock_Object__DESC__C)
                  0000a060    00000020     empty_pem4f.oem4f (.const:ti_sysbios_knl_Queue_Object__DESC__C)
                  0000a080    00000020     empty_pem4f.oem4f (.const:ti_sysbios_knl_Semaphore_Object__DESC__C)
                  0000a0a0    0000001c     HAL_MSP_EXP432P401R_Crystalfontz128x128_ST7735.obj (.const)
                  0000a0bc    0000001c     empty_pem4f.oem4f (.const)
                  0000a0d8    00000018     empty_pem4f.oem4f (.const:ti_sysbios_gates_GateHwi_Object__PARAMS__C)
                  0000a0f0    00000018     empty_pem4f.oem4f (.const:ti_sysbios_gates_GateMutex_Object__PARAMS__C)
                  0000a108    00000018     empty_pem4f.oem4f (.const:ti_sysbios_knl_Queue_Object__PARAMS__C)
                  0000a120    00000012     empty_pem4f.oem4f (.const:xdc_runtime_Startup_sfxnRts__A)
                  0000a132    00000002     empty_pem4f.oem4f (.const:ti_sysbios_heaps_HeapMem_Module__id__C)
                  0000a134    00000010     MSP_EXP432P401R.obj (.const)
                  0000a144    0000000c     empty_pem4f.oem4f (.const:xdc_runtime_Startup_firstFxns__A)
                  0000a150    00000008     Crystalfontz128x128_ST7735.obj (.const)
                  0000a158    00000008     empty_pem4f.oem4f (.const:ti_sysbios_family_arm_m3_Hwi_excHookFuncs__A)
                  0000a160    00000008     empty_pem4f.oem4f (.const:ti_sysbios_knl_Idle_funcList__A)
                  0000a168    00000008     empty_pem4f.oem4f (.const:ti_sysbios_knl_Idle_funcList__C)
                  0000a170    00000008     empty_pem4f.oem4f (.const:xdc_runtime_Startup_firstFxns__C)
                  0000a178    00000008     empty_pem4f.oem4f (.const:xdc_runtime_Startup_lastFxns__C)
                  0000a180    00000004     empty_pem4f.oem4f (.const:ti_sysbios_family_arm_m3_Hwi_E_NMI__C)
                  0000a184    00000004     empty_pem4f.oem4f (.const:ti_sysbios_family_arm_m3_Hwi_E_busFault__C)
                  0000a188    00000004     empty_pem4f.oem4f (.const:ti_sysbios_family_arm_m3_Hwi_E_debugMon__C)
                  0000a18c    00000004     empty_pem4f.oem4f (.const:ti_sysbios_family_arm_m3_Hwi_E_hardFault__C)
                  0000a190    00000004     empty_pem4f.oem4f (.const:ti_sysbios_family_arm_m3_Hwi_E_memFault__C)
                  0000a194    00000004     empty_pem4f.oem4f (.const:ti_sysbios_family_arm_m3_Hwi_E_noIsr__C)
                  0000a198    00000004     empty_pem4f.oem4f (.const:ti_sysbios_family_arm_m3_Hwi_E_reserved__C)
                  0000a19c    00000004     empty_pem4f.oem4f (.const:ti_sysbios_family_arm_m3_Hwi_E_svCall__C)
                  0000a1a0    00000004     empty_pem4f.oem4f (.const:ti_sysbios_family_arm_m3_Hwi_E_usageFault__C)
                  0000a1a4    00000004     empty_pem4f.oem4f (.const:ti_sysbios_family_arm_m3_Hwi_NUM_INTERRUPTS__C)
                  0000a1a8    00000004     empty_pem4f.oem4f (.const:ti_sysbios_family_arm_m3_Hwi_Object__count__C)
                  0000a1ac    00000004     empty_pem4f.oem4f (.const:ti_sysbios_family_arm_m3_Hwi_ccr__C)
                  0000a1b0    00000004     empty_pem4f.oem4f (.const:ti_sysbios_family_arm_m3_Hwi_excHandlerFunc__C)
                  0000a1b4    00000004     empty_pem4f.oem4f (.const:ti_sysbios_family_arm_m3_Hwi_excHookFuncs__C)
                  0000a1b8    00000004     empty_pem4f.oem4f (.const:ti_sysbios_family_arm_m3_Hwi_nullIsrFunc__C)
                  0000a1bc    00000004     empty_pem4f.oem4f (.const:ti_sysbios_family_arm_m3_Hwi_priGroup__C)
                  0000a1c0    00000004     empty_pem4f.oem4f (.const:ti_sysbios_family_arm_msp432_Timer_numTimerDevices__C)
                  0000a1c4    00000004     empty_pem4f.oem4f (.const:ti_sysbios_family_arm_msp432_Timer_startupNeeded__C)
                  0000a1c8    00000004     empty_pem4f.oem4f (.const:ti_sysbios_gates_GateMutex_Instance_State_sem__O)
                  0000a1cc    00000004     empty_pem4f.oem4f (.const:ti_sysbios_heaps_HeapMem_E_memory__C)
                  0000a1d0    00000004     empty_pem4f.oem4f (.const:ti_sysbios_heaps_HeapMem_Module__gateObj__C)
                  0000a1d4    00000004     empty_pem4f.oem4f (.const:ti_sysbios_heaps_HeapMem_Object__count__C)
                  0000a1d8    00000004     empty_pem4f.oem4f (.const:ti_sysbios_heaps_HeapMem_reqAlign__C)
                  0000a1dc    00000004     empty_pem4f.oem4f (.const:ti_sysbios_knl_Clock_Module_State_clockQ__O)
                  0000a1e0    00000004     empty_pem4f.oem4f (.const:ti_sysbios_knl_Mailbox_Instance_State_dataQue__O)
                  0000a1e4    00000004     empty_pem4f.oem4f (.const:ti_sysbios_knl_Mailbox_Instance_State_dataSem__O)
                  0000a1e8    00000004     empty_pem4f.oem4f (.const:ti_sysbios_knl_Mailbox_Instance_State_freeQue__O)
                  0000a1ec    00000004     empty_pem4f.oem4f (.const:ti_sysbios_knl_Mailbox_Instance_State_freeSem__O)
                  0000a1f0    00000004     empty_pem4f.oem4f (.const:ti_sysbios_knl_Mailbox_Object__count__C)
                  0000a1f4    00000004     empty_pem4f.oem4f (.const:ti_sysbios_knl_Mailbox_maxTypeAlign__C)
                  0000a1f8    00000004     empty_pem4f.oem4f (.const:ti_sysbios_knl_Semaphore_Instance_State_pendQ__O)
                  0000a1fc    00000004     empty_pem4f.oem4f (.const:ti_sysbios_knl_Swi_Object__count__C)
                  0000a200    00000004     empty_pem4f.oem4f (.const:ti_sysbios_knl_Task_Module_State_inactiveQ__O)
                  0000a204    00000004     empty_pem4f.oem4f (.const:ti_sysbios_knl_Task_Object__count__C)
                  0000a208    00000004     empty_pem4f.oem4f (.const:ti_sysbios_knl_Task_allBlockedFunc__C)
                  0000a20c    00000004     empty_pem4f.oem4f (.const:ti_sysbios_knl_Task_numConstructedTasks__C)
                  0000a210    00000004     empty_pem4f.oem4f (.const:xdc_runtime_Assert_E_assertFailed__C)
                  0000a214    00000004     empty_pem4f.oem4f (.const:xdc_runtime_Core_A_initializedParams__C)
                  0000a218    00000004     empty_pem4f.oem4f (.const:xdc_runtime_Core_Module__diagsEnabled__C)
                  0000a21c    00000004     empty_pem4f.oem4f (.const:xdc_runtime_Core_Module__diagsIncluded__C)
                  0000a220    00000004     empty_pem4f.oem4f (.const:xdc_runtime_Core_Module__diagsMask__C)
                  0000a224    00000004     empty_pem4f.oem4f (.const:xdc_runtime_Error_E_memory__C)
                  0000a228    00000004     empty_pem4f.oem4f (.const:xdc_runtime_Error_Module__diagsEnabled__C)
                  0000a22c    00000004     empty_pem4f.oem4f (.const:xdc_runtime_Error_Module__diagsIncluded__C)
                  0000a230    00000004     empty_pem4f.oem4f (.const:xdc_runtime_Error_Module__diagsMask__C)
                  0000a234    00000004     empty_pem4f.oem4f (.const:xdc_runtime_Error_Module__loggerFxn8__C)
                  0000a238    00000004     empty_pem4f.oem4f (.const:xdc_runtime_Error_Module__loggerObj__C)
                  0000a23c    00000004     empty_pem4f.oem4f (.const:xdc_runtime_Error_policyFxn__C)
                  0000a240    00000004     empty_pem4f.oem4f (.const:xdc_runtime_Error_raiseHook__C)
                  0000a244    00000004     empty_pem4f.oem4f (.const:xdc_runtime_IGateProvider_Interface__BASE__C)
                  0000a248    00000004     empty_pem4f.oem4f (.const:xdc_runtime_IHeap_Interface__BASE__C)
                  0000a24c    00000004     empty_pem4f.oem4f (.const:xdc_runtime_IModule_Interface__BASE__C)
                  0000a250    00000004     empty_pem4f.oem4f (.const:xdc_runtime_Log_L_error__C)
                  0000a254    00000004     empty_pem4f.oem4f (.const:xdc_runtime_Memory_defaultHeapInstance__C)
                  0000a258    00000004     empty_pem4f.oem4f (.const:xdc_runtime_Startup_execImpl__C)
                  0000a25c    00000004     empty_pem4f.oem4f (.const:xdc_runtime_Startup_maxPasses__C)
                  0000a260    00000004     empty_pem4f.oem4f (.const:xdc_runtime_Startup_sfxnRts__C)
                  0000a264    00000004     empty_pem4f.oem4f (.const:xdc_runtime_Startup_sfxnTab__C)
                  0000a268    00000004     empty_pem4f.oem4f (.const:xdc_runtime_SysMin_bufSize__C)
                  0000a26c    00000004     empty_pem4f.oem4f (.const:xdc_runtime_SysMin_outputFunc__C)
                  0000a270    00000004     empty_pem4f.oem4f (.const:xdc_runtime_System_Module__gateObj__C)
                  0000a274    00000004     empty_pem4f.oem4f (.const:xdc_runtime_System_abortFxn__C)
                  0000a278    00000004     empty_pem4f.oem4f (.const:xdc_runtime_System_exitFxn__C)
                  0000a27c    00000004     empty_pem4f.oem4f (.const:xdc_runtime_System_extendFxn__C)
                  0000a280    00000004     empty_pem4f.oem4f (.const:xdc_runtime_System_maxAtexitHandlers__C)
                  0000a284    00000004     empty_pem4f.oem4f (.const:xdc_runtime_Text_charTab__C)
                  0000a288    00000004     empty_pem4f.oem4f (.const:xdc_runtime_Text_nameEmpty__C)
                  0000a28c    00000004     empty_pem4f.oem4f (.const:xdc_runtime_Text_nameStatic__C)
                  0000a290    00000004     empty_pem4f.oem4f (.const:xdc_runtime_Text_nameUnknown__C)
                  0000a294    00000004     empty_pem4f.oem4f (.const:xdc_runtime_Text_nodeTab__C)
                  0000a298    00000004     empty_pem4f.oem4f (.const:xdc_runtime_Text_visitRopeFxn__C)
                  0000a29c    00000002     empty_pem4f.oem4f (.const:xdc_runtime_Core_Module__id__C)
                  0000a29e    00000002     empty_pem4f.oem4f (.const:xdc_runtime_Error_Module__loggerDefined__C)
                  0000a2a0    00000002     empty_pem4f.oem4f (.const:xdc_runtime_Error_maxDepth__C)
                  0000a2a2    00000002     empty_pem4f.oem4f (.const:xdc_runtime_Memory_Module__id__C)
                  0000a2a4    00000002     empty_pem4f.oem4f (.const:xdc_runtime_SysMin_flushAtExit__C)
                  0000a2a6    00000002     empty_pem4f.oem4f (.const:xdc_runtime_Text_charCnt__C)
                  0000a2a8    00000002     empty_pem4f.oem4f (.const:xdc_runtime_Text_isLoaded__C)
                  0000a2aa    00000002     empty_pem4f.oem4f (.const:xdc_runtime_Text_registryModsLastId__C)
                  0000a2ac    00000002     empty_pem4f.oem4f (.const:xdc_runtime_Text_unnamedModsLastId__C)
                  0000a2ae    00000001     empty_pem4f.oem4f (.const:xdc_runtime_Error_policy__C)

.cinit     0    0000a2b0    00000500     
                  0000a2b0    000004c8     (.cinit..data.load) [load image, compression = rle]
                  0000a778    0000000c     (__TI_handler_table)
                  0000a784    00000004     --HOLE-- [fill = 0]
                  0000a788    00000008     (.cinit..bss.load) [load image, compression = zero_init]
                  0000a790    00000008     (.cinit..vecs.load) [load image, compression = zero_init]
                  0000a798    00000018     (__TI_cinit_table)

.resetVecs 
*          0    00000000    0000003c     
                  00000000    0000003c     empty_pem4f.oem4f (.resetVecs)

.bss       0    20000140    000030aa     UNINITIALIZED
                  20000140    00002580     empty_pem4f.oem4f (.bss:ti_sysbios_knl_Mailbox_Instance_State_0_allocBuf__A)
                  200026c0    00000400     empty_pem4f.oem4f (.bss:ti_sysbios_heaps_HeapMem_Instance_State_0_buf__A)
                  20002ac0    00000200     empty_pem4f.oem4f (.bss:taskStackSection)
                  20002cc0    000001e0     empty_pem4f.oem4f (.bss:ti_sysbios_knl_Mailbox_Instance_State_1_allocBuf__A)
                  20002ea0    00000140     empty_pem4f.oem4f (.bss:ti_sysbios_family_arm_m3_Hwi_dispatchTable)
                  20002fe0    00000120     rtsv7M4_T_le_v4SPD16_eabi.lib : trgmsg.obj (.bss:__CIOBUF_)
                  20003100    00000080     empty_pem4f.oem4f (.bss:xdc_runtime_SysMin_Module_State_0_outbuf__A)
                  20003180    00000024     empty.obj (.bss:clk0Struct)
                  200031a4    0000001c     (.common:g_sContext)
                  200031c0    00000008     (.common:parmbuf)
                  200031c8    00000004     (.common:clk0Handle)
                  200031cc    00000004     (.common:receiveData)
                  200031d0    00000002     (.common:Lcd_ScreenHeigth)
                  200031d2    00000002     (.common:Lcd_ScreenWidth)
                  200031d4    00000002     (.common:Lcd_TouchTrim)
                  200031d6    00000002     (.common:avgX$4)
                  200031d8    00000002     (.common:avgY$5)
                  200031da    00000002     (.common:avgZ$6)
                  200031dc    00000002     (.common:lastX$1)
                  200031de    00000002     (.common:lastY$2)
                  200031e0    00000002     (.common:lastZ$3)
                  200031e2    00000001     (.common:Lcd_FlagRead)
                  200031e3    00000001     (.common:Lcd_FontSolid)
                  200031e4    00000001     (.common:Lcd_Orientation)
                  200031e5    00000001     (.common:Lcd_PenSolid)
                  200031e6    00000001     (.common:dataSetASCII)
                  200031e7    00000001     (.common:dataSetHundreds)
                  200031e8    00000001     (.common:dataSetOnes)
                  200031e9    00000001     (.common:dataSetTens)

.data      0    200031f0    0000076c     UNINITIALIZED
                  200031f0    00000148     empty_pem4f.oem4f (.data)
                  20003338    000000b0     rtsv7M4_T_le_v4SPD16_eabi.lib : signal.obj (.data:sigtable)
                  200033e8    000000a0     empty_pem4f.oem4f (.data:ti_sysbios_knl_Mailbox_Object__table__V)
                  20003488    0000009c     drivers_MSP432P401R.aem4f : PowerMSP432.oem4f (.data:PowerMSP432_perfLevels)
                  20003524    00000004     rtsv7M4_T_le_v4SPD16_eabi.lib : errno.obj (.data)
                  20003528    00000080                                   : xvalues.obj (.data)
                  200035a8    00000080     empty_pem4f.oem4f (.data:ti_sysbios_knl_Swi_Module_State_0_readyQ__A)
                  20003628    00000080     empty_pem4f.oem4f (.data:ti_sysbios_knl_Task_Module_State_0_readyQ__A)
                  200036a8    0000004c     empty_pem4f.oem4f (.data:ti_sysbios_family_arm_msp432_Timer_Object__table__V)
                  200036f4    0000004c     empty_pem4f.oem4f (.data:ti_sysbios_knl_Task_Object__table__V)
                  20003740    00000048     empty_pem4f.oem4f (.data:ti_sysbios_family_arm_m3_Hwi_Object__table__V)
                  20003788    00000044     empty_pem4f.oem4f (.data:ti_sysbios_knl_Task_Module__state__V)
                  200037cc    00000038     empty_pem4f.oem4f (.data:ti_sysbios_gates_GateMutex_Object__table__V)
                  20003804    00000034     empty_pem4f.oem4f (.data:ti_sysbios_family_arm_m3_Hwi_Module__state__V)
                  20003838    00000030     msp432p4xx_driverlib.lib : gpio.o (.data:GPIO_PORT_TO_BASE)
                  20003868    00000030     empty_pem4f.oem4f (.data:ti_sysbios_knl_Swi_Object__table__V)
                  20003898    0000002c     empty_pem4f.oem4f (.data:ti_sysbios_knl_Clock_Module__state__V)
                  200038c4    00000028     empty_pem4f.oem4f (.data:ti_sysbios_knl_Semaphore_Object__table__V)
                  200038ec    00000024     drivers_MSP432P401R.aem4f : PowerMSP432.oem4f (.data:PowerMSP432_module)
                  20003910    00000024     empty_pem4f.oem4f (.data:ti_sysbios_BIOS_Module__state__V)
                  20003934    00000009     empty.obj (.data)
                  2000393d    00000003     --HOLE--
                  20003940    00000008     rtsv7M4_T_le_v4SPD16_eabi.lib : _lock.obj (.data)
                  20003948    00000008                                   : exit.obj (.data)
                  20003950    00000008                                   : feraiseexcept.obj (.data)
                  20003958    00000004                                   : stkdepth_vars.obj (.data)

.stack     0    2000fd00    00000300     UNINITIALIZED
                  2000fd00    00000300     --HOLE--

.bootVecs 
*          0    00000000    00000008     DSECT
                  00000000    00000008     boot.aem4f : boot.oem4f (.bootVecs)

.vecs      0    20000000    00000140     UNINITIALIZED
                  20000000    00000140     empty_pem4f.oem4f (.vecs)

xdc.meta   0    00000000    000000e8     COPY SECTION
                  00000000    000000e8     empty_pem4f.oem4f (xdc.meta)

.TI.noinit 
*          0    20000140    00000000     UNINITIALIZED

.TI.persistent 
*          0    200031f0    00000000     UNINITIALIZED


LINKER GENERATED COPY TABLES

__TI_cinit_table @ 0000a798 records: 3, size/record: 8, table size: 24
	.data: load addr=0000a2b0, load size=000004c8 bytes, run addr=200031f0, run size=0000076c bytes, compression=rle
	.bss: load addr=0000a788, load size=00000008 bytes, run addr=20000140, run size=000030aa bytes, compression=zero_init
	.vecs: load addr=0000a790, load size=00000008 bytes, run addr=20000000, run size=00000140 bytes, compression=zero_init


LINKER GENERATED HANDLER TABLE

__TI_handler_table @ 0000a778 records: 3, size/record: 4, table size: 12
	index: 0, handler: __TI_decompress_rle24
	index: 1, handler: __TI_decompress_none
	index: 2, handler: __TI_zero_init


GLOBAL SYMBOLS: SORTED ALPHABETICALLY BY Name 

address   name                                                        
-------   ----                                                        
00007a65  ADC14_getResult                                             
000055b9  ADC_HWI                                                     
00006579  C$$EXIT                                                     
0000564f  C$$IO$$                                                     
00007e83  CPU_cpsid                                                   
00007e8f  CPU_cpsie                                                   
000028c5  CPU_wfi                                                     
00004171  CS_initClockSignal                                          
00007405  CS_setDCOCenteredFrequency                                  
0000333d  Crystalfontz128x128_Init                                    
00003209  Crystalfontz128x128_SetDrawFrame                            
00005cd9  Crystalfontz128x128_SetOrientation                          
00002ba5  EUSCIA2_IRQHandler                                          
00007e9b  EUSCI_A_SPI_enable                                          
00002a3d  EUSCI_A_SPI_transmitData                                    
00007ea7  EUSCI_B_SPI_enable                                          
00007f67  EUSCI_B_SPI_getInterruptStatus                              
00002e4d  EUSCI_B_SPI_transmitData                                    
00006759  FlashCtl_disableReadBuffering                               
00006b81  FlashCtl_enableReadBuffering                                
00007319  FlashCtl_setWaitState                                       
00007429  GPIO_setAsOutputPin                                         
00006381  GPIO_setAsPeripheralModuleFunctionInputPin                  
000060c1  GPIO_setAsPeripheralModuleFunctionOutputPin                 
00007c29  GPIO_setOutputHighOnPin                                     
00007a7d  GPIO_setOutputLowOnPin                                      
00007d09  Graphics_clearDisplay                                       
00007a95  Graphics_clearDisplayOnDisplay                              
00006bb5  Graphics_drawHorizontalLineOnDisplay                        
00004a31  Graphics_drawLineH                                          
00007249  Graphics_drawPixelOnDisplay                                 
000010fb  Graphics_drawString                                         
000063c9  Graphics_drawStringCentered                                 
00003bad  Graphics_getStringWidth                                     
00006335  Graphics_initContext                                        
00007945  Graphics_setBackgroundColor                                 
0000795f  Graphics_setFont                                            
00007ba1  Graphics_setForegroundColor                                 
00007bb7  Graphics_translateColorOnDisplay                            
00006d53  HAL_LCD_PortInit                                            
000067d9  HAL_LCD_SpiInit                                             
00006be9  HAL_LCD_writeCommand                                        
0000744d  HAL_LCD_writeData                                           
00001f81  HOSTclock                                                   
00001f49  HOSTclose                                                   
00001f0b  HOSTgetenv                                                  
00001eaf  HOSTlseek                                                   
00001e5d  HOSTopen                                                    
00001e11  HOSTread                                                    
00001db3  HOSTrename                                                  
00001d79  HOSTtime                                                    
00001d41  HOSTunlink                                                  
00001cf5  HOSTwrite                                                   
00003207  Idle_fcxn                                                   
0000a0d0  LCDsemaphore                                                
200031e2  Lcd_FlagRead                                                
200031e3  Lcd_FontSolid                                               
200031e4  Lcd_Orientation                                             
200031e5  Lcd_PenSolid                                                
200031d0  Lcd_ScreenHeigth                                            
200031d2  Lcd_ScreenWidth                                             
200031d4  Lcd_TouchTrim                                               
0000379d  List_head                                                   
0000432d  List_next                                                   
00007f6f  MSP_EXP432P401R_initGeneral                                 
00007141  PCM_getCoreVoltageLevel                                     
00007273  PCM_getPowerMode                                            
00007eb5  PCM_getPowerState                                           
00007341  PCM_gotoLPM0                                                
0000505d  PCM_gotoLPM3                                                
00007d45  PCM_gotoLPM4                                                
00007f77  PCM_setPowerMode                                            
00007f7f  PCM_setPowerState                                           
00005f2d  PCM_shutdownDevice                                          
0000a134  PowerMSP432_config                                          
00003ca7  PowerMSP432_initPolicy                                      
200038ec  PowerMSP432_module                                          
20003488  PowerMSP432_perfLevels                                      
00005f7d  PowerMSP432_sleepPolicy                                     
0000716d  PowerMSP432_updateFreqs                                     
00007ec1  Power_getConstraintMask                                     
0000769d  Power_idleFunc                                              
00006999  Power_init                                                  
00003e99  Power_sleep                                                 
00007471  RTC_C_holdClock                                             
00007495  RTC_C_startClock                                            
UNDEFED   SHT$$INIT_ARRAY$$Base                                       
UNDEFED   SHT$$INIT_ARRAY$$Limit                                      
00007979  SPI_enableModule                                            
00004db5  SPI_initMaster                                              
000076bd  SPI_transmitData                                            
0000a0d4  UartStartSemaphore                                          
4000480c  WDTCTL_SYM                                                  
00007aad  WDT_A_holdTimer                                             
00007c3d  WDT_A_startTimer                                            
00006db5  _Dclass                                                     
20003528  _Denorm                                                     
000044c9  _Dnorm                                                      
00003581  _Dscale                                                     
000056f1  _Dunscale                                                   
20003538  _Eps                                                        
20003524  _Errno                                                      
20003950  _Fenv                                                       
00006de5  _Feraise                                                    
20003548  _Hugeval                                                    
20003558  _Inf                                                        
20003568  _Nan                                                        
20003588  _Rteps                                                      
20003578  _Snan                                                       
20003954  _Tls_setup__Fenv                                            
20003598  _Xbig                                                       
200035a0  _Zero                                                       
00000000  __ASM__                                                     
20002fe0  __CIOBUF_                                                   
00000064  __ISA__                                                     
00000077  __PLAT__                                                    
20010000  __STACK_END                                                 
00000300  __STACK_SIZE                                                
0000009a  __TARG__                                                    
0000a798  __TI_CINIT_Base                                             
0000a7b0  __TI_CINIT_Limit                                            
0000a778  __TI_Handler_Table_Base                                     
0000a784  __TI_Handler_Table_Limit                                    
000047b5  __TI_auto_init                                              
20003948  __TI_cleanup_ptr                                            
00007e59  __TI_decompress_none                                        
0000783b  __TI_decompress_rle24                                       
2000394c  __TI_dtors_ptr                                              
00000df5  __TI_printfi                                                
00005653  __TI_readmsg                                                
0000a2b0  __TI_static_base__                                          
00005621  __TI_writemsg                                               
00007ecd  __TI_zero_init                                              
000000c0  __TRDR__                                                    
00004ec9  __aeabi_cdcmpeq                                             
00004ec9  __aeabi_cdcmple                                             
00004f4f  __aeabi_cdrcmple                                            
00006411  __aeabi_d2iz                                                
00002579  __aeabi_dadd                                                
000030d1  __aeabi_ddiv                                                
00003ab1  __aeabi_dmul                                                
0000256f  __aeabi_dsub                                                
000070b9  __aeabi_i2d                                                 
00004587  __aeabi_idiv0                                               
00005155  __aeabi_memclr                                              
00005155  __aeabi_memclr4                                             
00005155  __aeabi_memclr8                                             
00004acd  __aeabi_memcpy                                              
00004acd  __aeabi_memcpy4                                             
00004acd  __aeabi_memcpy8                                             
00005157  __aeabi_memset                                              
00005157  __aeabi_memset4                                             
00005157  __aeabi_memset8                                             
00006899  __aeabi_uidiv                                               
00006899  __aeabi_uidivmod                                            
00001fc9  __aeabi_uldivmod                                            
ffffffff  __binit__                                                   
ffffffff  __c_args__                                                  
2000fd00  __stack                                                     
00004c03  __xdc__init                                                 
20003334  __xdc__init__addr                                           
00007ac5  _args_main                                                  
00005b79  _c_int00                                                    
00009b45  _ctypes_                                                    
20003940  _lock                                                       
00007c73  _nop                                                        
00007c6b  _register_lock                                              
00007c65  _register_unlock                                            
20003944  _unlock                                                     
0000657d  abort                                                       
0000a0c8  absoluateAvgTask                                            
0000a0bc  adc_hwi                                                     
0000a0c0  adc_mailbox                                                 
0000610d  atoi                                                        
000038ad  averageCalcTask                                             
ffffffff  binit                                                       
00007c51  clk0Fxn                                                     
200031c8  clk0Handle                                                  
20003180  clk0Struct                                                  
00006159  copy_in                                                     
20003934  dataCounter                                                 
200031e6  dataSetASCII                                                
200031e7  dataSetHundreds                                             
200031e8  dataSetOnes                                                 
200031e9  dataSetTens                                                 
00004855  drawAccelData                                               
00005d2d  drawData                                                    
00005d81  drawTitle                                                   
00006585  exit                                                        
00006c1d  feraiseexcept                                               
0000729d  frexp                                                       
200031a4  g_sContext                                                  
00009e90  g_sCrystalfontz128x128                                      
00009c48  g_sFontFixed6x8                                             
000021bd  init_All                                                    
0000a0cc  lcd_mailbox                                                 
00005ed9  ldexp                                                       
00005c81  ltoa                                                        
00005945  main                                                        
20003958  main_func_sp                                                
0000781f  memccpy                                                     
00004acd  memcpy                                                      
0000515d  memset                                                      
00007df9  osi_TaskDisable                                             
00007d89  osi_start                                                   
000070e7  raise                                                       
200031cc  receiveData                                                 
00006859  signal                                                      
000058e5  sprintf                                                     
00007bcd  strchr                                                      
00007c79  strcpy                                                      
00007c8d  strlen                                                      
20003910  ti_sysbios_BIOS_Module__state__V                            
000079c7  ti_sysbios_BIOS_RtsGateProxy_Handle__label__S               
00007595  ti_sysbios_BIOS_RtsGateProxy_Object__delete__S              
00004645  ti_sysbios_BIOS_RtsGateProxy_enter__E                       
00004e3d  ti_sysbios_BIOS_RtsGateProxy_leave__E                       
00007fc9  ti_sysbios_BIOS_RtsGateProxy_query__E                       
00006e15  ti_sysbios_BIOS_atExitFunc__I                               
000074b9  ti_sysbios_BIOS_errorRaiseHook__I                           
00007be3  ti_sysbios_BIOS_exitFunc__I                                 
00007d59  ti_sysbios_BIOS_exit__E                                     
000051cf  ti_sysbios_BIOS_nullFunc__I                                 
000074dd  ti_sysbios_BIOS_registerRTSLock__I                          
00007501  ti_sysbios_BIOS_removeRTSLock__I                            
000076dd  ti_sysbios_BIOS_rtsLock__I                                  
00007add  ti_sysbios_BIOS_rtsUnlock__I                                
00007d69  ti_sysbios_BIOS_setCpuFreq__E                               
00007d79  ti_sysbios_BIOS_setThreadType__E                            
00007525  ti_sysbios_BIOS_startFunc__I                                
00007d89  ti_sysbios_BIOS_start__E                                    
0000a180  ti_sysbios_family_arm_m3_Hwi_E_NMI__C                       
0000a184  ti_sysbios_family_arm_m3_Hwi_E_busFault__C                  
0000a188  ti_sysbios_family_arm_m3_Hwi_E_debugMon__C                  
0000a18c  ti_sysbios_family_arm_m3_Hwi_E_hardFault__C                 
0000a190  ti_sysbios_family_arm_m3_Hwi_E_memFault__C                  
[...]
00007da9  ti_sysbios_family_arm_msp432_init_Boot_disableWatchdog      
00007db9  ti_sysbios_gates_GateMutex_Instance_finalize__E             
00007dc9  ti_sysbios_knl_Semaphore_Instance_finalize__E               
00007dd9  ti_sysbios_knl_Swi_disable__E                               
00007de9  ti_sysbios_knl_Task_Object__get__S                          
00007df9  osi_TaskDisable                                             
00007df9  ti_sysbios_knl_Task_disable__E                              
00007e09  xdc_runtime_Gate_leaveSystem__E                             
00007e19  xdc_runtime_Memory_free__E                                  
00007e29  xdc_runtime_SysMin_ready__E                                 
00007e29  xdc_runtime_System_SupportProxy_ready__E                    
00007e39  xdc_runtime_System_vsnprintf__E                             
00007e49  xdc_runtime_Text_visitRope__I                               
00007e59  __TI_decompress_none                                        
00007e69  ti_sysbios_knl_Queue_empty__E                               
00007e77  ti_sysbios_family_arm_msp432_init_Boot_init__I              
00007e77  xdc_runtime_Startup_reset__I                                
00007e83  CPU_cpsid                                                   
00007e8f  CPU_cpsie                                                   
00007e9b  EUSCI_A_SPI_enable                                          
00007ea7  EUSCI_B_SPI_enable                                          
00007eb5  PCM_getPowerState                                           
00007ec1  Power_getConstraintMask                                     
00007ecd  __TI_zero_init                                              
00007ed9  ti_sysbios_family_arm_msp432_Timer_getMaxTicks__E           
00007ee9  ti_sysbios_gates_GateHwi_enter__E                           
00007ef5  ti_sysbios_knl_Clock_Params__init__S                        
00007f0d  ti_sysbios_knl_Queue_Object__get__S                         
00007f19  xdc_runtime_Error_init__E                                   
00007f25  xdc_runtime_Gate_enterSystem__E                             
00007f31  xdc_runtime_Memory_calloc__E                                
00007f3d  xdc_runtime_Memory_getMaxDefaultTypeAlign__E                
00007f53  xdc_runtime_Memory_HeapProxy_alloc__E                       
00007f5d  xdc_runtime_Memory_HeapProxy_free__E                        
00007f67  EUSCI_B_SPI_getInterruptStatus                              
00007f6f  MSP_EXP432P401R_initGeneral                                 
00007f77  PCM_setPowerMode                                            
00007f7f  PCM_setPowerState                                           
00007f89  ti_sysbios_family_arm_m3_Hwi_doSwiRestore__I                
00007f91  ti_sysbios_family_arm_m3_Hwi_startup__E                     
00007f91  ti_sysbios_hal_Hwi_HwiProxy_startup__E                      
00007f99  ti_sysbios_family_arm_m3_Hwi_doTaskRestore__I               
00007fa1  ti_sysbios_gates_GateHwi_leave__E                           
00007fa9  ti_sysbios_heaps_HeapMem_isBlocking__E                      
00007fb1  ti_sysbios_knl_Queue_Instance_init__E                       
00007fb9  ti_sysbios_knl_Swi_startup__E                               
00007fc1  ti_sysbios_gates_GateHwi_query__E                           
00007fc1  xdc_runtime_Main_Module_GateProxy_query__E                  
00007fc1  xdc_runtime_System_Module_GateProxy_query__E                
00007fc9  ti_sysbios_BIOS_RtsGateProxy_query__E                       
00007fc9  ti_sysbios_gates_GateMutex_query__E                         
00007fc9  ti_sysbios_heaps_HeapMem_Module_GateProxy_query__E          
00007fd1  ti_sysbios_knl_Semaphore_getCount__E                        
00007fd9  ti_sysbios_knl_Task_startup__E                              
00007fe1  ti_sysbios_gates_GateHwi_Instance_init__E                   
00007fe9  ti_sysbios_knl_Clock_logTick__E                             
00007fec  xdc_runtime_Text_charTab__A                                 
00009b45  _ctypes_                                                    
00009c46  ti_sysbios_family_arm_m3_Hwi_Module__id__C                  
00009c48  g_sFontFixed6x8                                             
00009d10  xdc_runtime_Text_nodeTab__A                                 
00009e90  g_sCrystalfontz128x128                                      
00009ebc  ti_sysbios_heaps_HeapMem_Module__FXNS__C                    
00009f08  ti_sysbios_gates_GateHwi_Module__FXNS__C                    
00009f2c  ti_sysbios_gates_GateMutex_Module__FXNS__C                  
00009f50  ti_sysbios_heaps_HeapMem_Object__PARAMS__C                  
00009f74  ti_sysbios_knl_Clock_Object__PARAMS__C                      
00009f98  ti_sysbios_knl_Semaphore_Object__PARAMS__C                  
00009fbc  xdc_runtime_Startup_sfxnTab__A                              
00009fe0  ti_sysbios_gates_GateHwi_Object__DESC__C                    
0000a000  ti_sysbios_gates_GateMutex_Object__DESC__C                  
0000a020  ti_sysbios_heaps_HeapMem_Object__DESC__C                    
0000a040  ti_sysbios_knl_Clock_Object__DESC__C                        
0000a060  ti_sysbios_knl_Queue_Object__DESC__C                        
0000a080  ti_sysbios_knl_Semaphore_Object__DESC__C                    
0000a0bc  adc_hwi                                                     
0000a0c0  adc_mailbox                                                 
0000a0c4  uart_hwi                                                    
0000a0c8  absoluateAvgTask                                            
0000a0cc  lcd_mailbox                                                 
0000a0d0  LCDsemaphore                                                
0000a0d4  UartStartSemaphore                                          
0000a0d8  ti_sysbios_gates_GateHwi_Object__PARAMS__C                  
0000a0f0  ti_sysbios_gates_GateMutex_Object__PARAMS__C                
0000a108  ti_sysbios_knl_Queue_Object__PARAMS__C                      
0000a120  xdc_runtime_Startup_sfxnRts__A                              
0000a132  ti_sysbios_heaps_HeapMem_Module__id__C                      
0000a134  PowerMSP432_config                                          
0000a144  xdc_runtime_Startup_firstFxns__A                            
0000a158  ti_sysbios_family_arm_m3_Hwi_excHookFuncs__A                
0000a160  ti_sysbios_knl_Idle_funcList__A                             
0000a168  ti_sysbios_knl_Idle_funcList__C                             
0000a170  xdc_runtime_Startup_firstFxns__C                            
0000a178  xdc_runtime_Startup_lastFxns__C                             
0000a180  ti_sysbios_family_arm_m3_Hwi_E_NMI__C                       
0000a184  ti_sysbios_family_arm_m3_Hwi_E_busFault__C                  
0000a188  ti_sysbios_family_arm_m3_Hwi_E_debugMon__C                  
0000a18c  ti_sysbios_family_arm_m3_Hwi_E_hardFault__C                 
0000a190  ti_sysbios_family_arm_m3_Hwi_E_memFault__C                  
0000a194  ti_sysbios_family_arm_m3_Hwi_E_noIsr__C                     
0000a198  ti_sysbios_family_arm_m3_Hwi_E_reserved__C                  
0000a19c  ti_sysbios_family_arm_m3_Hwi_E_svCall__C                    
0000a1a0  ti_sysbios_family_arm_m3_Hwi_E_usageFault__C                
0000a1a4  ti_sysbios_family_arm_m3_Hwi_NUM_INTERRUPTS__C              
0000a1a8  ti_sysbios_family_arm_m3_Hwi_Object__count__C               
0000a1ac  ti_sysbios_family_arm_m3_Hwi_ccr__C                         
0000a1b0  ti_sysbios_family_arm_m3_Hwi_excHandlerFunc__C              
0000a1b4  ti_sysbios_family_arm_m3_Hwi_excHookFuncs__C                
0000a1b8  ti_sysbios_family_arm_m3_Hwi_nullIsrFunc__C                 
0000a1bc  ti_sysbios_family_arm_m3_Hwi_priGroup__C                    
0000a1c0  ti_sysbios_family_arm_msp432_Timer_numTimerDevices__C       
0000a1c4  ti_sysbios_family_arm_msp432_Timer_startupNeeded__C         
0000a1c8  ti_sysbios_gates_GateMutex_Instance_State_sem__O            
0000a1cc  ti_sysbios_heaps_HeapMem_E_memory__C                        
0000a1d0  ti_sysbios_heaps_HeapMem_Module__gateObj__C                 
0000a1d4  ti_sysbios_heaps_HeapMem_Object__count__C                   
0000a1d8  ti_sysbios_heaps_HeapMem_reqAlign__C                        
0000a1dc  ti_sysbios_knl_Clock_Module_State_clockQ__O                 
0000a1e0  ti_sysbios_knl_Mailbox_Instance_State_dataQue__O            
0000a1e4  ti_sysbios_knl_Mailbox_Instance_State_dataSem__O            
0000a1e8  ti_sysbios_knl_Mailbox_Instance_State_freeQue__O            
0000a1ec  ti_sysbios_knl_Mailbox_Instance_State_freeSem__O            
0000a1f0  ti_sysbios_knl_Mailbox_Object__count__C                     
0000a1f4  ti_sysbios_knl_Mailbox_maxTypeAlign__C                      
0000a1f8  ti_sysbios_knl_Semaphore_Instance_State_pendQ__O            
0000a1fc  ti_sysbios_knl_Swi_Object__count__C                         
0000a200  ti_sysbios_knl_Task_Module_State_inactiveQ__O               
0000a204  ti_sysbios_knl_Task_Object__count__C                        
0000a208  ti_sysbios_knl_Task_allBlockedFunc__C                       
0000a20c  ti_sysbios_knl_Task_numConstructedTasks__C                  
0000a210  xdc_runtime_Assert_E_assertFailed__C                        
0000a214  xdc_runtime_Core_A_initializedParams__C                     
0000a218  xdc_runtime_Core_Module__diagsEnabled__C                    
0000a21c  xdc_runtime_Core_Module__diagsIncluded__C                   
0000a220  xdc_runtime_Core_Module__diagsMask__C                       
0000a224  xdc_runtime_Error_E_memory__C                               
0000a228  xdc_runtime_Error_Module__diagsEnabled__C                   
0000a22c  xdc_runtime_Error_Module__diagsIncluded__C                  
0000a230  xdc_runtime_Error_Module__diagsMask__C                      
0000a234  xdc_runtime_Error_Module__loggerFxn8__C                     
0000a238  xdc_runtime_Error_Module__loggerObj__C                      
0000a23c  xdc_runtime_Error_policyFxn__C                              
0000a240  xdc_runtime_Error_raiseHook__C                              
0000a244  xdc_runtime_IGateProvider_Interface__BASE__C                
0000a248  xdc_runtime_IHeap_Interface__BASE__C                        
0000a24c  xdc_runtime_IModule_Interface__BASE__C                      
0000a250  xdc_runtime_Log_L_error__C                                  
0000a254  xdc_runtime_Memory_defaultHeapInstance__C                   
0000a258  xdc_runtime_Startup_execImpl__C                             
0000a25c  xdc_runtime_Startup_maxPasses__C                            
0000a260  xdc_runtime_Startup_sfxnRts__C                              
0000a264  xdc_runtime_Startup_sfxnTab__C                              
0000a268  xdc_runtime_SysMin_bufSize__C                               
0000a26c  xdc_runtime_SysMin_outputFunc__C                            
0000a270  xdc_runtime_System_Module__gateObj__C                       
0000a274  xdc_runtime_System_abortFxn__C                              
0000a278  xdc_runtime_System_exitFxn__C                               
0000a27c  xdc_runtime_System_extendFxn__C                             
0000a280  xdc_runtime_System_maxAtexitHandlers__C                     
0000a284  xdc_runtime_Text_charTab__C                                 
0000a288  xdc_runtime_Text_nameEmpty__C                               
0000a28c  xdc_runtime_Text_nameStatic__C                              
0000a290  xdc_runtime_Text_nameUnknown__C                             
0000a294  xdc_runtime_Text_nodeTab__C                                 
0000a298  xdc_runtime_Text_visitRopeFxn__C                            
0000a29c  xdc_runtime_Core_Module__id__C                              
0000a29e  xdc_runtime_Error_Module__loggerDefined__C                  
0000a2a0  xdc_runtime_Error_maxDepth__C                               
0000a2a2  xdc_runtime_Memory_Module__id__C                            
0000a2a4  xdc_runtime_SysMin_flushAtExit__C                           
0000a2a6  xdc_runtime_Text_charCnt__C                                 
0000a2a8  xdc_runtime_Text_isLoaded__C                                
0000a2aa  xdc_runtime_Text_registryModsLastId__C                      
0000a2ac  xdc_runtime_Text_unnamedModsLastId__C                       
0000a2ae  xdc_runtime_Error_policy__C                                 
0000a2b0  __TI_static_base__                                          
0000a778  __TI_Handler_Table_Base                                     
0000a784  __TI_Handler_Table_Limit                                    
0000a798  __TI_CINIT_Base                                             
0000a7b0  __TI_CINIT_Limit                                            
20000000  ti_sysbios_family_arm_m3_Hwi_ramVectors                     
20000140  ti_sysbios_knl_Mailbox_Instance_State_0_allocBuf__A         
200026c0  ti_sysbios_heaps_HeapMem_Instance_State_0_buf__A            
20002ac0  ti_sysbios_knl_Task_Instance_State_0_stack__A               
20002cc0  ti_sysbios_knl_Mailbox_Instance_State_1_allocBuf__A         
20002ea0  ti_sysbios_family_arm_m3_Hwi_dispatchTable                  
20002fe0  __CIOBUF_                                                   
20003100  xdc_runtime_SysMin_Module_State_0_outbuf__A                 
20003180  clk0Struct                                                  
200031a4  g_sContext                                                  
200031c8  clk0Handle                                                  
200031cc  receiveData                                                 
200031d0  Lcd_ScreenHeigth                                            
200031d2  Lcd_ScreenWidth                                             
200031d4  Lcd_TouchTrim                                               
200031e2  Lcd_FlagRead                                                
200031e3  Lcd_FontSolid                                               
200031e4  Lcd_Orientation                                             
200031e5  Lcd_PenSolid                                                
200031e6  dataSetASCII                                                
200031e7  dataSetHundreds                                             
200031e8  dataSetOnes                                                 
200031e9  dataSetTens                                                 
200031f0  ti_sysbios_family_arm_m3_Hwi_Module__root__V                
200031f8  ti_sysbios_family_arm_m3_Hwi_Module_State_0_excActive__A    
200031fc  ti_sysbios_family_arm_m3_Hwi_Module_State_0_excContext__A   
20003200  ti_sysbios_family_arm_m3_Hwi_Module_State_0_excStack__A     
20003204  ti_sysbios_family_arm_msp432_ClockFreqs_Module__state__V    
20003210  ti_sysbios_family_arm_msp432_Timer_Module__root__V          
20003218  ti_sysbios_family_arm_msp432_Timer_Module_State_0_device__A 
20003238  ti_sysbios_family_arm_msp432_Timer_Module_State_0_handles__A
20003248  ti_sysbios_family_arm_msp432_Timer_Module__state__V         
20003254  ti_sysbios_gates_GateHwi_Module__root__V                    
2000325c  ti_sysbios_gates_GateHwi_Object__table__V                   
20003260  ti_sysbios_gates_GateMutex_Module__root__V                  
20003268  ti_sysbios_hal_Hwi_Module__root__V                          
20003270  ti_sysbios_hal_Hwi_Object__table__V                         
20003280  ti_sysbios_heaps_HeapMem_Module__root__V                    
20003288  ti_sysbios_heaps_HeapMem_Object__table__V                   
200032a0  ti_sysbios_knl_Clock_Module__root__V                        
200032a8  ti_sysbios_knl_Event_Module__root__V                        
200032b0  ti_sysbios_knl_Mailbox_Module__root__V                      
200032b8  ti_sysbios_knl_Queue_Module__root__V                        
200032c0  ti_sysbios_knl_Semaphore_Module__root__V                    
200032c8  ti_sysbios_knl_Swi_Module__root__V                          
200032d0  ti_sysbios_knl_Swi_Module__state__V                         
200032ec  ti_sysbios_knl_Task_Module__root__V                         
200032f4  ti_sysbios_knl_Task_Module_State_0_idleTask__A              
200032f8  xdc_runtime_Error_Module__state__V                          
200032fc  xdc_runtime_Memory_Module__state__V                         
20003300  xdc_runtime_Registry_Module__state__V                       
20003308  xdc_runtime_Startup_Module__state__V                        
20003310  xdc_runtime_SysMin_Module__state__V                         
2000331c  xdc_runtime_System_Module_State_0_atexitHandlers__A         
20003324  xdc_runtime_System_Module__state__V                         
2000332c  xdc_runtime_Text_Module__state__V                           
20003334  __xdc__init__addr                                           
200033e8  ti_sysbios_knl_Mailbox_Object__table__V                     
20003488  PowerMSP432_perfLevels                                      
20003524  _Errno                                                      
20003528  _Denorm                                                     
20003538  _Eps                                                        
20003548  _Hugeval                                                    
20003558  _Inf                                                        
20003568  _Nan                                                        
20003578  _Snan                                                       
20003588  _Rteps                                                      
20003598  _Xbig                                                       
200035a0  _Zero                                                       
200035a8  ti_sysbios_knl_Swi_Module_State_0_readyQ__A                 
20003628  ti_sysbios_knl_Task_Module_State_0_readyQ__A                
200036a8  ti_sysbios_family_arm_msp432_Timer_Object__table__V         
200036f4  ti_sysbios_knl_Task_Object__table__V                        
20003740  ti_sysbios_family_arm_m3_Hwi_Object__table__V               
20003788  ti_sysbios_knl_Task_Module__state__V                        
200037cc  ti_sysbios_gates_GateMutex_Object__table__V                 
20003804  ti_sysbios_family_arm_m3_Hwi_Module__state__V               
20003868  ti_sysbios_knl_Swi_Object__table__V                         
20003898  ti_sysbios_knl_Clock_Module__state__V                       
200038c4  ti_sysbios_knl_Semaphore_Object__table__V                   
200038ec  PowerMSP432_module                                          
20003910  ti_sysbios_BIOS_Module__state__V                            
20003934  dataCounter                                                 
20003938  timerCounter                                                
2000393c  ticks0                                                      
20003940  _lock                                                       
20003944  _unlock                                                     
20003948  __TI_cleanup_ptr                                            
2000394c  __TI_dtors_ptr                                              
20003950  _Fenv                                                       
20003954  _Tls_setup__Fenv                                            
20003958  main_func_sp                                                
2000fd00  __stack                                                     
20010000  __STACK_END                                                 
4000480c  WDTCTL_SYM                                                  
e000e000  ti_sysbios_family_arm_m3_Hwi_nvic                           
ffffffff  __binit__                                                   
ffffffff  __c_args__                                                  
ffffffff  binit                                                       
UNDEFED   SHT$$INIT_ARRAY$$Base                                       
UNDEFED   SHT$$INIT_ARRAY$$Limit                                      

[631 symbols]
