******************************************************************************
                  TI ARM Linker Unix v5.2.6                    
******************************************************************************
>> Linked Mon Apr 11 21:40:11 2016

OUTPUT FILE NAME:   <RTOSChallenge.out>
ENTRY POINT SYMBOL: "_c_int00"  address: 00005b29


MEMORY CONFIGURATION

         name            origin    length      used     unused   attr    fill
----------------------  --------  ---------  --------  --------  ----  --------
  MAIN                  00000000   00040000  0000a73a  000358c6  R  X
  INFO                  00200000   00004000  00000000  00004000  R  X
  SRAM_CODE             01000000   00010000  00000000  00010000  RW X
  SRAM_DATA             20000000   00010000  00003c6a  0000c396  RW  


SEGMENT ALLOCATION MAP

run origin  load origin   length   init length attrs members
----------  ----------- ---------- ----------- ----- -------
00000000    00000000    0000a740   0000a740    r-x
  00000000    00000000    0000003c   0000003c    r-- .resetVecs
  00000040    00000040    00007f6a   00007f6a    r-x .text
  00007fac    00007fac    000022ac   000022ac    r-- .const
  0000a258    0000a258    000004e8   000004e8    r-- .cinit
20000000    20000000    00003970   00000000    rw-
  20000000    20000000    00000140   00000000    rw- .vecs
  20000140    20000140    000030d2   00000000    rw- .bss
  20003218    20003218    00000758   00000000    rw- .data
2000fd00    2000fd00    00000300   00000000    rw-
  2000fd00    2000fd00    00000300   00000000    rw- .stack


SECTION ALLOCATION MAP

 output                                  attributes/
section   page    origin      length       input sections
--------  ----  ----------  ----------   ----------------
.text      0    00000040    00007f6a     
                  00000040    000010ba     rtsv7M4_T_le_v4SPD16_eabi.lib : _printfi.obj (.text)
                  000010fa    0000047e     string.obj (.text:Graphics_drawString)
                  00001578    00000430     sysbios.aem4f : BIOS.obj (.text:ti_sysbios_family_arm_m3_Hwi_excDumpRegs__I)
                  000019a8    0000034c     ti.targets.arm.rtsarm.aem4f : System.oem4f (.text:xdc_runtime_System_doPrint__I)
                  00001cf4    000002d4     rtsv7M4_T_le_v4SPD16_eabi.lib : trgdrv.obj (.text)
                  00001fc8    000001f4                                   : ull_div_t2.obj (.text)
                  000021bc    000001ce     Crystalfontz128x128_ST7735.obj (.text:Crystalfontz128x128_PixelDrawMultiple)
                  0000238a    000001b6     rtsv7M4_T_le_v4SPD16_eabi.lib : fd_add_t2.obj (.text)
                  00002540    000001b4     init_all.obj (.text:init_All)
                  000026f4    000001a0     msp432p4xx_driverlib.lib : pcm.o (.text:__PCM_setPowerStateAdvanced)
                  00002894    00000004                              : cpu.o (.text:CPU_wfi)
                  00002898    00000174     sysbios.aem4f : BIOS.obj (.text:ti_sysbios_family_arm_m3_Hwi_excBusFault__I)
                  00002a0c    00000004     msp432p4xx_driverlib.lib : spi.o (.text:EUSCI_A_SPI_transmitData)
                  00002a10    00000164     sysbios.aem4f : BIOS.obj (.text:ti_sysbios_family_arm_m3_Hwi_excUsageFault__I)
                  00002b74    00000154     msp432p4xx_driverlib.lib : adc14.o (.text:_getIndexForMemRegister)
                  00002cc8    00000148     sysbios.aem4f : BIOS.obj (.text:ti_sysbios_family_arm_m3_Hwi_excMemFault__I)
                  00002e10    00000138                   : BIOS.obj (.text:ti_sysbios_knl_Semaphore_pend__E)
                  00002f48    00000136     rtsv7M4_T_le_v4SPD16_eabi.lib : fd_div_t2.obj (.text)
                  0000307e    00000002     empty.obj (.text:Idle_fcxn)
                  00003080    00000134     Crystalfontz128x128_ST7735.obj (.text:Crystalfontz128x128_SetDrawFrame)
                  000031b4    0000012c     Crystalfontz128x128_ST7735.obj (.text:Crystalfontz128x128_Init)
                  000032e0    00000118     empty.obj (.text:EUSCIA2_IRQHandler)
                  000033f8    00000118     ti.targets.arm.rtsarm.aem4f : Error.oem4f (.text:xdc_runtime_Error_policyDefault__E)
                  00003510    00000110     rtsv7M4_T_le_v4SPD16_eabi.lib : xdscale.obj (.text)
                  00003620    0000010c     sysbios.aem4f : BIOS.obj (.text:ti_sysbios_family_arm_m3_Hwi_excFillContext__I)
                  0000372c    00000004     msp432p4xx_driverlib.lib : spi.o (.text:EUSCI_B_SPI_transmitData)
                  00003730    0000010c     sysbios.aem4f : BIOS.obj (.text:ti_sysbios_family_arm_m3_Hwi_excHandlerMax__I)
                  0000383c    00000100     ti.targets.arm.rtsarm.aem4f : Core-mem.oem4f (.text:xdc_runtime_Core_createObject__I)
                  0000393c    000000fc     rtsv7M4_T_le_v4SPD16_eabi.lib : fd_mul_t2.obj (.text)
                  00003a38    000000fa     string.obj (.text:Graphics_getStringWidth)
                  00003b32    00000002     power_tirtos_MSP432P401R.aem4f : PowerMSP432_tirtos.oem4f (.text:PowerMSP432_initPolicy)
                  00003b34    000000f8     ti.targets.arm.rtsarm.aem4f : Startup.oem4f (.text:xdc_runtime_Startup_startMods__I)
                  00003c2c    000000f8     empty_pem4f.oem4f (.text:xdc_runtime_System_printfExtend__I)
                  00003d24    000000f4     drivers_MSP432P401R.aem4f : PowerMSP432.oem4f (.text:Power_sleep)
                  00003e18    000000f4     empty.obj (.text:averageCalcTask)
                  00003f0c    000000f4     sysbios.aem4f : m3_Hwi_asm.obj (.text:ti_sysbios_family_arm_m3_Hwi_dispatch__I)
                  00004000    000000f0     drivers_MSP432P401R.aem4f : PowerMSP432.oem4f (.text:initPerfControl)
                  000040f0    000000e0     msp432p4xx_driverlib.lib : cs.o (.text:CS_initClockSignal)
                  000041d0    000000dc                              : pcm.o (.text:__PCM_setPowerModeAdvanced)
                  000042ac    00000004     drivers_MSP432P401R.aem4f : List.oem4f (.text:List_head)
                  000042b0    000000cc     sysbios.aem4f : BIOS.obj (.text:ti_sysbios_heaps_HeapMem_alloc__E)
                  0000437c    000000cc     ti.targets.arm.rtsarm.aem4f : Core-smem.oem4f (.text:xdc_runtime_Core_constructObject__I)
                  00004448    000000be     rtsv7M4_T_le_v4SPD16_eabi.lib : xdnorm.obj (.text)
                  00004506    00000002                                   : i_div0.obj (.text)
                  00004508    000000bc     sysbios.aem4f : BIOS.obj (.text:ti_sysbios_family_arm_m3_Hwi_excDebugMon__I)
                  000045c4    00000004     drivers_MSP432P401R.aem4f : List.oem4f (.text:List_next)
                  000045c8    000000bc     sysbios.aem4f : BIOS.obj (.text:ti_sysbios_family_arm_m3_Hwi_excHardFault__I)
                  00004684    000000b0     msp432p4xx_driverlib.lib : pcm.o (.text:__PCM_setCoreVoltageLevelAdvanced)
                  00004734    000000a0     auto_init.aem4f : auto_init.oem4f (.text)
                  000047d4    000000a0     empty.obj (.text:drawAccelData)
                  00004874    000000a0     ti.targets.arm.rtsarm.aem4f : Text.oem4f (.text:xdc_runtime_Text_putMod__E)
                  00004914    0000009c     Crystalfontz128x128_ST7735.obj (.text:Crystalfontz128x128_RectFill)
                  000049b0    0000009c     line.obj (.text:Graphics_drawLineH)
                  00004a4c    0000009c     rtsv7M4_T_le_v4SPD16_eabi.lib : memcpy_t2.obj (.text)
                  00004ae8    0000009a     ti.targets.arm.rtsarm.aem4f : Text.oem4f (.text:xdc_runtime_Text_putSite__E)
                  00004b82    00000006                                 : xdc_noinit.oem4f (.text:__xdc__init)
                  00004b88    00000094     sysbios.aem4f : BIOS.obj (.text:ti_sysbios_family_arm_m3_Hwi_initNVIC__E)
                  00004c1c    0000008c                   : m3_TaskSupport_asm.obj (.text:ti_sysbios_family_arm_m3_TaskSupport_buildTaskStack)
                  00004ca8    0000008c                   : BIOS.obj (.text:ti_sysbios_knl_Task_postInit__I)
                  00004d34    00000088     msp432p4xx_driverlib.lib : spi.o (.text:SPI_initMaster)
                  00004dbc    00000088     empty.obj (.text:main)
                  00004e44    00000004     empty_pem4f.oem4f (.text:ti_sysbios_BIOS_RtsGateProxy_enter__E)
                  00004e48    00000088     sysbios.aem4f : BIOS.obj (.text:ti_sysbios_knl_Mailbox_post__E)
                  00004ed0    00000086     rtsv7M4_T_le_v4SPD16_eabi.lib : fd_cmp_t2.obj (.text:__aeabi_cdcmple)
                  00004f56    00000086                                   : fd_cmp_t2.obj (.text:__aeabi_cdrcmple)
                  00004fdc    00000004     empty_pem4f.oem4f (.text:ti_sysbios_BIOS_RtsGateProxy_leave__E)
                  00004fe0    00000084     sysbios.aem4f : BIOS.obj (.text:ti_sysbios_family_arm_m3_Hwi_postInit__I)
                  00005064    0000007c     msp432p4xx_driverlib.lib : pcm.o (.text:PCM_gotoLPM3)
                  000050e0    0000007c     sysbios.aem4f : BIOS.obj (.text:ti_sysbios_heaps_HeapMem_free__E)
                  0000515c    0000007a     rtsv7M4_T_le_v4SPD16_eabi.lib : memset_t2.obj (.text)
                  000051d6    00000002     empty_pem4f.oem4f (.text:ti_sysbios_BIOS_nullFunc__I)
                  000051d8    00000074     sysbios.aem4f : BIOS.obj (.text:ti_sysbios_knl_Mailbox_pend__E)
                  0000524c    00000004     empty_pem4f.oem4f (.text:ti_sysbios_family_arm_m3_TaskSupport_Module__startupDone__S)
                  00005250    00000070     sysbios.aem4f : BIOS.obj (.text:ti_sysbios_knl_Semaphore_post__E)
                  000052c0    0000006d     ti.targets.arm.rtsarm.aem4f : System.oem4f (.text:xdc_runtime_System_formatNum__I)
                  0000532d    00000003     --HOLE-- [fill = 0]
                  00005330    0000006c     sysbios.aem4f : BIOS.obj (.text:ti_sysbios_knl_Clock_workFunc__E)
                  0000539c    00000004     empty_pem4f.oem4f (.text:ti_sysbios_heaps_HeapMem_Module_GateProxy_enter__E)
                  000053a0    0000006c     sysbios.aem4f : BIOS.obj (.text:ti_sysbios_knl_Swi_restoreHwi__E)
                  0000540c    00000004     empty_pem4f.oem4f (.text:ti_sysbios_heaps_HeapMem_Module_GateProxy_leave__E)
                  00005410    0000006c     sysbios.aem4f : BIOS.obj (.text:ti_sysbios_knl_Task_exit__E)
                  0000547c    0000006c     ti.targets.arm.rtsarm.aem4f : Error.oem4f (.text:xdc_runtime_Error_print__E)
                  000054e8    0000006c                                 : Memory.oem4f (.text:xdc_runtime_Memory_alloc__E)
                  00005554    0000006a     rtsv7M4_T_le_v4SPD16_eabi.lib : copy_decompress_rle.obj (.text)
                  000055be    00000002     --HOLE-- [fill = 0]
                  000055c0    00000068     empty.obj (.text:ADC_HWI)
                  00005628    00000068     rtsv7M4_T_le_v4SPD16_eabi.lib : trgmsg.obj (.text)
                  00005690    00000068     sysbios.aem4f : BIOS.obj (.text:ti_sysbios_family_arm_msp432_Timer_setNextTick__E)
                  000056f8    00000066     rtsv7M4_T_le_v4SPD16_eabi.lib : xdunscal.obj (.text)
                  0000575e    00000066     ti.targets.arm.rtsarm.aem4f : Core-mem.oem4f (.text:xdc_runtime_Core_deleteObject__I)
                  000057c4    00000004     empty_pem4f.oem4f (.text:ti_sysbios_knl_Clock_TimerProxy_getMaxTicks__E)
                  000057c8    00000064     sysbios.aem4f : BIOS.obj (.text:ti_sysbios_family_arm_m3_Hwi_dispatchC__I)
                  0000582c    00000060     Crystalfontz128x128_ST7735.obj (.text:Crystalfontz128x128_LineDrawH)
                  0000588c    00000060     Crystalfontz128x128_ST7735.obj (.text:Crystalfontz128x128_LineDrawV)
                  000058ec    00000060     rtsv7M4_T_le_v4SPD16_eabi.lib : sprintf.obj (.text)
                  0000594c    00000004     empty_pem4f.oem4f (.text:ti_sysbios_knl_Queue_destruct)
                  00005950    0000005c     sysbios.aem4f : BIOS.obj (.text:ti_sysbios_knl_Swi_run__I)
                  000059ac    00000004     empty_pem4f.oem4f (.text:ti_sysbios_knl_Semaphore_destruct)
                  000059b0    0000005c     sysbios.aem4f : BIOS.obj (.text:ti_sysbios_knl_Swi_schedule__I)
                  00005a0c    00000004     ti.targets.arm.rtsarm.aem4f : Error.oem4f (.text:xdc_runtime_Error_getSite__E)
                  00005a10    0000005c     sysbios.aem4f : BIOS.obj (.text:ti_sysbios_knl_Task_Module_startup__E)
                  00005a6c    00000004     empty_pem4f.oem4f (.text:xdc_runtime_System_Module_GateProxy_enter__E)
                  00005a70    0000005c     sysbios.aem4f : BIOS.obj (.text:ti_sysbios_knl_Task_startCore__E)
                  00005acc    0000005b     ti.targets.arm.rtsarm.aem4f : Text.oem4f (.text:xdc_runtime_Text_putLab__E)
                  00005b27    00000001     --HOLE-- [fill = 0]
                  00005b28    00000058     boot.aem4f : boot.oem4f (.text)
                  00005b80    00000058     sysbios.aem4f : m3_Hwi_asm_switch.obj (.text:ti_sysbios_family_arm_m3_Hwi_initStacks__E)
                  00005bd8    00000058                   : BIOS.obj (.text:ti_sysbios_family_arm_msp432_Timer_periodicStub__E)
                  00005c30    00000056     rtsv7M4_T_le_v4SPD16_eabi.lib : ltoa.obj (.text)
                  00005c86    00000002     --HOLE-- [fill = 0]
                  00005c88    00000054     Crystalfontz128x128_ST7735.obj (.text:Crystalfontz128x128_SetOrientation)
                  00005cdc    00000054     empty.obj (.text:drawData)
                  00005d30    00000054     empty.obj (.text:drawTitle)
                  00005d84    00000004     empty_pem4f.oem4f (.text:xdc_runtime_System_Module_GateProxy_leave__E)
                  00005d88    00000054     sysbios.aem4f : BIOS.obj (.text:ti_sysbios_family_arm_msp432_Timer_initDevice__I)
                  00005ddc    00000004     ti.targets.arm.rtsarm.aem4f : System.oem4f (.text:xdc_runtime_System_aprintf_va__F)
                  00005de0    00000054     sysbios.aem4f : BIOS.obj (.text:ti_sysbios_family_arm_msp432_init_Boot_configureClocksHigh)
                  00005e34    00000054     ti.targets.arm.rtsarm.aem4f : Assert.oem4f (.text:xdc_runtime_Assert_raise__I)
                  00005e88    00000052     rtsv7M4_T_le_v4SPD16_eabi.lib : ldexp.obj (.text)
                  00005eda    00000002     --HOLE-- [fill = 0]
                  00005edc    00000050     msp432p4xx_driverlib.lib : pcm.o (.text:PCM_shutdownDevice)
                  00005f2c    00000050     power_tirtos_MSP432P401R.aem4f : PowerMSP432_tirtos.oem4f (.text:PowerMSP432_sleepPolicy)
                  00005f7c    00000004     ti.targets.arm.rtsarm.aem4f : System.oem4f (.text:xdc_runtime_System_printf_va__F)
                  00005f80    00000050     sysbios.aem4f : BIOS.obj (.text:ti_sysbios_family_arm_m3_Hwi_Module_startup__E)
                  00005fd0    00000050     ti.targets.arm.rtsarm.aem4f : Startup.oem4f (.text:xdc_runtime_Startup_exec__E)
                  00006020    00000050                                 : Text.oem4f (.text:xdc_runtime_Text_visitRope2__I)
                  00006070    0000004c     msp432p4xx_driverlib.lib : gpio.o (.text:GPIO_setAsPeripheralModuleFunctionOutputPin)
                  000060bc    0000004c     rtsv7M4_T_le_v4SPD16_eabi.lib : atoi.obj (.text)
                  00006108    0000004c                                   : cpy_tbl.obj (.text)
                  00006154    00000004     --HOLE-- [fill = 0]
                  00006158    0000004c     sysbios.aem4f : BIOS.obj (.text:ti_sysbios_family_arm_msp432_Timer_start__E)
                  000061a4    00000004     --HOLE-- [fill = 0]
                  000061a8    0000004c                   : BIOS.obj (.text:ti_sysbios_heaps_HeapMem_getStats__E)
                  000061f4    00000004     --HOLE-- [fill = 0]
                  000061f8    0000004c                   : BIOS.obj (.text:ti_sysbios_knl_Swi_runLoop__I)
                  00006244    00000004     --HOLE-- [fill = 0]
                  00006248    0000004c                   : BIOS.obj (.text:ti_sysbios_knl_Task_allBlockedFunction__I)
                  00006294    00000004     --HOLE-- [fill = 0]
                  00006298    0000004c                   : BIOS.obj (.text:ti_sysbios_knl_Task_schedule__I)
                  000062e4    0000004a     context.obj (.text:Graphics_initContext)
                  0000632e    00000002     --HOLE-- [fill = 0]
                  00006330    00000048     msp432p4xx_driverlib.lib : gpio.o (.text:GPIO_setAsPeripheralModuleFunctionInputPin)
                  00006378    00000048     string.obj (.text:Graphics_drawStringCentered)
                  000063c0    00000048     rtsv7M4_T_le_v4SPD16_eabi.lib : fd_toi_t2.obj (.text)
                  00006408    00000048     sysbios.aem4f : BIOS.obj (.text:ti_sysbios_family_arm_m3_Hwi_enableInterrupt__E)
                  00006450    00000048                   : BIOS.obj (.text:ti_sysbios_family_arm_m3_Hwi_excReserved__I)
                  00006498    00000048                   : BIOS.obj (.text:ti_sysbios_knl_Mailbox_Module_startup__E)
                  000064e0    00000046     ti.targets.arm.rtsarm.aem4f : Core-params.oem4f (.text:xdc_runtime_Core_assignParams__I)
                  00006526    00000002     --HOLE-- [fill = 0]
                  00006528    00000044     rtsv7M4_T_le_v4SPD16_eabi.lib : exit.obj (.text)
                  0000656c    00000004     --HOLE-- [fill = 0]
                  00006570    00000044     sysbios.aem4f : BIOS.obj (.text:ti_sysbios_family_arm_m3_Hwi_getStackInfo__E)
                  000065b4    00000004     --HOLE-- [fill = 0]
                  000065b8    00000044                   : BIOS.obj (.text:ti_sysbios_knl_Swi_post__E)
                  000065fc    00000044     ti.targets.arm.rtsarm.aem4f : Error.oem4f (.text:xdc_runtime_Error_setX__E)
                  00006640    00000044                                 : SysMin.oem4f (.text:xdc_runtime_SysMin_flush__E)
                  00006684    00000044                                 : Text.oem4f (.text:xdc_runtime_Text_xprintf__I)
                  000066c8    00000040     Crystalfontz128x128_ST7735.obj (.text:Crystalfontz128x128_PixelDraw)
                  00006708    00000040     msp432p4xx_driverlib.lib : flash.o (.text:FlashCtl_disableReadBuffering)
                  00006748    00000040     string.obj (.text:Graphics_getNumberOfLeadingZeros)
                  00006788    00000040     HAL_MSP_EXP432P401R_Crystalfontz128x128_ST7735.obj (.text:HAL_LCD_SpiInit)
                  000067c8    00000040     drivers_MSP432P401R.aem4f : PowerMSP432.oem4f (.text:notify)
                  00006808    00000040     rtsv7M4_T_le_v4SPD16_eabi.lib : signal.obj (.text)
                  00006848    00000040                                   : u_divt2.obj (.text)
                  00006888    00000040     sysbios.aem4f : BIOS.obj (.text:ti_sysbios_family_arm_msp432_Timer_Module_startup__E)
                  000068c8    00000040                   : BIOS.obj (.text:ti_sysbios_family_arm_msp432_Timer_startup__E)
                  00006908    00000040                   : BIOS.obj (.text:ti_sysbios_heaps_HeapMem_Instance_init__E)
                  00006948    0000003c     drivers_MSP432P401R.aem4f : PowerMSP432.oem4f (.text:Power_init)
                  00006984    00000004     --HOLE-- [fill = 0]
                  00006988    0000003c     sysbios.aem4f : BIOS.obj (.text:ti_sysbios_family_arm_m3_Hwi_excSvCall__I)
                  000069c4    00000004     --HOLE-- [fill = 0]
                  000069c8    0000003c                   : BIOS.obj (.text:ti_sysbios_heaps_HeapMem_init__I)
                  00006a04    00000004     --HOLE-- [fill = 0]
                  00006a08    0000003c                   : BIOS.obj (.text:ti_sysbios_knl_Clock_Instance_init__E)
                  00006a44    00000004     --HOLE-- [fill = 0]
                  00006a48    0000003c                   : BIOS.obj (.text:ti_sysbios_knl_Swi_restore__E)
                  00006a84    00000004     --HOLE-- [fill = 0]
                  00006a88    00000038                   : BIOS.obj (.text:ti_sysbios_family_arm_m3_Hwi_excNoIsr__I)
                  00006ac0    00000038     ti.targets.arm.rtsarm.aem4f : SysMin.oem4f (.text:xdc_runtime_SysMin_putch__E)
                  00006af8    00000038                                 : System.oem4f (.text:xdc_runtime_System_atexit__E)
                  00006b30    00000034     msp432p4xx_driverlib.lib : flash.o (.text:FlashCtl_enableReadBuffering)
                  00006b64    00000034     display.obj (.text:Graphics_drawHorizontalLineOnDisplay)
                  00006b98    00000034     HAL_MSP_EXP432P401R_Crystalfontz128x128_ST7735.obj (.text:HAL_LCD_writeCommand)
                  00006bcc    00000034     rtsv7M4_T_le_v4SPD16_eabi.lib : feraiseexcept.obj (.text)
                  00006c00    00000034     sysbios.aem4f : BIOS.obj (.text:ti_sysbios_family_arm_m3_Hwi_excNmi__I)
                  00006c34    00000034     empty_pem4f.oem4f (.text:ti_sysbios_knl_Clock_construct)
                  00006c68    00000034     ti.targets.arm.rtsarm.aem4f : Core-label.oem4f (.text:xdc_runtime_Core_assignLabel__I)
                  00006c9c    00000033                                 : Text.oem4f (.text:xdc_runtime_Text_printVisFxn__I)
                  00006ccf    00000001     --HOLE-- [fill = 0]
                  00006cd0    00000032     sysbios.aem4f : BIOS.obj (.text:ti_sysbios_hal_Hwi_initStack)
                  00006d02    00000030     HAL_MSP_EXP432P401R_Crystalfontz128x128_ST7735.obj (.text:HAL_LCD_PortInit)
                  00006d32    00000002     --HOLE-- [fill = 0]
                  00006d34    00000030     msp432p4xx_driverlib.lib : spi.o (.text:is_A_Module)
                  00006d64    00000030     rtsv7M4_T_le_v4SPD16_eabi.lib : xdclass.obj (.text)
                  00006d94    00000030                                   : xferaise.obj (.text)
                  00006dc4    00000030     empty_pem4f.oem4f (.text:ti_sysbios_BIOS_atExitFunc__I)
                  00006df4    00000004     --HOLE-- [fill = 0]
                  00006df8    00000030     sysbios.aem4f : BIOS.obj (.text:ti_sysbios_family_arm_m3_TaskSupport_start__E)
                  00006e28    00000030                   : BIOS.obj (.text:ti_sysbios_family_arm_msp432_Timer_setPeriod__E)
                  00006e58    00000030     empty_pem4f.oem4f (.text:ti_sysbios_gates_GateHwi_Object__create__S)
                  00006e88    00000030     empty_pem4f.oem4f (.text:ti_sysbios_gates_GateMutex_Object__create__S)
                  00006eb8    00000030     sysbios.aem4f : BIOS.obj (.text:ti_sysbios_gates_GateMutex_enter__E)
                  00006ee8    00000030     empty_pem4f.oem4f (.text:ti_sysbios_heaps_HeapMem_Object__create__S)
                  00006f18    00000030     sysbios.aem4f : BIOS.obj (.text:ti_sysbios_knl_Mailbox_postInit__I)
                  00006f48    00000030     empty_pem4f.oem4f (.text:ti_sysbios_knl_Semaphore_construct)
                  00006f78    00000030     sysbios.aem4f : BIOS.obj (.text:ti_sysbios_knl_Semaphore_pendTimeout__I)
                  00006fa8    00000030                   : BIOS.obj (.text:ti_sysbios_knl_Task_processVitalTaskFlag__I)
                  00006fd8    00000030                   : BIOS.obj (.text:ti_sysbios_knl_Task_unblockI__E)
                  00007008    00000030     ti.targets.arm.rtsarm.aem4f : SysMin.oem4f (.text:xdc_runtime_SysMin_abort__E)
                  00007038    00000030                                 : System.oem4f (.text:xdc_runtime_System_processAtExit__E)
                  00007068    0000002e     rtsv7M4_T_le_v4SPD16_eabi.lib : i_tofd_t2.obj (.text)
                  00007096    0000002e                                   : raise.obj (.text)
                  000070c4    0000002c     Crystalfontz128x128_ST7735.obj (.text:Crystalfontz128x128_ClearScreen)
                  000070f0    0000002c     msp432p4xx_driverlib.lib : pcm.o (.text:PCM_getCoreVoltageLevel)
                  0000711c    0000002c     power_tirtos_MSP432P401R.aem4f : PowerMSP432_tirtos.oem4f (.text:PowerMSP432_updateFreqs)
                  00007148    0000002c     empty_pem4f.oem4f (.text:ti_sysbios_knl_Clock_doTick__I)
                  00007174    0000002c     empty_pem4f.oem4f (.text:ti_sysbios_knl_Queue_construct)
                  000071a0    0000002c     sysbios.aem4f : BIOS.obj (.text:ti_sysbios_knl_Task_restore__E)
                  000071cc    0000002c     ti.targets.arm.rtsarm.aem4f : Text.oem4f (.text:xdc_runtime_Text_cordText__E)
                  000071f8    0000002a     display.obj (.text:Graphics_drawPixelOnDisplay)
                  00007222    0000002a     msp432p4xx_driverlib.lib : pcm.o (.text:PCM_getPowerMode)
                  0000724c    0000002a     rtsv7M4_T_le_v4SPD16_eabi.lib : frexp.obj (.text)
                  00007276    0000002a     ti.targets.arm.rtsarm.aem4f : System.oem4f (.text:xdc_runtime_System_putchar__I)
                  000072a0    00000028     Crystalfontz128x128_ST7735.obj (.text:Crystalfontz128x128_ColorTranslate)
                  000072c8    00000028     msp432p4xx_driverlib.lib : flash.o (.text:FlashCtl_setWaitState)
                  000072f0    00000028                              : pcm.o (.text:PCM_gotoLPM0)
                  00007318    00000028     sysbios.aem4f : BIOS.obj (.text:ti_sysbios_knl_Clock_addI__E)
                  00007340    00000028                   : BIOS.obj (.text:ti_sysbios_knl_Swi_Module_startup__E)
                  00007368    00000026                   : m3_Hwi_asm.obj (.text:ti_sysbios_family_arm_m3_Hwi_pendSV__I)
                  0000738e    00000026     ti.targets.arm.rtsarm.aem4f : System.oem4f (.text:xdc_runtime_System_avprintf__E)
                  000073b4    00000024     msp432p4xx_driverlib.lib : cs.o (.text:CS_setDCOCenteredFrequency)
                  000073d8    00000024                              : gpio.o (.text:GPIO_setAsOutputPin)
                  000073fc    00000024     HAL_MSP_EXP432P401R_Crystalfontz128x128_ST7735.obj (.text:HAL_LCD_writeData)
                  00007420    00000024     msp432p4xx_driverlib.lib : rtc_c.o (.text:RTC_C_holdClock)
                  00007444    00000024                              : rtc_c.o (.text:RTC_C_startClock)
                  00007468    00000024     empty_pem4f.oem4f (.text:ti_sysbios_BIOS_errorRaiseHook__I)
                  0000748c    00000024     empty_pem4f.oem4f (.text:ti_sysbios_BIOS_registerRTSLock__I)
                  000074b0    00000024     empty_pem4f.oem4f (.text:ti_sysbios_BIOS_removeRTSLock__I)
                  000074d4    00000024     empty_pem4f.oem4f (.text:ti_sysbios_BIOS_startFunc__I)
                  000074f8    00000024     sysbios.aem4f : BIOS.obj (.text:ti_sysbios_family_arm_msp432_ClockFreqs_setFrequency__E)
                  0000751c    00000004     --HOLE-- [fill = 0]
                  00007520    00000024                   : BIOS.obj (.text:ti_sysbios_family_arm_msp432_Timer_postInit__I)
                  00007544    00000024     empty_pem4f.oem4f (.text:ti_sysbios_gates_GateMutex_Object__delete__S)
                  00007568    00000024     sysbios.aem4f : BIOS.obj (.text:ti_sysbios_knl_Clock_Module_startup__E)
                  0000758c    00000004     --HOLE-- [fill = 0]
                  00007590    00000024                   : BIOS.obj (.text:ti_sysbios_knl_Clock_start__E)
                  000075b4    00000004     --HOLE-- [fill = 0]
                  000075b8    00000024                   : BIOS.obj (.text:ti_sysbios_knl_Semaphore_Instance_init__E)
                  000075dc    00000004     --HOLE-- [fill = 0]
                  000075e0    00000024                   : BIOS.obj (.text:ti_sysbios_knl_Task_restoreHwi__E)
                  00007604    00000024     ti.targets.arm.rtsarm.aem4f : System.oem4f (.text:xdc_runtime_System_vprintf__E)
                  00007628    00000022     empty_pem4f.oem4f (.text:xdc_runtime_SysMin_output__I)
                  0000764a    00000002     --HOLE-- [fill = 0]
                  0000764c    00000020     drivers_MSP432P401R.aem4f : PowerMSP432.oem4f (.text:Power_idleFunc)
                  0000766c    00000020     msp432p4xx_driverlib.lib : spi.o (.text:SPI_transmitData)
                  0000768c    00000020     empty_pem4f.oem4f (.text:ti_sysbios_BIOS_rtsLock__I)
                  000076ac    00000020     sysbios.aem4f : m3_Hwi_asm.obj (.text:ti_sysbios_family_arm_m3_Hwi_excHandlerAsm__I)
                  000076cc    00000004     --HOLE-- [fill = 0]
                  000076d0    00000020                   : BIOS.obj (.text:ti_sysbios_family_arm_m3_Hwi_excHandler__I)
                  000076f0    00000020     empty_pem4f.oem4f (.text:ti_sysbios_gates_GateHwi_Object__delete__S)
                  00007710    00000020     empty_pem4f.oem4f (.text:ti_sysbios_heaps_HeapMem_Object__delete__S)
                  00007730    00000020     sysbios.aem4f : BIOS.obj (.text:ti_sysbios_knl_Idle_run__E)
                  00007750    00000020     empty_pem4f.oem4f (.text:ti_sysbios_knl_Semaphore_Object__destruct__S)
                  00007770    00000020     ti.targets.arm.rtsarm.aem4f : Registry.oem4f (.text:xdc_runtime_Registry_findById__E)
                  00007790    00000020                                 : SysMin.oem4f (.text:xdc_runtime_SysMin_Module_startup__E)
                  000077b0    0000001e     sysbios.aem4f : m3_Hwi_asm_switch.obj (.text:ti_sysbios_family_xxx_Hwi_switchAndRunFunc)
                  000077ce    0000001c     rtsv7M4_T_le_v4SPD16_eabi.lib : memccpy.obj (.text)
                  000077ea    00000006                                   : copy_decompress_rle.obj (.text:decompress:rle24)
                  000077f0    0000001c     sysbios.aem4f : BIOS.obj (.text:ti_sysbios_gates_GateMutex_Instance_init__E)
                  0000780c    0000001c     empty_pem4f.oem4f (.text:ti_sysbios_knl_Queue_Object__destruct__S)
                  00007828    0000001c     sysbios.aem4f : BIOS.obj (.text:ti_sysbios_knl_Queue_get__E)
                  00007844    00000004     --HOLE-- [fill = 0]
                  00007848    0000001c                   : BIOS.obj (.text:ti_sysbios_knl_Queue_put__E)
                  00007864    00000004     --HOLE-- [fill = 0]
                  00007868    0000001c                   : BIOS.obj (.text:ti_sysbios_knl_Task_enter__I)
                  00007884    0000001c     ti.targets.arm.rtsarm.aem4f : Error.oem4f (.text:xdc_runtime_Error_raiseX__E)
                  000078a0    0000001c                                 : Memory.oem4f (.text:xdc_runtime_Memory_valloc__E)
                  000078bc    0000001c                                 : SysMin.oem4f (.text:xdc_runtime_SysMin_exit__E)
                  000078d8    0000001c                                 : System.oem4f (.text:xdc_runtime_System_abort__E)
                  000078f4    0000001a     context.obj (.text:Graphics_setBackgroundColor)
                  0000790e    0000001a     context.obj (.text:Graphics_setFont)
                  00007928    0000001a     msp432p4xx_driverlib.lib : spi.o (.text:SPI_enableModule)
                  00007942    0000001a     empty_pem4f.oem4f (.text:ti_sysbios_family_arm_m3_Hwi_Handle__label__S)
                  0000795c    0000001a     empty_pem4f.oem4f (.text:ti_sysbios_gates_GateHwi_Handle__label__S)
                  00007976    0000001a     empty_pem4f.oem4f (.text:ti_sysbios_gates_GateMutex_Handle__label__S)
                  00007990    0000001a     empty_pem4f.oem4f (.text:ti_sysbios_heaps_HeapMem_Handle__label__S)
                  000079aa    0000001a     empty_pem4f.oem4f (.text:ti_sysbios_knl_Swi_Handle__label__S)
                  000079c4    0000001a     empty_pem4f.oem4f (.text:ti_sysbios_knl_Task_Handle__label__S)
                  000079de    0000001a     empty_pem4f.oem4f (.text:xdc_runtime_System_aprintf__E)
                  000079f8    0000001a     empty_pem4f.oem4f (.text:xdc_runtime_System_printf__E)
                  00007a12    00000002     --HOLE-- [fill = 0]
                  00007a14    00000018     msp432p4xx_driverlib.lib : adc14.o (.text:ADC14_getResult)
                  00007a2c    00000018                              : gpio.o (.text:GPIO_setOutputLowOnPin)
                  00007a44    00000018     display.obj (.text:Graphics_clearDisplayOnDisplay)
                  00007a5c    00000018     msp432p4xx_driverlib.lib : wdt_a.o (.text:WDT_A_holdTimer)
                  00007a74    00000018     rtsv7M4_T_le_v4SPD16_eabi.lib : args_main.obj (.text)
                  00007a8c    00000018     empty_pem4f.oem4f (.text:ti_sysbios_BIOS_rtsUnlock__I)
                  00007aa4    00000018     empty_pem4f.oem4f (.text:ti_sysbios_family_arm_m3_Hwi_Module__startupDone__F)
                  00007abc    00000018     sysbios.aem4f : m3_TaskSupport_asm.obj (.text:ti_sysbios_family_arm_m3_TaskSupport_swap__E)
                  00007ad4    00000018     empty_pem4f.oem4f (.text:ti_sysbios_family_arm_msp432_Timer_Module__startupDone__F)
                  00007aec    00000004     --HOLE-- [fill = 0]
                  00007af0    00000018     sysbios.aem4f : BIOS.obj (.text:ti_sysbios_gates_GateMutex_leave__E)
                  00007b08    00000018     ti.targets.arm.rtsarm.aem4f : Error.oem4f (.text:xdc_runtime_Error_check__E)
                  00007b20    00000018                                 : System.oem4f (.text:xdc_runtime_System_exit__E)
                  00007b38    00000018                                 : Text.oem4f (.text:xdc_runtime_Text_ropeText__E)
                  00007b50    00000016     context.obj (.text:Graphics_setForegroundColor)
                  00007b66    00000016     display.obj (.text:Graphics_translateColorOnDisplay)
                  00007b7c    00000016     rtsv7M4_T_le_v4SPD16_eabi.lib : strchr.obj (.text)
                  00007b92    00000016     empty_pem4f.oem4f (.text:ti_sysbios_BIOS_exitFunc__I)
                  00007ba8    00000016     empty.obj (.text:ti_sysbios_knl_Clock_Params_init)
                  00007bbe    00000002     --HOLE-- [fill = 0]
                  00007bc0    00000016     sysbios.aem4f : BIOS.obj (.text:ti_sysbios_knl_Task_unblock__E)
                  00007bd6    00000002     --HOLE-- [fill = 0]
                  00007bd8    00000014     msp432p4xx_driverlib.lib : gpio.o (.text:GPIO_setOutputHighOnPin)
                  00007bec    00000014                              : wdt_a.o (.text:WDT_A_startTimer)
                  00007c00    00000014     empty.obj (.text:clk0Fxn)
                  00007c14    00000014     empty.obj (.text:clk1Fxn)
                  00007c28    00000014     rtsv7M4_T_le_v4SPD16_eabi.lib : _lock.obj (.text)
                  00007c3c    00000014                                   : strcpy.obj (.text)
                  00007c50    00000014                                   : strlen.obj (.text)
                  00007c64    00000014     empty_pem4f.oem4f (.text:ti_sysbios_family_arm_m3_Hwi_Object__get__S)
                  00007c78    00000014     sysbios.aem4f : BIOS.obj (.text:ti_sysbios_family_arm_m3_Hwi_switchFromBootStack__E)
                  00007c8c    00000014     empty_pem4f.oem4f (.text:ti_sysbios_heaps_HeapMem_Object__get__S)
                  00007ca0    00000014     empty_pem4f.oem4f (.text:ti_sysbios_knl_Mailbox_Object__get__S)
                  00007cb4    00000014     empty_pem4f.oem4f (.text:ti_sysbios_knl_Swi_Object__get__S)
                  00007cc8    00000012     context.obj (.text:Graphics_clearDisplay)
                  00007cda    00000006     ti.targets.arm.rtsarm.aem4f : System.oem4f (.text:xdc_runtime_System_Module_startup__E)
                  00007ce0    00000012     sysbios.aem4f : BIOS.obj (.text:ti_sysbios_hal_Hwi_Module_startup__E)
                  00007cf2    00000012     empty_pem4f.oem4f (.text:xdc_runtime_Startup_exec__I)
                  00007d04    00000010     msp432p4xx_driverlib.lib : pcm.o (.text:PCM_gotoLPM4)
                  00007d14    00000004     --HOLE-- [fill = 0]
                  00007d18    00000010     sysbios.aem4f : BIOS.obj (.text:ti_sysbios_BIOS_exit__E)
                  00007d28    00000010                   : BIOS.obj (.text:ti_sysbios_BIOS_setCpuFreq__E)
                  00007d38    00000010                   : BIOS.obj (.text:ti_sysbios_BIOS_setThreadType__E)
                  00007d48    00000010                   : BIOS.obj (.text:ti_sysbios_BIOS_start__E)
                  00007d58    00000010                   : m3_TaskSupport_asm.obj (.text:ti_sysbios_family_arm_m3_TaskSupport_glue)
                  00007d68    00000010                   : BIOS.obj (.text:ti_sysbios_family_arm_msp432_init_Boot_disableWatchdog)
                  00007d78    00000010                   : BIOS.obj (.text:ti_sysbios_gates_GateMutex_Instance_finalize__E)
                  00007d88    00000010                   : BIOS.obj (.text:ti_sysbios_knl_Semaphore_Instance_finalize__E)
                  00007d98    00000010                   : BIOS.obj (.text:ti_sysbios_knl_Swi_disable__E)
                  00007da8    00000010     empty_pem4f.oem4f (.text:ti_sysbios_knl_Task_Object__get__S)
                  00007db8    00000010     sysbios.aem4f : BIOS.obj (.text:ti_sysbios_knl_Task_disable__E)
                  00007dc8    00000010     ti.targets.arm.rtsarm.aem4f : Gate.oem4f (.text:xdc_runtime_Gate_leaveSystem__E)
                  00007dd8    00000010                                 : Memory.oem4f (.text:xdc_runtime_Memory_free__E)
                  00007de8    00000010                                 : SysMin.oem4f (.text:xdc_runtime_SysMin_ready__E)
                  00007df8    00000010                                 : System.oem4f (.text:xdc_runtime_System_vsnprintf__E)
                  00007e08    00000010     empty_pem4f.oem4f (.text:xdc_runtime_Text_visitRope__I)
                  00007e18    0000000e     rtsv7M4_T_le_v4SPD16_eabi.lib : copy_decompress_none.obj (.text:decompress:none)
                  00007e26    00000002     --HOLE-- [fill = 0]
                  00007e28    0000000e     sysbios.aem4f : BIOS.obj (.text:ti_sysbios_knl_Queue_empty__E)
                  00007e36    0000000c     empty_pem4f.oem4f (.text:.bootCodeSection:ti_sysbios_family_arm_msp432_init_Boot_init__I)
                  00007e42    0000000c     msp432p4xx_driverlib.lib : cpu.o (.text:CPU_cpsid)
                  00007e4e    0000000c                              : cpu.o (.text:CPU_cpsie)
                  00007e5a    0000000c                              : spi.o (.text:EUSCI_A_SPI_enable)
                  00007e66    0000000c                              : spi.o (.text:EUSCI_B_SPI_enable)
                  00007e72    00000002     --HOLE-- [fill = 0]
                  00007e74    0000000c                              : pcm.o (.text:PCM_getPowerState)
                  00007e80    0000000c     drivers_MSP432P401R.aem4f : PowerMSP432.oem4f (.text:Power_getConstraintMask)
                  00007e8c    0000000c     rtsv7M4_T_le_v4SPD16_eabi.lib : copy_zero_init.obj (.text:decompress:ZI)
                  00007e98    0000000c     sysbios.aem4f : BIOS.obj (.text:ti_sysbios_family_arm_msp432_Timer_getMaxTicks__E)
                  00007ea4    00000004     --HOLE-- [fill = 0]
                  00007ea8    0000000c                   : BIOS.obj (.text:ti_sysbios_gates_GateHwi_enter__E)
                  00007eb4    0000000c     empty_pem4f.oem4f (.text:ti_sysbios_knl_Clock_Params__init__S)
                  00007ec0    0000000c     empty.obj (.text:ti_sysbios_knl_Clock_handle)
                  00007ecc    0000000c     empty_pem4f.oem4f (.text:ti_sysbios_knl_Queue_Object__get__S)
                  00007ed8    0000000c     ti.targets.arm.rtsarm.aem4f : Error.oem4f (.text:xdc_runtime_Error_init__E)
                  00007ee4    0000000c                                 : Gate.oem4f (.text:xdc_runtime_Gate_enterSystem__E)
                  00007ef0    0000000c                                 : Memory.oem4f (.text:xdc_runtime_Memory_calloc__E)
                  00007efc    0000000c                                 : Memory.oem4f (.text:xdc_runtime_Memory_getMaxDefaultTypeAlign__E)
                  00007f08    0000000a     Crystalfontz128x128_ST7735.obj (.text:Crystalfontz128x128_Flush)
                  00007f12    0000000a     empty_pem4f.oem4f (.text:xdc_runtime_IHeap_alloc)
                  00007f1c    0000000a     empty_pem4f.oem4f (.text:xdc_runtime_IHeap_free)
                  00007f26    00000008     msp432p4xx_driverlib.lib : spi.o (.text:EUSCI_B_SPI_getInterruptStatus)
                  00007f2e    00000008     MSP_EXP432P401R.obj (.text:MSP_EXP432P401R_initGeneral)
                  00007f36    00000008     msp432p4xx_driverlib.lib : pcm.o (.text:PCM_setPowerMode)
                  00007f3e    00000008                              : pcm.o (.text:PCM_setPowerState)
                  00007f46    00000002     --HOLE-- [fill = 0]
                  00007f48    00000008     sysbios.aem4f : BIOS.obj (.text:ti_sysbios_family_arm_m3_Hwi_doSwiRestore__I)
                  00007f50    00000008                   : BIOS.obj (.text:ti_sysbios_family_arm_m3_Hwi_startup__E)
                  00007f58    00000006                   : BIOS.obj (.text:ti_sysbios_family_arm_m3_Hwi_doTaskRestore__I)
                  00007f5e    00000002     --HOLE-- [fill = 0]
                  00007f60    00000006                   : BIOS.obj (.text:ti_sysbios_gates_GateHwi_leave__E)
                  00007f66    00000002     --HOLE-- [fill = 0]
                  00007f68    00000006                   : BIOS.obj (.text:ti_sysbios_heaps_HeapMem_isBlocking__E)
                  00007f6e    00000002     --HOLE-- [fill = 0]
                  00007f70    00000006                   : BIOS.obj (.text:ti_sysbios_knl_Queue_Instance_init__E)
                  00007f76    00000002     --HOLE-- [fill = 0]
                  00007f78    00000006                   : BIOS.obj (.text:ti_sysbios_knl_Swi_startup__E)
                  00007f7e    00000002     --HOLE-- [fill = 0]
                  00007f80    00000004                   : BIOS.obj (.text:ti_sysbios_gates_GateHwi_query__E)
                  00007f84    00000004     --HOLE-- [fill = 0]
                  00007f88    00000004                   : BIOS.obj (.text:ti_sysbios_gates_GateMutex_query__E)
                  00007f8c    00000004     --HOLE-- [fill = 0]
                  00007f90    00000004                   : BIOS.obj (.text:ti_sysbios_knl_Semaphore_getCount__E)
                  00007f94    00000004     --HOLE-- [fill = 0]
                  00007f98    00000004                   : BIOS.obj (.text:ti_sysbios_knl_Task_startup__E)
                  00007f9c    00000004     --HOLE-- [fill = 0]
                  00007fa0    00000002                   : BIOS.obj (.text:ti_sysbios_gates_GateHwi_Instance_init__E)
                  00007fa2    00000006     --HOLE-- [fill = 0]
                  00007fa8    00000002                   : BIOS.obj (.text:ti_sysbios_knl_Clock_logTick__E)

.const     0    00007fac    000022ac     
                  00007fac    0000184e     empty_pem4f.oem4f (.const:xdc_runtime_Text_charTab__A)
                  000097fa    000002f8     fontfixed6x8.obj (.const:.string:g_pucFontFixed6x8Data)
                  00009af2    00000101     rtsv7M4_T_le_v4SPD16_eabi.lib : ctype.obj (.const:.string:_ctypes_)
                  00009bf3    00000001     empty_pem4f.oem4f (.const:xdc_runtime_Error_policy__C)
                  00009bf4    000000c8     fontfixed6x8.obj (.const:g_sFontFixed6x8)
                  00009cbc    000000b8     empty_pem4f.oem4f (.const:xdc_runtime_Text_nodeTab__A)
                  00009d74    00000080     msp432p4xx_driverlib.lib : adc14.o (.const:_ctlRegs)
                  00009df4    00000048     empty_pem4f.oem4f (.const:.string)
                  00009e3c    0000002c     Crystalfontz128x128_ST7735.obj (.const:g_sCrystalfontz128x128)
                  00009e68    00000028     empty_pem4f.oem4f (.const:ti_sysbios_heaps_HeapMem_Module__FXNS__C)
                  00009e90    00000024     init_all.obj (.const:$P$T0$1)
                  00009eb4    00000024     empty_pem4f.oem4f (.const:ti_sysbios_gates_GateHwi_Module__FXNS__C)
                  00009ed8    00000024     empty_pem4f.oem4f (.const:ti_sysbios_gates_GateMutex_Module__FXNS__C)
                  00009efc    00000024     empty_pem4f.oem4f (.const:ti_sysbios_heaps_HeapMem_Object__PARAMS__C)
                  00009f20    00000024     empty_pem4f.oem4f (.const:ti_sysbios_knl_Clock_Object__PARAMS__C)
                  00009f44    00000024     empty_pem4f.oem4f (.const:ti_sysbios_knl_Semaphore_Object__PARAMS__C)
                  00009f68    00000024     empty_pem4f.oem4f (.const:xdc_runtime_Startup_sfxnTab__A)
                  00009f8c    00000020     empty_pem4f.oem4f (.const:ti_sysbios_gates_GateHwi_Object__DESC__C)
                  00009fac    00000020     empty_pem4f.oem4f (.const:ti_sysbios_gates_GateMutex_Object__DESC__C)
                  00009fcc    00000020     empty_pem4f.oem4f (.const:ti_sysbios_heaps_HeapMem_Object__DESC__C)
                  00009fec    00000020     empty_pem4f.oem4f (.const:ti_sysbios_knl_Clock_Object__DESC__C)
                  0000a00c    00000020     empty_pem4f.oem4f (.const:ti_sysbios_knl_Queue_Object__DESC__C)
                  0000a02c    00000020     empty_pem4f.oem4f (.const:ti_sysbios_knl_Semaphore_Object__DESC__C)
                  0000a04c    0000001c     HAL_MSP_EXP432P401R_Crystalfontz128x128_ST7735.obj (.const)
                  0000a068    00000018     empty_pem4f.oem4f (.const)
                  0000a080    00000018     empty_pem4f.oem4f (.const:ti_sysbios_gates_GateHwi_Object__PARAMS__C)
                  0000a098    00000018     empty_pem4f.oem4f (.const:ti_sysbios_gates_GateMutex_Object__PARAMS__C)
                  0000a0b0    00000018     empty_pem4f.oem4f (.const:ti_sysbios_knl_Queue_Object__PARAMS__C)
                  0000a0c8    00000012     empty_pem4f.oem4f (.const:xdc_runtime_Startup_sfxnRts__A)
                  0000a0da    00000002     empty_pem4f.oem4f (.const:ti_sysbios_family_arm_m3_Hwi_Module__id__C)
                  0000a0dc    00000010     MSP_EXP432P401R.obj (.const)
                  0000a0ec    0000000c     empty_pem4f.oem4f (.const:xdc_runtime_Startup_firstFxns__A)
                  0000a0f8    00000008     Crystalfontz128x128_ST7735.obj (.const)
                  0000a100    00000008     empty_pem4f.oem4f (.const:ti_sysbios_family_arm_m3_Hwi_excHookFuncs__A)
                  0000a108    00000008     empty_pem4f.oem4f (.const:ti_sysbios_knl_Idle_funcList__A)
                  0000a110    00000008     empty_pem4f.oem4f (.const:ti_sysbios_knl_Idle_funcList__C)
                  0000a118    00000008     empty_pem4f.oem4f (.const:xdc_runtime_Startup_firstFxns__C)
                  0000a120    00000008     empty_pem4f.oem4f (.const:xdc_runtime_Startup_lastFxns__C)
                  0000a128    00000004     empty_pem4f.oem4f (.const:ti_sysbios_family_arm_m3_Hwi_E_NMI__C)
                  0000a12c    00000004     empty_pem4f.oem4f (.const:ti_sysbios_family_arm_m3_Hwi_E_busFault__C)
                  0000a130    00000004     empty_pem4f.oem4f (.const:ti_sysbios_family_arm_m3_Hwi_E_debugMon__C)
                  0000a134    00000004     empty_pem4f.oem4f (.const:ti_sysbios_family_arm_m3_Hwi_E_hardFault__C)
                  0000a138    00000004     empty_pem4f.oem4f (.const:ti_sysbios_family_arm_m3_Hwi_E_memFault__C)
                  0000a13c    00000004     empty_pem4f.oem4f (.const:ti_sysbios_family_arm_m3_Hwi_E_noIsr__C)
                  0000a140    00000004     empty_pem4f.oem4f (.const:ti_sysbios_family_arm_m3_Hwi_E_reserved__C)
                  0000a144    00000004     empty_pem4f.oem4f (.const:ti_sysbios_family_arm_m3_Hwi_E_svCall__C)
                  0000a148    00000004     empty_pem4f.oem4f (.const:ti_sysbios_family_arm_m3_Hwi_E_usageFault__C)
                  0000a14c    00000004     empty_pem4f.oem4f (.const:ti_sysbios_family_arm_m3_Hwi_NUM_INTERRUPTS__C)
                  0000a150    00000004     empty_pem4f.oem4f (.const:ti_sysbios_family_arm_m3_Hwi_Object__count__C)
                  0000a154    00000004     empty_pem4f.oem4f (.const:ti_sysbios_family_arm_m3_Hwi_ccr__C)
                  0000a158    00000004     empty_pem4f.oem4f (.const:ti_sysbios_family_arm_m3_Hwi_excHandlerFunc__C)
                  0000a15c    00000004     empty_pem4f.oem4f (.const:ti_sysbios_family_arm_m3_Hwi_excHookFuncs__C)
                  0000a160    00000004     empty_pem4f.oem4f (.const:ti_sysbios_family_arm_m3_Hwi_nullIsrFunc__C)
                  0000a164    00000004     empty_pem4f.oem4f (.const:ti_sysbios_family_arm_m3_Hwi_priGroup__C)
                  0000a168    00000004     empty_pem4f.oem4f (.const:ti_sysbios_family_arm_msp432_Timer_numTimerDevices__C)
                  0000a16c    00000004     empty_pem4f.oem4f (.const:ti_sysbios_family_arm_msp432_Timer_startupNeeded__C)
                  0000a170    00000004     empty_pem4f.oem4f (.const:ti_sysbios_gates_GateMutex_Instance_State_sem__O)
                  0000a174    00000004     empty_pem4f.oem4f (.const:ti_sysbios_heaps_HeapMem_E_memory__C)
                  0000a178    00000004     empty_pem4f.oem4f (.const:ti_sysbios_heaps_HeapMem_Module__gateObj__C)
                  0000a17c    00000004     empty_pem4f.oem4f (.const:ti_sysbios_heaps_HeapMem_Object__count__C)
                  0000a180    00000004     empty_pem4f.oem4f (.const:ti_sysbios_heaps_HeapMem_reqAlign__C)
                  0000a184    00000004     empty_pem4f.oem4f (.const:ti_sysbios_knl_Clock_Module_State_clockQ__O)
                  0000a188    00000004     empty_pem4f.oem4f (.const:ti_sysbios_knl_Mailbox_Instance_State_dataQue__O)
                  0000a18c    00000004     empty_pem4f.oem4f (.const:ti_sysbios_knl_Mailbox_Instance_State_dataSem__O)
                  0000a190    00000004     empty_pem4f.oem4f (.const:ti_sysbios_knl_Mailbox_Instance_State_freeQue__O)
                  0000a194    00000004     empty_pem4f.oem4f (.const:ti_sysbios_knl_Mailbox_Instance_State_freeSem__O)
                  0000a198    00000004     empty_pem4f.oem4f (.const:ti_sysbios_knl_Mailbox_Object__count__C)
                  0000a19c    00000004     empty_pem4f.oem4f (.const:ti_sysbios_knl_Mailbox_maxTypeAlign__C)
                  0000a1a0    00000004     empty_pem4f.oem4f (.const:ti_sysbios_knl_Semaphore_Instance_State_pendQ__O)
                  0000a1a4    00000004     empty_pem4f.oem4f (.const:ti_sysbios_knl_Swi_Object__count__C)
                  0000a1a8    00000004     empty_pem4f.oem4f (.const:ti_sysbios_knl_Task_Module_State_inactiveQ__O)
                  0000a1ac    00000004     empty_pem4f.oem4f (.const:ti_sysbios_knl_Task_Object__count__C)
                  0000a1b0    00000004     empty_pem4f.oem4f (.const:ti_sysbios_knl_Task_allBlockedFunc__C)
                  0000a1b4    00000004     empty_pem4f.oem4f (.const:ti_sysbios_knl_Task_numConstructedTasks__C)
                  0000a1b8    00000004     empty_pem4f.oem4f (.const:xdc_runtime_Assert_E_assertFailed__C)
                  0000a1bc    00000004     empty_pem4f.oem4f (.const:xdc_runtime_Core_A_initializedParams__C)
                  0000a1c0    00000004     empty_pem4f.oem4f (.const:xdc_runtime_Core_Module__diagsEnabled__C)
                  0000a1c4    00000004     empty_pem4f.oem4f (.const:xdc_runtime_Core_Module__diagsIncluded__C)
                  0000a1c8    00000004     empty_pem4f.oem4f (.const:xdc_runtime_Core_Module__diagsMask__C)
                  0000a1cc    00000004     empty_pem4f.oem4f (.const:xdc_runtime_Error_E_memory__C)
                  0000a1d0    00000004     empty_pem4f.oem4f (.const:xdc_runtime_Error_Module__diagsEnabled__C)
                  0000a1d4    00000004     empty_pem4f.oem4f (.const:xdc_runtime_Error_Module__diagsIncluded__C)
                  0000a1d8    00000004     empty_pem4f.oem4f (.const:xdc_runtime_Error_Module__diagsMask__C)
                  0000a1dc    00000004     empty_pem4f.oem4f (.const:xdc_runtime_Error_Module__loggerFxn8__C)
                  0000a1e0    00000004     empty_pem4f.oem4f (.const:xdc_runtime_Error_Module__loggerObj__C)
                  0000a1e4    00000004     empty_pem4f.oem4f (.const:xdc_runtime_Error_policyFxn__C)
                  0000a1e8    00000004     empty_pem4f.oem4f (.const:xdc_runtime_Error_raiseHook__C)
                  0000a1ec    00000004     empty_pem4f.oem4f (.const:xdc_runtime_IGateProvider_Interface__BASE__C)
                  0000a1f0    00000004     empty_pem4f.oem4f (.const:xdc_runtime_IHeap_Interface__BASE__C)
                  0000a1f4    00000004     empty_pem4f.oem4f (.const:xdc_runtime_IModule_Interface__BASE__C)
                  0000a1f8    00000004     empty_pem4f.oem4f (.const:xdc_runtime_Log_L_error__C)
                  0000a1fc    00000004     empty_pem4f.oem4f (.const:xdc_runtime_Memory_defaultHeapInstance__C)
                  0000a200    00000004     empty_pem4f.oem4f (.const:xdc_runtime_Startup_execImpl__C)
                  0000a204    00000004     empty_pem4f.oem4f (.const:xdc_runtime_Startup_maxPasses__C)
                  0000a208    00000004     empty_pem4f.oem4f (.const:xdc_runtime_Startup_sfxnRts__C)
                  0000a20c    00000004     empty_pem4f.oem4f (.const:xdc_runtime_Startup_sfxnTab__C)
                  0000a210    00000004     empty_pem4f.oem4f (.const:xdc_runtime_SysMin_bufSize__C)
                  0000a214    00000004     empty_pem4f.oem4f (.const:xdc_runtime_SysMin_outputFunc__C)
                  0000a218    00000004     empty_pem4f.oem4f (.const:xdc_runtime_System_Module__gateObj__C)
                  0000a21c    00000004     empty_pem4f.oem4f (.const:xdc_runtime_System_abortFxn__C)
                  0000a220    00000004     empty_pem4f.oem4f (.const:xdc_runtime_System_exitFxn__C)
                  0000a224    00000004     empty_pem4f.oem4f (.const:xdc_runtime_System_extendFxn__C)
                  0000a228    00000004     empty_pem4f.oem4f (.const:xdc_runtime_System_maxAtexitHandlers__C)
                  0000a22c    00000004     empty_pem4f.oem4f (.const:xdc_runtime_Text_charTab__C)
                  0000a230    00000004     empty_pem4f.oem4f (.const:xdc_runtime_Text_nameEmpty__C)
                  0000a234    00000004     empty_pem4f.oem4f (.const:xdc_runtime_Text_nameStatic__C)
                  0000a238    00000004     empty_pem4f.oem4f (.const:xdc_runtime_Text_nameUnknown__C)
                  0000a23c    00000004     empty_pem4f.oem4f (.const:xdc_runtime_Text_nodeTab__C)
                  0000a240    00000004     empty_pem4f.oem4f (.const:xdc_runtime_Text_visitRopeFxn__C)
                  0000a244    00000002     empty_pem4f.oem4f (.const:ti_sysbios_heaps_HeapMem_Module__id__C)
                  0000a246    00000002     empty_pem4f.oem4f (.const:xdc_runtime_Core_Module__id__C)
                  0000a248    00000002     empty_pem4f.oem4f (.const:xdc_runtime_Error_Module__loggerDefined__C)
                  0000a24a    00000002     empty_pem4f.oem4f (.const:xdc_runtime_Error_maxDepth__C)
                  0000a24c    00000002     empty_pem4f.oem4f (.const:xdc_runtime_Memory_Module__id__C)
                  0000a24e    00000002     empty_pem4f.oem4f (.const:xdc_runtime_SysMin_flushAtExit__C)
                  0000a250    00000002     empty_pem4f.oem4f (.const:xdc_runtime_Text_charCnt__C)
                  0000a252    00000002     empty_pem4f.oem4f (.const:xdc_runtime_Text_isLoaded__C)
                  0000a254    00000002     empty_pem4f.oem4f (.const:xdc_runtime_Text_registryModsLastId__C)
                  0000a256    00000002     empty_pem4f.oem4f (.const:xdc_runtime_Text_unnamedModsLastId__C)

.cinit     0    0000a258    000004e8     
                  0000a258    000004b4     (.cinit..data.load) [load image, compression = rle]
                  0000a70c    0000000c     (__TI_handler_table)
                  0000a718    00000008     (.cinit..bss.load) [load image, compression = zero_init]
                  0000a720    00000008     (.cinit..vecs.load) [load image, compression = zero_init]
                  0000a728    00000018     (__TI_cinit_table)

.resetVecs 
*          0    00000000    0000003c     
                  00000000    0000003c     empty_pem4f.oem4f (.resetVecs)

.bss       0    20000140    000030d2     UNINITIALIZED
                  20000140    00002580     empty_pem4f.oem4f (.bss:ti_sysbios_knl_Mailbox_Instance_State_0_allocBuf__A)
                  200026c0    00000400     empty_pem4f.oem4f (.bss:ti_sysbios_heaps_HeapMem_Instance_State_0_buf__A)
                  20002ac0    00000200     empty_pem4f.oem4f (.bss:taskStackSection)
                  20002cc0    000001e0     empty_pem4f.oem4f (.bss:ti_sysbios_knl_Mailbox_Instance_State_1_allocBuf__A)
                  20002ea0    00000140     empty_pem4f.oem4f (.bss:ti_sysbios_family_arm_m3_Hwi_dispatchTable)
                  20002fe0    00000120     rtsv7M4_T_le_v4SPD16_eabi.lib : trgmsg.obj (.bss:__CIOBUF_)
                  20003100    00000080     empty_pem4f.oem4f (.bss:xdc_runtime_SysMin_Module_State_0_outbuf__A)
                  20003180    00000024     empty.obj (.bss:clk0Struct)
                  200031a4    00000024     empty.obj (.bss:clk1Struct)
                  200031c8    0000001c     (.common:g_sContext)
                  200031e4    00000008     (.common:parmbuf)
                  200031ec    00000004     (.common:clk0Handle)
                  200031f0    00000004     (.common:clk1Handle)
                  200031f4    00000004     (.common:receiveData)
                  200031f8    00000002     (.common:Lcd_ScreenHeigth)
                  200031fa    00000002     (.common:Lcd_ScreenWidth)
                  200031fc    00000002     (.common:Lcd_TouchTrim)
                  200031fe    00000002     (.common:avgX$4)
                  20003200    00000002     (.common:avgY$5)
                  20003202    00000002     (.common:avgZ$6)
                  20003204    00000002     (.common:lastX$1)
                  20003206    00000002     (.common:lastY$2)
                  20003208    00000002     (.common:lastZ$3)
                  2000320a    00000001     (.common:Lcd_FlagRead)
                  2000320b    00000001     (.common:Lcd_FontSolid)
                  2000320c    00000001     (.common:Lcd_Orientation)
                  2000320d    00000001     (.common:Lcd_PenSolid)
                  2000320e    00000001     (.common:dataSetASCII)
                  2000320f    00000001     (.common:dataSetHundreds)
                  20003210    00000001     (.common:dataSetOnes)
                  20003211    00000001     (.common:dataSetTens)

.data      0    20003218    00000758     UNINITIALIZED
                  20003218    0000015c     empty_pem4f.oem4f (.data)
                  20003374    000000b0     rtsv7M4_T_le_v4SPD16_eabi.lib : signal.obj (.data:sigtable)
                  20003424    000000a0     empty_pem4f.oem4f (.data:ti_sysbios_knl_Mailbox_Object__table__V)
                  200034c4    0000009c     drivers_MSP432P401R.aem4f : PowerMSP432.oem4f (.data:PowerMSP432_perfLevels)
                  20003560    00000080     rtsv7M4_T_le_v4SPD16_eabi.lib : xvalues.obj (.data)
                  200035e0    00000080     empty_pem4f.oem4f (.data:ti_sysbios_knl_Swi_Module_State_0_readyQ__A)
                  20003660    00000080     empty_pem4f.oem4f (.data:ti_sysbios_knl_Task_Module_State_0_readyQ__A)
                  200036e0    0000004c     empty_pem4f.oem4f (.data:ti_sysbios_family_arm_msp432_Timer_Object__table__V)
                  2000372c    0000004c     empty_pem4f.oem4f (.data:ti_sysbios_knl_Task_Object__table__V)
                  20003778    00000048     empty_pem4f.oem4f (.data:ti_sysbios_family_arm_m3_Hwi_Object__table__V)
                  200037c0    00000044     empty_pem4f.oem4f (.data:ti_sysbios_knl_Task_Module__state__V)
                  20003804    00000038     empty_pem4f.oem4f (.data:ti_sysbios_gates_GateMutex_Object__table__V)
                  2000383c    00000034     empty_pem4f.oem4f (.data:ti_sysbios_family_arm_m3_Hwi_Module__state__V)
                  20003870    00000030     msp432p4xx_driverlib.lib : gpio.o (.data:GPIO_PORT_TO_BASE)
                  200038a0    00000030     empty_pem4f.oem4f (.data:ti_sysbios_knl_Swi_Object__table__V)
                  200038d0    0000002c     empty_pem4f.oem4f (.data:ti_sysbios_knl_Clock_Module__state__V)
                  200038fc    00000024     drivers_MSP432P401R.aem4f : PowerMSP432.oem4f (.data:PowerMSP432_module)
                  20003920    00000024     empty_pem4f.oem4f (.data:ti_sysbios_BIOS_Module__state__V)
                  20003944    0000000a     empty.obj (.data)
                  2000394e    00000002     --HOLE--
                  20003950    00000008     rtsv7M4_T_le_v4SPD16_eabi.lib : _lock.obj (.data)
                  20003958    00000008                                   : exit.obj (.data)
                  20003960    00000008                                   : feraiseexcept.obj (.data)
                  20003968    00000004                                   : errno.obj (.data)
                  2000396c    00000004                                   : stkdepth_vars.obj (.data)

.stack     0    2000fd00    00000300     UNINITIALIZED
                  2000fd00    00000300     --HOLE--

.bootVecs 
*          0    00000000    00000008     DSECT
                  00000000    00000008     boot.aem4f : boot.oem4f (.bootVecs)

.vecs      0    20000000    00000140     UNINITIALIZED
                  20000000    00000140     empty_pem4f.oem4f (.vecs)

xdc.meta   0    00000000    000000e8     COPY SECTION
                  00000000    000000e8     empty_pem4f.oem4f (xdc.meta)

.TI.noinit 
*          0    20000140    00000000     UNINITIALIZED

.TI.persistent 
*          0    20003218    00000000     UNINITIALIZED


LINKER GENERATED COPY TABLES

__TI_cinit_table @ 0000a728 records: 3, size/record: 8, table size: 24
	.data: load addr=0000a258, load size=000004b4 bytes, run addr=20003218, run size=00000758 bytes, compression=rle
	.bss: load addr=0000a718, load size=00000008 bytes, run addr=20000140, run size=000030d2 bytes, compression=zero_init
	.vecs: load addr=0000a720, load size=00000008 bytes, run addr=20000000, run size=00000140 bytes, compression=zero_init


LINKER GENERATED HANDLER TABLE

__TI_handler_table @ 0000a70c records: 3, size/record: 4, table size: 12
	index: 0, handler: __TI_decompress_rle24
	index: 1, handler: __TI_decompress_none
	index: 2, handler: __TI_zero_init


GLOBAL SYMBOLS: SORTED ALPHABETICALLY BY Name 

address   name                                                        
-------   ----                                                        
00007a15  ADC14_getResult                                             
000055c1  ADC_HWI                                                     
00006529  C$$EXIT                                                     
00005657  C$$IO$$                                                     
00007e43  CPU_cpsid                                                   
00007e4f  CPU_cpsie                                                   
00002895  CPU_wfi                                                     
000040f1  CS_initClockSignal                                          
000073b5  CS_setDCOCenteredFrequency                                  
000031b5  Crystalfontz128x128_Init                                    
00003081  Crystalfontz128x128_SetDrawFrame                            
00005c89  Crystalfontz128x128_SetOrientation                          
000032e1  EUSCIA2_IRQHandler                                          
00007e5b  EUSCI_A_SPI_enable                                          
00002a0d  EUSCI_A_SPI_transmitData                                    
00007e67  EUSCI_B_SPI_enable                                          
00007f27  EUSCI_B_SPI_getInterruptStatus                              
0000372d  EUSCI_B_SPI_transmitData                                    
00006709  FlashCtl_disableReadBuffering                               
00006b31  FlashCtl_enableReadBuffering                                
000072c9  FlashCtl_setWaitState                                       
000073d9  GPIO_setAsOutputPin                                         
00006331  GPIO_setAsPeripheralModuleFunctionInputPin                  
00006071  GPIO_setAsPeripheralModuleFunctionOutputPin                 
00007bd9  GPIO_setOutputHighOnPin                                     
00007a2d  GPIO_setOutputLowOnPin                                      
00007cc9  Graphics_clearDisplay                                       
00007a45  Graphics_clearDisplayOnDisplay                              
00006b65  Graphics_drawHorizontalLineOnDisplay                        
000049b1  Graphics_drawLineH                                          
000071f9  Graphics_drawPixelOnDisplay                                 
000010fb  Graphics_drawString                                         
00006379  Graphics_drawStringCentered                                 
00003a39  Graphics_getStringWidth                                     
000062e5  Graphics_initContext                                        
000078f5  Graphics_setBackgroundColor                                 
0000790f  Graphics_setFont                                            
00007b51  Graphics_setForegroundColor                                 
00007b67  Graphics_translateColorOnDisplay                            
00006d03  HAL_LCD_PortInit                                            
00006789  HAL_LCD_SpiInit                                             
00006b99  HAL_LCD_writeCommand                                        
000073fd  HAL_LCD_writeData                                           
00001f81  HOSTclock                                                   
00001f49  HOSTclose                                                   
00001f0b  HOSTgetenv                                                  
00001eaf  HOSTlseek                                                   
00001e5d  HOSTopen                                                    
00001e11  HOSTread                                                    
00001db3  HOSTrename                                                  
00001d79  HOSTtime                                                    
00001d41  HOSTunlink                                                  
00001cf5  HOSTwrite                                                   
0000307f  Idle_fcxn                                                   
0000a07c  LCDsemaphore                                                
2000320a  Lcd_FlagRead                                                
2000320b  Lcd_FontSolid                                               
2000320c  Lcd_Orientation                                             
2000320d  Lcd_PenSolid                                                
200031f8  Lcd_ScreenHeigth                                            
200031fa  Lcd_ScreenWidth                                             
200031fc  Lcd_TouchTrim                                               
000042ad  List_head                                                   
000045c5  List_next                                                   
00007f2f  MSP_EXP432P401R_initGeneral                                 
000070f1  PCM_getCoreVoltageLevel                                     
00007223  PCM_getPowerMode                                            
00007e75  PCM_getPowerState                                           
000072f1  PCM_gotoLPM0                                                
00005065  PCM_gotoLPM3                                                
00007d05  PCM_gotoLPM4                                                
00007f37  PCM_setPowerMode                                            
00007f3f  PCM_setPowerState                                           
00005edd  PCM_shutdownDevice                                          
0000a0dc  PowerMSP432_config                                          
00003b33  PowerMSP432_initPolicy                                      
200038fc  PowerMSP432_module                                          
200034c4  PowerMSP432_perfLevels                                      
00005f2d  PowerMSP432_sleepPolicy                                     
0000711d  PowerMSP432_updateFreqs                                     
00007e81  Power_getConstraintMask                                     
0000764d  Power_idleFunc                                              
00006949  Power_init                                                  
00003d25  Power_sleep                                                 
00007421  RTC_C_holdClock                                             
00007445  RTC_C_startClock                                            
UNDEFED   SHT$$INIT_ARRAY$$Base                                       
UNDEFED   SHT$$INIT_ARRAY$$Limit                                      
00007929  SPI_enableModule                                            
00004d35  SPI_initMaster                                              
0000766d  SPI_transmitData                                            
4000480c  WDTCTL_SYM                                                  
00007a5d  WDT_A_holdTimer                                             
00007bed  WDT_A_startTimer                                            
00006d65  _Dclass                                                     
20003560  _Denorm                                                     
00004449  _Dnorm                                                      
00003511  _Dscale                                                     
000056f9  _Dunscale                                                   
20003570  _Eps                                                        
20003968  _Errno                                                      
20003960  _Fenv                                                       
00006d95  _Feraise                                                    
20003580  _Hugeval                                                    
20003590  _Inf                                                        
200035a0  _Nan                                                        
200035c0  _Rteps                                                      
200035b0  _Snan                                                       
20003964  _Tls_setup__Fenv                                            
200035d0  _Xbig                                                       
200035d8  _Zero                                                       
00000000  __ASM__                                                     
20002fe0  __CIOBUF_                                                   
00000064  __ISA__                                                     
00000077  __PLAT__                                                    
20010000  __STACK_END                                                 
00000300  __STACK_SIZE                                                
0000009a  __TARG__                                                    
0000a728  __TI_CINIT_Base                                             
0000a740  __TI_CINIT_Limit                                            
0000a70c  __TI_Handler_Table_Base                                     
0000a718  __TI_Handler_Table_Limit                                    
00004735  __TI_auto_init                                              
20003958  __TI_cleanup_ptr                                            
00007e19  __TI_decompress_none                                        
000077eb  __TI_decompress_rle24                                       
2000395c  __TI_dtors_ptr                                              
00000df5  __TI_printfi                                                
0000565b  __TI_readmsg                                                
0000a258  __TI_static_base__                                          
00005629  __TI_writemsg                                               
00007e8d  __TI_zero_init                                              
000000c0  __TRDR__                                                    
00004ed1  __aeabi_cdcmpeq                                             
00004ed1  __aeabi_cdcmple                                             
00004f57  __aeabi_cdrcmple                                            
000063c1  __aeabi_d2iz                                                
00002395  __aeabi_dadd                                                
00002f49  __aeabi_ddiv                                                
0000393d  __aeabi_dmul                                                
0000238b  __aeabi_dsub                                                
00007069  __aeabi_i2d                                                 
00004507  __aeabi_idiv0                                               
0000515d  __aeabi_memclr                                              
0000515d  __aeabi_memclr4                                             
0000515d  __aeabi_memclr8                                             
00004a4d  __aeabi_memcpy                                              
00004a4d  __aeabi_memcpy4                                             
00004a4d  __aeabi_memcpy8                                             
0000515f  __aeabi_memset                                              
0000515f  __aeabi_memset4                                             
0000515f  __aeabi_memset8                                             
00006849  __aeabi_uidiv                                               
00006849  __aeabi_uidivmod                                            
00001fc9  __aeabi_uldivmod                                            
ffffffff  __binit__                                                   
ffffffff  __c_args__                                                  
2000fd00  __stack                                                     
00004b83  __xdc__init                                                 
20003370  __xdc__init__addr                                           
00007a75  _args_main                                                  
00005b29  _c_int00                                                    
00009af2  _ctypes_                                                    
20003950  _lock                                                       
00007c37  _nop                                                        
00007c2f  _register_lock                                              
00007c29  _register_unlock                                            
20003954  _unlock                                                     
0000652d  abort                                                       
0000a074  absoluateAvgTask                                            
0000a068  adc_hwi                                                     
0000a06c  adc_mailbox                                                 
000060bd  atoi                                                        
00003e19  averageCalcTask                                             
ffffffff  binit                                                       
00007c01  clk0Fxn                                                     
200031ec  clk0Handle                                                  
20003180  clk0Struct                                                  
00007c15  clk1Fxn                                                     
200031f0  clk1Handle                                                  
200031a4  clk1Struct                                                  
00006109  copy_in                                                     
20003944  dataCounter                                                 
2000320e  dataSetASCII                                                
2000320f  dataSetHundreds                                             
20003210  dataSetOnes                                                 
20003211  dataSetTens                                                 
000047d5  drawAccelData                                               
00005cdd  drawData                                                    
00005d31  drawTitle                                                   
00006535  exit                                                        
00006bcd  feraiseexcept                                               
0000724d  frexp                                                       
200031c8  g_sContext                                                  
00009e3c  g_sCrystalfontz128x128                                      
00009bf4  g_sFontFixed6x8                                             
00002541  init_All                                                    
0000a078  lcd_mailbox                                                 
00005e89  ldexp                                                       
00005c31  ltoa                                                        
00004dbd  main                                                        
2000396c  main_func_sp                                                
000077cf  memccpy                                                     
00004a4d  memcpy                                                      
00005165  memset                                                      
00007db9  osi_TaskDisable                                             
00007d49  osi_start                                                   
00007097  raise                                                       
200031f4  receiveData                                                 
00006809  signal                                                      
000058ed  sprintf                                                     
00007b7d  strchr                                                      
00007c3d  strcpy                                                      
00007c51  strlen                                                      
20003920  ti_sysbios_BIOS_Module__state__V                            
00007977  ti_sysbios_BIOS_RtsGateProxy_Handle__label__S               
00007545  ti_sysbios_BIOS_RtsGateProxy_Object__delete__S              
00004e45  ti_sysbios_BIOS_RtsGateProxy_enter__E                       
00004fdd  ti_sysbios_BIOS_RtsGateProxy_leave__E                       
00007f89  ti_sysbios_BIOS_RtsGateProxy_query__E                       
00006dc5  ti_sysbios_BIOS_atExitFunc__I                               
00007469  ti_sysbios_BIOS_errorRaiseHook__I                           
00007b93  ti_sysbios_BIOS_exitFunc__I                                 
00007d19  ti_sysbios_BIOS_exit__E                                     
000051d7  ti_sysbios_BIOS_nullFunc__I                                 
0000748d  ti_sysbios_BIOS_registerRTSLock__I                          
000074b1  ti_sysbios_BIOS_removeRTSLock__I                            
0000768d  ti_sysbios_BIOS_rtsLock__I                                  
00007a8d  ti_sysbios_BIOS_rtsUnlock__I                                
00007d29  ti_sysbios_BIOS_setCpuFreq__E                               
00007d39  ti_sysbios_BIOS_setThreadType__E                            
000074d5  ti_sysbios_BIOS_startFunc__I                                
00007d49  ti_sysbios_BIOS_start__E                                    
0000a128  ti_sysbios_family_arm_m3_Hwi_E_NMI__C                       
0000a12c  ti_sysbios_family_arm_m3_Hwi_E_busFault__C                  
0000a130  ti_sysbios_family_arm_m3_Hwi_E_debugMon__C                  
0000a134  ti_sysbios_family_arm_m3_Hwi_E_hardFault__C                 
[...]
00007d89  ti_sysbios_knl_Semaphore_Instance_finalize__E               
00007d99  ti_sysbios_knl_Swi_disable__E                               
00007da9  ti_sysbios_knl_Task_Object__get__S                          
00007db9  osi_TaskDisable                                             
00007db9  ti_sysbios_knl_Task_disable__E                              
00007dc9  xdc_runtime_Gate_leaveSystem__E                             
00007dd9  xdc_runtime_Memory_free__E                                  
00007de9  xdc_runtime_SysMin_ready__E                                 
00007de9  xdc_runtime_System_SupportProxy_ready__E                    
00007df9  xdc_runtime_System_vsnprintf__E                             
00007e09  xdc_runtime_Text_visitRope__I                               
00007e19  __TI_decompress_none                                        
00007e29  ti_sysbios_knl_Queue_empty__E                               
00007e37  ti_sysbios_family_arm_msp432_init_Boot_init__I              
00007e37  xdc_runtime_Startup_reset__I                                
00007e43  CPU_cpsid                                                   
00007e4f  CPU_cpsie                                                   
00007e5b  EUSCI_A_SPI_enable                                          
00007e67  EUSCI_B_SPI_enable                                          
00007e75  PCM_getPowerState                                           
00007e81  Power_getConstraintMask                                     
00007e8d  __TI_zero_init                                              
00007e99  ti_sysbios_family_arm_msp432_Timer_getMaxTicks__E           
00007ea9  ti_sysbios_gates_GateHwi_enter__E                           
00007eb5  ti_sysbios_knl_Clock_Params__init__S                        
00007ecd  ti_sysbios_knl_Queue_Object__get__S                         
00007ed9  xdc_runtime_Error_init__E                                   
00007ee5  xdc_runtime_Gate_enterSystem__E                             
00007ef1  xdc_runtime_Memory_calloc__E                                
00007efd  xdc_runtime_Memory_getMaxDefaultTypeAlign__E                
00007f13  xdc_runtime_Memory_HeapProxy_alloc__E                       
00007f1d  xdc_runtime_Memory_HeapProxy_free__E                        
00007f27  EUSCI_B_SPI_getInterruptStatus                              
00007f2f  MSP_EXP432P401R_initGeneral                                 
00007f37  PCM_setPowerMode                                            
00007f3f  PCM_setPowerState                                           
00007f49  ti_sysbios_family_arm_m3_Hwi_doSwiRestore__I                
00007f51  ti_sysbios_family_arm_m3_Hwi_startup__E                     
00007f51  ti_sysbios_hal_Hwi_HwiProxy_startup__E                      
00007f59  ti_sysbios_family_arm_m3_Hwi_doTaskRestore__I               
00007f61  ti_sysbios_gates_GateHwi_leave__E                           
00007f69  ti_sysbios_heaps_HeapMem_isBlocking__E                      
00007f71  ti_sysbios_knl_Queue_Instance_init__E                       
00007f79  ti_sysbios_knl_Swi_startup__E                               
00007f81  ti_sysbios_gates_GateHwi_query__E                           
00007f81  xdc_runtime_Main_Module_GateProxy_query__E                  
00007f81  xdc_runtime_System_Module_GateProxy_query__E                
00007f89  ti_sysbios_BIOS_RtsGateProxy_query__E                       
00007f89  ti_sysbios_gates_GateMutex_query__E                         
00007f89  ti_sysbios_heaps_HeapMem_Module_GateProxy_query__E          
00007f91  ti_sysbios_knl_Semaphore_getCount__E                        
00007f99  ti_sysbios_knl_Task_startup__E                              
00007fa1  ti_sysbios_gates_GateHwi_Instance_init__E                   
00007fa9  ti_sysbios_knl_Clock_logTick__E                             
00007fac  xdc_runtime_Text_charTab__A                                 
00009af2  _ctypes_                                                    
00009bf3  xdc_runtime_Error_policy__C                                 
00009bf4  g_sFontFixed6x8                                             
00009cbc  xdc_runtime_Text_nodeTab__A                                 
00009e3c  g_sCrystalfontz128x128                                      
00009e68  ti_sysbios_heaps_HeapMem_Module__FXNS__C                    
00009eb4  ti_sysbios_gates_GateHwi_Module__FXNS__C                    
00009ed8  ti_sysbios_gates_GateMutex_Module__FXNS__C                  
00009efc  ti_sysbios_heaps_HeapMem_Object__PARAMS__C                  
00009f20  ti_sysbios_knl_Clock_Object__PARAMS__C                      
00009f44  ti_sysbios_knl_Semaphore_Object__PARAMS__C                  
00009f68  xdc_runtime_Startup_sfxnTab__A                              
00009f8c  ti_sysbios_gates_GateHwi_Object__DESC__C                    
00009fac  ti_sysbios_gates_GateMutex_Object__DESC__C                  
00009fcc  ti_sysbios_heaps_HeapMem_Object__DESC__C                    
00009fec  ti_sysbios_knl_Clock_Object__DESC__C                        
0000a00c  ti_sysbios_knl_Queue_Object__DESC__C                        
0000a02c  ti_sysbios_knl_Semaphore_Object__DESC__C                    
0000a068  adc_hwi                                                     
0000a06c  adc_mailbox                                                 
0000a070  uart_hwi                                                    
0000a074  absoluateAvgTask                                            
0000a078  lcd_mailbox                                                 
0000a07c  LCDsemaphore                                                
0000a080  ti_sysbios_gates_GateHwi_Object__PARAMS__C                  
0000a098  ti_sysbios_gates_GateMutex_Object__PARAMS__C                
0000a0b0  ti_sysbios_knl_Queue_Object__PARAMS__C                      
0000a0c8  xdc_runtime_Startup_sfxnRts__A                              
0000a0da  ti_sysbios_family_arm_m3_Hwi_Module__id__C                  
0000a0dc  PowerMSP432_config                                          
0000a0ec  xdc_runtime_Startup_firstFxns__A                            
0000a100  ti_sysbios_family_arm_m3_Hwi_excHookFuncs__A                
0000a108  ti_sysbios_knl_Idle_funcList__A                             
0000a110  ti_sysbios_knl_Idle_funcList__C                             
0000a118  xdc_runtime_Startup_firstFxns__C                            
0000a120  xdc_runtime_Startup_lastFxns__C                             
0000a128  ti_sysbios_family_arm_m3_Hwi_E_NMI__C                       
0000a12c  ti_sysbios_family_arm_m3_Hwi_E_busFault__C                  
0000a130  ti_sysbios_family_arm_m3_Hwi_E_debugMon__C                  
0000a134  ti_sysbios_family_arm_m3_Hwi_E_hardFault__C                 
0000a138  ti_sysbios_family_arm_m3_Hwi_E_memFault__C                  
0000a13c  ti_sysbios_family_arm_m3_Hwi_E_noIsr__C                     
0000a140  ti_sysbios_family_arm_m3_Hwi_E_reserved__C                  
0000a144  ti_sysbios_family_arm_m3_Hwi_E_svCall__C                    
0000a148  ti_sysbios_family_arm_m3_Hwi_E_usageFault__C                
0000a14c  ti_sysbios_family_arm_m3_Hwi_NUM_INTERRUPTS__C              
0000a150  ti_sysbios_family_arm_m3_Hwi_Object__count__C               
0000a154  ti_sysbios_family_arm_m3_Hwi_ccr__C                         
0000a158  ti_sysbios_family_arm_m3_Hwi_excHandlerFunc__C              
0000a15c  ti_sysbios_family_arm_m3_Hwi_excHookFuncs__C                
0000a160  ti_sysbios_family_arm_m3_Hwi_nullIsrFunc__C                 
0000a164  ti_sysbios_family_arm_m3_Hwi_priGroup__C                    
0000a168  ti_sysbios_family_arm_msp432_Timer_numTimerDevices__C       
0000a16c  ti_sysbios_family_arm_msp432_Timer_startupNeeded__C         
0000a170  ti_sysbios_gates_GateMutex_Instance_State_sem__O            
0000a174  ti_sysbios_heaps_HeapMem_E_memory__C                        
0000a178  ti_sysbios_heaps_HeapMem_Module__gateObj__C                 
0000a17c  ti_sysbios_heaps_HeapMem_Object__count__C                   
0000a180  ti_sysbios_heaps_HeapMem_reqAlign__C                        
0000a184  ti_sysbios_knl_Clock_Module_State_clockQ__O                 
0000a188  ti_sysbios_knl_Mailbox_Instance_State_dataQue__O            
0000a18c  ti_sysbios_knl_Mailbox_Instance_State_dataSem__O            
0000a190  ti_sysbios_knl_Mailbox_Instance_State_freeQue__O            
0000a194  ti_sysbios_knl_Mailbox_Instance_State_freeSem__O            
0000a198  ti_sysbios_knl_Mailbox_Object__count__C                     
0000a19c  ti_sysbios_knl_Mailbox_maxTypeAlign__C                      
0000a1a0  ti_sysbios_knl_Semaphore_Instance_State_pendQ__O            
0000a1a4  ti_sysbios_knl_Swi_Object__count__C                         
0000a1a8  ti_sysbios_knl_Task_Module_State_inactiveQ__O               
0000a1ac  ti_sysbios_knl_Task_Object__count__C                        
0000a1b0  ti_sysbios_knl_Task_allBlockedFunc__C                       
0000a1b4  ti_sysbios_knl_Task_numConstructedTasks__C                  
0000a1b8  xdc_runtime_Assert_E_assertFailed__C                        
0000a1bc  xdc_runtime_Core_A_initializedParams__C                     
0000a1c0  xdc_runtime_Core_Module__diagsEnabled__C                    
0000a1c4  xdc_runtime_Core_Module__diagsIncluded__C                   
0000a1c8  xdc_runtime_Core_Module__diagsMask__C                       
0000a1cc  xdc_runtime_Error_E_memory__C                               
0000a1d0  xdc_runtime_Error_Module__diagsEnabled__C                   
0000a1d4  xdc_runtime_Error_Module__diagsIncluded__C                  
0000a1d8  xdc_runtime_Error_Module__diagsMask__C                      
0000a1dc  xdc_runtime_Error_Module__loggerFxn8__C                     
0000a1e0  xdc_runtime_Error_Module__loggerObj__C                      
0000a1e4  xdc_runtime_Error_policyFxn__C                              
0000a1e8  xdc_runtime_Error_raiseHook__C                              
0000a1ec  xdc_runtime_IGateProvider_Interface__BASE__C                
0000a1f0  xdc_runtime_IHeap_Interface__BASE__C                        
0000a1f4  xdc_runtime_IModule_Interface__BASE__C                      
0000a1f8  xdc_runtime_Log_L_error__C                                  
0000a1fc  xdc_runtime_Memory_defaultHeapInstance__C                   
0000a200  xdc_runtime_Startup_execImpl__C                             
0000a204  xdc_runtime_Startup_maxPasses__C                            
0000a208  xdc_runtime_Startup_sfxnRts__C                              
0000a20c  xdc_runtime_Startup_sfxnTab__C                              
0000a210  xdc_runtime_SysMin_bufSize__C                               
0000a214  xdc_runtime_SysMin_outputFunc__C                            
0000a218  xdc_runtime_System_Module__gateObj__C                       
0000a21c  xdc_runtime_System_abortFxn__C                              
0000a220  xdc_runtime_System_exitFxn__C                               
0000a224  xdc_runtime_System_extendFxn__C                             
0000a228  xdc_runtime_System_maxAtexitHandlers__C                     
0000a22c  xdc_runtime_Text_charTab__C                                 
0000a230  xdc_runtime_Text_nameEmpty__C                               
0000a234  xdc_runtime_Text_nameStatic__C                              
0000a238  xdc_runtime_Text_nameUnknown__C                             
0000a23c  xdc_runtime_Text_nodeTab__C                                 
0000a240  xdc_runtime_Text_visitRopeFxn__C                            
0000a244  ti_sysbios_heaps_HeapMem_Module__id__C                      
0000a246  xdc_runtime_Core_Module__id__C                              
0000a248  xdc_runtime_Error_Module__loggerDefined__C                  
0000a24a  xdc_runtime_Error_maxDepth__C                               
0000a24c  xdc_runtime_Memory_Module__id__C                            
0000a24e  xdc_runtime_SysMin_flushAtExit__C                           
0000a250  xdc_runtime_Text_charCnt__C                                 
0000a252  xdc_runtime_Text_isLoaded__C                                
0000a254  xdc_runtime_Text_registryModsLastId__C                      
0000a256  xdc_runtime_Text_unnamedModsLastId__C                       
0000a258  __TI_static_base__                                          
0000a70c  __TI_Handler_Table_Base                                     
0000a718  __TI_Handler_Table_Limit                                    
0000a728  __TI_CINIT_Base                                             
0000a740  __TI_CINIT_Limit                                            
20000000  ti_sysbios_family_arm_m3_Hwi_ramVectors                     
20000140  ti_sysbios_knl_Mailbox_Instance_State_0_allocBuf__A         
200026c0  ti_sysbios_heaps_HeapMem_Instance_State_0_buf__A            
20002ac0  ti_sysbios_knl_Task_Instance_State_0_stack__A               
20002cc0  ti_sysbios_knl_Mailbox_Instance_State_1_allocBuf__A         
20002ea0  ti_sysbios_family_arm_m3_Hwi_dispatchTable                  
20002fe0  __CIOBUF_                                                   
20003100  xdc_runtime_SysMin_Module_State_0_outbuf__A                 
20003180  clk0Struct                                                  
200031a4  clk1Struct                                                  
200031c8  g_sContext                                                  
200031ec  clk0Handle                                                  
200031f0  clk1Handle                                                  
200031f4  receiveData                                                 
200031f8  Lcd_ScreenHeigth                                            
200031fa  Lcd_ScreenWidth                                             
200031fc  Lcd_TouchTrim                                               
2000320a  Lcd_FlagRead                                                
2000320b  Lcd_FontSolid                                               
2000320c  Lcd_Orientation                                             
2000320d  Lcd_PenSolid                                                
2000320e  dataSetASCII                                                
2000320f  dataSetHundreds                                             
20003210  dataSetOnes                                                 
20003211  dataSetTens                                                 
20003218  ti_sysbios_family_arm_m3_Hwi_Module__root__V                
20003220  ti_sysbios_family_arm_m3_Hwi_Module_State_0_excActive__A    
20003224  ti_sysbios_family_arm_m3_Hwi_Module_State_0_excContext__A   
20003228  ti_sysbios_family_arm_m3_Hwi_Module_State_0_excStack__A     
2000322c  ti_sysbios_family_arm_msp432_ClockFreqs_Module__state__V    
20003238  ti_sysbios_family_arm_msp432_Timer_Module__root__V          
20003240  ti_sysbios_family_arm_msp432_Timer_Module_State_0_device__A 
20003260  ti_sysbios_family_arm_msp432_Timer_Module_State_0_handles__A
20003270  ti_sysbios_family_arm_msp432_Timer_Module__state__V         
2000327c  ti_sysbios_gates_GateHwi_Module__root__V                    
20003284  ti_sysbios_gates_GateHwi_Object__table__V                   
20003288  ti_sysbios_gates_GateMutex_Module__root__V                  
20003290  ti_sysbios_hal_Hwi_Module__root__V                          
20003298  ti_sysbios_hal_Hwi_Object__table__V                         
200032a8  ti_sysbios_heaps_HeapMem_Module__root__V                    
200032b0  ti_sysbios_heaps_HeapMem_Object__table__V                   
200032c8  ti_sysbios_knl_Clock_Module__root__V                        
200032d0  ti_sysbios_knl_Event_Module__root__V                        
200032d8  ti_sysbios_knl_Mailbox_Module__root__V                      
200032e0  ti_sysbios_knl_Queue_Module__root__V                        
200032e8  ti_sysbios_knl_Semaphore_Module__root__V                    
200032f0  ti_sysbios_knl_Semaphore_Object__table__V                   
20003304  ti_sysbios_knl_Swi_Module__root__V                          
2000330c  ti_sysbios_knl_Swi_Module__state__V                         
20003328  ti_sysbios_knl_Task_Module__root__V                         
20003330  ti_sysbios_knl_Task_Module_State_0_idleTask__A              
20003334  xdc_runtime_Error_Module__state__V                          
20003338  xdc_runtime_Memory_Module__state__V                         
2000333c  xdc_runtime_Registry_Module__state__V                       
20003344  xdc_runtime_Startup_Module__state__V                        
2000334c  xdc_runtime_SysMin_Module__state__V                         
20003358  xdc_runtime_System_Module_State_0_atexitHandlers__A         
20003360  xdc_runtime_System_Module__state__V                         
20003368  xdc_runtime_Text_Module__state__V                           
20003370  __xdc__init__addr                                           
20003424  ti_sysbios_knl_Mailbox_Object__table__V                     
200034c4  PowerMSP432_perfLevels                                      
20003560  _Denorm                                                     
20003570  _Eps                                                        
20003580  _Hugeval                                                    
20003590  _Inf                                                        
200035a0  _Nan                                                        
200035b0  _Snan                                                       
200035c0  _Rteps                                                      
200035d0  _Xbig                                                       
200035d8  _Zero                                                       
200035e0  ti_sysbios_knl_Swi_Module_State_0_readyQ__A                 
20003660  ti_sysbios_knl_Task_Module_State_0_readyQ__A                
200036e0  ti_sysbios_family_arm_msp432_Timer_Object__table__V         
2000372c  ti_sysbios_knl_Task_Object__table__V                        
20003778  ti_sysbios_family_arm_m3_Hwi_Object__table__V               
200037c0  ti_sysbios_knl_Task_Module__state__V                        
20003804  ti_sysbios_gates_GateMutex_Object__table__V                 
2000383c  ti_sysbios_family_arm_m3_Hwi_Module__state__V               
200038a0  ti_sysbios_knl_Swi_Object__table__V                         
200038d0  ti_sysbios_knl_Clock_Module__state__V                       
200038fc  PowerMSP432_module                                          
20003920  ti_sysbios_BIOS_Module__state__V                            
20003944  dataCounter                                                 
20003948  timerCounter                                                
2000394c  ticks0                                                      
2000394d  ticks1                                                      
20003950  _lock                                                       
20003954  _unlock                                                     
20003958  __TI_cleanup_ptr                                            
2000395c  __TI_dtors_ptr                                              
20003960  _Fenv                                                       
20003964  _Tls_setup__Fenv                                            
20003968  _Errno                                                      
2000396c  main_func_sp                                                
2000fd00  __stack                                                     
20010000  __STACK_END                                                 
4000480c  WDTCTL_SYM                                                  
e000e000  ti_sysbios_family_arm_m3_Hwi_nvic                           
ffffffff  __binit__                                                   
ffffffff  __c_args__                                                  
ffffffff  binit                                                       
UNDEFED   SHT$$INIT_ARRAY$$Base                                       
UNDEFED   SHT$$INIT_ARRAY$$Limit                                      

[634 symbols]
