******************************************************************************
                  TI ARM Linker Unix v5.2.6                    
******************************************************************************
>> Linked Mon Apr 11 00:11:33 2016

OUTPUT FILE NAME:   <RTOSChallenge.out>
ENTRY POINT SYMBOL: "_c_int00"  address: 000056b1


MEMORY CONFIGURATION

         name            origin    length      used     unused   attr    fill
----------------------  --------  ---------  --------  --------  ----  --------
  MAIN                  00000000   00040000  0000a155  00035eab  R  X
  INFO                  00200000   00004000  00000000  00004000  R  X
  SRAM_CODE             01000000   00010000  00000000  00010000  RW X
  SRAM_DATA             20000000   00010000  00001486  0000eb7a  RW  


SEGMENT ALLOCATION MAP

run origin  load origin   length   init length attrs members
----------  ----------- ---------- ----------- ----- -------
00000000    00000000    0000a160   0000a160    r-x
  00000000    00000000    0000003c   0000003c    r-- .resetVecs
  00000040    00000040    00007a3a   00007a3a    r-x .text
  00007a7c    00007a7c    00002257   00002257    r-- .const
  00009cd8    00009cd8    00000488   00000488    r-- .cinit
20000000    20000000    00001188   00000000    rw-
  20000000    20000000    00000140   00000000    rw- .vecs
  20000140    20000140    0000097e   00000000    rw- .bss
  20000ac0    20000ac0    000006c8   00000000    rw- .data
2000fd00    2000fd00    00000300   00000000    rw-
  2000fd00    2000fd00    00000300   00000000    rw- .stack


SECTION ALLOCATION MAP

 output                                  attributes/
section   page    origin      length       input sections
--------  ----  ----------  ----------   ----------------
.text      0    00000040    00007a3a     
                  00000040    000010ba     rtsv7M4_T_le_v4SPD16_eabi.lib : _printfi.obj (.text)
                  000010fa    0000047e     string.obj (.text:Graphics_drawString)
                  00001578    00000430     sysbios.aem4f : BIOS.obj (.text:ti_sysbios_family_arm_m3_Hwi_excDumpRegs__I)
                  000019a8    0000034c     ti.targets.arm.rtsarm.aem4f : System.oem4f (.text:xdc_runtime_System_doPrint__I)
                  00001cf4    000002d4     rtsv7M4_T_le_v4SPD16_eabi.lib : trgdrv.obj (.text)
                  00001fc8    000001f4                                   : ull_div_t2.obj (.text)
                  000021bc    000001ce     Crystalfontz128x128_ST7735.obj (.text:Crystalfontz128x128_PixelDrawMultiple)
                  0000238a    000001b6     rtsv7M4_T_le_v4SPD16_eabi.lib : fd_add_t2.obj (.text)
                  00002540    000001a0     msp432p4xx_driverlib.lib : pcm.o (.text:__PCM_setPowerStateAdvanced)
                  000026e0    00000174     sysbios.aem4f : BIOS.obj (.text:ti_sysbios_family_arm_m3_Hwi_excBusFault__I)
                  00002854    00000004     msp432p4xx_driverlib.lib : cpu.o (.text:CPU_wfi)
                  00002858    00000164     sysbios.aem4f : BIOS.obj (.text:ti_sysbios_family_arm_m3_Hwi_excUsageFault__I)
                  000029bc    00000154     msp432p4xx_driverlib.lib : adc14.o (.text:_getIndexForMemRegister)
                  00002b10    00000150     init_all.obj (.text:init_All)
                  00002c60    00000148     sysbios.aem4f : BIOS.obj (.text:ti_sysbios_family_arm_m3_Hwi_excMemFault__I)
                  00002da8    00000138                   : BIOS.obj (.text:ti_sysbios_knl_Semaphore_pend__E)
                  00002ee0    00000136     rtsv7M4_T_le_v4SPD16_eabi.lib : fd_div_t2.obj (.text)
                  00003016    00000002     empty.obj (.text:Idle_fcxn)
                  00003018    00000134     Crystalfontz128x128_ST7735.obj (.text:Crystalfontz128x128_SetDrawFrame)
                  0000314c    0000012c     Crystalfontz128x128_ST7735.obj (.text:Crystalfontz128x128_Init)
                  00003278    00000118     ti.targets.arm.rtsarm.aem4f : Error.oem4f (.text:xdc_runtime_Error_policyDefault__E)
                  00003390    00000110     rtsv7M4_T_le_v4SPD16_eabi.lib : xdscale.obj (.text)
                  000034a0    0000010c     sysbios.aem4f : BIOS.obj (.text:ti_sysbios_family_arm_m3_Hwi_excFillContext__I)
                  000035ac    00000004     msp432p4xx_driverlib.lib : spi.o (.text:EUSCI_A_SPI_transmitData)
                  000035b0    0000010c     sysbios.aem4f : BIOS.obj (.text:ti_sysbios_family_arm_m3_Hwi_excHandlerMax__I)
                  000036bc    00000100     ti.targets.arm.rtsarm.aem4f : Core-mem.oem4f (.text:xdc_runtime_Core_createObject__I)
                  000037bc    000000fc     rtsv7M4_T_le_v4SPD16_eabi.lib : fd_mul_t2.obj (.text)
                  000038b8    000000f8     ti.targets.arm.rtsarm.aem4f : Startup.oem4f (.text:xdc_runtime_Startup_startMods__I)
                  000039b0    000000f8     empty_pem4f.oem4f (.text:xdc_runtime_System_printfExtend__I)
                  00003aa8    000000f4     drivers_MSP432P401R.aem4f : PowerMSP432.oem4f (.text:Power_sleep)
                  00003b9c    000000f4     sysbios.aem4f : m3_Hwi_asm.obj (.text:ti_sysbios_family_arm_m3_Hwi_dispatch__I)
                  00003c90    000000f0     drivers_MSP432P401R.aem4f : PowerMSP432.oem4f (.text:initPerfControl)
                  00003d80    000000e0     msp432p4xx_driverlib.lib : cs.o (.text:CS_initClockSignal)
                  00003e60    000000dc                              : pcm.o (.text:__PCM_setPowerModeAdvanced)
                  00003f3c    00000004                              : spi.o (.text:EUSCI_B_SPI_transmitData)
                  00003f40    000000cc     sysbios.aem4f : BIOS.obj (.text:ti_sysbios_heaps_HeapMem_alloc__E)
                  0000400c    000000cc     ti.targets.arm.rtsarm.aem4f : Core-smem.oem4f (.text:xdc_runtime_Core_constructObject__I)
                  000040d8    000000be     rtsv7M4_T_le_v4SPD16_eabi.lib : xdnorm.obj (.text)
                  00004196    00000002     power_tirtos_MSP432P401R.aem4f : PowerMSP432_tirtos.oem4f (.text:PowerMSP432_initPolicy)
                  00004198    000000bc     sysbios.aem4f : BIOS.obj (.text:ti_sysbios_family_arm_m3_Hwi_excDebugMon__I)
                  00004254    00000004     drivers_MSP432P401R.aem4f : List.oem4f (.text:List_head)
                  00004258    000000bc     sysbios.aem4f : BIOS.obj (.text:ti_sysbios_family_arm_m3_Hwi_excHardFault__I)
                  00004314    000000b0     msp432p4xx_driverlib.lib : pcm.o (.text:__PCM_setCoreVoltageLevelAdvanced)
                  000043c4    000000a0     auto_init.aem4f : auto_init.oem4f (.text)
                  00004464    000000a0     empty.obj (.text:drawAccelData)
                  00004504    000000a0     ti.targets.arm.rtsarm.aem4f : Text.oem4f (.text:xdc_runtime_Text_putMod__E)
                  000045a4    0000009c     Crystalfontz128x128_ST7735.obj (.text:Crystalfontz128x128_RectFill)
                  00004640    0000009c     line.obj (.text:Graphics_drawLineH)
                  000046dc    0000009c     rtsv7M4_T_le_v4SPD16_eabi.lib : memcpy_t2.obj (.text)
                  00004778    0000009a     ti.targets.arm.rtsarm.aem4f : Text.oem4f (.text:xdc_runtime_Text_putSite__E)
                  00004812    00000006                                 : xdc_noinit.oem4f (.text:__xdc__init)
                  00004818    00000094     sysbios.aem4f : BIOS.obj (.text:ti_sysbios_family_arm_m3_Hwi_initNVIC__E)
                  000048ac    0000008c                   : m3_TaskSupport_asm.obj (.text:ti_sysbios_family_arm_m3_TaskSupport_buildTaskStack)
                  00004938    0000008c                   : BIOS.obj (.text:ti_sysbios_knl_Task_postInit__I)
                  000049c4    00000088     msp432p4xx_driverlib.lib : spi.o (.text:SPI_initMaster)
                  00004a4c    00000004     drivers_MSP432P401R.aem4f : List.oem4f (.text:List_next)
                  00004a50    00000088     sysbios.aem4f : BIOS.obj (.text:ti_sysbios_knl_Mailbox_post__E)
                  00004ad8    00000086     rtsv7M4_T_le_v4SPD16_eabi.lib : fd_cmp_t2.obj (.text:__aeabi_cdcmple)
                  00004b5e    00000086                                   : fd_cmp_t2.obj (.text:__aeabi_cdrcmple)
                  00004be4    00000004     empty_pem4f.oem4f (.text:ti_sysbios_BIOS_RtsGateProxy_enter__E)
                  00004be8    00000084     sysbios.aem4f : BIOS.obj (.text:ti_sysbios_family_arm_m3_Hwi_postInit__I)
                  00004c6c    0000007c     msp432p4xx_driverlib.lib : pcm.o (.text:PCM_gotoLPM3)
                  00004ce8    0000007c     sysbios.aem4f : BIOS.obj (.text:ti_sysbios_heaps_HeapMem_free__E)
                  00004d64    0000007a     rtsv7M4_T_le_v4SPD16_eabi.lib : memset_t2.obj (.text)
                  00004dde    00000002                                   : i_div0.obj (.text)
                  00004de0    00000070     sysbios.aem4f : BIOS.obj (.text:ti_sysbios_knl_Semaphore_post__E)
                  00004e50    0000006d     ti.targets.arm.rtsarm.aem4f : System.oem4f (.text:xdc_runtime_System_formatNum__I)
                  00004ebd    00000001     --HOLE-- [fill = 0]
                  00004ebe    00000002     empty_pem4f.oem4f (.text:ti_sysbios_BIOS_nullFunc__I)
                  00004ec0    0000006c     sysbios.aem4f : BIOS.obj (.text:ti_sysbios_knl_Clock_workFunc__E)
                  00004f2c    00000004     empty_pem4f.oem4f (.text:ti_sysbios_BIOS_RtsGateProxy_leave__E)
                  00004f30    0000006c     sysbios.aem4f : BIOS.obj (.text:ti_sysbios_knl_Swi_restoreHwi__E)
                  00004f9c    00000004     empty_pem4f.oem4f (.text:ti_sysbios_family_arm_m3_TaskSupport_Module__startupDone__S)
                  00004fa0    0000006c     sysbios.aem4f : BIOS.obj (.text:ti_sysbios_knl_Task_exit__E)
                  0000500c    0000006c     ti.targets.arm.rtsarm.aem4f : Error.oem4f (.text:xdc_runtime_Error_print__E)
                  00005078    0000006c                                 : Memory.oem4f (.text:xdc_runtime_Memory_alloc__E)
                  000050e4    0000006a     rtsv7M4_T_le_v4SPD16_eabi.lib : copy_decompress_rle.obj (.text)
                  0000514e    00000002     --HOLE-- [fill = 0]
                  00005150    00000068                                   : trgmsg.obj (.text)
                  000051b8    00000068     sysbios.aem4f : BIOS.obj (.text:ti_sysbios_family_arm_msp432_Timer_setNextTick__E)
                  00005220    00000066     rtsv7M4_T_le_v4SPD16_eabi.lib : xdunscal.obj (.text)
                  00005286    00000066     ti.targets.arm.rtsarm.aem4f : Core-mem.oem4f (.text:xdc_runtime_Core_deleteObject__I)
                  000052ec    00000064     empty.obj (.text:ADC_HWI)
                  00005350    00000064     sysbios.aem4f : BIOS.obj (.text:ti_sysbios_family_arm_m3_Hwi_dispatchC__I)
                  000053b4    00000060     Crystalfontz128x128_ST7735.obj (.text:Crystalfontz128x128_LineDrawH)
                  00005414    00000060     Crystalfontz128x128_ST7735.obj (.text:Crystalfontz128x128_LineDrawV)
                  00005474    00000060     rtsv7M4_T_le_v4SPD16_eabi.lib : sprintf.obj (.text)
                  000054d4    00000004     empty_pem4f.oem4f (.text:ti_sysbios_heaps_HeapMem_Module_GateProxy_enter__E)
                  000054d8    0000005c     sysbios.aem4f : BIOS.obj (.text:ti_sysbios_knl_Swi_run__I)
                  00005534    00000004     empty_pem4f.oem4f (.text:ti_sysbios_heaps_HeapMem_Module_GateProxy_leave__E)
                  00005538    0000005c     sysbios.aem4f : BIOS.obj (.text:ti_sysbios_knl_Swi_schedule__I)
                  00005594    00000004     empty_pem4f.oem4f (.text:ti_sysbios_knl_Clock_TimerProxy_getMaxTicks__E)
                  00005598    0000005c     sysbios.aem4f : BIOS.obj (.text:ti_sysbios_knl_Task_Module_startup__E)
                  000055f4    00000004     empty_pem4f.oem4f (.text:ti_sysbios_knl_Queue_destruct)
                  000055f8    0000005c     sysbios.aem4f : BIOS.obj (.text:ti_sysbios_knl_Task_startCore__E)
                  00005654    0000005b     ti.targets.arm.rtsarm.aem4f : Text.oem4f (.text:xdc_runtime_Text_putLab__E)
                  000056af    00000001     --HOLE-- [fill = 0]
                  000056b0    00000058     boot.aem4f : boot.oem4f (.text)
                  00005708    00000058     empty.obj (.text:main)
                  00005760    00000058     sysbios.aem4f : m3_Hwi_asm_switch.obj (.text:ti_sysbios_family_arm_m3_Hwi_initStacks__E)
                  000057b8    00000058                   : BIOS.obj (.text:ti_sysbios_family_arm_msp432_Timer_periodicStub__E)
                  00005810    00000056     rtsv7M4_T_le_v4SPD16_eabi.lib : ltoa.obj (.text)
                  00005866    00000002     --HOLE-- [fill = 0]
                  00005868    00000054     Crystalfontz128x128_ST7735.obj (.text:Crystalfontz128x128_SetOrientation)
                  000058bc    00000004     empty_pem4f.oem4f (.text:ti_sysbios_knl_Semaphore_destruct)
                  000058c0    00000054     sysbios.aem4f : BIOS.obj (.text:ti_sysbios_family_arm_msp432_Timer_initDevice__I)
                  00005914    00000004     ti.targets.arm.rtsarm.aem4f : Error.oem4f (.text:xdc_runtime_Error_getSite__E)
                  00005918    00000054     sysbios.aem4f : BIOS.obj (.text:ti_sysbios_family_arm_msp432_init_Boot_configureClocksHigh)
                  0000596c    00000054     ti.targets.arm.rtsarm.aem4f : Assert.oem4f (.text:xdc_runtime_Assert_raise__I)
                  000059c0    00000052     rtsv7M4_T_le_v4SPD16_eabi.lib : ldexp.obj (.text)
                  00005a12    00000002     --HOLE-- [fill = 0]
                  00005a14    00000050     msp432p4xx_driverlib.lib : pcm.o (.text:PCM_shutdownDevice)
                  00005a64    00000050     power_tirtos_MSP432P401R.aem4f : PowerMSP432_tirtos.oem4f (.text:PowerMSP432_sleepPolicy)
                  00005ab4    00000004     empty_pem4f.oem4f (.text:xdc_runtime_System_Module_GateProxy_enter__E)
                  00005ab8    00000050     sysbios.aem4f : BIOS.obj (.text:ti_sysbios_family_arm_m3_Hwi_Module_startup__E)
                  00005b08    00000050     ti.targets.arm.rtsarm.aem4f : Startup.oem4f (.text:xdc_runtime_Startup_exec__E)
                  00005b58    00000050                                 : Text.oem4f (.text:xdc_runtime_Text_visitRope2__I)
                  00005ba8    0000004c     msp432p4xx_driverlib.lib : gpio.o (.text:GPIO_setAsPeripheralModuleFunctionOutputPin)
                  00005bf4    0000004c     rtsv7M4_T_le_v4SPD16_eabi.lib : atoi.obj (.text)
                  00005c40    0000004c                                   : cpy_tbl.obj (.text)
                  00005c8c    00000004     empty_pem4f.oem4f (.text:xdc_runtime_System_Module_GateProxy_leave__E)
                  00005c90    0000004c     sysbios.aem4f : BIOS.obj (.text:ti_sysbios_family_arm_msp432_Timer_start__E)
                  00005cdc    00000004     ti.targets.arm.rtsarm.aem4f : System.oem4f (.text:xdc_runtime_System_aprintf_va__F)
                  00005ce0    0000004c     sysbios.aem4f : BIOS.obj (.text:ti_sysbios_heaps_HeapMem_getStats__E)
                  00005d2c    00000004     ti.targets.arm.rtsarm.aem4f : System.oem4f (.text:xdc_runtime_System_printf_va__F)
                  00005d30    0000004c     sysbios.aem4f : BIOS.obj (.text:ti_sysbios_knl_Swi_runLoop__I)
                  00005d7c    00000004     --HOLE-- [fill = 0]
                  00005d80    0000004c                   : BIOS.obj (.text:ti_sysbios_knl_Task_allBlockedFunction__I)
                  00005dcc    00000004     --HOLE-- [fill = 0]
                  00005dd0    0000004c                   : BIOS.obj (.text:ti_sysbios_knl_Task_schedule__I)
                  00005e1c    0000004a     context.obj (.text:Graphics_initContext)
                  00005e66    00000002     --HOLE-- [fill = 0]
                  00005e68    00000048     msp432p4xx_driverlib.lib : gpio.o (.text:GPIO_setAsPeripheralModuleFunctionInputPin)
                  00005eb0    00000048     rtsv7M4_T_le_v4SPD16_eabi.lib : fd_toi_t2.obj (.text)
                  00005ef8    00000048     sysbios.aem4f : BIOS.obj (.text:ti_sysbios_family_arm_m3_Hwi_enableInterrupt__E)
                  00005f40    00000048                   : BIOS.obj (.text:ti_sysbios_family_arm_m3_Hwi_excReserved__I)
                  00005f88    00000048                   : BIOS.obj (.text:ti_sysbios_knl_Mailbox_Module_startup__E)
                  00005fd0    00000046     ti.targets.arm.rtsarm.aem4f : Core-params.oem4f (.text:xdc_runtime_Core_assignParams__I)
                  00006016    00000002     --HOLE-- [fill = 0]
                  00006018    00000044     rtsv7M4_T_le_v4SPD16_eabi.lib : exit.obj (.text)
                  0000605c    00000004     --HOLE-- [fill = 0]
                  00006060    00000044     sysbios.aem4f : BIOS.obj (.text:ti_sysbios_family_arm_m3_Hwi_getStackInfo__E)
                  000060a4    00000004     --HOLE-- [fill = 0]
                  000060a8    00000044                   : BIOS.obj (.text:ti_sysbios_knl_Swi_post__E)
                  000060ec    00000044     ti.targets.arm.rtsarm.aem4f : Error.oem4f (.text:xdc_runtime_Error_setX__E)
                  00006130    00000044                                 : SysMin.oem4f (.text:xdc_runtime_SysMin_flush__E)
                  00006174    00000044                                 : Text.oem4f (.text:xdc_runtime_Text_xprintf__I)
                  000061b8    00000040     Crystalfontz128x128_ST7735.obj (.text:Crystalfontz128x128_PixelDraw)
                  000061f8    00000040     msp432p4xx_driverlib.lib : flash.o (.text:FlashCtl_disableReadBuffering)
                  00006238    00000040     string.obj (.text:Graphics_getNumberOfLeadingZeros)
                  00006278    00000040     HAL_MSP_EXP432P401R_Crystalfontz128x128_ST7735.obj (.text:HAL_LCD_SpiInit)
                  000062b8    00000040     drivers_MSP432P401R.aem4f : PowerMSP432.oem4f (.text:notify)
                  000062f8    00000040     rtsv7M4_T_le_v4SPD16_eabi.lib : signal.obj (.text)
                  00006338    00000040                                   : u_divt2.obj (.text)
                  00006378    00000040     sysbios.aem4f : BIOS.obj (.text:ti_sysbios_family_arm_msp432_Timer_Module_startup__E)
                  000063b8    00000040                   : BIOS.obj (.text:ti_sysbios_family_arm_msp432_Timer_startup__E)
                  000063f8    00000040                   : BIOS.obj (.text:ti_sysbios_heaps_HeapMem_Instance_init__E)
                  00006438    0000003c     drivers_MSP432P401R.aem4f : PowerMSP432.oem4f (.text:Power_init)
                  00006474    0000003c     empty.obj (.text:clk0Fxn)
                  000064b0    0000003c     sysbios.aem4f : BIOS.obj (.text:ti_sysbios_family_arm_m3_Hwi_excSvCall__I)
                  000064ec    00000004     --HOLE-- [fill = 0]
                  000064f0    0000003c                   : BIOS.obj (.text:ti_sysbios_heaps_HeapMem_init__I)
                  0000652c    00000004     --HOLE-- [fill = 0]
                  00006530    0000003c                   : BIOS.obj (.text:ti_sysbios_knl_Clock_Instance_init__E)
                  0000656c    00000004     --HOLE-- [fill = 0]
                  00006570    0000003c                   : BIOS.obj (.text:ti_sysbios_knl_Swi_restore__E)
                  000065ac    00000004     --HOLE-- [fill = 0]
                  000065b0    00000038                   : BIOS.obj (.text:ti_sysbios_family_arm_m3_Hwi_excNoIsr__I)
                  000065e8    00000038     ti.targets.arm.rtsarm.aem4f : SysMin.oem4f (.text:xdc_runtime_SysMin_putch__E)
                  00006620    00000038                                 : System.oem4f (.text:xdc_runtime_System_atexit__E)
                  00006658    00000034     msp432p4xx_driverlib.lib : flash.o (.text:FlashCtl_enableReadBuffering)
                  0000668c    00000034     display.obj (.text:Graphics_drawHorizontalLineOnDisplay)
                  000066c0    00000034     HAL_MSP_EXP432P401R_Crystalfontz128x128_ST7735.obj (.text:HAL_LCD_writeCommand)
                  000066f4    00000034     rtsv7M4_T_le_v4SPD16_eabi.lib : feraiseexcept.obj (.text)
                  00006728    00000034     sysbios.aem4f : BIOS.obj (.text:ti_sysbios_family_arm_m3_Hwi_excNmi__I)
                  0000675c    00000034     empty_pem4f.oem4f (.text:ti_sysbios_knl_Clock_construct)
                  00006790    00000034     ti.targets.arm.rtsarm.aem4f : Core-label.oem4f (.text:xdc_runtime_Core_assignLabel__I)
                  000067c4    00000033                                 : Text.oem4f (.text:xdc_runtime_Text_printVisFxn__I)
                  000067f7    00000001     --HOLE-- [fill = 0]
                  000067f8    00000032     sysbios.aem4f : BIOS.obj (.text:ti_sysbios_hal_Hwi_initStack)
                  0000682a    00000030     HAL_MSP_EXP432P401R_Crystalfontz128x128_ST7735.obj (.text:HAL_LCD_PortInit)
                  0000685a    00000002     --HOLE-- [fill = 0]
                  0000685c    00000030     msp432p4xx_driverlib.lib : spi.o (.text:is_A_Module)
                  0000688c    00000030     rtsv7M4_T_le_v4SPD16_eabi.lib : xdclass.obj (.text)
                  000068bc    00000030                                   : xferaise.obj (.text)
                  000068ec    00000030     empty_pem4f.oem4f (.text:ti_sysbios_BIOS_atExitFunc__I)
                  0000691c    00000004     --HOLE-- [fill = 0]
                  00006920    00000030     sysbios.aem4f : BIOS.obj (.text:ti_sysbios_family_arm_m3_TaskSupport_start__E)
                  00006950    00000030                   : BIOS.obj (.text:ti_sysbios_family_arm_msp432_Timer_setPeriod__E)
                  00006980    00000030     empty_pem4f.oem4f (.text:ti_sysbios_gates_GateHwi_Object__create__S)
                  000069b0    00000030     empty_pem4f.oem4f (.text:ti_sysbios_gates_GateMutex_Object__create__S)
                  000069e0    00000030     sysbios.aem4f : BIOS.obj (.text:ti_sysbios_gates_GateMutex_enter__E)
                  00006a10    00000030     empty_pem4f.oem4f (.text:ti_sysbios_heaps_HeapMem_Object__create__S)
                  00006a40    00000030     sysbios.aem4f : BIOS.obj (.text:ti_sysbios_knl_Mailbox_postInit__I)
                  00006a70    00000030     empty_pem4f.oem4f (.text:ti_sysbios_knl_Semaphore_construct)
                  00006aa0    00000030     sysbios.aem4f : BIOS.obj (.text:ti_sysbios_knl_Semaphore_pendTimeout__I)
                  00006ad0    00000030                   : BIOS.obj (.text:ti_sysbios_knl_Task_processVitalTaskFlag__I)
                  00006b00    00000030                   : BIOS.obj (.text:ti_sysbios_knl_Task_unblockI__E)
                  00006b30    00000030     ti.targets.arm.rtsarm.aem4f : SysMin.oem4f (.text:xdc_runtime_SysMin_abort__E)
                  00006b60    00000030                                 : System.oem4f (.text:xdc_runtime_System_processAtExit__E)
                  00006b90    0000002e     rtsv7M4_T_le_v4SPD16_eabi.lib : i_tofd_t2.obj (.text)
                  00006bbe    0000002e                                   : raise.obj (.text)
                  00006bec    0000002c     Crystalfontz128x128_ST7735.obj (.text:Crystalfontz128x128_ClearScreen)
                  00006c18    0000002c     msp432p4xx_driverlib.lib : pcm.o (.text:PCM_getCoreVoltageLevel)
                  00006c44    0000002c     power_tirtos_MSP432P401R.aem4f : PowerMSP432_tirtos.oem4f (.text:PowerMSP432_updateFreqs)
                  00006c70    0000002c     empty_pem4f.oem4f (.text:ti_sysbios_knl_Clock_doTick__I)
                  00006c9c    0000002c     empty_pem4f.oem4f (.text:ti_sysbios_knl_Queue_construct)
                  00006cc8    0000002c     sysbios.aem4f : BIOS.obj (.text:ti_sysbios_knl_Task_restore__E)
                  00006cf4    0000002c     ti.targets.arm.rtsarm.aem4f : Text.oem4f (.text:xdc_runtime_Text_cordText__E)
                  00006d20    0000002a     display.obj (.text:Graphics_drawPixelOnDisplay)
                  00006d4a    0000002a     msp432p4xx_driverlib.lib : pcm.o (.text:PCM_getPowerMode)
                  00006d74    0000002a     rtsv7M4_T_le_v4SPD16_eabi.lib : frexp.obj (.text)
                  00006d9e    0000002a     ti.targets.arm.rtsarm.aem4f : System.oem4f (.text:xdc_runtime_System_putchar__I)
                  00006dc8    00000028     Crystalfontz128x128_ST7735.obj (.text:Crystalfontz128x128_ColorTranslate)
                  00006df0    00000028     msp432p4xx_driverlib.lib : flash.o (.text:FlashCtl_setWaitState)
                  00006e18    00000028                              : pcm.o (.text:PCM_gotoLPM0)
                  00006e40    00000028     sysbios.aem4f : BIOS.obj (.text:ti_sysbios_knl_Clock_addI__E)
                  00006e68    00000028                   : BIOS.obj (.text:ti_sysbios_knl_Swi_Module_startup__E)
                  00006e90    00000026                   : m3_Hwi_asm.obj (.text:ti_sysbios_family_arm_m3_Hwi_pendSV__I)
                  00006eb6    00000026     ti.targets.arm.rtsarm.aem4f : System.oem4f (.text:xdc_runtime_System_avprintf__E)
                  00006edc    00000024     msp432p4xx_driverlib.lib : cs.o (.text:CS_setDCOCenteredFrequency)
                  00006f00    00000024                              : gpio.o (.text:GPIO_setAsOutputPin)
                  00006f24    00000024     HAL_MSP_EXP432P401R_Crystalfontz128x128_ST7735.obj (.text:HAL_LCD_writeData)
                  00006f48    00000024     msp432p4xx_driverlib.lib : rtc_c.o (.text:RTC_C_holdClock)
                  00006f6c    00000024                              : rtc_c.o (.text:RTC_C_startClock)
                  00006f90    00000024     empty_pem4f.oem4f (.text:ti_sysbios_BIOS_errorRaiseHook__I)
                  00006fb4    00000024     empty_pem4f.oem4f (.text:ti_sysbios_BIOS_registerRTSLock__I)
                  00006fd8    00000024     empty_pem4f.oem4f (.text:ti_sysbios_BIOS_removeRTSLock__I)
                  00006ffc    00000024     empty_pem4f.oem4f (.text:ti_sysbios_BIOS_startFunc__I)
                  00007020    00000024     sysbios.aem4f : BIOS.obj (.text:ti_sysbios_family_arm_msp432_ClockFreqs_setFrequency__E)
                  00007044    00000004     --HOLE-- [fill = 0]
                  00007048    00000024                   : BIOS.obj (.text:ti_sysbios_family_arm_msp432_Timer_postInit__I)
                  0000706c    00000024     empty_pem4f.oem4f (.text:ti_sysbios_gates_GateMutex_Object__delete__S)
                  00007090    00000024     sysbios.aem4f : BIOS.obj (.text:ti_sysbios_knl_Clock_Module_startup__E)
                  000070b4    00000004     --HOLE-- [fill = 0]
                  000070b8    00000024                   : BIOS.obj (.text:ti_sysbios_knl_Clock_start__E)
                  000070dc    00000004     --HOLE-- [fill = 0]
                  000070e0    00000024                   : BIOS.obj (.text:ti_sysbios_knl_Semaphore_Instance_init__E)
                  00007104    00000004     --HOLE-- [fill = 0]
                  00007108    00000024                   : BIOS.obj (.text:ti_sysbios_knl_Task_restoreHwi__E)
                  0000712c    00000024     ti.targets.arm.rtsarm.aem4f : System.oem4f (.text:xdc_runtime_System_vprintf__E)
                  00007150    00000022     empty_pem4f.oem4f (.text:xdc_runtime_SysMin_output__I)
                  00007172    00000002     --HOLE-- [fill = 0]
                  00007174    00000020     drivers_MSP432P401R.aem4f : PowerMSP432.oem4f (.text:Power_idleFunc)
                  00007194    00000020     msp432p4xx_driverlib.lib : spi.o (.text:SPI_transmitData)
                  000071b4    00000020     empty_pem4f.oem4f (.text:ti_sysbios_BIOS_rtsLock__I)
                  000071d4    00000020     sysbios.aem4f : m3_Hwi_asm.obj (.text:ti_sysbios_family_arm_m3_Hwi_excHandlerAsm__I)
                  000071f4    00000004     --HOLE-- [fill = 0]
                  000071f8    00000020                   : BIOS.obj (.text:ti_sysbios_family_arm_m3_Hwi_excHandler__I)
                  00007218    00000020     empty_pem4f.oem4f (.text:ti_sysbios_gates_GateHwi_Object__delete__S)
                  00007238    00000020     empty_pem4f.oem4f (.text:ti_sysbios_heaps_HeapMem_Object__delete__S)
                  00007258    00000020     sysbios.aem4f : BIOS.obj (.text:ti_sysbios_knl_Idle_run__E)
                  00007278    00000020     empty_pem4f.oem4f (.text:ti_sysbios_knl_Semaphore_Object__destruct__S)
                  00007298    00000020     ti.targets.arm.rtsarm.aem4f : Registry.oem4f (.text:xdc_runtime_Registry_findById__E)
                  000072b8    00000020                                 : SysMin.oem4f (.text:xdc_runtime_SysMin_Module_startup__E)
                  000072d8    0000001e     sysbios.aem4f : m3_Hwi_asm_switch.obj (.text:ti_sysbios_family_xxx_Hwi_switchAndRunFunc)
                  000072f6    0000001c     rtsv7M4_T_le_v4SPD16_eabi.lib : memccpy.obj (.text)
                  00007312    00000006                                   : copy_decompress_rle.obj (.text:decompress:rle24)
                  00007318    0000001c     sysbios.aem4f : BIOS.obj (.text:ti_sysbios_gates_GateMutex_Instance_init__E)
                  00007334    0000001c     empty_pem4f.oem4f (.text:ti_sysbios_knl_Queue_Object__destruct__S)
                  00007350    0000001c     sysbios.aem4f : BIOS.obj (.text:ti_sysbios_knl_Queue_put__E)
                  0000736c    00000004     --HOLE-- [fill = 0]
                  00007370    0000001c                   : BIOS.obj (.text:ti_sysbios_knl_Task_enter__I)
                  0000738c    0000001c     ti.targets.arm.rtsarm.aem4f : Error.oem4f (.text:xdc_runtime_Error_raiseX__E)
                  000073a8    0000001c                                 : Memory.oem4f (.text:xdc_runtime_Memory_valloc__E)
                  000073c4    0000001c                                 : SysMin.oem4f (.text:xdc_runtime_SysMin_exit__E)
                  000073e0    0000001c                                 : System.oem4f (.text:xdc_runtime_System_abort__E)
                  000073fc    0000001a     context.obj (.text:Graphics_setBackgroundColor)
                  00007416    0000001a     context.obj (.text:Graphics_setFont)
                  00007430    0000001a     msp432p4xx_driverlib.lib : spi.o (.text:SPI_enableModule)
                  0000744a    0000001a     empty_pem4f.oem4f (.text:ti_sysbios_family_arm_m3_Hwi_Handle__label__S)
                  00007464    0000001a     empty_pem4f.oem4f (.text:ti_sysbios_gates_GateHwi_Handle__label__S)
                  0000747e    0000001a     empty_pem4f.oem4f (.text:ti_sysbios_gates_GateMutex_Handle__label__S)
                  00007498    0000001a     empty_pem4f.oem4f (.text:ti_sysbios_heaps_HeapMem_Handle__label__S)
                  000074b2    0000001a     empty_pem4f.oem4f (.text:ti_sysbios_knl_Swi_Handle__label__S)
                  000074cc    0000001a     empty_pem4f.oem4f (.text:ti_sysbios_knl_Task_Handle__label__S)
                  000074e6    0000001a     empty_pem4f.oem4f (.text:xdc_runtime_System_aprintf__E)
                  00007500    0000001a     empty_pem4f.oem4f (.text:xdc_runtime_System_printf__E)
                  0000751a    00000002     --HOLE-- [fill = 0]
                  0000751c    00000018     msp432p4xx_driverlib.lib : adc14.o (.text:ADC14_getResult)
                  00007534    00000018                              : gpio.o (.text:GPIO_setOutputLowOnPin)
                  0000754c    00000018                              : wdt_a.o (.text:WDT_A_holdTimer)
                  00007564    00000018     rtsv7M4_T_le_v4SPD16_eabi.lib : args_main.obj (.text)
                  0000757c    00000018     empty_pem4f.oem4f (.text:ti_sysbios_BIOS_rtsUnlock__I)
                  00007594    00000018     empty_pem4f.oem4f (.text:ti_sysbios_family_arm_m3_Hwi_Module__startupDone__F)
                  000075ac    00000018     sysbios.aem4f : m3_TaskSupport_asm.obj (.text:ti_sysbios_family_arm_m3_TaskSupport_swap__E)
                  000075c4    00000018     empty_pem4f.oem4f (.text:ti_sysbios_family_arm_msp432_Timer_Module__startupDone__F)
                  000075dc    00000004     --HOLE-- [fill = 0]
                  000075e0    00000018     sysbios.aem4f : BIOS.obj (.text:ti_sysbios_gates_GateMutex_leave__E)
                  000075f8    00000018     ti.targets.arm.rtsarm.aem4f : Error.oem4f (.text:xdc_runtime_Error_check__E)
                  00007610    00000018                                 : System.oem4f (.text:xdc_runtime_System_exit__E)
                  00007628    00000018                                 : Text.oem4f (.text:xdc_runtime_Text_ropeText__E)
                  00007640    00000016     context.obj (.text:Graphics_setForegroundColor)
                  00007656    00000016     display.obj (.text:Graphics_translateColorOnDisplay)
                  0000766c    00000016     rtsv7M4_T_le_v4SPD16_eabi.lib : strchr.obj (.text)
                  00007682    00000016     empty_pem4f.oem4f (.text:ti_sysbios_BIOS_exitFunc__I)
                  00007698    00000016     empty.obj (.text:ti_sysbios_knl_Clock_Params_init)
                  000076ae    00000002     --HOLE-- [fill = 0]
                  000076b0    00000016     sysbios.aem4f : BIOS.obj (.text:ti_sysbios_knl_Task_unblock__E)
                  000076c6    00000002     --HOLE-- [fill = 0]
                  000076c8    00000014     msp432p4xx_driverlib.lib : gpio.o (.text:GPIO_setOutputHighOnPin)
                  000076dc    00000014                              : gpio.o (.text:GPIO_toggleOutputOnPin)
                  000076f0    00000014                              : wdt_a.o (.text:WDT_A_startTimer)
                  00007704    00000014     rtsv7M4_T_le_v4SPD16_eabi.lib : _lock.obj (.text)
                  00007718    00000014                                   : strcpy.obj (.text)
                  0000772c    00000014                                   : strlen.obj (.text)
                  00007740    00000014     empty_pem4f.oem4f (.text:ti_sysbios_family_arm_m3_Hwi_Object__get__S)
                  00007754    00000004     --HOLE-- [fill = 0]
                  00007758    00000014     sysbios.aem4f : BIOS.obj (.text:ti_sysbios_family_arm_m3_Hwi_switchFromBootStack__E)
                  0000776c    00000014     empty_pem4f.oem4f (.text:ti_sysbios_heaps_HeapMem_Object__get__S)
                  00007780    00000014     empty_pem4f.oem4f (.text:ti_sysbios_knl_Mailbox_Object__get__S)
                  00007794    00000014     empty_pem4f.oem4f (.text:ti_sysbios_knl_Swi_Object__get__S)
                  000077a8    00000012     sysbios.aem4f : BIOS.obj (.text:ti_sysbios_hal_Hwi_Module_startup__E)
                  000077ba    00000012     empty_pem4f.oem4f (.text:xdc_runtime_Startup_exec__I)
                  000077cc    00000010     msp432p4xx_driverlib.lib : pcm.o (.text:PCM_gotoLPM4)
                  000077dc    00000004     --HOLE-- [fill = 0]
                  000077e0    00000010     sysbios.aem4f : BIOS.obj (.text:ti_sysbios_BIOS_exit__E)
                  000077f0    00000010                   : BIOS.obj (.text:ti_sysbios_BIOS_setCpuFreq__E)
                  00007800    00000010                   : BIOS.obj (.text:ti_sysbios_BIOS_setThreadType__E)
                  00007810    00000010                   : BIOS.obj (.text:ti_sysbios_BIOS_start__E)
                  00007820    00000010                   : m3_TaskSupport_asm.obj (.text:ti_sysbios_family_arm_m3_TaskSupport_glue)
                  00007830    00000010                   : BIOS.obj (.text:ti_sysbios_family_arm_msp432_init_Boot_disableWatchdog)
                  00007840    00000010                   : BIOS.obj (.text:ti_sysbios_gates_GateMutex_Instance_finalize__E)
                  00007850    00000010                   : BIOS.obj (.text:ti_sysbios_knl_Semaphore_Instance_finalize__E)
                  00007860    00000010                   : BIOS.obj (.text:ti_sysbios_knl_Swi_disable__E)
                  00007870    00000010     empty_pem4f.oem4f (.text:ti_sysbios_knl_Task_Object__get__S)
                  00007880    00000010     sysbios.aem4f : BIOS.obj (.text:ti_sysbios_knl_Task_disable__E)
                  00007890    00000010     ti.targets.arm.rtsarm.aem4f : Gate.oem4f (.text:xdc_runtime_Gate_leaveSystem__E)
                  000078a0    00000010                                 : Memory.oem4f (.text:xdc_runtime_Memory_free__E)
                  000078b0    00000010                                 : SysMin.oem4f (.text:xdc_runtime_SysMin_ready__E)
                  000078c0    00000010                                 : System.oem4f (.text:xdc_runtime_System_vsnprintf__E)
                  000078d0    00000010     empty_pem4f.oem4f (.text:xdc_runtime_Text_visitRope__I)
                  000078e0    0000000e     rtsv7M4_T_le_v4SPD16_eabi.lib : copy_decompress_none.obj (.text:decompress:none)
                  000078ee    00000002     --HOLE-- [fill = 0]
                  000078f0    0000000e     sysbios.aem4f : BIOS.obj (.text:ti_sysbios_knl_Queue_empty__E)
                  000078fe    0000000c     empty_pem4f.oem4f (.text:.bootCodeSection:ti_sysbios_family_arm_msp432_init_Boot_init__I)
                  0000790a    0000000c     msp432p4xx_driverlib.lib : cpu.o (.text:CPU_cpsid)
                  00007916    0000000c                              : cpu.o (.text:CPU_cpsie)
                  00007922    0000000c                              : spi.o (.text:EUSCI_A_SPI_enable)
                  0000792e    0000000c                              : spi.o (.text:EUSCI_B_SPI_enable)
                  0000793a    00000002     --HOLE-- [fill = 0]
                  0000793c    0000000c                              : pcm.o (.text:PCM_getPowerState)
                  00007948    0000000c     drivers_MSP432P401R.aem4f : PowerMSP432.oem4f (.text:Power_getConstraintMask)
                  00007954    0000000c     rtsv7M4_T_le_v4SPD16_eabi.lib : copy_zero_init.obj (.text:decompress:ZI)
                  00007960    0000000c     sysbios.aem4f : BIOS.obj (.text:ti_sysbios_family_arm_msp432_Timer_getMaxTicks__E)
                  0000796c    00000004     --HOLE-- [fill = 0]
                  00007970    0000000c                   : BIOS.obj (.text:ti_sysbios_gates_GateHwi_enter__E)
                  0000797c    0000000c     empty_pem4f.oem4f (.text:ti_sysbios_knl_Clock_Params__init__S)
                  00007988    0000000c     empty.obj (.text:ti_sysbios_knl_Clock_handle)
                  00007994    0000000c     empty_pem4f.oem4f (.text:ti_sysbios_knl_Queue_Object__get__S)
                  000079a0    0000000c     ti.targets.arm.rtsarm.aem4f : Error.oem4f (.text:xdc_runtime_Error_init__E)
                  000079ac    0000000c                                 : Gate.oem4f (.text:xdc_runtime_Gate_enterSystem__E)
                  000079b8    0000000c                                 : Memory.oem4f (.text:xdc_runtime_Memory_calloc__E)
                  000079c4    0000000c                                 : Memory.oem4f (.text:xdc_runtime_Memory_getMaxDefaultTypeAlign__E)
                  000079d0    0000000a     Crystalfontz128x128_ST7735.obj (.text:Crystalfontz128x128_Flush)
                  000079da    0000000a     empty_pem4f.oem4f (.text:xdc_runtime_IHeap_alloc)
                  000079e4    0000000a     empty_pem4f.oem4f (.text:xdc_runtime_IHeap_free)
                  000079ee    00000008     msp432p4xx_driverlib.lib : spi.o (.text:EUSCI_B_SPI_getInterruptStatus)
                  000079f6    00000008     MSP_EXP432P401R.obj (.text:MSP_EXP432P401R_initGeneral)
                  000079fe    00000008     msp432p4xx_driverlib.lib : pcm.o (.text:PCM_setPowerMode)
                  00007a06    00000008                              : pcm.o (.text:PCM_setPowerState)
                  00007a0e    00000008     empty.obj (.text:calculateAvg)
                  00007a16    00000002     --HOLE-- [fill = 0]
                  00007a18    00000008     sysbios.aem4f : BIOS.obj (.text:ti_sysbios_family_arm_m3_Hwi_doSwiRestore__I)
                  00007a20    00000008                   : BIOS.obj (.text:ti_sysbios_family_arm_m3_Hwi_startup__E)
                  00007a28    00000006                   : BIOS.obj (.text:ti_sysbios_family_arm_m3_Hwi_doTaskRestore__I)
                  00007a2e    00000002     --HOLE-- [fill = 0]
                  00007a30    00000006                   : BIOS.obj (.text:ti_sysbios_gates_GateHwi_leave__E)
                  00007a36    00000002     --HOLE-- [fill = 0]
                  00007a38    00000006                   : BIOS.obj (.text:ti_sysbios_heaps_HeapMem_isBlocking__E)
                  00007a3e    00000002     --HOLE-- [fill = 0]
                  00007a40    00000006                   : BIOS.obj (.text:ti_sysbios_knl_Queue_Instance_init__E)
                  00007a46    00000002     --HOLE-- [fill = 0]
                  00007a48    00000006                   : BIOS.obj (.text:ti_sysbios_knl_Swi_startup__E)
                  00007a4e    00000006     ti.targets.arm.rtsarm.aem4f : System.oem4f (.text:xdc_runtime_System_Module_startup__E)
                  00007a54    00000004     --HOLE-- [fill = 0]
                  00007a58    00000004     sysbios.aem4f : BIOS.obj (.text:ti_sysbios_gates_GateHwi_query__E)
                  00007a5c    00000004     --HOLE-- [fill = 0]
                  00007a60    00000004                   : BIOS.obj (.text:ti_sysbios_gates_GateMutex_query__E)
                  00007a64    00000004     --HOLE-- [fill = 0]
                  00007a68    00000004                   : BIOS.obj (.text:ti_sysbios_knl_Task_startup__E)
                  00007a6c    00000004     --HOLE-- [fill = 0]
                  00007a70    00000002                   : BIOS.obj (.text:ti_sysbios_gates_GateHwi_Instance_init__E)
                  00007a72    00000006     --HOLE-- [fill = 0]
                  00007a78    00000002                   : BIOS.obj (.text:ti_sysbios_knl_Clock_logTick__E)

.const     0    00007a7c    00002257     
                  00007a7c    00001829     empty_pem4f.oem4f (.const:xdc_runtime_Text_charTab__A)
                  000092a5    000002f8     fontfixed6x8.obj (.const:.string:g_pucFontFixed6x8Data)
                  0000959d    00000101     rtsv7M4_T_le_v4SPD16_eabi.lib : ctype.obj (.const:.string:_ctypes_)
                  0000969e    00000002     empty_pem4f.oem4f (.const:ti_sysbios_family_arm_m3_Hwi_Module__id__C)
                  000096a0    000000c8     fontfixed6x8.obj (.const:g_sFontFixed6x8)
                  00009768    000000b8     empty_pem4f.oem4f (.const:xdc_runtime_Text_nodeTab__A)
                  00009820    00000080     msp432p4xx_driverlib.lib : adc14.o (.const:_ctlRegs)
                  000098a0    00000048     empty_pem4f.oem4f (.const:.string)
                  000098e8    0000002c     Crystalfontz128x128_ST7735.obj (.const:g_sCrystalfontz128x128)
                  00009914    00000028     empty_pem4f.oem4f (.const:ti_sysbios_heaps_HeapMem_Module__FXNS__C)
                  0000993c    00000024     empty_pem4f.oem4f (.const:ti_sysbios_gates_GateHwi_Module__FXNS__C)
                  00009960    00000024     empty_pem4f.oem4f (.const:ti_sysbios_gates_GateMutex_Module__FXNS__C)
                  00009984    00000024     empty_pem4f.oem4f (.const:ti_sysbios_heaps_HeapMem_Object__PARAMS__C)
                  000099a8    00000024     empty_pem4f.oem4f (.const:ti_sysbios_knl_Clock_Object__PARAMS__C)
                  000099cc    00000024     empty_pem4f.oem4f (.const:ti_sysbios_knl_Semaphore_Object__PARAMS__C)
                  000099f0    00000024     empty_pem4f.oem4f (.const:xdc_runtime_Startup_sfxnTab__A)
                  00009a14    00000020     empty_pem4f.oem4f (.const:ti_sysbios_gates_GateHwi_Object__DESC__C)
                  00009a34    00000020     empty_pem4f.oem4f (.const:ti_sysbios_gates_GateMutex_Object__DESC__C)
                  00009a54    00000020     empty_pem4f.oem4f (.const:ti_sysbios_heaps_HeapMem_Object__DESC__C)
                  00009a74    00000020     empty_pem4f.oem4f (.const:ti_sysbios_knl_Clock_Object__DESC__C)
                  00009a94    00000020     empty_pem4f.oem4f (.const:ti_sysbios_knl_Queue_Object__DESC__C)
                  00009ab4    00000020     empty_pem4f.oem4f (.const:ti_sysbios_knl_Semaphore_Object__DESC__C)
                  00009ad4    0000001c     HAL_MSP_EXP432P401R_Crystalfontz128x128_ST7735.obj (.const)
                  00009af0    00000018     empty_pem4f.oem4f (.const:ti_sysbios_gates_GateHwi_Object__PARAMS__C)
                  00009b08    00000018     empty_pem4f.oem4f (.const:ti_sysbios_gates_GateMutex_Object__PARAMS__C)
                  00009b20    00000018     empty_pem4f.oem4f (.const:ti_sysbios_knl_Queue_Object__PARAMS__C)
                  00009b38    00000012     empty_pem4f.oem4f (.const:xdc_runtime_Startup_sfxnRts__A)
                  00009b4a    00000002     empty_pem4f.oem4f (.const:ti_sysbios_heaps_HeapMem_Module__id__C)
                  00009b4c    00000010     MSP_EXP432P401R.obj (.const)
                  00009b5c    0000000c     empty_pem4f.oem4f (.const)
                  00009b68    0000000c     empty_pem4f.oem4f (.const:xdc_runtime_Startup_firstFxns__A)
                  00009b74    00000008     Crystalfontz128x128_ST7735.obj (.const)
                  00009b7c    00000008     empty_pem4f.oem4f (.const:ti_sysbios_family_arm_m3_Hwi_excHookFuncs__A)
                  00009b84    00000008     empty_pem4f.oem4f (.const:ti_sysbios_knl_Idle_funcList__A)
                  00009b8c    00000008     empty_pem4f.oem4f (.const:ti_sysbios_knl_Idle_funcList__C)
                  00009b94    00000008     empty_pem4f.oem4f (.const:xdc_runtime_Startup_firstFxns__C)
                  00009b9c    00000008     empty_pem4f.oem4f (.const:xdc_runtime_Startup_lastFxns__C)
                  00009ba4    00000004     empty_pem4f.oem4f (.const:ti_sysbios_family_arm_m3_Hwi_E_NMI__C)
                  00009ba8    00000004     empty_pem4f.oem4f (.const:ti_sysbios_family_arm_m3_Hwi_E_busFault__C)
                  00009bac    00000004     empty_pem4f.oem4f (.const:ti_sysbios_family_arm_m3_Hwi_E_debugMon__C)
                  00009bb0    00000004     empty_pem4f.oem4f (.const:ti_sysbios_family_arm_m3_Hwi_E_hardFault__C)
                  00009bb4    00000004     empty_pem4f.oem4f (.const:ti_sysbios_family_arm_m3_Hwi_E_memFault__C)
                  00009bb8    00000004     empty_pem4f.oem4f (.const:ti_sysbios_family_arm_m3_Hwi_E_noIsr__C)
                  00009bbc    00000004     empty_pem4f.oem4f (.const:ti_sysbios_family_arm_m3_Hwi_E_reserved__C)
                  00009bc0    00000004     empty_pem4f.oem4f (.const:ti_sysbios_family_arm_m3_Hwi_E_svCall__C)
                  00009bc4    00000004     empty_pem4f.oem4f (.const:ti_sysbios_family_arm_m3_Hwi_E_usageFault__C)
                  00009bc8    00000004     empty_pem4f.oem4f (.const:ti_sysbios_family_arm_m3_Hwi_NUM_INTERRUPTS__C)
                  00009bcc    00000004     empty_pem4f.oem4f (.const:ti_sysbios_family_arm_m3_Hwi_Object__count__C)
                  00009bd0    00000004     empty_pem4f.oem4f (.const:ti_sysbios_family_arm_m3_Hwi_ccr__C)
                  00009bd4    00000004     empty_pem4f.oem4f (.const:ti_sysbios_family_arm_m3_Hwi_excHandlerFunc__C)
                  00009bd8    00000004     empty_pem4f.oem4f (.const:ti_sysbios_family_arm_m3_Hwi_excHookFuncs__C)
                  00009bdc    00000004     empty_pem4f.oem4f (.const:ti_sysbios_family_arm_m3_Hwi_nullIsrFunc__C)
                  00009be0    00000004     empty_pem4f.oem4f (.const:ti_sysbios_family_arm_m3_Hwi_priGroup__C)
                  00009be4    00000004     empty_pem4f.oem4f (.const:ti_sysbios_family_arm_msp432_Timer_numTimerDevices__C)
                  00009be8    00000004     empty_pem4f.oem4f (.const:ti_sysbios_family_arm_msp432_Timer_startupNeeded__C)
                  00009bec    00000004     empty_pem4f.oem4f (.const:ti_sysbios_gates_GateMutex_Instance_State_sem__O)
                  00009bf0    00000004     empty_pem4f.oem4f (.const:ti_sysbios_heaps_HeapMem_E_memory__C)
                  00009bf4    00000004     empty_pem4f.oem4f (.const:ti_sysbios_heaps_HeapMem_Module__gateObj__C)
                  00009bf8    00000004     empty_pem4f.oem4f (.const:ti_sysbios_heaps_HeapMem_Object__count__C)
                  00009bfc    00000004     empty_pem4f.oem4f (.const:ti_sysbios_heaps_HeapMem_reqAlign__C)
                  00009c00    00000004     empty_pem4f.oem4f (.const:ti_sysbios_knl_Clock_Module_State_clockQ__O)
                  00009c04    00000004     empty_pem4f.oem4f (.const:ti_sysbios_knl_Mailbox_Instance_State_dataQue__O)
                  00009c08    00000004     empty_pem4f.oem4f (.const:ti_sysbios_knl_Mailbox_Instance_State_dataSem__O)
                  00009c0c    00000004     empty_pem4f.oem4f (.const:ti_sysbios_knl_Mailbox_Instance_State_freeQue__O)
                  00009c10    00000004     empty_pem4f.oem4f (.const:ti_sysbios_knl_Mailbox_Instance_State_freeSem__O)
                  00009c14    00000004     empty_pem4f.oem4f (.const:ti_sysbios_knl_Mailbox_Object__count__C)
                  00009c18    00000004     empty_pem4f.oem4f (.const:ti_sysbios_knl_Mailbox_maxTypeAlign__C)
                  00009c1c    00000004     empty_pem4f.oem4f (.const:ti_sysbios_knl_Semaphore_Instance_State_pendQ__O)
                  00009c20    00000004     empty_pem4f.oem4f (.const:ti_sysbios_knl_Swi_Object__count__C)
                  00009c24    00000004     empty_pem4f.oem4f (.const:ti_sysbios_knl_Task_Module_State_inactiveQ__O)
                  00009c28    00000004     empty_pem4f.oem4f (.const:ti_sysbios_knl_Task_Object__count__C)
                  00009c2c    00000004     empty_pem4f.oem4f (.const:ti_sysbios_knl_Task_allBlockedFunc__C)
                  00009c30    00000004     empty_pem4f.oem4f (.const:ti_sysbios_knl_Task_numConstructedTasks__C)
                  00009c34    00000004     empty_pem4f.oem4f (.const:xdc_runtime_Assert_E_assertFailed__C)
                  00009c38    00000004     empty_pem4f.oem4f (.const:xdc_runtime_Core_A_initializedParams__C)
                  00009c3c    00000004     empty_pem4f.oem4f (.const:xdc_runtime_Core_Module__diagsEnabled__C)
                  00009c40    00000004     empty_pem4f.oem4f (.const:xdc_runtime_Core_Module__diagsIncluded__C)
                  00009c44    00000004     empty_pem4f.oem4f (.const:xdc_runtime_Core_Module__diagsMask__C)
                  00009c48    00000004     empty_pem4f.oem4f (.const:xdc_runtime_Error_E_memory__C)
                  00009c4c    00000004     empty_pem4f.oem4f (.const:xdc_runtime_Error_Module__diagsEnabled__C)
                  00009c50    00000004     empty_pem4f.oem4f (.const:xdc_runtime_Error_Module__diagsIncluded__C)
                  00009c54    00000004     empty_pem4f.oem4f (.const:xdc_runtime_Error_Module__diagsMask__C)
                  00009c58    00000004     empty_pem4f.oem4f (.const:xdc_runtime_Error_Module__loggerFxn8__C)
                  00009c5c    00000004     empty_pem4f.oem4f (.const:xdc_runtime_Error_Module__loggerObj__C)
                  00009c60    00000004     empty_pem4f.oem4f (.const:xdc_runtime_Error_policyFxn__C)
                  00009c64    00000004     empty_pem4f.oem4f (.const:xdc_runtime_Error_raiseHook__C)
                  00009c68    00000004     empty_pem4f.oem4f (.const:xdc_runtime_IGateProvider_Interface__BASE__C)
                  00009c6c    00000004     empty_pem4f.oem4f (.const:xdc_runtime_IHeap_Interface__BASE__C)
                  00009c70    00000004     empty_pem4f.oem4f (.const:xdc_runtime_IModule_Interface__BASE__C)
                  00009c74    00000004     empty_pem4f.oem4f (.const:xdc_runtime_Log_L_error__C)
                  00009c78    00000004     empty_pem4f.oem4f (.const:xdc_runtime_Memory_defaultHeapInstance__C)
                  00009c7c    00000004     empty_pem4f.oem4f (.const:xdc_runtime_Startup_execImpl__C)
                  00009c80    00000004     empty_pem4f.oem4f (.const:xdc_runtime_Startup_maxPasses__C)
                  00009c84    00000004     empty_pem4f.oem4f (.const:xdc_runtime_Startup_sfxnRts__C)
                  00009c88    00000004     empty_pem4f.oem4f (.const:xdc_runtime_Startup_sfxnTab__C)
                  00009c8c    00000004     empty_pem4f.oem4f (.const:xdc_runtime_SysMin_bufSize__C)
                  00009c90    00000004     empty_pem4f.oem4f (.const:xdc_runtime_SysMin_outputFunc__C)
                  00009c94    00000004     empty_pem4f.oem4f (.const:xdc_runtime_System_Module__gateObj__C)
                  00009c98    00000004     empty_pem4f.oem4f (.const:xdc_runtime_System_abortFxn__C)
                  00009c9c    00000004     empty_pem4f.oem4f (.const:xdc_runtime_System_exitFxn__C)
                  00009ca0    00000004     empty_pem4f.oem4f (.const:xdc_runtime_System_extendFxn__C)
                  00009ca4    00000004     empty_pem4f.oem4f (.const:xdc_runtime_System_maxAtexitHandlers__C)
                  00009ca8    00000004     empty_pem4f.oem4f (.const:xdc_runtime_Text_charTab__C)
                  00009cac    00000004     empty_pem4f.oem4f (.const:xdc_runtime_Text_nameEmpty__C)
                  00009cb0    00000004     empty_pem4f.oem4f (.const:xdc_runtime_Text_nameStatic__C)
                  00009cb4    00000004     empty_pem4f.oem4f (.const:xdc_runtime_Text_nameUnknown__C)
                  00009cb8    00000004     empty_pem4f.oem4f (.const:xdc_runtime_Text_nodeTab__C)
                  00009cbc    00000004     empty_pem4f.oem4f (.const:xdc_runtime_Text_visitRopeFxn__C)
                  00009cc0    00000002     empty_pem4f.oem4f (.const:xdc_runtime_Core_Module__id__C)
                  00009cc2    00000002     empty_pem4f.oem4f (.const:xdc_runtime_Error_Module__loggerDefined__C)
                  00009cc4    00000002     empty_pem4f.oem4f (.const:xdc_runtime_Error_maxDepth__C)
                  00009cc6    00000002     empty_pem4f.oem4f (.const:xdc_runtime_Memory_Module__id__C)
                  00009cc8    00000002     empty_pem4f.oem4f (.const:xdc_runtime_SysMin_flushAtExit__C)
                  00009cca    00000002     empty_pem4f.oem4f (.const:xdc_runtime_Text_charCnt__C)
                  00009ccc    00000002     empty_pem4f.oem4f (.const:xdc_runtime_Text_isLoaded__C)
                  00009cce    00000002     empty_pem4f.oem4f (.const:xdc_runtime_Text_registryModsLastId__C)
                  00009cd0    00000002     empty_pem4f.oem4f (.const:xdc_runtime_Text_unnamedModsLastId__C)
                  00009cd2    00000001     empty_pem4f.oem4f (.const:xdc_runtime_Error_policy__C)

.cinit     0    00009cd8    00000488     
                  00009cd8    0000044f     (.cinit..data.load) [load image, compression = rle]
                  0000a127    00000001     --HOLE-- [fill = 0]
                  0000a128    0000000c     (__TI_handler_table)
                  0000a134    00000004     --HOLE-- [fill = 0]
                  0000a138    00000008     (.cinit..bss.load) [load image, compression = zero_init]
                  0000a140    00000008     (.cinit..vecs.load) [load image, compression = zero_init]
                  0000a148    00000018     (__TI_cinit_table)

.resetVecs 
*          0    00000000    0000003c     
                  00000000    0000003c     empty_pem4f.oem4f (.resetVecs)

.bss       0    20000140    0000097e     UNINITIALIZED
                  20000140    00000400     empty_pem4f.oem4f (.bss:ti_sysbios_heaps_HeapMem_Instance_State_0_buf__A)
                  20000540    00000200     empty_pem4f.oem4f (.bss:taskStackSection)
                  20000740    00000140     empty_pem4f.oem4f (.bss:ti_sysbios_family_arm_m3_Hwi_dispatchTable)
                  20000880    00000120     rtsv7M4_T_le_v4SPD16_eabi.lib : trgmsg.obj (.bss:__CIOBUF_)
                  200009a0    00000080     empty_pem4f.oem4f (.bss:xdc_runtime_SysMin_Module_State_0_outbuf__A)
                  20000a20    00000048     empty_pem4f.oem4f (.bss:ti_sysbios_knl_Mailbox_Instance_State_0_allocBuf__A)
                  20000a68    00000024     empty.obj (.bss:clk0Struct)
                  20000a8c    0000001c     (.common:g_sContext)
                  20000aa8    00000008     (.common:parmbuf)
                  20000ab0    00000004     (.common:clk2Handle)
                  20000ab4    00000002     (.common:Lcd_ScreenHeigth)
                  20000ab6    00000002     (.common:Lcd_ScreenWidth)
                  20000ab8    00000002     (.common:Lcd_TouchTrim)
                  20000aba    00000001     (.common:Lcd_FlagRead)
                  20000abb    00000001     (.common:Lcd_FontSolid)
                  20000abc    00000001     (.common:Lcd_Orientation)
                  20000abd    00000001     (.common:Lcd_PenSolid)

.data      0    20000ac0    000006c8     UNINITIALIZED
                  20000ac0    00000140     empty_pem4f.oem4f (.data)
                  20000c00    000000b0     rtsv7M4_T_le_v4SPD16_eabi.lib : signal.obj (.data:sigtable)
                  20000cb0    0000009c     drivers_MSP432P401R.aem4f : PowerMSP432.oem4f (.data:PowerMSP432_perfLevels)
                  20000d4c    00000004     rtsv7M4_T_le_v4SPD16_eabi.lib : errno.obj (.data)
                  20000d50    00000080                                   : xvalues.obj (.data)
                  20000dd0    00000080     empty_pem4f.oem4f (.data:ti_sysbios_knl_Swi_Module_State_0_readyQ__A)
                  20000e50    00000080     empty_pem4f.oem4f (.data:ti_sysbios_knl_Task_Module_State_0_readyQ__A)
                  20000ed0    00000050     empty_pem4f.oem4f (.data:ti_sysbios_knl_Mailbox_Object__table__V)
                  20000f20    0000004c     empty_pem4f.oem4f (.data:ti_sysbios_family_arm_msp432_Timer_Object__table__V)
                  20000f6c    0000004c     empty_pem4f.oem4f (.data:ti_sysbios_knl_Task_Object__table__V)
                  20000fb8    00000044     empty_pem4f.oem4f (.data:ti_sysbios_knl_Task_Module__state__V)
                  20000ffc    00000038     empty_pem4f.oem4f (.data:ti_sysbios_gates_GateMutex_Object__table__V)
                  20001034    00000034     empty_pem4f.oem4f (.data:ti_sysbios_family_arm_m3_Hwi_Module__state__V)
                  20001068    00000030     msp432p4xx_driverlib.lib : gpio.o (.data:GPIO_PORT_TO_BASE)
                  20001098    00000030     empty_pem4f.oem4f (.data:ti_sysbios_family_arm_m3_Hwi_Object__table__V)
                  200010c8    00000030     empty_pem4f.oem4f (.data:ti_sysbios_knl_Swi_Object__table__V)
                  200010f8    0000002c     empty_pem4f.oem4f (.data:ti_sysbios_knl_Clock_Module__state__V)
                  20001124    00000024     drivers_MSP432P401R.aem4f : PowerMSP432.oem4f (.data:PowerMSP432_module)
                  20001148    00000024     empty_pem4f.oem4f (.data:ti_sysbios_BIOS_Module__state__V)
                  2000116c    00000008     rtsv7M4_T_le_v4SPD16_eabi.lib : _lock.obj (.data)
                  20001174    00000008                                   : exit.obj (.data)
                  2000117c    00000008                                   : feraiseexcept.obj (.data)
                  20001184    00000004                                   : stkdepth_vars.obj (.data)

.stack     0    2000fd00    00000300     UNINITIALIZED
                  2000fd00    00000300     --HOLE--

.bootVecs 
*          0    00000000    00000008     DSECT
                  00000000    00000008     boot.aem4f : boot.oem4f (.bootVecs)

.vecs      0    20000000    00000140     UNINITIALIZED
                  20000000    00000140     empty_pem4f.oem4f (.vecs)

xdc.meta   0    00000000    000000e8     COPY SECTION
                  00000000    000000e8     empty_pem4f.oem4f (xdc.meta)

.TI.noinit 
*          0    20000140    00000000     UNINITIALIZED

.TI.persistent 
*          0    20000ac0    00000000     UNINITIALIZED


LINKER GENERATED COPY TABLES

__TI_cinit_table @ 0000a148 records: 3, size/record: 8, table size: 24
	.data: load addr=00009cd8, load size=0000044f bytes, run addr=20000ac0, run size=000006c8 bytes, compression=rle
	.bss: load addr=0000a138, load size=00000008 bytes, run addr=20000140, run size=0000097e bytes, compression=zero_init
	.vecs: load addr=0000a140, load size=00000008 bytes, run addr=20000000, run size=00000140 bytes, compression=zero_init


LINKER GENERATED HANDLER TABLE

__TI_handler_table @ 0000a128 records: 3, size/record: 4, table size: 12
	index: 0, handler: __TI_decompress_rle24
	index: 1, handler: __TI_decompress_none
	index: 2, handler: __TI_zero_init


GLOBAL SYMBOLS: SORTED ALPHABETICALLY BY Name 

address   name                                                        
-------   ----                                                        
0000751d  ADC14_getResult                                             
000052ed  ADC_HWI                                                     
00009b64  AccelDataTask                                               
00006019  C$$EXIT                                                     
0000517f  C$$IO$$                                                     
0000790b  CPU_cpsid                                                   
00007917  CPU_cpsie                                                   
00002855  CPU_wfi                                                     
00003d81  CS_initClockSignal                                          
00006edd  CS_setDCOCenteredFrequency                                  
0000314d  Crystalfontz128x128_Init                                    
00003019  Crystalfontz128x128_SetDrawFrame                            
00005869  Crystalfontz128x128_SetOrientation                          
00007923  EUSCI_A_SPI_enable                                          
000035ad  EUSCI_A_SPI_transmitData                                    
0000792f  EUSCI_B_SPI_enable                                          
000079ef  EUSCI_B_SPI_getInterruptStatus                              
00003f3d  EUSCI_B_SPI_transmitData                                    
000061f9  FlashCtl_disableReadBuffering                               
00006659  FlashCtl_enableReadBuffering                                
00006df1  FlashCtl_setWaitState                                       
00006f01  GPIO_setAsOutputPin                                         
00005e69  GPIO_setAsPeripheralModuleFunctionInputPin                  
00005ba9  GPIO_setAsPeripheralModuleFunctionOutputPin                 
000076c9  GPIO_setOutputHighOnPin                                     
00007535  GPIO_setOutputLowOnPin                                      
000076dd  GPIO_toggleOutputOnPin                                      
0000668d  Graphics_drawHorizontalLineOnDisplay                        
00004641  Graphics_drawLineH                                          
00006d21  Graphics_drawPixelOnDisplay                                 
000010fb  Graphics_drawString                                         
00005e1d  Graphics_initContext                                        
000073fd  Graphics_setBackgroundColor                                 
00007417  Graphics_setFont                                            
00007641  Graphics_setForegroundColor                                 
00007657  Graphics_translateColorOnDisplay                            
0000682b  HAL_LCD_PortInit                                            
00006279  HAL_LCD_SpiInit                                             
000066c1  HAL_LCD_writeCommand                                        
00006f25  HAL_LCD_writeData                                           
00001f81  HOSTclock                                                   
00001f49  HOSTclose                                                   
00001f0b  HOSTgetenv                                                  
00001eaf  HOSTlseek                                                   
00001e5d  HOSTopen                                                    
00001e11  HOSTread                                                    
00001db3  HOSTrename                                                  
00001d79  HOSTtime                                                    
00001d41  HOSTunlink                                                  
00001cf5  HOSTwrite                                                   
00003017  Idle_fcxn                                                   
20000aba  Lcd_FlagRead                                                
20000abb  Lcd_FontSolid                                               
20000abc  Lcd_Orientation                                             
20000abd  Lcd_PenSolid                                                
20000ab4  Lcd_ScreenHeigth                                            
20000ab6  Lcd_ScreenWidth                                             
20000ab8  Lcd_TouchTrim                                               
00004255  List_head                                                   
00004a4d  List_next                                                   
000079f7  MSP_EXP432P401R_initGeneral                                 
00006c19  PCM_getCoreVoltageLevel                                     
00006d4b  PCM_getPowerMode                                            
0000793d  PCM_getPowerState                                           
00006e19  PCM_gotoLPM0                                                
00004c6d  PCM_gotoLPM3                                                
000077cd  PCM_gotoLPM4                                                
000079ff  PCM_setPowerMode                                            
00007a07  PCM_setPowerState                                           
00005a15  PCM_shutdownDevice                                          
00009b4c  PowerMSP432_config                                          
00004197  PowerMSP432_initPolicy                                      
20001124  PowerMSP432_module                                          
20000cb0  PowerMSP432_perfLevels                                      
00005a65  PowerMSP432_sleepPolicy                                     
00006c45  PowerMSP432_updateFreqs                                     
00007949  Power_getConstraintMask                                     
00007175  Power_idleFunc                                              
00006439  Power_init                                                  
00003aa9  Power_sleep                                                 
00006f49  RTC_C_holdClock                                             
00006f6d  RTC_C_startClock                                            
UNDEFED   SHT$$INIT_ARRAY$$Base                                       
UNDEFED   SHT$$INIT_ARRAY$$Limit                                      
00007431  SPI_enableModule                                            
000049c5  SPI_initMaster                                              
00007195  SPI_transmitData                                            
4000480c  WDTCTL_SYM                                                  
0000754d  WDT_A_holdTimer                                             
000076f1  WDT_A_startTimer                                            
0000688d  _Dclass                                                     
20000d50  _Denorm                                                     
000040d9  _Dnorm                                                      
00003391  _Dscale                                                     
00005221  _Dunscale                                                   
20000d60  _Eps                                                        
20000d4c  _Errno                                                      
2000117c  _Fenv                                                       
000068bd  _Feraise                                                    
20000d70  _Hugeval                                                    
20000d80  _Inf                                                        
20000d90  _Nan                                                        
20000db0  _Rteps                                                      
20000da0  _Snan                                                       
20001180  _Tls_setup__Fenv                                            
20000dc0  _Xbig                                                       
20000dc8  _Zero                                                       
00000000  __ASM__                                                     
20000880  __CIOBUF_                                                   
00000064  __ISA__                                                     
00000077  __PLAT__                                                    
20010000  __STACK_END                                                 
00000300  __STACK_SIZE                                                
0000009a  __TARG__                                                    
0000a148  __TI_CINIT_Base                                             
0000a160  __TI_CINIT_Limit                                            
0000a128  __TI_Handler_Table_Base                                     
0000a134  __TI_Handler_Table_Limit                                    
000043c5  __TI_auto_init                                              
20001174  __TI_cleanup_ptr                                            
000078e1  __TI_decompress_none                                        
00007313  __TI_decompress_rle24                                       
20001178  __TI_dtors_ptr                                              
00000df5  __TI_printfi                                                
00005183  __TI_readmsg                                                
00009cd8  __TI_static_base__                                          
00005151  __TI_writemsg                                               
00007955  __TI_zero_init                                              
000000c0  __TRDR__                                                    
00004ad9  __aeabi_cdcmpeq                                             
00004ad9  __aeabi_cdcmple                                             
00004b5f  __aeabi_cdrcmple                                            
00005eb1  __aeabi_d2iz                                                
00002395  __aeabi_dadd                                                
00002ee1  __aeabi_ddiv                                                
000037bd  __aeabi_dmul                                                
0000238b  __aeabi_dsub                                                
00006b91  __aeabi_i2d                                                 
00004ddf  __aeabi_idiv0                                               
00004d65  __aeabi_memclr                                              
00004d65  __aeabi_memclr4                                             
00004d65  __aeabi_memclr8                                             
000046dd  __aeabi_memcpy                                              
000046dd  __aeabi_memcpy4                                             
000046dd  __aeabi_memcpy8                                             
00004d67  __aeabi_memset                                              
00004d67  __aeabi_memset4                                             
00004d67  __aeabi_memset8                                             
00006339  __aeabi_uidiv                                               
00006339  __aeabi_uidivmod                                            
00001fc9  __aeabi_uldivmod                                            
ffffffff  __binit__                                                   
ffffffff  __c_args__                                                  
2000fd00  __stack                                                     
00004813  __xdc__init                                                 
20000bfc  __xdc__init__addr                                           
00007565  _args_main                                                  
000056b1  _c_int00                                                    
0000959d  _ctypes_                                                    
2000116c  _lock                                                       
00007713  _nop                                                        
0000770b  _register_lock                                              
00007705  _register_unlock                                            
20001170  _unlock                                                     
0000601d  abort                                                       
00009b5c  adc_hwi                                                     
00009b60  adc_mailbox                                                 
00005bf5  atoi                                                        
ffffffff  binit                                                       
00007a0f  calculateAvg                                                
00006475  clk0Fxn                                                     
20000a68  clk0Struct                                                  
20000ab0  clk2Handle                                                  
00005c41  copy_in                                                     
00004465  drawAccelData                                               
00006025  exit                                                        
000066f5  feraiseexcept                                               
00006d75  frexp                                                       
20000a8c  g_sContext                                                  
000098e8  g_sCrystalfontz128x128                                      
000096a0  g_sFontFixed6x8                                             
00002b11  init_All                                                    
000059c1  ldexp                                                       
00005811  ltoa                                                        
00005709  main                                                        
20001184  main_func_sp                                                
000072f7  memccpy                                                     
000046dd  memcpy                                                      
00004d6d  memset                                                      
00007881  osi_TaskDisable                                             
00007811  osi_start                                                   
00006bbf  raise                                                       
000062f9  signal                                                      
00005475  sprintf                                                     
0000766d  strchr                                                      
00007719  strcpy                                                      
0000772d  strlen                                                      
20001148  ti_sysbios_BIOS_Module__state__V                            
0000747f  ti_sysbios_BIOS_RtsGateProxy_Handle__label__S               
0000706d  ti_sysbios_BIOS_RtsGateProxy_Object__delete__S              
00004be5  ti_sysbios_BIOS_RtsGateProxy_enter__E                       
00004f2d  ti_sysbios_BIOS_RtsGateProxy_leave__E                       
00007a61  ti_sysbios_BIOS_RtsGateProxy_query__E                       
000068ed  ti_sysbios_BIOS_atExitFunc__I                               
00006f91  ti_sysbios_BIOS_errorRaiseHook__I                           
00007683  ti_sysbios_BIOS_exitFunc__I                                 
000077e1  ti_sysbios_BIOS_exit__E                                     
00004ebf  ti_sysbios_BIOS_nullFunc__I                                 
00006fb5  ti_sysbios_BIOS_registerRTSLock__I                          
00006fd9  ti_sysbios_BIOS_removeRTSLock__I                            
000071b5  ti_sysbios_BIOS_rtsLock__I                                  
0000757d  ti_sysbios_BIOS_rtsUnlock__I                                
000077f1  ti_sysbios_BIOS_setCpuFreq__E                               
00007801  ti_sysbios_BIOS_setThreadType__E                            
00006ffd  ti_sysbios_BIOS_startFunc__I                                
00007811  ti_sysbios_BIOS_start__E                                    
00009ba4  ti_sysbios_family_arm_m3_Hwi_E_NMI__C                       
00009ba8  ti_sysbios_family_arm_m3_Hwi_E_busFault__C                  
00009bac  ti_sysbios_family_arm_m3_Hwi_E_debugMon__C                  
00009bb0  ti_sysbios_family_arm_m3_Hwi_E_hardFault__C                 
00009bb4  ti_sysbios_family_arm_m3_Hwi_E_memFault__C                  
00009bb8  ti_sysbios_family_arm_m3_Hwi_E_noIsr__C                     
00009bbc  ti_sysbios_family_arm_m3_Hwi_E_reserved__C                  
00009bc0  ti_sysbios_family_arm_m3_Hwi_E_svCall__C                    
00009bc4  ti_sysbios_family_arm_m3_Hwi_E_usageFault__C                
0000744b  ti_sysbios_family_arm_m3_Hwi_Handle__label__S               
20000ac8  ti_sysbios_family_arm_m3_Hwi_Module_State_0_excActive__A    
20000acc  ti_sysbios_family_arm_m3_Hwi_Module_State_0_excContext__A   
20000ad0  ti_sysbios_family_arm_m3_Hwi_Module_State_0_excStack__A     
0000969e  ti_sysbios_family_arm_m3_Hwi_Module__id__C                  
20000ac0  ti_sysbios_family_arm_m3_Hwi_Module__root__V                
00007595  ti_sysbios_family_arm_m3_Hwi_Module__startupDone__F         
00007595  ti_sysbios_family_arm_m3_Hwi_Module__startupDone__S         
20001034  ti_sysbios_family_arm_m3_Hwi_Module__state__V               
00005ab9  ti_sysbios_family_arm_m3_Hwi_Module_startup__E              
00009bc8  ti_sysbios_family_arm_m3_Hwi_NUM_INTERRUPTS__C              
00009bcc  ti_sysbios_family_arm_m3_Hwi_Object__count__C               
00007741  ti_sysbios_family_arm_m3_Hwi_Object__get__S                 
20001098  ti_sysbios_family_arm_m3_Hwi_Object__table__V               
00009bd0  ti_sysbios_family_arm_m3_Hwi_ccr__C                         
00005351  ti_sysbios_family_arm_m3_Hwi_dispatchC__I                   
20000740  ti_sysbios_family_arm_m3_Hwi_dispatchTable                  
00003b9d  ti_sysbios_family_arm_m3_Hwi_dispatch__I                    
00007a19  ti_sysbios_family_arm_m3_Hwi_doSwiRestore__I                
00007a29  ti_sysbios_family_arm_m3_Hwi_doTaskRestore__I               
00005ef9  ti_sysbios_family_arm_m3_Hwi_enableInterrupt__E             
000026e1  ti_sysbios_family_arm_m3_Hwi_excBusFault__I                 
00004199  ti_sysbios_family_arm_m3_Hwi_excDebugMon__I                 
00001579  ti_sysbios_family_arm_m3_Hwi_excDumpRegs__I                 
000034a1  ti_sysbios_family_arm_m3_Hwi_excFillContext__I              
000071d5  ti_sysbios_family_arm_m3_Hwi_excHandlerAsm__I               
00009bd4  ti_sysbios_family_arm_m3_Hwi_excHandlerFunc__C              
000035b1  ti_sysbios_family_arm_m3_Hwi_excHandlerMax__I               
000071f9  ti_sysbios_family_arm_m3_Hwi_excHandler__I                  
00004259  ti_sysbios_family_arm_m3_Hwi_excHardFault__I                
00009b7c  ti_sysbios_family_arm_m3_Hwi_excHookFuncs__A                
00009bd8  ti_sysbios_family_arm_m3_Hwi_excHookFuncs__C                
00002c61  ti_sysbios_family_arm_m3_Hwi_excMemFault__I                 
00006729  ti_sysbios_family_arm_m3_Hwi_excNmi__I                      
000065b1  ti_sysbios_family_arm_m3_Hwi_excNoIsr__I                    
00005f41  ti_sysbios_family_arm_m3_Hwi_excReserved__I                 
000064b1  ti_sysbios_family_arm_m3_Hwi_excSvCall__I                   
00002859  ti_sysbios_family_arm_m3_Hwi_excUsageFault__I               
00006061  ti_sysbios_family_arm_m3_Hwi_getStackInfo__E                
00004819  ti_sysbios_family_arm_m3_Hwi_initNVIC__E                    
00005761  ti_sysbios_family_arm_m3_Hwi_initStacks__E                  
00009bdc  ti_sysbios_family_arm_m3_Hwi_nullIsrFunc__C                 
e000e000  ti_sysbios_family_arm_m3_Hwi_nvic                           
[...]
00007759  ti_sysbios_hal_Hwi_HwiProxy_switchFromBootStack__E          
0000776d  ti_sysbios_heaps_HeapMem_Object__get__S                     
00007781  ti_sysbios_knl_Mailbox_Object__get__S                       
00007795  ti_sysbios_knl_Swi_Object__get__S                           
000077a9  ti_sysbios_hal_Hwi_Module_startup__E                        
000077bb  xdc_runtime_Startup_exec__I                                 
000077cd  PCM_gotoLPM4                                                
000077e1  ti_sysbios_BIOS_exit__E                                     
000077f1  ti_sysbios_BIOS_setCpuFreq__E                               
00007801  ti_sysbios_BIOS_setThreadType__E                            
00007811  osi_start                                                   
00007811  ti_sysbios_BIOS_start__E                                    
00007821  ti_sysbios_family_arm_m3_TaskSupport_glue                   
00007831  ti_sysbios_family_arm_msp432_init_Boot_disableWatchdog      
00007841  ti_sysbios_gates_GateMutex_Instance_finalize__E             
00007851  ti_sysbios_knl_Semaphore_Instance_finalize__E               
00007861  ti_sysbios_knl_Swi_disable__E                               
00007871  ti_sysbios_knl_Task_Object__get__S                          
00007881  osi_TaskDisable                                             
00007881  ti_sysbios_knl_Task_disable__E                              
00007891  xdc_runtime_Gate_leaveSystem__E                             
000078a1  xdc_runtime_Memory_free__E                                  
000078b1  xdc_runtime_SysMin_ready__E                                 
000078b1  xdc_runtime_System_SupportProxy_ready__E                    
000078c1  xdc_runtime_System_vsnprintf__E                             
000078d1  xdc_runtime_Text_visitRope__I                               
000078e1  __TI_decompress_none                                        
000078f1  ti_sysbios_knl_Queue_empty__E                               
000078ff  ti_sysbios_family_arm_msp432_init_Boot_init__I              
000078ff  xdc_runtime_Startup_reset__I                                
0000790b  CPU_cpsid                                                   
00007917  CPU_cpsie                                                   
00007923  EUSCI_A_SPI_enable                                          
0000792f  EUSCI_B_SPI_enable                                          
0000793d  PCM_getPowerState                                           
00007949  Power_getConstraintMask                                     
00007955  __TI_zero_init                                              
00007961  ti_sysbios_family_arm_msp432_Timer_getMaxTicks__E           
00007971  ti_sysbios_gates_GateHwi_enter__E                           
0000797d  ti_sysbios_knl_Clock_Params__init__S                        
00007995  ti_sysbios_knl_Queue_Object__get__S                         
000079a1  xdc_runtime_Error_init__E                                   
000079ad  xdc_runtime_Gate_enterSystem__E                             
000079b9  xdc_runtime_Memory_calloc__E                                
000079c5  xdc_runtime_Memory_getMaxDefaultTypeAlign__E                
000079db  xdc_runtime_Memory_HeapProxy_alloc__E                       
000079e5  xdc_runtime_Memory_HeapProxy_free__E                        
000079ef  EUSCI_B_SPI_getInterruptStatus                              
000079f7  MSP_EXP432P401R_initGeneral                                 
000079ff  PCM_setPowerMode                                            
00007a07  PCM_setPowerState                                           
00007a0f  calculateAvg                                                
00007a19  ti_sysbios_family_arm_m3_Hwi_doSwiRestore__I                
00007a21  ti_sysbios_family_arm_m3_Hwi_startup__E                     
00007a21  ti_sysbios_hal_Hwi_HwiProxy_startup__E                      
00007a29  ti_sysbios_family_arm_m3_Hwi_doTaskRestore__I               
00007a31  ti_sysbios_gates_GateHwi_leave__E                           
00007a39  ti_sysbios_heaps_HeapMem_isBlocking__E                      
00007a41  ti_sysbios_knl_Queue_Instance_init__E                       
00007a49  ti_sysbios_knl_Swi_startup__E                               
00007a4f  xdc_runtime_System_Module_startup__E                        
00007a59  ti_sysbios_gates_GateHwi_query__E                           
00007a59  xdc_runtime_Main_Module_GateProxy_query__E                  
00007a59  xdc_runtime_System_Module_GateProxy_query__E                
00007a61  ti_sysbios_BIOS_RtsGateProxy_query__E                       
00007a61  ti_sysbios_gates_GateMutex_query__E                         
00007a61  ti_sysbios_heaps_HeapMem_Module_GateProxy_query__E          
00007a69  ti_sysbios_knl_Task_startup__E                              
00007a71  ti_sysbios_gates_GateHwi_Instance_init__E                   
00007a79  ti_sysbios_knl_Clock_logTick__E                             
00007a7c  xdc_runtime_Text_charTab__A                                 
0000959d  _ctypes_                                                    
0000969e  ti_sysbios_family_arm_m3_Hwi_Module__id__C                  
000096a0  g_sFontFixed6x8                                             
00009768  xdc_runtime_Text_nodeTab__A                                 
000098e8  g_sCrystalfontz128x128                                      
00009914  ti_sysbios_heaps_HeapMem_Module__FXNS__C                    
0000993c  ti_sysbios_gates_GateHwi_Module__FXNS__C                    
00009960  ti_sysbios_gates_GateMutex_Module__FXNS__C                  
00009984  ti_sysbios_heaps_HeapMem_Object__PARAMS__C                  
000099a8  ti_sysbios_knl_Clock_Object__PARAMS__C                      
000099cc  ti_sysbios_knl_Semaphore_Object__PARAMS__C                  
000099f0  xdc_runtime_Startup_sfxnTab__A                              
00009a14  ti_sysbios_gates_GateHwi_Object__DESC__C                    
00009a34  ti_sysbios_gates_GateMutex_Object__DESC__C                  
00009a54  ti_sysbios_heaps_HeapMem_Object__DESC__C                    
00009a74  ti_sysbios_knl_Clock_Object__DESC__C                        
00009a94  ti_sysbios_knl_Queue_Object__DESC__C                        
00009ab4  ti_sysbios_knl_Semaphore_Object__DESC__C                    
00009af0  ti_sysbios_gates_GateHwi_Object__PARAMS__C                  
00009b08  ti_sysbios_gates_GateMutex_Object__PARAMS__C                
00009b20  ti_sysbios_knl_Queue_Object__PARAMS__C                      
00009b38  xdc_runtime_Startup_sfxnRts__A                              
00009b4a  ti_sysbios_heaps_HeapMem_Module__id__C                      
00009b4c  PowerMSP432_config                                          
00009b5c  adc_hwi                                                     
00009b60  adc_mailbox                                                 
00009b64  AccelDataTask                                               
00009b68  xdc_runtime_Startup_firstFxns__A                            
00009b7c  ti_sysbios_family_arm_m3_Hwi_excHookFuncs__A                
00009b84  ti_sysbios_knl_Idle_funcList__A                             
00009b8c  ti_sysbios_knl_Idle_funcList__C                             
00009b94  xdc_runtime_Startup_firstFxns__C                            
00009b9c  xdc_runtime_Startup_lastFxns__C                             
00009ba4  ti_sysbios_family_arm_m3_Hwi_E_NMI__C                       
00009ba8  ti_sysbios_family_arm_m3_Hwi_E_busFault__C                  
00009bac  ti_sysbios_family_arm_m3_Hwi_E_debugMon__C                  
00009bb0  ti_sysbios_family_arm_m3_Hwi_E_hardFault__C                 
00009bb4  ti_sysbios_family_arm_m3_Hwi_E_memFault__C                  
00009bb8  ti_sysbios_family_arm_m3_Hwi_E_noIsr__C                     
00009bbc  ti_sysbios_family_arm_m3_Hwi_E_reserved__C                  
00009bc0  ti_sysbios_family_arm_m3_Hwi_E_svCall__C                    
00009bc4  ti_sysbios_family_arm_m3_Hwi_E_usageFault__C                
00009bc8  ti_sysbios_family_arm_m3_Hwi_NUM_INTERRUPTS__C              
00009bcc  ti_sysbios_family_arm_m3_Hwi_Object__count__C               
00009bd0  ti_sysbios_family_arm_m3_Hwi_ccr__C                         
00009bd4  ti_sysbios_family_arm_m3_Hwi_excHandlerFunc__C              
00009bd8  ti_sysbios_family_arm_m3_Hwi_excHookFuncs__C                
00009bdc  ti_sysbios_family_arm_m3_Hwi_nullIsrFunc__C                 
00009be0  ti_sysbios_family_arm_m3_Hwi_priGroup__C                    
00009be4  ti_sysbios_family_arm_msp432_Timer_numTimerDevices__C       
00009be8  ti_sysbios_family_arm_msp432_Timer_startupNeeded__C         
00009bec  ti_sysbios_gates_GateMutex_Instance_State_sem__O            
00009bf0  ti_sysbios_heaps_HeapMem_E_memory__C                        
00009bf4  ti_sysbios_heaps_HeapMem_Module__gateObj__C                 
00009bf8  ti_sysbios_heaps_HeapMem_Object__count__C                   
00009bfc  ti_sysbios_heaps_HeapMem_reqAlign__C                        
00009c00  ti_sysbios_knl_Clock_Module_State_clockQ__O                 
00009c04  ti_sysbios_knl_Mailbox_Instance_State_dataQue__O            
00009c08  ti_sysbios_knl_Mailbox_Instance_State_dataSem__O            
00009c0c  ti_sysbios_knl_Mailbox_Instance_State_freeQue__O            
00009c10  ti_sysbios_knl_Mailbox_Instance_State_freeSem__O            
00009c14  ti_sysbios_knl_Mailbox_Object__count__C                     
00009c18  ti_sysbios_knl_Mailbox_maxTypeAlign__C                      
00009c1c  ti_sysbios_knl_Semaphore_Instance_State_pendQ__O            
00009c20  ti_sysbios_knl_Swi_Object__count__C                         
00009c24  ti_sysbios_knl_Task_Module_State_inactiveQ__O               
00009c28  ti_sysbios_knl_Task_Object__count__C                        
00009c2c  ti_sysbios_knl_Task_allBlockedFunc__C                       
00009c30  ti_sysbios_knl_Task_numConstructedTasks__C                  
00009c34  xdc_runtime_Assert_E_assertFailed__C                        
00009c38  xdc_runtime_Core_A_initializedParams__C                     
00009c3c  xdc_runtime_Core_Module__diagsEnabled__C                    
00009c40  xdc_runtime_Core_Module__diagsIncluded__C                   
00009c44  xdc_runtime_Core_Module__diagsMask__C                       
00009c48  xdc_runtime_Error_E_memory__C                               
00009c4c  xdc_runtime_Error_Module__diagsEnabled__C                   
00009c50  xdc_runtime_Error_Module__diagsIncluded__C                  
00009c54  xdc_runtime_Error_Module__diagsMask__C                      
00009c58  xdc_runtime_Error_Module__loggerFxn8__C                     
00009c5c  xdc_runtime_Error_Module__loggerObj__C                      
00009c60  xdc_runtime_Error_policyFxn__C                              
00009c64  xdc_runtime_Error_raiseHook__C                              
00009c68  xdc_runtime_IGateProvider_Interface__BASE__C                
00009c6c  xdc_runtime_IHeap_Interface__BASE__C                        
00009c70  xdc_runtime_IModule_Interface__BASE__C                      
00009c74  xdc_runtime_Log_L_error__C                                  
00009c78  xdc_runtime_Memory_defaultHeapInstance__C                   
00009c7c  xdc_runtime_Startup_execImpl__C                             
00009c80  xdc_runtime_Startup_maxPasses__C                            
00009c84  xdc_runtime_Startup_sfxnRts__C                              
00009c88  xdc_runtime_Startup_sfxnTab__C                              
00009c8c  xdc_runtime_SysMin_bufSize__C                               
00009c90  xdc_runtime_SysMin_outputFunc__C                            
00009c94  xdc_runtime_System_Module__gateObj__C                       
00009c98  xdc_runtime_System_abortFxn__C                              
00009c9c  xdc_runtime_System_exitFxn__C                               
00009ca0  xdc_runtime_System_extendFxn__C                             
00009ca4  xdc_runtime_System_maxAtexitHandlers__C                     
00009ca8  xdc_runtime_Text_charTab__C                                 
00009cac  xdc_runtime_Text_nameEmpty__C                               
00009cb0  xdc_runtime_Text_nameStatic__C                              
00009cb4  xdc_runtime_Text_nameUnknown__C                             
00009cb8  xdc_runtime_Text_nodeTab__C                                 
00009cbc  xdc_runtime_Text_visitRopeFxn__C                            
00009cc0  xdc_runtime_Core_Module__id__C                              
00009cc2  xdc_runtime_Error_Module__loggerDefined__C                  
00009cc4  xdc_runtime_Error_maxDepth__C                               
00009cc6  xdc_runtime_Memory_Module__id__C                            
00009cc8  xdc_runtime_SysMin_flushAtExit__C                           
00009cca  xdc_runtime_Text_charCnt__C                                 
00009ccc  xdc_runtime_Text_isLoaded__C                                
00009cce  xdc_runtime_Text_registryModsLastId__C                      
00009cd0  xdc_runtime_Text_unnamedModsLastId__C                       
00009cd2  xdc_runtime_Error_policy__C                                 
00009cd8  __TI_static_base__                                          
0000a128  __TI_Handler_Table_Base                                     
0000a134  __TI_Handler_Table_Limit                                    
0000a148  __TI_CINIT_Base                                             
0000a160  __TI_CINIT_Limit                                            
20000000  ti_sysbios_family_arm_m3_Hwi_ramVectors                     
20000140  ti_sysbios_heaps_HeapMem_Instance_State_0_buf__A            
20000540  ti_sysbios_knl_Task_Instance_State_0_stack__A               
20000740  ti_sysbios_family_arm_m3_Hwi_dispatchTable                  
20000880  __CIOBUF_                                                   
200009a0  xdc_runtime_SysMin_Module_State_0_outbuf__A                 
20000a20  ti_sysbios_knl_Mailbox_Instance_State_0_allocBuf__A         
20000a68  clk0Struct                                                  
20000a8c  g_sContext                                                  
20000ab0  clk2Handle                                                  
20000ab4  Lcd_ScreenHeigth                                            
20000ab6  Lcd_ScreenWidth                                             
20000ab8  Lcd_TouchTrim                                               
20000aba  Lcd_FlagRead                                                
20000abb  Lcd_FontSolid                                               
20000abc  Lcd_Orientation                                             
20000abd  Lcd_PenSolid                                                
20000ac0  ti_sysbios_family_arm_m3_Hwi_Module__root__V                
20000ac8  ti_sysbios_family_arm_m3_Hwi_Module_State_0_excActive__A    
20000acc  ti_sysbios_family_arm_m3_Hwi_Module_State_0_excContext__A   
20000ad0  ti_sysbios_family_arm_m3_Hwi_Module_State_0_excStack__A     
20000ad4  ti_sysbios_family_arm_msp432_ClockFreqs_Module__state__V    
20000ae0  ti_sysbios_family_arm_msp432_Timer_Module__root__V          
20000ae8  ti_sysbios_family_arm_msp432_Timer_Module_State_0_device__A 
20000b08  ti_sysbios_family_arm_msp432_Timer_Module_State_0_handles__A
20000b18  ti_sysbios_family_arm_msp432_Timer_Module__state__V         
20000b24  ti_sysbios_gates_GateHwi_Module__root__V                    
20000b2c  ti_sysbios_gates_GateHwi_Object__table__V                   
20000b30  ti_sysbios_gates_GateMutex_Module__root__V                  
20000b38  ti_sysbios_hal_Hwi_Module__root__V                          
20000b40  ti_sysbios_hal_Hwi_Object__table__V                         
20000b48  ti_sysbios_heaps_HeapMem_Module__root__V                    
20000b50  ti_sysbios_heaps_HeapMem_Object__table__V                   
20000b68  ti_sysbios_knl_Clock_Module__root__V                        
20000b70  ti_sysbios_knl_Event_Module__root__V                        
20000b78  ti_sysbios_knl_Mailbox_Module__root__V                      
20000b80  ti_sysbios_knl_Queue_Module__root__V                        
20000b88  ti_sysbios_knl_Semaphore_Module__root__V                    
20000b90  ti_sysbios_knl_Swi_Module__root__V                          
20000b98  ti_sysbios_knl_Swi_Module__state__V                         
20000bb4  ti_sysbios_knl_Task_Module__root__V                         
20000bbc  ti_sysbios_knl_Task_Module_State_0_idleTask__A              
20000bc0  xdc_runtime_Error_Module__state__V                          
20000bc4  xdc_runtime_Memory_Module__state__V                         
20000bc8  xdc_runtime_Registry_Module__state__V                       
20000bd0  xdc_runtime_Startup_Module__state__V                        
20000bd8  xdc_runtime_SysMin_Module__state__V                         
20000be4  xdc_runtime_System_Module_State_0_atexitHandlers__A         
20000bec  xdc_runtime_System_Module__state__V                         
20000bf4  xdc_runtime_Text_Module__state__V                           
20000bfc  __xdc__init__addr                                           
20000cb0  PowerMSP432_perfLevels                                      
20000d4c  _Errno                                                      
20000d50  _Denorm                                                     
20000d60  _Eps                                                        
20000d70  _Hugeval                                                    
20000d80  _Inf                                                        
20000d90  _Nan                                                        
20000da0  _Snan                                                       
20000db0  _Rteps                                                      
20000dc0  _Xbig                                                       
20000dc8  _Zero                                                       
20000dd0  ti_sysbios_knl_Swi_Module_State_0_readyQ__A                 
20000e50  ti_sysbios_knl_Task_Module_State_0_readyQ__A                
20000ed0  ti_sysbios_knl_Mailbox_Object__table__V                     
20000f20  ti_sysbios_family_arm_msp432_Timer_Object__table__V         
20000f6c  ti_sysbios_knl_Task_Object__table__V                        
20000fb8  ti_sysbios_knl_Task_Module__state__V                        
20000ffc  ti_sysbios_gates_GateMutex_Object__table__V                 
20001034  ti_sysbios_family_arm_m3_Hwi_Module__state__V               
20001098  ti_sysbios_family_arm_m3_Hwi_Object__table__V               
200010c8  ti_sysbios_knl_Swi_Object__table__V                         
200010f8  ti_sysbios_knl_Clock_Module__state__V                       
20001124  PowerMSP432_module                                          
20001148  ti_sysbios_BIOS_Module__state__V                            
2000116c  _lock                                                       
20001170  _unlock                                                     
20001174  __TI_cleanup_ptr                                            
20001178  __TI_dtors_ptr                                              
2000117c  _Fenv                                                       
20001180  _Tls_setup__Fenv                                            
20001184  main_func_sp                                                
2000fd00  __stack                                                     
20010000  __STACK_END                                                 
4000480c  WDTCTL_SYM                                                  
e000e000  ti_sysbios_family_arm_m3_Hwi_nvic                           
ffffffff  __binit__                                                   
ffffffff  __c_args__                                                  
ffffffff  binit                                                       
UNDEFED   SHT$$INIT_ARRAY$$Base                                       
UNDEFED   SHT$$INIT_ARRAY$$Limit                                      

[608 symbols]
