******************************************************************************
                  TI ARM Linker Unix v5.2.6                    
******************************************************************************
>> Linked Fri Apr  8 23:30:04 2016

OUTPUT FILE NAME:   <RTOSChallenge.out>
ENTRY POINT SYMBOL: "_c_int00"  address: 00005a79


MEMORY CONFIGURATION

         name            origin    length      used     unused   attr    fill
----------------------  --------  ---------  --------  --------  ----  --------
  MAIN                  00000000   00040000  0000a96f  00035691  R  X
  INFO                  00200000   00004000  00000000  00004000  R  X
  SRAM_CODE             01000000   00010000  00000000  00010000  RW X
  SRAM_DATA             20000000   00010000  0000128f  0000ed71  RW  


SEGMENT ALLOCATION MAP

run origin  load origin   length   init length attrs members
----------  ----------- ---------- ----------- ----- -------
00000000    00000000    0000a3e1   0000a3e1    r-x
  00000000    00000000    0000003c   0000003c    r-- .resetVecs
  00000040    00000040    000080ea   000080ea    r-x .text
  0000812c    0000812c    000022b5   000022b5    r-- .const
0000a400    0000a400    000000e4   00000000    rw-
  0000a400    0000a400    000000e4   00000000    rw- .vtable
0000a4e8    0000a4e8    000004b0   000004b0    r--
  0000a4e8    0000a4e8    000004b0   000004b0    r-- .cinit
20000000    20000000    00000f91   00000000    rw-
  20000000    20000000    00000140   00000000    rw- .vecs
  20000140    20000140    00000786   00000000    rw- .bss
  200008c8    200008c8    000006c9   00000000    rw- .data
2000fd00    2000fd00    00000300   00000000    rw-
  2000fd00    2000fd00    00000300   00000000    rw- .stack


SECTION ALLOCATION MAP

 output                                  attributes/
section   page    origin      length       input sections
--------  ----  ----------  ----------   ----------------
.text      0    00000040    000080ea     
                  00000040    000010ba     rtsv7M4_T_le_v4SPD16_eabi.lib : _printfi.obj (.text)
                  000010fa    0000047e     string.obj (.text:Graphics_drawString)
                  00001578    00000430     sysbios.aem4f : BIOS.obj (.text:ti_sysbios_family_arm_m3_Hwi_excDumpRegs__I)
                  000019a8    0000034c     ti.targets.arm.rtsarm.aem4f : System.oem4f (.text:xdc_runtime_System_doPrint__I)
                  00001cf4    000002d4     rtsv7M4_T_le_v4SPD16_eabi.lib : trgdrv.obj (.text)
                  00001fc8    000001f4                                   : ull_div_t2.obj (.text)
                  000021bc    000001ce     Crystalfontz128x128_ST7735.obj (.text:Crystalfontz128x128_PixelDrawMultiple)
                  0000238a    000001b6     rtsv7M4_T_le_v4SPD16_eabi.lib : fd_add_t2.obj (.text)
                  00002540    000001a0     msp432p4xx_driverlib.lib : pcm.o (.text:__PCM_setPowerStateAdvanced)
                  000026e0    00000188     init_all.obj (.text:init_All)
                  00002868    00000174     sysbios.aem4f : BIOS.obj (.text:ti_sysbios_family_arm_m3_Hwi_excBusFault__I)
                  000029dc    00000004     msp432p4xx_driverlib.lib : cpu.o (.text:CPU_wfi)
                  000029e0    00000164     sysbios.aem4f : BIOS.obj (.text:ti_sysbios_family_arm_m3_Hwi_excUsageFault__I)
                  00002b44    00000154     msp432p4xx_driverlib.lib : adc14.o (.text:_getIndexForMemRegister)
                  00002c98    00000148     sysbios.aem4f : BIOS.obj (.text:ti_sysbios_family_arm_m3_Hwi_excMemFault__I)
                  00002de0    00000140     drivers_MSP432P401R.aem4f : GPIOMSP432.oem4f (.text:GPIO_setConfig)
                  00002f20    00000138     sysbios.aem4f : BIOS.obj (.text:ti_sysbios_knl_Semaphore_pend__E)
                  00003058    00000136     rtsv7M4_T_le_v4SPD16_eabi.lib : fd_div_t2.obj (.text)
                  0000318e    00000002     empty.obj (.text:Idle_fcxn)
                  00003190    00000134     Crystalfontz128x128_ST7735.obj (.text:Crystalfontz128x128_SetDrawFrame)
                  000032c4    0000012c     Crystalfontz128x128_ST7735.obj (.text:Crystalfontz128x128_Init)
                  000033f0    00000118     ti.targets.arm.rtsarm.aem4f : Error.oem4f (.text:xdc_runtime_Error_policyDefault__E)
                  00003508    00000110     rtsv7M4_T_le_v4SPD16_eabi.lib : xdscale.obj (.text)
                  00003618    0000010c     sysbios.aem4f : BIOS.obj (.text:ti_sysbios_family_arm_m3_Hwi_excFillContext__I)
                  00003724    00000004     msp432p4xx_driverlib.lib : spi.o (.text:EUSCI_A_SPI_transmitData)
                  00003728    0000010c     sysbios.aem4f : BIOS.obj (.text:ti_sysbios_family_arm_m3_Hwi_excHandlerMax__I)
                  00003834    00000100     ti.targets.arm.rtsarm.aem4f : Core-mem.oem4f (.text:xdc_runtime_Core_createObject__I)
                  00003934    000000fc     rtsv7M4_T_le_v4SPD16_eabi.lib : fd_mul_t2.obj (.text)
                  00003a30    000000f8     ti.targets.arm.rtsarm.aem4f : Startup.oem4f (.text:xdc_runtime_Startup_startMods__I)
                  00003b28    000000f8     empty_pem4f.oem4f (.text:xdc_runtime_System_printfExtend__I)
                  00003c20    000000f4     drivers_MSP432P401R.aem4f : PowerMSP432.oem4f (.text:Power_sleep)
                  00003d14    000000f4     sysbios.aem4f : m3_Hwi_asm.obj (.text:ti_sysbios_family_arm_m3_Hwi_dispatch__I)
                  00003e08    000000f0     drivers_MSP432P401R.aem4f : PowerMSP432.oem4f (.text:initPerfControl)
                  00003ef8    000000e0     msp432p4xx_driverlib.lib : cs.o (.text:CS_initClockSignal)
                  00003fd8    000000dc                              : pcm.o (.text:__PCM_setPowerModeAdvanced)
                  000040b4    00000004                              : spi.o (.text:EUSCI_B_SPI_transmitData)
                  000040b8    000000cc     sysbios.aem4f : BIOS.obj (.text:ti_sysbios_heaps_HeapMem_alloc__E)
                  00004184    000000cc     ti.targets.arm.rtsarm.aem4f : Core-smem.oem4f (.text:xdc_runtime_Core_constructObject__I)
                  00004250    000000be     rtsv7M4_T_le_v4SPD16_eabi.lib : xdnorm.obj (.text)
                  0000430e    00000002     power_tirtos_MSP432P401R.aem4f : PowerMSP432_tirtos.oem4f (.text:PowerMSP432_initPolicy)
                  00004310    000000bc     sysbios.aem4f : BIOS.obj (.text:ti_sysbios_family_arm_m3_Hwi_excDebugMon__I)
                  000043cc    00000004     tirtosport.aem4f : HwiP_tirtos.oem4f (.text:HwiP_disable)
                  000043d0    000000bc     sysbios.aem4f : BIOS.obj (.text:ti_sysbios_family_arm_m3_Hwi_excHardFault__I)
                  0000448c    000000b0     msp432p4xx_driverlib.lib : pcm.o (.text:__PCM_setCoreVoltageLevelAdvanced)
                  0000453c    000000a0     auto_init.aem4f : auto_init.oem4f (.text)
                  000045dc    000000a0     empty.obj (.text:drawAccelData)
                  0000467c    000000a0     ti.targets.arm.rtsarm.aem4f : Text.oem4f (.text:xdc_runtime_Text_putMod__E)
                  0000471c    0000009c     Crystalfontz128x128_ST7735.obj (.text:Crystalfontz128x128_RectFill)
                  000047b8    0000009c     line.obj (.text:Graphics_drawLineH)
                  00004854    0000009c     rtsv7M4_T_le_v4SPD16_eabi.lib : memcpy_t2.obj (.text)
                  000048f0    0000009a     ti.targets.arm.rtsarm.aem4f : Text.oem4f (.text:xdc_runtime_Text_putSite__E)
                  0000498a    00000006                                 : xdc_noinit.oem4f (.text:__xdc__init)
                  00004990    00000094     sysbios.aem4f : BIOS.obj (.text:ti_sysbios_family_arm_m3_Hwi_Instance_init__E)
                  00004a24    00000004     drivers_MSP432P401R.aem4f : List.oem4f (.text:List_head)
                  00004a28    00000094     sysbios.aem4f : BIOS.obj (.text:ti_sysbios_family_arm_m3_Hwi_initNVIC__E)
                  00004abc    0000008c                   : m3_TaskSupport_asm.obj (.text:ti_sysbios_family_arm_m3_TaskSupport_buildTaskStack)
                  00004b48    0000008c                   : BIOS.obj (.text:ti_sysbios_knl_Task_postInit__I)
                  00004bd4    00000088     msp432p4xx_driverlib.lib : spi.o (.text:SPI_initMaster)
                  00004c5c    00000004     drivers_MSP432P401R.aem4f : List.oem4f (.text:List_next)
                  00004c60    00000088     sysbios.aem4f : BIOS.obj (.text:ti_sysbios_knl_Mailbox_post__E)
                  00004ce8    00000086     rtsv7M4_T_le_v4SPD16_eabi.lib : fd_cmp_t2.obj (.text:__aeabi_cdcmple)
                  00004d6e    00000086                                   : fd_cmp_t2.obj (.text:__aeabi_cdrcmple)
                  00004df4    00000084     empty.obj (.text:ADC_HWI)
                  00004e78    00000084     sysbios.aem4f : BIOS.obj (.text:ti_sysbios_family_arm_m3_Hwi_postInit__I)
                  00004efc    0000007c     msp432p4xx_driverlib.lib : pcm.o (.text:PCM_gotoLPM3)
                  00004f78    0000007c     sysbios.aem4f : BIOS.obj (.text:ti_sysbios_heaps_HeapMem_free__E)
                  00004ff4    0000007a     rtsv7M4_T_le_v4SPD16_eabi.lib : memset_t2.obj (.text)
                  0000506e    00000002                                   : i_div0.obj (.text)
                  00005070    00000074     sysbios.aem4f : BIOS.obj (.text:ti_sysbios_knl_Mailbox_pend__E)
                  000050e4    00000004     empty_pem4f.oem4f (.text:ti_sysbios_BIOS_RtsGateProxy_enter__E)
                  000050e8    00000070     sysbios.aem4f : BIOS.obj (.text:ti_sysbios_knl_Semaphore_post__E)
                  00005158    0000006d     ti.targets.arm.rtsarm.aem4f : System.oem4f (.text:xdc_runtime_System_formatNum__I)
                  000051c5    00000001     --HOLE-- [fill = 0]
                  000051c6    00000002     empty_pem4f.oem4f (.text:ti_sysbios_BIOS_nullFunc__I)
                  000051c8    0000006c     sysbios.aem4f : BIOS.obj (.text:ti_sysbios_knl_Clock_workFunc__E)
                  00005234    00000004     empty_pem4f.oem4f (.text:ti_sysbios_BIOS_RtsGateProxy_leave__E)
                  00005238    0000006c     sysbios.aem4f : BIOS.obj (.text:ti_sysbios_knl_Swi_restoreHwi__E)
                  000052a4    00000004     empty_pem4f.oem4f (.text:ti_sysbios_family_arm_m3_TaskSupport_Module__startupDone__S)
                  000052a8    0000006c     sysbios.aem4f : BIOS.obj (.text:ti_sysbios_knl_Task_exit__E)
                  00005314    0000006c     ti.targets.arm.rtsarm.aem4f : Error.oem4f (.text:xdc_runtime_Error_print__E)
                  00005380    0000006c                                 : Memory.oem4f (.text:xdc_runtime_Memory_alloc__E)
                  000053ec    0000006a     rtsv7M4_T_le_v4SPD16_eabi.lib : copy_decompress_rle.obj (.text)
                  00005456    00000002     --HOLE-- [fill = 0]
                  00005458    00000068                                   : trgmsg.obj (.text)
                  000054c0    00000068     sysbios.aem4f : BIOS.obj (.text:ti_sysbios_family_arm_msp432_Timer_setNextTick__E)
                  00005528    00000066     rtsv7M4_T_le_v4SPD16_eabi.lib : xdunscal.obj (.text)
                  0000558e    00000066     ti.targets.arm.rtsarm.aem4f : Core-mem.oem4f (.text:xdc_runtime_Core_deleteObject__I)
                  000055f4    00000064     msp432p4xx_driverlib.lib : interrupt.o (.text:Interrupt_enableInterrupt)
                  00005658    00000064     sysbios.aem4f : BIOS.obj (.text:ti_sysbios_family_arm_m3_Hwi_dispatchC__I)
                  000056bc    00000062     tirtosport.aem4f : HwiP_tirtos.oem4f (.text:HwiP_create)
                  0000571e    00000060     Crystalfontz128x128_ST7735.obj (.text:Crystalfontz128x128_LineDrawH)
                  0000577e    00000060     Crystalfontz128x128_ST7735.obj (.text:Crystalfontz128x128_LineDrawV)
                  000057de    00000002     --HOLE-- [fill = 0]
                  000057e0    00000060     rtsv7M4_T_le_v4SPD16_eabi.lib : sprintf.obj (.text)
                  00005840    0000005c     drivers_MSP432P401R.aem4f : GPIOMSP432.oem4f (.text:GPIO_init)
                  0000589c    00000004     empty_pem4f.oem4f (.text:ti_sysbios_heaps_HeapMem_Module_GateProxy_enter__E)
                  000058a0    0000005c     sysbios.aem4f : BIOS.obj (.text:ti_sysbios_knl_Swi_run__I)
                  000058fc    00000004     empty_pem4f.oem4f (.text:ti_sysbios_heaps_HeapMem_Module_GateProxy_leave__E)
                  00005900    0000005c     sysbios.aem4f : BIOS.obj (.text:ti_sysbios_knl_Swi_schedule__I)
                  0000595c    00000004     empty_pem4f.oem4f (.text:ti_sysbios_knl_Clock_TimerProxy_getMaxTicks__E)
                  00005960    0000005c     sysbios.aem4f : BIOS.obj (.text:ti_sysbios_knl_Task_Module_startup__E)
                  000059bc    00000004     empty_pem4f.oem4f (.text:ti_sysbios_knl_Queue_destruct)
                  000059c0    0000005c     sysbios.aem4f : BIOS.obj (.text:ti_sysbios_knl_Task_startCore__E)
                  00005a1c    0000005b     ti.targets.arm.rtsarm.aem4f : Text.oem4f (.text:xdc_runtime_Text_putLab__E)
                  00005a77    00000001     --HOLE-- [fill = 0]
                  00005a78    00000058     boot.aem4f : boot.oem4f (.text)
                  00005ad0    00000058     empty_pem4f.oem4f (.text:ti_sysbios_family_arm_m3_Hwi_construct)
                  00005b28    00000058     sysbios.aem4f : m3_Hwi_asm_switch.obj (.text:ti_sysbios_family_arm_m3_Hwi_initStacks__E)
                  00005b80    00000058                   : BIOS.obj (.text:ti_sysbios_family_arm_msp432_Timer_periodicStub__E)
                  00005bd8    00000056     rtsv7M4_T_le_v4SPD16_eabi.lib : ltoa.obj (.text)
                  00005c2e    00000002     --HOLE-- [fill = 0]
                  00005c30    00000054     Crystalfontz128x128_ST7735.obj (.text:Crystalfontz128x128_SetOrientation)
                  00005c84    00000054     drivers_MSP432P401R.aem4f : GPIOMSP432.oem4f (.text:GPIO_hwiIntFxn)
                  00005cd8    00000054                               : GPIOMSP432.oem4f (.text:GPIO_setCallback)
                  00005d2c    00000004     empty_pem4f.oem4f (.text:ti_sysbios_knl_Semaphore_destruct)
                  00005d30    00000054     sysbios.aem4f : BIOS.obj (.text:ti_sysbios_family_arm_msp432_Timer_initDevice__I)
                  00005d84    00000004     ti.targets.arm.rtsarm.aem4f : Error.oem4f (.text:xdc_runtime_Error_getSite__E)
                  00005d88    00000054     sysbios.aem4f : BIOS.obj (.text:ti_sysbios_family_arm_msp432_init_Boot_configureClocksHigh)
                  00005ddc    00000054     ti.targets.arm.rtsarm.aem4f : Assert.oem4f (.text:xdc_runtime_Assert_raise__I)
                  00005e30    00000052     rtsv7M4_T_le_v4SPD16_eabi.lib : ldexp.obj (.text)
                  00005e82    00000002     --HOLE-- [fill = 0]
                  00005e84    00000050     msp432p4xx_driverlib.lib : pcm.o (.text:PCM_shutdownDevice)
                  00005ed4    00000050     power_tirtos_MSP432P401R.aem4f : PowerMSP432_tirtos.oem4f (.text:PowerMSP432_sleepPolicy)
                  00005f24    00000004     empty_pem4f.oem4f (.text:xdc_runtime_System_Module_GateProxy_enter__E)
                  00005f28    00000050     sysbios.aem4f : BIOS.obj (.text:ti_sysbios_family_arm_m3_Hwi_Module_startup__E)
                  00005f78    00000050     ti.targets.arm.rtsarm.aem4f : Startup.oem4f (.text:xdc_runtime_Startup_exec__E)
                  00005fc8    00000050                                 : Text.oem4f (.text:xdc_runtime_Text_visitRope2__I)
                  00006018    0000004c     msp432p4xx_driverlib.lib : gpio.o (.text:GPIO_setAsPeripheralModuleFunctionOutputPin)
                  00006064    0000004c     empty.obj (.text:Timer32_HWI)
                  000060b0    0000004c     rtsv7M4_T_le_v4SPD16_eabi.lib : atoi.obj (.text)
                  000060fc    0000004c                                   : cpy_tbl.obj (.text)
                  00006148    0000004c     sysbios.aem4f : BIOS.obj (.text:ti_sysbios_family_arm_msp432_Timer_start__E)
                  00006194    00000004     empty_pem4f.oem4f (.text:xdc_runtime_System_Module_GateProxy_leave__E)
                  00006198    0000004c     sysbios.aem4f : BIOS.obj (.text:ti_sysbios_heaps_HeapMem_getStats__E)
                  000061e4    00000004     ti.targets.arm.rtsarm.aem4f : System.oem4f (.text:xdc_runtime_System_aprintf_va__F)
                  000061e8    0000004c     sysbios.aem4f : BIOS.obj (.text:ti_sysbios_knl_Swi_runLoop__I)
                  00006234    00000004     ti.targets.arm.rtsarm.aem4f : System.oem4f (.text:xdc_runtime_System_printf_va__F)
                  00006238    0000004c     sysbios.aem4f : BIOS.obj (.text:ti_sysbios_knl_Task_allBlockedFunction__I)
                  00006284    00000004     --HOLE-- [fill = 0]
                  00006288    0000004c                   : BIOS.obj (.text:ti_sysbios_knl_Task_schedule__I)
                  000062d4    0000004a     context.obj (.text:Graphics_initContext)
                  0000631e    00000002     --HOLE-- [fill = 0]
                  00006320    00000048     msp432p4xx_driverlib.lib : gpio.o (.text:GPIO_setAsPeripheralModuleFunctionInputPin)
                  00006368    00000048                              : timer32.o (.text:Timer32_initModule)
                  000063b0    00000048     rtsv7M4_T_le_v4SPD16_eabi.lib : fd_toi_t2.obj (.text)
                  000063f8    00000048     sysbios.aem4f : BIOS.obj (.text:ti_sysbios_family_arm_m3_Hwi_disableInterrupt__E)
                  00006440    00000048                   : BIOS.obj (.text:ti_sysbios_family_arm_m3_Hwi_enableInterrupt__E)
                  00006488    00000048                   : BIOS.obj (.text:ti_sysbios_family_arm_m3_Hwi_excReserved__I)
                  000064d0    00000048                   : BIOS.obj (.text:ti_sysbios_knl_Mailbox_Module_startup__E)
                  00006518    00000046     ti.targets.arm.rtsarm.aem4f : Core-params.oem4f (.text:xdc_runtime_Core_assignParams__I)
                  0000655e    00000002     --HOLE-- [fill = 0]
                  00006560    00000044     rtsv7M4_T_le_v4SPD16_eabi.lib : exit.obj (.text)
                  000065a4    00000004     --HOLE-- [fill = 0]
                  000065a8    00000044     sysbios.aem4f : BIOS.obj (.text:ti_sysbios_family_arm_m3_Hwi_getStackInfo__E)
                  000065ec    00000004     --HOLE-- [fill = 0]
                  000065f0    00000044                   : BIOS.obj (.text:ti_sysbios_knl_Swi_post__E)
                  00006634    00000044     ti.targets.arm.rtsarm.aem4f : Error.oem4f (.text:xdc_runtime_Error_setX__E)
                  00006678    00000044                                 : SysMin.oem4f (.text:xdc_runtime_SysMin_flush__E)
                  000066bc    00000044                                 : Text.oem4f (.text:xdc_runtime_Text_xprintf__I)
                  00006700    00000040     Crystalfontz128x128_ST7735.obj (.text:Crystalfontz128x128_PixelDraw)
                  00006740    00000040     msp432p4xx_driverlib.lib : flash.o (.text:FlashCtl_disableReadBuffering)
                  00006780    00000040     string.obj (.text:Graphics_getNumberOfLeadingZeros)
                  000067c0    00000040     HAL_MSP_EXP432P401R_Crystalfontz128x128_ST7735.obj (.text:HAL_LCD_SpiInit)
                  00006800    00000040     drivers_MSP432P401R.aem4f : PowerMSP432.oem4f (.text:notify)
                  00006840    00000040     rtsv7M4_T_le_v4SPD16_eabi.lib : signal.obj (.text)
                  00006880    00000040                                   : u_divt2.obj (.text)
                  000068c0    00000040     sysbios.aem4f : BIOS.obj (.text:ti_sysbios_family_arm_msp432_Timer_Module_startup__E)
                  00006900    00000040                   : BIOS.obj (.text:ti_sysbios_family_arm_msp432_Timer_startup__E)
                  00006940    00000040                   : BIOS.obj (.text:ti_sysbios_heaps_HeapMem_Instance_init__E)
                  00006980    0000003c     drivers_MSP432P401R.aem4f : PowerMSP432.oem4f (.text:Power_init)
                  000069bc    00000004     --HOLE-- [fill = 0]
                  000069c0    0000003c     sysbios.aem4f : BIOS.obj (.text:ti_sysbios_family_arm_m3_Hwi_excSvCall__I)
                  000069fc    00000004     --HOLE-- [fill = 0]
                  00006a00    0000003c                   : BIOS.obj (.text:ti_sysbios_heaps_HeapMem_init__I)
                  00006a3c    00000004     --HOLE-- [fill = 0]
                  00006a40    0000003c                   : BIOS.obj (.text:ti_sysbios_knl_Swi_restore__E)
                  00006a7c    00000004     --HOLE-- [fill = 0]
                  00006a80    00000038                   : BIOS.obj (.text:ti_sysbios_family_arm_m3_Hwi_excNoIsr__I)
                  00006ab8    00000038     ti.targets.arm.rtsarm.aem4f : SysMin.oem4f (.text:xdc_runtime_SysMin_putch__E)
                  00006af0    00000038                                 : System.oem4f (.text:xdc_runtime_System_atexit__E)
                  00006b28    00000034     msp432p4xx_driverlib.lib : flash.o (.text:FlashCtl_enableReadBuffering)
                  00006b5c    00000034     display.obj (.text:Graphics_drawHorizontalLineOnDisplay)
                  00006b90    00000034     HAL_MSP_EXP432P401R_Crystalfontz128x128_ST7735.obj (.text:HAL_LCD_writeCommand)
                  00006bc4    00000034     msp432p4xx_driverlib.lib : interrupt.o (.text:Interrupt_registerInterrupt)
                  00006bf8    00000034     rtsv7M4_T_le_v4SPD16_eabi.lib : feraiseexcept.obj (.text)
                  00006c2c    00000004     --HOLE-- [fill = 0]
                  00006c30    00000034     sysbios.aem4f : BIOS.obj (.text:ti_sysbios_family_arm_m3_Hwi_Instance_finalize__E)
                  00006c64    00000004     --HOLE-- [fill = 0]
                  00006c68    00000034                   : BIOS.obj (.text:ti_sysbios_family_arm_m3_Hwi_excNmi__I)
                  00006c9c    00000034     ti.targets.arm.rtsarm.aem4f : Core-label.oem4f (.text:xdc_runtime_Core_assignLabel__I)
                  00006cd0    00000033                                 : Text.oem4f (.text:xdc_runtime_Text_printVisFxn__I)
                  00006d03    00000005     --HOLE-- [fill = 0]
                  00006d08    00000032     sysbios.aem4f : BIOS.obj (.text:ti_sysbios_hal_Hwi_initStack)
                  00006d3a    00000002     --HOLE-- [fill = 0]
                  00006d3c    00000030     drivers_MSP432P401R.aem4f : GPIOMSP432.oem4f (.text:GPIO_getEnabledInterruptStatus_WA)
                  00006d6c    00000030     msp432p4xx_driverlib.lib : gpio.o (.text:GPIO_setAsInputPinWithPullDownResistor)
                  00006d9c    00000030                              : gpio.o (.text:GPIO_setAsInputPinWithPullUpResistor)
                  00006dcc    00000030     HAL_MSP_EXP432P401R_Crystalfontz128x128_ST7735.obj (.text:HAL_LCD_PortInit)
                  00006dfc    00000030     msp432p4xx_driverlib.lib : spi.o (.text:is_A_Module)
                  00006e2c    00000030     rtsv7M4_T_le_v4SPD16_eabi.lib : xdclass.obj (.text)
                  00006e5c    00000030                                   : xferaise.obj (.text)
                  00006e8c    00000030     empty_pem4f.oem4f (.text:ti_sysbios_BIOS_atExitFunc__I)
                  00006ebc    00000004     --HOLE-- [fill = 0]
                  00006ec0    00000030     sysbios.aem4f : BIOS.obj (.text:ti_sysbios_family_arm_m3_TaskSupport_start__E)
                  00006ef0    00000030                   : BIOS.obj (.text:ti_sysbios_family_arm_msp432_Timer_setPeriod__E)
                  00006f20    00000030     empty_pem4f.oem4f (.text:ti_sysbios_gates_GateHwi_Object__create__S)
                  00006f50    00000030     empty_pem4f.oem4f (.text:ti_sysbios_gates_GateMutex_Object__create__S)
                  00006f80    00000030     sysbios.aem4f : BIOS.obj (.text:ti_sysbios_gates_GateMutex_enter__E)
                  00006fb0    00000030     empty_pem4f.oem4f (.text:ti_sysbios_heaps_HeapMem_Object__create__S)
                  00006fe0    00000030     sysbios.aem4f : BIOS.obj (.text:ti_sysbios_knl_Mailbox_postInit__I)
                  00007010    00000030     empty_pem4f.oem4f (.text:ti_sysbios_knl_Semaphore_construct)
                  00007040    00000030     sysbios.aem4f : BIOS.obj (.text:ti_sysbios_knl_Semaphore_pendTimeout__I)
                  00007070    00000030                   : BIOS.obj (.text:ti_sysbios_knl_Task_processVitalTaskFlag__I)
                  000070a0    00000030                   : BIOS.obj (.text:ti_sysbios_knl_Task_unblockI__E)
                  000070d0    00000030     ti.targets.arm.rtsarm.aem4f : SysMin.oem4f (.text:xdc_runtime_SysMin_abort__E)
                  00007100    00000030                                 : System.oem4f (.text:xdc_runtime_System_processAtExit__E)
                  00007130    0000002e     rtsv7M4_T_le_v4SPD16_eabi.lib : i_tofd_t2.obj (.text)
                  0000715e    0000002e                                   : raise.obj (.text)
                  0000718c    0000002c     Crystalfontz128x128_ST7735.obj (.text:Crystalfontz128x128_ClearScreen)
                  000071b8    0000002c     msp432p4xx_driverlib.lib : gpio.o (.text:GPIO_setAsInputPin)
                  000071e4    0000002c                              : pcm.o (.text:PCM_getCoreVoltageLevel)
                  00007210    0000002c     power_tirtos_MSP432P401R.aem4f : PowerMSP432_tirtos.oem4f (.text:PowerMSP432_updateFreqs)
                  0000723c    0000002c     empty_pem4f.oem4f (.text:ti_sysbios_knl_Clock_doTick__I)
                  00007268    0000002c     empty_pem4f.oem4f (.text:ti_sysbios_knl_Queue_construct)
                  00007294    00000004     --HOLE-- [fill = 0]
                  00007298    0000002c     sysbios.aem4f : BIOS.obj (.text:ti_sysbios_knl_Task_restore__E)
                  000072c4    0000002c     ti.targets.arm.rtsarm.aem4f : Text.oem4f (.text:xdc_runtime_Text_cordText__E)
                  000072f0    0000002a     display.obj (.text:Graphics_drawPixelOnDisplay)
                  0000731a    0000002a     msp432p4xx_driverlib.lib : pcm.o (.text:PCM_getPowerMode)
                  00007344    0000002a     rtsv7M4_T_le_v4SPD16_eabi.lib : frexp.obj (.text)
                  0000736e    0000002a     ti.targets.arm.rtsarm.aem4f : System.oem4f (.text:xdc_runtime_System_putchar__I)
                  00007398    00000028     Crystalfontz128x128_ST7735.obj (.text:Crystalfontz128x128_ColorTranslate)
                  000073c0    00000028     msp432p4xx_driverlib.lib : flash.o (.text:FlashCtl_setWaitState)
                  000073e8    00000028                              : pcm.o (.text:PCM_gotoLPM0)
                  00007410    00000028     sysbios.aem4f : BIOS.obj (.text:ti_sysbios_knl_Clock_addI__E)
                  00007438    00000028                   : BIOS.obj (.text:ti_sysbios_knl_Swi_Module_startup__E)
                  00007460    00000026                   : m3_Hwi_asm.obj (.text:ti_sysbios_family_arm_m3_Hwi_pendSV__I)
                  00007486    00000026     ti.targets.arm.rtsarm.aem4f : System.oem4f (.text:xdc_runtime_System_avprintf__E)
                  000074ac    00000024     msp432p4xx_driverlib.lib : cs.o (.text:CS_setDCOCenteredFrequency)
                  000074d0    00000024                              : gpio.o (.text:GPIO_setAsOutputPin)
                  000074f4    00000024     HAL_MSP_EXP432P401R_Crystalfontz128x128_ST7735.obj (.text:HAL_LCD_writeData)
                  00007518    00000024     msp432p4xx_driverlib.lib : rtc_c.o (.text:RTC_C_holdClock)
                  0000753c    00000024                              : rtc_c.o (.text:RTC_C_startClock)
                  00007560    00000024                              : timer32.o (.text:Timer32_setCount)
                  00007584    00000024     empty_pem4f.oem4f (.text:ti_sysbios_BIOS_errorRaiseHook__I)
                  000075a8    00000024     empty_pem4f.oem4f (.text:ti_sysbios_BIOS_registerRTSLock__I)
                  000075cc    00000024     empty_pem4f.oem4f (.text:ti_sysbios_BIOS_removeRTSLock__I)
                  000075f0    00000024     empty_pem4f.oem4f (.text:ti_sysbios_BIOS_startFunc__I)
                  00007614    00000004     --HOLE-- [fill = 0]
                  00007618    00000024     sysbios.aem4f : BIOS.obj (.text:ti_sysbios_family_arm_msp432_ClockFreqs_setFrequency__E)
                  0000763c    00000004     --HOLE-- [fill = 0]
                  00007640    00000024                   : BIOS.obj (.text:ti_sysbios_family_arm_msp432_Timer_postInit__I)
                  00007664    00000024     empty_pem4f.oem4f (.text:ti_sysbios_gates_GateMutex_Object__delete__S)
                  00007688    00000024     sysbios.aem4f : BIOS.obj (.text:ti_sysbios_knl_Clock_Module_startup__E)
                  000076ac    00000004     --HOLE-- [fill = 0]
                  000076b0    00000024                   : BIOS.obj (.text:ti_sysbios_knl_Semaphore_Instance_init__E)
                  000076d4    00000004     --HOLE-- [fill = 0]
                  000076d8    00000024                   : BIOS.obj (.text:ti_sysbios_knl_Task_restoreHwi__E)
                  000076fc    00000024     ti.targets.arm.rtsarm.aem4f : System.oem4f (.text:xdc_runtime_System_vprintf__E)
                  00007720    00000022     empty_pem4f.oem4f (.text:xdc_runtime_SysMin_output__I)
                  00007742    00000002     --HOLE-- [fill = 0]
                  00007744    00000020     msp432p4xx_driverlib.lib : gpio.o (.text:GPIO_interruptEdgeSelect)
                  00007764    00000020     drivers_MSP432P401R.aem4f : PowerMSP432.oem4f (.text:Power_idleFunc)
                  00007784    00000020     msp432p4xx_driverlib.lib : spi.o (.text:SPI_transmitData)
                  000077a4    00000020                              : timer32.o (.text:Timer32_startTimer)
                  000077c4    00000020     empty_pem4f.oem4f (.text:ti_sysbios_BIOS_rtsLock__I)
                  000077e4    00000020     sysbios.aem4f : m3_Hwi_asm.obj (.text:ti_sysbios_family_arm_m3_Hwi_excHandlerAsm__I)
                  00007804    00000004     --HOLE-- [fill = 0]
                  00007808    00000020                   : BIOS.obj (.text:ti_sysbios_family_arm_m3_Hwi_excHandler__I)
                  00007828    00000020     empty_pem4f.oem4f (.text:ti_sysbios_gates_GateHwi_Object__delete__S)
                  00007848    00000020     empty_pem4f.oem4f (.text:ti_sysbios_heaps_HeapMem_Object__delete__S)
                  00007868    00000020     sysbios.aem4f : BIOS.obj (.text:ti_sysbios_knl_Idle_run__E)
                  00007888    00000020     empty_pem4f.oem4f (.text:ti_sysbios_knl_Semaphore_Object__destruct__S)
                  000078a8    00000020     ti.targets.arm.rtsarm.aem4f : Registry.oem4f (.text:xdc_runtime_Registry_findById__E)
                  000078c8    00000020                                 : SysMin.oem4f (.text:xdc_runtime_SysMin_Module_startup__E)
                  000078e8    0000001e     sysbios.aem4f : m3_Hwi_asm_switch.obj (.text:ti_sysbios_family_xxx_Hwi_switchAndRunFunc)
                  00007906    0000001c     rtsv7M4_T_le_v4SPD16_eabi.lib : memccpy.obj (.text)
                  00007922    00000006                                   : copy_decompress_rle.obj (.text:decompress:rle24)
                  00007928    0000001c     sysbios.aem4f : BIOS.obj (.text:ti_sysbios_gates_GateMutex_Instance_init__E)
                  00007944    0000001c     empty_pem4f.oem4f (.text:ti_sysbios_knl_Queue_Object__destruct__S)
                  00007960    0000001c     sysbios.aem4f : BIOS.obj (.text:ti_sysbios_knl_Queue_get__E)
                  0000797c    00000004     --HOLE-- [fill = 0]
                  00007980    0000001c                   : BIOS.obj (.text:ti_sysbios_knl_Queue_put__E)
                  0000799c    00000004     --HOLE-- [fill = 0]
                  000079a0    0000001c                   : BIOS.obj (.text:ti_sysbios_knl_Task_enter__I)
                  000079bc    0000001c     ti.targets.arm.rtsarm.aem4f : Error.oem4f (.text:xdc_runtime_Error_raiseX__E)
                  000079d8    0000001c                                 : Memory.oem4f (.text:xdc_runtime_Memory_valloc__E)
                  000079f4    0000001c                                 : SysMin.oem4f (.text:xdc_runtime_SysMin_exit__E)
                  00007a10    0000001c                                 : System.oem4f (.text:xdc_runtime_System_abort__E)
                  00007a2c    0000001a     context.obj (.text:Graphics_setBackgroundColor)
                  00007a46    0000001a     context.obj (.text:Graphics_setFont)
                  00007a60    0000001a     msp432p4xx_driverlib.lib : spi.o (.text:SPI_enableModule)
                  00007a7a    0000001a     empty_pem4f.oem4f (.text:ti_sysbios_family_arm_m3_Hwi_Handle__label__S)
                  00007a94    0000001a     empty_pem4f.oem4f (.text:ti_sysbios_gates_GateHwi_Handle__label__S)
                  00007aae    0000001a     empty_pem4f.oem4f (.text:ti_sysbios_gates_GateMutex_Handle__label__S)
                  00007ac8    0000001a     empty_pem4f.oem4f (.text:ti_sysbios_heaps_HeapMem_Handle__label__S)
                  00007ae2    0000001a     empty_pem4f.oem4f (.text:ti_sysbios_knl_Swi_Handle__label__S)
                  00007afc    0000001a     empty_pem4f.oem4f (.text:ti_sysbios_knl_Task_Handle__label__S)
                  00007b16    0000001a     empty_pem4f.oem4f (.text:xdc_runtime_System_aprintf__E)
                  00007b30    0000001a     empty_pem4f.oem4f (.text:xdc_runtime_System_printf__E)
                  00007b4a    00000002     --HOLE-- [fill = 0]
                  00007b4c    00000018     msp432p4xx_driverlib.lib : adc14.o (.text:ADC14_getResult)
                  00007b64    00000018                              : gpio.o (.text:GPIO_clearInterruptFlag)
                  00007b7c    00000018                              : gpio.o (.text:GPIO_setDriveStrengthLow)
                  00007b94    00000018                              : gpio.o (.text:GPIO_setOutputLowOnPin)
                  00007bac    00000018                              : wdt_a.o (.text:WDT_A_holdTimer)
                  00007bc4    00000018     rtsv7M4_T_le_v4SPD16_eabi.lib : args_main.obj (.text)
                  00007bdc    00000018     empty_pem4f.oem4f (.text:ti_sysbios_BIOS_rtsUnlock__I)
                  00007bf4    00000018     empty_pem4f.oem4f (.text:ti_sysbios_family_arm_m3_Hwi_Module__startupDone__F)
                  00007c0c    00000018     sysbios.aem4f : m3_TaskSupport_asm.obj (.text:ti_sysbios_family_arm_m3_TaskSupport_swap__E)
                  00007c24    00000018     empty_pem4f.oem4f (.text:ti_sysbios_family_arm_msp432_Timer_Module__startupDone__F)
                  00007c3c    00000004     --HOLE-- [fill = 0]
                  00007c40    00000018     sysbios.aem4f : BIOS.obj (.text:ti_sysbios_gates_GateMutex_leave__E)
                  00007c58    00000018     ti.targets.arm.rtsarm.aem4f : Error.oem4f (.text:xdc_runtime_Error_check__E)
                  00007c70    00000018                                 : System.oem4f (.text:xdc_runtime_System_exit__E)
                  00007c88    00000018                                 : Text.oem4f (.text:xdc_runtime_Text_ropeText__E)
                  00007ca0    00000016     context.obj (.text:Graphics_setForegroundColor)
                  00007cb6    00000016     display.obj (.text:Graphics_translateColorOnDisplay)
                  00007ccc    00000016     empty.obj (.text:main)
                  00007ce2    00000016     rtsv7M4_T_le_v4SPD16_eabi.lib : strchr.obj (.text)
                  00007cf8    00000016     empty_pem4f.oem4f (.text:ti_sysbios_BIOS_exitFunc__I)
                  00007d0e    00000002     --HOLE-- [fill = 0]
                  00007d10    00000016     sysbios.aem4f : BIOS.obj (.text:ti_sysbios_knl_Task_unblock__E)
                  00007d26    00000002     --HOLE-- [fill = 0]
                  00007d28    00000014     msp432p4xx_driverlib.lib : gpio.o (.text:GPIO_setDriveStrengthHigh)
                  00007d3c    00000014                              : gpio.o (.text:GPIO_setOutputHighOnPin)
                  00007d50    00000014                              : gpio.o (.text:GPIO_toggleOutputOnPin)
                  00007d64    00000014                              : wdt_a.o (.text:WDT_A_startTimer)
                  00007d78    00000014     rtsv7M4_T_le_v4SPD16_eabi.lib : _lock.obj (.text)
                  00007d8c    00000014                                   : strcpy.obj (.text)
                  00007da0    00000014                                   : strlen.obj (.text)
                  00007db4    00000014     empty_pem4f.oem4f (.text:ti_sysbios_family_arm_m3_Hwi_Object__get__S)
                  00007dc8    00000014     sysbios.aem4f : BIOS.obj (.text:ti_sysbios_family_arm_m3_Hwi_switchFromBootStack__E)
                  00007ddc    00000014     empty_pem4f.oem4f (.text:ti_sysbios_heaps_HeapMem_Object__get__S)
                  00007df0    00000014     empty_pem4f.oem4f (.text:ti_sysbios_knl_Mailbox_Object__get__S)
                  00007e04    00000014     empty_pem4f.oem4f (.text:ti_sysbios_knl_Swi_Object__get__S)
                  00007e18    00000012     sysbios.aem4f : BIOS.obj (.text:ti_sysbios_hal_Hwi_Module_startup__E)
                  00007e2a    00000012     empty_pem4f.oem4f (.text:xdc_runtime_Startup_exec__I)
                  00007e3c    00000010     msp432p4xx_driverlib.lib : gpio.o (.text:GPIO_getInterruptStatus)
                  00007e4c    00000010                              : pcm.o (.text:PCM_gotoLPM4)
                  00007e5c    00000010                              : timer32.o (.text:Timer32_registerInterrupt)
                  00007e6c    00000004     --HOLE-- [fill = 0]
                  00007e70    00000010     sysbios.aem4f : BIOS.obj (.text:ti_sysbios_BIOS_exit__E)
                  00007e80    00000010                   : BIOS.obj (.text:ti_sysbios_BIOS_setCpuFreq__E)
                  00007e90    00000010                   : BIOS.obj (.text:ti_sysbios_BIOS_setThreadType__E)
                  00007ea0    00000010                   : BIOS.obj (.text:ti_sysbios_BIOS_start__E)
                  00007eb0    00000010                   : m3_TaskSupport_asm.obj (.text:ti_sysbios_family_arm_m3_TaskSupport_glue)
                  00007ec0    00000010                   : BIOS.obj (.text:ti_sysbios_family_arm_msp432_init_Boot_disableWatchdog)
                  00007ed0    00000010                   : BIOS.obj (.text:ti_sysbios_gates_GateMutex_Instance_finalize__E)
                  00007ee0    00000010                   : BIOS.obj (.text:ti_sysbios_knl_Semaphore_Instance_finalize__E)
                  00007ef0    00000010                   : BIOS.obj (.text:ti_sysbios_knl_Swi_disable__E)
                  00007f00    00000010                   : BIOS.obj (.text:ti_sysbios_knl_Task_disable__E)
                  00007f10    00000010     ti.targets.arm.rtsarm.aem4f : Gate.oem4f (.text:xdc_runtime_Gate_leaveSystem__E)
                  00007f20    00000010                                 : Memory.oem4f (.text:xdc_runtime_Memory_free__E)
                  00007f30    00000010                                 : SysMin.oem4f (.text:xdc_runtime_SysMin_ready__E)
                  00007f40    00000010                                 : System.oem4f (.text:xdc_runtime_System_vsnprintf__E)
                  00007f50    00000010     empty_pem4f.oem4f (.text:xdc_runtime_Text_visitRope__I)
                  00007f60    0000000e     tirtosport.aem4f : HwiP_tirtos.oem4f (.text:HwiP_Params_init)
                  00007f6e    0000000e     rtsv7M4_T_le_v4SPD16_eabi.lib : copy_decompress_none.obj (.text:decompress:none)
                  00007f7c    00000004     --HOLE-- [fill = 0]
                  00007f80    0000000e     sysbios.aem4f : BIOS.obj (.text:ti_sysbios_knl_Queue_empty__E)
                  00007f8e    0000000e     empty_pem4f.oem4f (.text:ti_sysbios_knl_Task_Object__get__S)
                  00007f9c    0000000c     empty_pem4f.oem4f (.text:.bootCodeSection:ti_sysbios_family_arm_msp432_init_Boot_init__I)
                  00007fa8    0000000c     msp432p4xx_driverlib.lib : cpu.o (.text:CPU_cpsid)
                  00007fb4    0000000c                              : cpu.o (.text:CPU_cpsie)
                  00007fc0    0000000c                              : spi.o (.text:EUSCI_A_SPI_enable)
                  00007fcc    0000000c                              : spi.o (.text:EUSCI_B_SPI_enable)
                  00007fd8    0000000c                              : pcm.o (.text:PCM_getPowerState)
                  00007fe4    0000000c     drivers_MSP432P401R.aem4f : PowerMSP432.oem4f (.text:Power_getConstraintMask)
                  00007ff0    0000000c     rtsv7M4_T_le_v4SPD16_eabi.lib : copy_zero_init.obj (.text:decompress:ZI)
                  00007ffc    0000000c     empty_pem4f.oem4f (.text:ti_sysbios_family_arm_m3_Hwi_Params__init__S)
                  00008008    0000000c     sysbios.aem4f : BIOS.obj (.text:ti_sysbios_family_arm_m3_Hwi_disableFxn__E)
                  00008014    00000004     --HOLE-- [fill = 0]
                  00008018    0000000c                   : BIOS.obj (.text:ti_sysbios_family_arm_msp432_Timer_getMaxTicks__E)
                  00008024    00000004     --HOLE-- [fill = 0]
                  00008028    0000000c                   : BIOS.obj (.text:ti_sysbios_gates_GateHwi_enter__E)
                  00008034    0000000c     empty_pem4f.oem4f (.text:ti_sysbios_knl_Queue_Object__get__S)
                  00008040    0000000c     ti.targets.arm.rtsarm.aem4f : Error.oem4f (.text:xdc_runtime_Error_init__E)
                  0000804c    0000000c                                 : Gate.oem4f (.text:xdc_runtime_Gate_enterSystem__E)
                  00008058    0000000c                                 : Memory.oem4f (.text:xdc_runtime_Memory_calloc__E)
                  00008064    0000000c                                 : Memory.oem4f (.text:xdc_runtime_Memory_getMaxDefaultTypeAlign__E)
                  00008070    0000000a     Crystalfontz128x128_ST7735.obj (.text:Crystalfontz128x128_Flush)
                  0000807a    0000000a     msp432p4xx_driverlib.lib : timer32.o (.text:Timer32_enableInterrupt)
                  00008084    0000000a     empty_pem4f.oem4f (.text:xdc_runtime_IHeap_alloc)
                  0000808e    0000000a     empty_pem4f.oem4f (.text:xdc_runtime_IHeap_free)
                  00008098    00000008     msp432p4xx_driverlib.lib : spi.o (.text:EUSCI_B_SPI_getInterruptStatus)
                  000080a0    00000008     MSP_EXP432P401R.obj (.text:MSP_EXP432P401R_initGPIO)
                  000080a8    00000008     MSP_EXP432P401R.obj (.text:MSP_EXP432P401R_initGeneral)
                  000080b0    00000008     msp432p4xx_driverlib.lib : pcm.o (.text:PCM_setPowerMode)
                  000080b8    00000008                              : pcm.o (.text:PCM_setPowerState)
                  000080c0    00000008     sysbios.aem4f : BIOS.obj (.text:ti_sysbios_family_arm_m3_Hwi_doSwiRestore__I)
                  000080c8    00000008                   : BIOS.obj (.text:ti_sysbios_family_arm_m3_Hwi_startup__E)
                  000080d0    00000006                   : BIOS.obj (.text:ti_sysbios_family_arm_m3_Hwi_doTaskRestore__I)
                  000080d6    00000002     --HOLE-- [fill = 0]
                  000080d8    00000006                   : BIOS.obj (.text:ti_sysbios_family_arm_m3_Hwi_restoreFxn__E)
                  000080de    00000002     --HOLE-- [fill = 0]
                  000080e0    00000006                   : BIOS.obj (.text:ti_sysbios_gates_GateHwi_leave__E)
                  000080e6    00000002     --HOLE-- [fill = 0]
                  000080e8    00000006                   : BIOS.obj (.text:ti_sysbios_heaps_HeapMem_isBlocking__E)
                  000080ee    00000002     --HOLE-- [fill = 0]
                  000080f0    00000006                   : BIOS.obj (.text:ti_sysbios_knl_Queue_Instance_init__E)
                  000080f6    00000002     --HOLE-- [fill = 0]
                  000080f8    00000006                   : BIOS.obj (.text:ti_sysbios_knl_Swi_startup__E)
                  000080fe    00000006     ti.targets.arm.rtsarm.aem4f : System.oem4f (.text:xdc_runtime_System_Module_startup__E)
                  00008104    00000004     --HOLE-- [fill = 0]
                  00008108    00000004     sysbios.aem4f : BIOS.obj (.text:ti_sysbios_gates_GateHwi_query__E)
                  0000810c    00000004     --HOLE-- [fill = 0]
                  00008110    00000004                   : BIOS.obj (.text:ti_sysbios_gates_GateMutex_query__E)
                  00008114    00000004     --HOLE-- [fill = 0]
                  00008118    00000004                   : BIOS.obj (.text:ti_sysbios_knl_Task_startup__E)
                  0000811c    00000004     --HOLE-- [fill = 0]
                  00008120    00000002                   : BIOS.obj (.text:ti_sysbios_gates_GateHwi_Instance_init__E)
                  00008122    00000006     --HOLE-- [fill = 0]
                  00008128    00000002                   : BIOS.obj (.text:ti_sysbios_knl_Clock_logTick__E)

.const     0    0000812c    000022b5     
                  0000812c    0000181b     empty_pem4f.oem4f (.const:xdc_runtime_Text_charTab__A)
                  00009947    000002f8     fontfixed6x8.obj (.const:.string:g_pucFontFixed6x8Data)
                  00009c3f    00000101     rtsv7M4_T_le_v4SPD16_eabi.lib : ctype.obj (.const:.string:_ctypes_)
                  00009d40    000000c8     fontfixed6x8.obj (.const:g_sFontFixed6x8)
                  00009e08    000000b8     empty_pem4f.oem4f (.const:xdc_runtime_Text_nodeTab__A)
                  00009ec0    00000080     msp432p4xx_driverlib.lib : adc14.o (.const:_ctlRegs)
                  00009f40    00000048     empty_pem4f.oem4f (.const:.string)
                  00009f88    00000040     msp432p4xx_driverlib.lib : interrupt.o (.const)
                  00009fc8    00000030     empty_pem4f.oem4f (.const:ti_sysbios_family_arm_m3_Hwi_Object__PARAMS__C)
                  00009ff8    0000002c     Crystalfontz128x128_ST7735.obj (.const:g_sCrystalfontz128x128)
                  0000a024    00000028     empty_pem4f.oem4f (.const:ti_sysbios_heaps_HeapMem_Module__FXNS__C)
                  0000a04c    00000024     empty_pem4f.oem4f (.const:ti_sysbios_gates_GateHwi_Module__FXNS__C)
                  0000a070    00000024     empty_pem4f.oem4f (.const:ti_sysbios_gates_GateMutex_Module__FXNS__C)
                  0000a094    00000024     empty_pem4f.oem4f (.const:ti_sysbios_heaps_HeapMem_Object__PARAMS__C)
                  0000a0b8    00000024     empty_pem4f.oem4f (.const:ti_sysbios_knl_Semaphore_Object__PARAMS__C)
                  0000a0dc    00000024     empty_pem4f.oem4f (.const:xdc_runtime_Startup_sfxnTab__A)
                  0000a100    00000020     empty_pem4f.oem4f (.const:ti_sysbios_family_arm_m3_Hwi_Object__DESC__C)
                  0000a120    00000020     empty_pem4f.oem4f (.const:ti_sysbios_gates_GateHwi_Object__DESC__C)
                  0000a140    00000020     empty_pem4f.oem4f (.const:ti_sysbios_gates_GateMutex_Object__DESC__C)
                  0000a160    00000020     empty_pem4f.oem4f (.const:ti_sysbios_heaps_HeapMem_Object__DESC__C)
                  0000a180    00000020     empty_pem4f.oem4f (.const:ti_sysbios_knl_Queue_Object__DESC__C)
                  0000a1a0    00000020     empty_pem4f.oem4f (.const:ti_sysbios_knl_Semaphore_Object__DESC__C)
                  0000a1c0    0000001c     HAL_MSP_EXP432P401R_Crystalfontz128x128_ST7735.obj (.const)
                  0000a1dc    00000018     empty_pem4f.oem4f (.const:ti_sysbios_gates_GateHwi_Object__PARAMS__C)
                  0000a1f4    00000018     empty_pem4f.oem4f (.const:ti_sysbios_gates_GateMutex_Object__PARAMS__C)
                  0000a20c    00000018     empty_pem4f.oem4f (.const:ti_sysbios_knl_Queue_Object__PARAMS__C)
                  0000a224    00000014     MSP_EXP432P401R.obj (.const:GPIOMSP432_config)
                  0000a238    00000012     empty_pem4f.oem4f (.const:xdc_runtime_Startup_sfxnRts__A)
                  0000a24a    00000002     empty_pem4f.oem4f (.const:ti_sysbios_family_arm_m3_Hwi_Module__id__C)
                  0000a24c    00000010     MSP_EXP432P401R.obj (.const)
                  0000a25c    0000000c     drivers_MSP432P401R.aem4f : GPIOMSP432.oem4f (.const:.string)
                  0000a268    0000000c     empty_pem4f.oem4f (.const:xdc_runtime_Startup_firstFxns__A)
                  0000a274    00000008     Crystalfontz128x128_ST7735.obj (.const)
                  0000a27c    00000008     empty_pem4f.oem4f (.const)
                  0000a284    00000008     empty_pem4f.oem4f (.const:ti_sysbios_family_arm_m3_Hwi_excHookFuncs__A)
                  0000a28c    00000008     empty_pem4f.oem4f (.const:ti_sysbios_knl_Idle_funcList__A)
                  0000a294    00000008     empty_pem4f.oem4f (.const:ti_sysbios_knl_Idle_funcList__C)
                  0000a29c    00000008     empty_pem4f.oem4f (.const:xdc_runtime_Startup_firstFxns__C)
                  0000a2a4    00000008     empty_pem4f.oem4f (.const:xdc_runtime_Startup_lastFxns__C)
                  0000a2ac    00000004     empty_pem4f.oem4f (.const:ti_sysbios_family_arm_m3_Hwi_E_NMI__C)
                  0000a2b0    00000004     empty_pem4f.oem4f (.const:ti_sysbios_family_arm_m3_Hwi_E_alreadyDefined__C)
                  0000a2b4    00000004     empty_pem4f.oem4f (.const:ti_sysbios_family_arm_m3_Hwi_E_busFault__C)
                  0000a2b8    00000004     empty_pem4f.oem4f (.const:ti_sysbios_family_arm_m3_Hwi_E_debugMon__C)
                  0000a2bc    00000004     empty_pem4f.oem4f (.const:ti_sysbios_family_arm_m3_Hwi_E_hardFault__C)
                  0000a2c0    00000004     empty_pem4f.oem4f (.const:ti_sysbios_family_arm_m3_Hwi_E_memFault__C)
                  0000a2c4    00000004     empty_pem4f.oem4f (.const:ti_sysbios_family_arm_m3_Hwi_E_noIsr__C)
                  0000a2c8    00000004     empty_pem4f.oem4f (.const:ti_sysbios_family_arm_m3_Hwi_E_reserved__C)
                  0000a2cc    00000004     empty_pem4f.oem4f (.const:ti_sysbios_family_arm_m3_Hwi_E_svCall__C)
                  0000a2d0    00000004     empty_pem4f.oem4f (.const:ti_sysbios_family_arm_m3_Hwi_E_usageFault__C)
                  0000a2d4    00000004     empty_pem4f.oem4f (.const:ti_sysbios_family_arm_m3_Hwi_NUM_INTERRUPTS__C)
                  0000a2d8    00000004     empty_pem4f.oem4f (.const:ti_sysbios_family_arm_m3_Hwi_Object__count__C)
                  0000a2dc    00000004     empty_pem4f.oem4f (.const:ti_sysbios_family_arm_m3_Hwi_ccr__C)
                  0000a2e0    00000004     empty_pem4f.oem4f (.const:ti_sysbios_family_arm_m3_Hwi_excHandlerFunc__C)
                  0000a2e4    00000004     empty_pem4f.oem4f (.const:ti_sysbios_family_arm_m3_Hwi_excHookFuncs__C)
                  0000a2e8    00000004     empty_pem4f.oem4f (.const:ti_sysbios_family_arm_m3_Hwi_nullIsrFunc__C)
                  0000a2ec    00000004     empty_pem4f.oem4f (.const:ti_sysbios_family_arm_m3_Hwi_priGroup__C)
                  0000a2f0    00000004     empty_pem4f.oem4f (.const:ti_sysbios_family_arm_msp432_Timer_numTimerDevices__C)
                  0000a2f4    00000004     empty_pem4f.oem4f (.const:ti_sysbios_family_arm_msp432_Timer_startupNeeded__C)
                  0000a2f8    00000004     empty_pem4f.oem4f (.const:ti_sysbios_gates_GateMutex_Instance_State_sem__O)
                  0000a2fc    00000004     empty_pem4f.oem4f (.const:ti_sysbios_heaps_HeapMem_E_memory__C)
                  0000a300    00000004     empty_pem4f.oem4f (.const:ti_sysbios_heaps_HeapMem_Module__gateObj__C)
                  0000a304    00000004     empty_pem4f.oem4f (.const:ti_sysbios_heaps_HeapMem_Object__count__C)
                  0000a308    00000004     empty_pem4f.oem4f (.const:ti_sysbios_heaps_HeapMem_reqAlign__C)
                  0000a30c    00000004     empty_pem4f.oem4f (.const:ti_sysbios_knl_Clock_Module_State_clockQ__O)
                  0000a310    00000004     empty_pem4f.oem4f (.const:ti_sysbios_knl_Mailbox_Instance_State_dataQue__O)
                  0000a314    00000004     empty_pem4f.oem4f (.const:ti_sysbios_knl_Mailbox_Instance_State_dataSem__O)
                  0000a318    00000004     empty_pem4f.oem4f (.const:ti_sysbios_knl_Mailbox_Instance_State_freeQue__O)
                  0000a31c    00000004     empty_pem4f.oem4f (.const:ti_sysbios_knl_Mailbox_Instance_State_freeSem__O)
                  0000a320    00000004     empty_pem4f.oem4f (.const:ti_sysbios_knl_Mailbox_Object__count__C)
                  0000a324    00000004     empty_pem4f.oem4f (.const:ti_sysbios_knl_Mailbox_maxTypeAlign__C)
                  0000a328    00000004     empty_pem4f.oem4f (.const:ti_sysbios_knl_Semaphore_Instance_State_pendQ__O)
                  0000a32c    00000004     empty_pem4f.oem4f (.const:ti_sysbios_knl_Swi_Object__count__C)
                  0000a330    00000004     empty_pem4f.oem4f (.const:ti_sysbios_knl_Task_Module_State_inactiveQ__O)
                  0000a334    00000004     empty_pem4f.oem4f (.const:ti_sysbios_knl_Task_Object__count__C)
                  0000a338    00000004     empty_pem4f.oem4f (.const:ti_sysbios_knl_Task_allBlockedFunc__C)
                  0000a33c    00000004     empty_pem4f.oem4f (.const:ti_sysbios_knl_Task_numConstructedTasks__C)
                  0000a340    00000004     empty_pem4f.oem4f (.const:xdc_runtime_Assert_E_assertFailed__C)
                  0000a344    00000004     empty_pem4f.oem4f (.const:xdc_runtime_Core_A_initializedParams__C)
                  0000a348    00000004     empty_pem4f.oem4f (.const:xdc_runtime_Core_Module__diagsEnabled__C)
                  0000a34c    00000004     empty_pem4f.oem4f (.const:xdc_runtime_Core_Module__diagsIncluded__C)
                  0000a350    00000004     empty_pem4f.oem4f (.const:xdc_runtime_Core_Module__diagsMask__C)
                  0000a354    00000004     empty_pem4f.oem4f (.const:xdc_runtime_Error_E_memory__C)
                  0000a358    00000004     empty_pem4f.oem4f (.const:xdc_runtime_Error_Module__diagsEnabled__C)
                  0000a35c    00000004     empty_pem4f.oem4f (.const:xdc_runtime_Error_Module__diagsIncluded__C)
                  0000a360    00000004     empty_pem4f.oem4f (.const:xdc_runtime_Error_Module__diagsMask__C)
                  0000a364    00000004     empty_pem4f.oem4f (.const:xdc_runtime_Error_Module__loggerFxn8__C)
                  0000a368    00000004     empty_pem4f.oem4f (.const:xdc_runtime_Error_Module__loggerObj__C)
                  0000a36c    00000004     empty_pem4f.oem4f (.const:xdc_runtime_Error_policyFxn__C)
                  0000a370    00000004     empty_pem4f.oem4f (.const:xdc_runtime_Error_raiseHook__C)
                  0000a374    00000004     empty_pem4f.oem4f (.const:xdc_runtime_IGateProvider_Interface__BASE__C)
                  0000a378    00000004     empty_pem4f.oem4f (.const:xdc_runtime_IHeap_Interface__BASE__C)
                  0000a37c    00000004     empty_pem4f.oem4f (.const:xdc_runtime_IModule_Interface__BASE__C)
                  0000a380    00000004     empty_pem4f.oem4f (.const:xdc_runtime_Log_L_error__C)
                  0000a384    00000004     empty_pem4f.oem4f (.const:xdc_runtime_Memory_defaultHeapInstance__C)
                  0000a388    00000004     empty_pem4f.oem4f (.const:xdc_runtime_Startup_execImpl__C)
                  0000a38c    00000004     empty_pem4f.oem4f (.const:xdc_runtime_Startup_maxPasses__C)
                  0000a390    00000004     empty_pem4f.oem4f (.const:xdc_runtime_Startup_sfxnRts__C)
                  0000a394    00000004     empty_pem4f.oem4f (.const:xdc_runtime_Startup_sfxnTab__C)
                  0000a398    00000004     empty_pem4f.oem4f (.const:xdc_runtime_SysMin_bufSize__C)
                  0000a39c    00000004     empty_pem4f.oem4f (.const:xdc_runtime_SysMin_outputFunc__C)
                  0000a3a0    00000004     empty_pem4f.oem4f (.const:xdc_runtime_System_Module__gateObj__C)
                  0000a3a4    00000004     empty_pem4f.oem4f (.const:xdc_runtime_System_abortFxn__C)
                  0000a3a8    00000004     empty_pem4f.oem4f (.const:xdc_runtime_System_exitFxn__C)
                  0000a3ac    00000004     empty_pem4f.oem4f (.const:xdc_runtime_System_extendFxn__C)
                  0000a3b0    00000004     empty_pem4f.oem4f (.const:xdc_runtime_System_maxAtexitHandlers__C)
                  0000a3b4    00000004     empty_pem4f.oem4f (.const:xdc_runtime_Text_charTab__C)
                  0000a3b8    00000004     empty_pem4f.oem4f (.const:xdc_runtime_Text_nameEmpty__C)
                  0000a3bc    00000004     empty_pem4f.oem4f (.const:xdc_runtime_Text_nameStatic__C)
                  0000a3c0    00000004     empty_pem4f.oem4f (.const:xdc_runtime_Text_nameUnknown__C)
                  0000a3c4    00000004     empty_pem4f.oem4f (.const:xdc_runtime_Text_nodeTab__C)
                  0000a3c8    00000004     empty_pem4f.oem4f (.const:xdc_runtime_Text_visitRopeFxn__C)
                  0000a3cc    00000002     empty_pem4f.oem4f (.const:ti_sysbios_heaps_HeapMem_Module__id__C)
                  0000a3ce    00000002     empty_pem4f.oem4f (.const:xdc_runtime_Core_Module__id__C)
                  0000a3d0    00000002     empty_pem4f.oem4f (.const:xdc_runtime_Error_Module__loggerDefined__C)
                  0000a3d2    00000002     empty_pem4f.oem4f (.const:xdc_runtime_Error_maxDepth__C)
                  0000a3d4    00000002     empty_pem4f.oem4f (.const:xdc_runtime_Memory_Module__id__C)
                  0000a3d6    00000002     empty_pem4f.oem4f (.const:xdc_runtime_SysMin_flushAtExit__C)
                  0000a3d8    00000002     empty_pem4f.oem4f (.const:xdc_runtime_Text_charCnt__C)
                  0000a3da    00000002     empty_pem4f.oem4f (.const:xdc_runtime_Text_isLoaded__C)
                  0000a3dc    00000002     empty_pem4f.oem4f (.const:xdc_runtime_Text_registryModsLastId__C)
                  0000a3de    00000002     empty_pem4f.oem4f (.const:xdc_runtime_Text_unnamedModsLastId__C)
                  0000a3e0    00000001     empty_pem4f.oem4f (.const:xdc_runtime_Error_policy__C)

.cinit     0    0000a4e8    000004b0     
                  0000a4e8    00000467     (.cinit..data.load) [load image, compression = rle]
                  0000a94f    00000001     --HOLE-- [fill = 0]
                  0000a950    0000000c     (__TI_handler_table)
                  0000a95c    00000004     --HOLE-- [fill = 0]
                  0000a960    00000008     (.cinit..bss.load) [load image, compression = zero_init]
                  0000a968    00000008     (.cinit..vecs.load) [load image, compression = zero_init]
                  0000a970    00000008     (.cinit..vtable.load) [load image, compression = zero_init]
                  0000a978    00000020     (__TI_cinit_table)

.resetVecs 
*          0    00000000    0000003c     
                  00000000    0000003c     empty_pem4f.oem4f (.resetVecs)

.bss       0    20000140    00000786     UNINITIALIZED
                  20000140    00000400     empty_pem4f.oem4f (.bss:ti_sysbios_heaps_HeapMem_Instance_State_0_buf__A)
                  20000540    00000140     empty_pem4f.oem4f (.bss:ti_sysbios_family_arm_m3_Hwi_dispatchTable)
                  20000680    00000120     rtsv7M4_T_le_v4SPD16_eabi.lib : trgmsg.obj (.bss:__CIOBUF_)
                  200007a0    00000080     empty_pem4f.oem4f (.bss:xdc_runtime_SysMin_Module_State_0_outbuf__A)
                  20000820    00000048     empty_pem4f.oem4f (.bss:ti_sysbios_knl_Mailbox_Instance_State_0_allocBuf__A)
                  20000868    00000030     drivers_MSP432P401R.aem4f : GPIOMSP432.oem4f (.bss:gpioCallbackInfo)
                  20000898    0000001c     (.common:g_sContext)
                  200008b4    00000008     (.common:parmbuf)
                  200008bc    00000002     (.common:Lcd_ScreenHeigth)
                  200008be    00000002     (.common:Lcd_ScreenWidth)
                  200008c0    00000002     (.common:Lcd_TouchTrim)
                  200008c2    00000001     (.common:Lcd_FlagRead)
                  200008c3    00000001     (.common:Lcd_FontSolid)
                  200008c4    00000001     (.common:Lcd_Orientation)
                  200008c5    00000001     (.common:Lcd_PenSolid)

.data      0    200008c8    000006c9     UNINITIALIZED
                  200008c8    00000140     empty_pem4f.oem4f (.data)
                  20000a08    000000b0     rtsv7M4_T_le_v4SPD16_eabi.lib : signal.obj (.data:sigtable)
                  20000ab8    0000009c     drivers_MSP432P401R.aem4f : PowerMSP432.oem4f (.data:PowerMSP432_perfLevels)
                  20000b54    00000004     rtsv7M4_T_le_v4SPD16_eabi.lib : errno.obj (.data)
                  20000b58    00000080                                   : xvalues.obj (.data)
                  20000bd8    00000080     empty_pem4f.oem4f (.data:ti_sysbios_knl_Swi_Module_State_0_readyQ__A)
                  20000c58    00000080     empty_pem4f.oem4f (.data:ti_sysbios_knl_Task_Module_State_0_readyQ__A)
                  20000cd8    00000050     empty_pem4f.oem4f (.data:ti_sysbios_knl_Mailbox_Object__table__V)
                  20000d28    0000004c     empty_pem4f.oem4f (.data:ti_sysbios_family_arm_msp432_Timer_Object__table__V)
                  20000d74    00000044     empty_pem4f.oem4f (.data:ti_sysbios_knl_Task_Module__state__V)
                  20000db8    00000038     empty_pem4f.oem4f (.data:ti_sysbios_gates_GateMutex_Object__table__V)
                  20000df0    00000034     empty_pem4f.oem4f (.data:ti_sysbios_family_arm_m3_Hwi_Module__state__V)
                  20000e24    00000030     drivers_MSP432P401R.aem4f : GPIOMSP432.oem4f (.data:GPIO_PORT_TO_BASE)
                  20000e54    00000030     msp432p4xx_driverlib.lib : gpio.o (.data:GPIO_PORT_TO_BASE)
                  20000e84    00000030     empty_pem4f.oem4f (.data:ti_sysbios_family_arm_m3_Hwi_Object__table__V)
                  20000eb4    00000030     empty_pem4f.oem4f (.data:ti_sysbios_knl_Swi_Object__table__V)
                  20000ee4    0000002c     empty_pem4f.oem4f (.data:ti_sysbios_knl_Clock_Module__state__V)
                  20000f10    00000024     drivers_MSP432P401R.aem4f : PowerMSP432.oem4f (.data:PowerMSP432_module)
                  20000f34    00000024     empty_pem4f.oem4f (.data:ti_sysbios_BIOS_Module__state__V)
                  20000f58    0000001c     MSP_EXP432P401R.obj (.data)
                  20000f74    00000008     rtsv7M4_T_le_v4SPD16_eabi.lib : _lock.obj (.data)
                  20000f7c    00000008                                   : exit.obj (.data)
                  20000f84    00000008                                   : feraiseexcept.obj (.data)
                  20000f8c    00000004                                   : stkdepth_vars.obj (.data)
                  20000f90    00000001     drivers_MSP432P401R.aem4f : GPIOMSP432.oem4f (.data)

.stack     0    2000fd00    00000300     UNINITIALIZED
                  2000fd00    00000300     --HOLE--

.bootVecs 
*          0    00000000    00000008     DSECT
                  00000000    00000008     boot.aem4f : boot.oem4f (.bootVecs)

.vecs      0    20000000    00000140     UNINITIALIZED
                  20000000    00000140     empty_pem4f.oem4f (.vecs)

xdc.meta   0    00000000    000000e8     COPY SECTION
                  00000000    000000e8     empty_pem4f.oem4f (xdc.meta)

.TI.noinit 
*          0    20000140    00000000     UNINITIALIZED

.TI.persistent 
*          0    200008c8    00000000     UNINITIALIZED

.vtable    0    0000a400    000000e4     UNINITIALIZED
                  0000a400    000000e4     msp432p4xx_driverlib.lib : interrupt.o (.vtable)


LINKER GENERATED COPY TABLES

__TI_cinit_table @ 0000a978 records: 4, size/record: 8, table size: 32
	.data: load addr=0000a4e8, load size=00000467 bytes, run addr=200008c8, run size=000006c9 bytes, compression=rle
	.bss: load addr=0000a960, load size=00000008 bytes, run addr=20000140, run size=00000786 bytes, compression=zero_init
	.vecs: load addr=0000a968, load size=00000008 bytes, run addr=20000000, run size=00000140 bytes, compression=zero_init
	.vtable: load addr=0000a970, load size=00000008 bytes, run addr=0000a400, run size=000000e4 bytes, compression=zero_init


LINKER GENERATED HANDLER TABLE

__TI_handler_table @ 0000a950 records: 3, size/record: 4, table size: 12
	index: 0, handler: __TI_decompress_rle24
	index: 1, handler: __TI_decompress_none
	index: 2, handler: __TI_zero_init


GLOBAL SYMBOLS: SORTED ALPHABETICALLY BY Name 

address   name                                                        
-------   ----                                                        
00007b4d  ADC14_getResult                                             
00004df5  ADC_HWI                                                     
00006561  C$$EXIT                                                     
00005487  C$$IO$$                                                     
00007fa9  CPU_cpsid                                                   
00007fb5  CPU_cpsie                                                   
000029dd  CPU_wfi                                                     
00003ef9  CS_initClockSignal                                          
000074ad  CS_setDCOCenteredFrequency                                  
000032c5  Crystalfontz128x128_Init                                    
00003191  Crystalfontz128x128_SetDrawFrame                            
00005c31  Crystalfontz128x128_SetOrientation                          
00007fc1  EUSCI_A_SPI_enable                                          
00003725  EUSCI_A_SPI_transmitData                                    
00007fcd  EUSCI_B_SPI_enable                                          
00008099  EUSCI_B_SPI_getInterruptStatus                              
000040b5  EUSCI_B_SPI_transmitData                                    
00006741  FlashCtl_disableReadBuffering                               
00006b29  FlashCtl_enableReadBuffering                                
000073c1  FlashCtl_setWaitState                                       
0000a224  GPIOMSP432_config                                           
00007b65  GPIO_clearInterruptFlag                                     
00006d3d  GPIO_getEnabledInterruptStatus_WA                           
00007e3d  GPIO_getInterruptStatus                                     
00005c85  GPIO_hwiIntFxn                                              
00005841  GPIO_init                                                   
00007745  GPIO_interruptEdgeSelect                                    
000071b9  GPIO_setAsInputPin                                          
00006d6d  GPIO_setAsInputPinWithPullDownResistor                      
00006d9d  GPIO_setAsInputPinWithPullUpResistor                        
000074d1  GPIO_setAsOutputPin                                         
00006321  GPIO_setAsPeripheralModuleFunctionInputPin                  
00006019  GPIO_setAsPeripheralModuleFunctionOutputPin                 
00005cd9  GPIO_setCallback                                            
00002de1  GPIO_setConfig                                              
00007d29  GPIO_setDriveStrengthHigh                                   
00007b7d  GPIO_setDriveStrengthLow                                    
00007d3d  GPIO_setOutputHighOnPin                                     
00007b95  GPIO_setOutputLowOnPin                                      
00007d51  GPIO_toggleOutputOnPin                                      
00006b5d  Graphics_drawHorizontalLineOnDisplay                        
000047b9  Graphics_drawLineH                                          
000072f1  Graphics_drawPixelOnDisplay                                 
000010fb  Graphics_drawString                                         
000062d5  Graphics_initContext                                        
00007a2d  Graphics_setBackgroundColor                                 
00007a47  Graphics_setFont                                            
00007ca1  Graphics_setForegroundColor                                 
00007cb7  Graphics_translateColorOnDisplay                            
00006dcd  HAL_LCD_PortInit                                            
000067c1  HAL_LCD_SpiInit                                             
00006b91  HAL_LCD_writeCommand                                        
000074f5  HAL_LCD_writeData                                           
00001f81  HOSTclock                                                   
00001f49  HOSTclose                                                   
00001f0b  HOSTgetenv                                                  
00001eaf  HOSTlseek                                                   
00001e5d  HOSTopen                                                    
00001e11  HOSTread                                                    
00001db3  HOSTrename                                                  
00001d79  HOSTtime                                                    
00001d41  HOSTunlink                                                  
00001cf5  HOSTwrite                                                   
00007f61  HwiP_Params_init                                            
000056bd  HwiP_create                                                 
000043cd  HwiP_disable                                                
000080d9  HwiP_restore                                                
0000318f  Idle_fcxn                                                   
000055f5  Interrupt_enableInterrupt                                   
00006bc5  Interrupt_registerInterrupt                                 
200008c2  Lcd_FlagRead                                                
200008c3  Lcd_FontSolid                                               
200008c4  Lcd_Orientation                                             
200008c5  Lcd_PenSolid                                                
200008bc  Lcd_ScreenHeigth                                            
200008be  Lcd_ScreenWidth                                             
200008c0  Lcd_TouchTrim                                               
00004a25  List_head                                                   
00004c5d  List_next                                                   
000080a1  MSP_EXP432P401R_initGPIO                                    
000080a9  MSP_EXP432P401R_initGeneral                                 
000071e5  PCM_getCoreVoltageLevel                                     
0000731b  PCM_getPowerMode                                            
00007fd9  PCM_getPowerState                                           
000073e9  PCM_gotoLPM0                                                
00004efd  PCM_gotoLPM3                                                
00007e4d  PCM_gotoLPM4                                                
000080b1  PCM_setPowerMode                                            
000080b9  PCM_setPowerState                                           
00005e85  PCM_shutdownDevice                                          
0000a24c  PowerMSP432_config                                          
0000430f  PowerMSP432_initPolicy                                      
20000f10  PowerMSP432_module                                          
20000ab8  PowerMSP432_perfLevels                                      
00005ed5  PowerMSP432_sleepPolicy                                     
00007211  PowerMSP432_updateFreqs                                     
00007fe5  Power_getConstraintMask                                     
00007765  Power_idleFunc                                              
00006981  Power_init                                                  
00003c21  Power_sleep                                                 
00007519  RTC_C_holdClock                                             
0000753d  RTC_C_startClock                                            
UNDEFED   SHT$$INIT_ARRAY$$Base                                       
UNDEFED   SHT$$INIT_ARRAY$$Limit                                      
00007a61  SPI_enableModule                                            
00004bd5  SPI_initMaster                                              
00007785  SPI_transmitData                                            
00006065  Timer32_HWI                                                 
0000807b  Timer32_enableInterrupt                                     
00006369  Timer32_initModule                                          
00007e5d  Timer32_registerInterrupt                                   
00007561  Timer32_setCount                                            
000077a5  Timer32_startTimer                                          
4000480c  WDTCTL_SYM                                                  
00007bad  WDT_A_holdTimer                                             
00007d65  WDT_A_startTimer                                            
00006e2d  _Dclass                                                     
20000b58  _Denorm                                                     
00004251  _Dnorm                                                      
00003509  _Dscale                                                     
00005529  _Dunscale                                                   
20000b68  _Eps                                                        
20000b54  _Errno                                                      
20000f84  _Fenv                                                       
00006e5d  _Feraise                                                    
20000b78  _Hugeval                                                    
20000b88  _Inf                                                        
20000b98  _Nan                                                        
20000bb8  _Rteps                                                      
20000ba8  _Snan                                                       
20000f88  _Tls_setup__Fenv                                            
20000bc8  _Xbig                                                       
20000bd0  _Zero                                                       
00000000  __ASM__                                                     
20000680  __CIOBUF_                                                   
00000064  __ISA__                                                     
00000077  __PLAT__                                                    
20010000  __STACK_END                                                 
00000300  __STACK_SIZE                                                
0000009a  __TARG__                                                    
0000a978  __TI_CINIT_Base                                             
0000a998  __TI_CINIT_Limit                                            
0000a950  __TI_Handler_Table_Base                                     
0000a95c  __TI_Handler_Table_Limit                                    
0000453d  __TI_auto_init                                              
20000f7c  __TI_cleanup_ptr                                            
00007f6f  __TI_decompress_none                                        
00007923  __TI_decompress_rle24                                       
20000f80  __TI_dtors_ptr                                              
00000df5  __TI_printfi                                                
0000548b  __TI_readmsg                                                
0000a4e8  __TI_static_base__                                          
00005459  __TI_writemsg                                               
00007ff1  __TI_zero_init                                              
000000c0  __TRDR__                                                    
00004ce9  __aeabi_cdcmpeq                                             
00004ce9  __aeabi_cdcmple                                             
00004d6f  __aeabi_cdrcmple                                            
000063b1  __aeabi_d2iz                                                
00002395  __aeabi_dadd                                                
00003059  __aeabi_ddiv                                                
00003935  __aeabi_dmul                                                
0000238b  __aeabi_dsub                                                
00007131  __aeabi_i2d                                                 
0000506f  __aeabi_idiv0                                               
00004ff5  __aeabi_memclr                                              
00004ff5  __aeabi_memclr4                                             
00004ff5  __aeabi_memclr8                                             
00004855  __aeabi_memcpy                                              
00004855  __aeabi_memcpy4                                             
00004855  __aeabi_memcpy8                                             
00004ff7  __aeabi_memset                                              
00004ff7  __aeabi_memset4                                             
00004ff7  __aeabi_memset8                                             
00006881  __aeabi_uidiv                                               
00006881  __aeabi_uidivmod                                            
00001fc9  __aeabi_uldivmod                                            
ffffffff  __binit__                                                   
ffffffff  __c_args__                                                  
2000fd00  __stack                                                     
0000498b  __xdc__init                                                 
20000a04  __xdc__init__addr                                           
00007bc5  _args_main                                                  
00005a79  _c_int00                                                    
00009c3f  _ctypes_                                                    
20000f74  _lock                                                       
00007d87  _nop                                                        
00007d7f  _register_lock                                              
00007d79  _register_unlock                                            
20000f78  _unlock                                                     
00006565  abort                                                       
0000a27c  adc_hwi                                                     
0000a280  adc_mailbox                                                 
000060b1  atoi                                                        
ffffffff  binit                                                       
000060fd  copy_in                                                     
000045dd  drawAccelData                                               
0000656d  exit                                                        
00006bf9  feraiseexcept                                               
00007345  frexp                                                       
0000a400  g_pfnRAMVectors                                             
20000898  g_sContext                                                  
00009ff8  g_sCrystalfontz128x128                                      
00009d40  g_sFontFixed6x8                                             
20000f6c  gpioCallbackFunctions                                       
20000f5c  gpioPinConfigs                                              
000026e1  init_All                                                    
00005e31  ldexp                                                       
[...]
00007e81  ti_sysbios_BIOS_setCpuFreq__E                               
00007e91  ti_sysbios_BIOS_setThreadType__E                            
00007ea1  osi_start                                                   
00007ea1  ti_sysbios_BIOS_start__E                                    
00007eb1  ti_sysbios_family_arm_m3_TaskSupport_glue                   
00007ec1  ti_sysbios_family_arm_msp432_init_Boot_disableWatchdog      
00007ed1  ti_sysbios_gates_GateMutex_Instance_finalize__E             
00007ee1  ti_sysbios_knl_Semaphore_Instance_finalize__E               
00007ef1  ti_sysbios_knl_Swi_disable__E                               
00007f01  osi_TaskDisable                                             
00007f01  ti_sysbios_knl_Task_disable__E                              
00007f11  xdc_runtime_Gate_leaveSystem__E                             
00007f21  xdc_runtime_Memory_free__E                                  
00007f31  xdc_runtime_SysMin_ready__E                                 
00007f31  xdc_runtime_System_SupportProxy_ready__E                    
00007f41  xdc_runtime_System_vsnprintf__E                             
00007f51  xdc_runtime_Text_visitRope__I                               
00007f61  HwiP_Params_init                                            
00007f6f  __TI_decompress_none                                        
00007f81  ti_sysbios_knl_Queue_empty__E                               
00007f8f  ti_sysbios_knl_Task_Object__get__S                          
00007f9d  ti_sysbios_family_arm_msp432_init_Boot_init__I              
00007f9d  xdc_runtime_Startup_reset__I                                
00007fa9  CPU_cpsid                                                   
00007fb5  CPU_cpsie                                                   
00007fc1  EUSCI_A_SPI_enable                                          
00007fcd  EUSCI_B_SPI_enable                                          
00007fd9  PCM_getPowerState                                           
00007fe5  Power_getConstraintMask                                     
00007ff1  __TI_zero_init                                              
00007ffd  ti_sysbios_family_arm_m3_Hwi_Params__init__S                
00007ffd  ti_sysbios_hal_Hwi_HwiProxy_Params__init__S                 
00008009  ti_sysbios_family_arm_m3_Hwi_disableFxn__E                  
00008009  ti_sysbios_hal_Hwi_HwiProxy_disable__E                      
00008019  ti_sysbios_family_arm_msp432_Timer_getMaxTicks__E           
00008029  ti_sysbios_gates_GateHwi_enter__E                           
00008035  ti_sysbios_knl_Queue_Object__get__S                         
00008041  xdc_runtime_Error_init__E                                   
0000804d  xdc_runtime_Gate_enterSystem__E                             
00008059  xdc_runtime_Memory_calloc__E                                
00008065  xdc_runtime_Memory_getMaxDefaultTypeAlign__E                
0000807b  Timer32_enableInterrupt                                     
00008085  xdc_runtime_Memory_HeapProxy_alloc__E                       
0000808f  xdc_runtime_Memory_HeapProxy_free__E                        
00008099  EUSCI_B_SPI_getInterruptStatus                              
000080a1  MSP_EXP432P401R_initGPIO                                    
000080a9  MSP_EXP432P401R_initGeneral                                 
000080b1  PCM_setPowerMode                                            
000080b9  PCM_setPowerState                                           
000080c1  ti_sysbios_family_arm_m3_Hwi_doSwiRestore__I                
000080c9  ti_sysbios_family_arm_m3_Hwi_startup__E                     
000080c9  ti_sysbios_hal_Hwi_HwiProxy_startup__E                      
000080d1  ti_sysbios_family_arm_m3_Hwi_doTaskRestore__I               
000080d9  HwiP_restore                                                
000080d9  ti_sysbios_family_arm_m3_Hwi_restoreFxn__E                  
000080d9  ti_sysbios_hal_Hwi_HwiProxy_restore__E                      
000080e1  ti_sysbios_gates_GateHwi_leave__E                           
000080e9  ti_sysbios_heaps_HeapMem_isBlocking__E                      
000080f1  ti_sysbios_knl_Queue_Instance_init__E                       
000080f9  ti_sysbios_knl_Swi_startup__E                               
000080ff  xdc_runtime_System_Module_startup__E                        
00008109  ti_sysbios_gates_GateHwi_query__E                           
00008109  xdc_runtime_Main_Module_GateProxy_query__E                  
00008109  xdc_runtime_System_Module_GateProxy_query__E                
00008111  ti_sysbios_BIOS_RtsGateProxy_query__E                       
00008111  ti_sysbios_gates_GateMutex_query__E                         
00008111  ti_sysbios_heaps_HeapMem_Module_GateProxy_query__E          
00008119  ti_sysbios_knl_Task_startup__E                              
00008121  ti_sysbios_gates_GateHwi_Instance_init__E                   
00008129  ti_sysbios_knl_Clock_logTick__E                             
0000812c  xdc_runtime_Text_charTab__A                                 
00009c3f  _ctypes_                                                    
00009d40  g_sFontFixed6x8                                             
00009e08  xdc_runtime_Text_nodeTab__A                                 
00009fc8  ti_sysbios_family_arm_m3_Hwi_Object__PARAMS__C              
00009ff8  g_sCrystalfontz128x128                                      
0000a024  ti_sysbios_heaps_HeapMem_Module__FXNS__C                    
0000a04c  ti_sysbios_gates_GateHwi_Module__FXNS__C                    
0000a070  ti_sysbios_gates_GateMutex_Module__FXNS__C                  
0000a094  ti_sysbios_heaps_HeapMem_Object__PARAMS__C                  
0000a0b8  ti_sysbios_knl_Semaphore_Object__PARAMS__C                  
0000a0dc  xdc_runtime_Startup_sfxnTab__A                              
0000a100  ti_sysbios_family_arm_m3_Hwi_Object__DESC__C                
0000a120  ti_sysbios_gates_GateHwi_Object__DESC__C                    
0000a140  ti_sysbios_gates_GateMutex_Object__DESC__C                  
0000a160  ti_sysbios_heaps_HeapMem_Object__DESC__C                    
0000a180  ti_sysbios_knl_Queue_Object__DESC__C                        
0000a1a0  ti_sysbios_knl_Semaphore_Object__DESC__C                    
0000a1dc  ti_sysbios_gates_GateHwi_Object__PARAMS__C                  
0000a1f4  ti_sysbios_gates_GateMutex_Object__PARAMS__C                
0000a20c  ti_sysbios_knl_Queue_Object__PARAMS__C                      
0000a224  GPIOMSP432_config                                           
0000a238  xdc_runtime_Startup_sfxnRts__A                              
0000a24a  ti_sysbios_family_arm_m3_Hwi_Module__id__C                  
0000a24c  PowerMSP432_config                                          
0000a268  xdc_runtime_Startup_firstFxns__A                            
0000a27c  adc_hwi                                                     
0000a280  adc_mailbox                                                 
0000a284  ti_sysbios_family_arm_m3_Hwi_excHookFuncs__A                
0000a28c  ti_sysbios_knl_Idle_funcList__A                             
0000a294  ti_sysbios_knl_Idle_funcList__C                             
0000a29c  xdc_runtime_Startup_firstFxns__C                            
0000a2a4  xdc_runtime_Startup_lastFxns__C                             
0000a2ac  ti_sysbios_family_arm_m3_Hwi_E_NMI__C                       
0000a2b0  ti_sysbios_family_arm_m3_Hwi_E_alreadyDefined__C            
0000a2b4  ti_sysbios_family_arm_m3_Hwi_E_busFault__C                  
0000a2b8  ti_sysbios_family_arm_m3_Hwi_E_debugMon__C                  
0000a2bc  ti_sysbios_family_arm_m3_Hwi_E_hardFault__C                 
0000a2c0  ti_sysbios_family_arm_m3_Hwi_E_memFault__C                  
0000a2c4  ti_sysbios_family_arm_m3_Hwi_E_noIsr__C                     
0000a2c8  ti_sysbios_family_arm_m3_Hwi_E_reserved__C                  
0000a2cc  ti_sysbios_family_arm_m3_Hwi_E_svCall__C                    
0000a2d0  ti_sysbios_family_arm_m3_Hwi_E_usageFault__C                
0000a2d4  ti_sysbios_family_arm_m3_Hwi_NUM_INTERRUPTS__C              
0000a2d8  ti_sysbios_family_arm_m3_Hwi_Object__count__C               
0000a2dc  ti_sysbios_family_arm_m3_Hwi_ccr__C                         
0000a2e0  ti_sysbios_family_arm_m3_Hwi_excHandlerFunc__C              
0000a2e4  ti_sysbios_family_arm_m3_Hwi_excHookFuncs__C                
0000a2e8  ti_sysbios_family_arm_m3_Hwi_nullIsrFunc__C                 
0000a2ec  ti_sysbios_family_arm_m3_Hwi_priGroup__C                    
0000a2f0  ti_sysbios_family_arm_msp432_Timer_numTimerDevices__C       
0000a2f4  ti_sysbios_family_arm_msp432_Timer_startupNeeded__C         
0000a2f8  ti_sysbios_gates_GateMutex_Instance_State_sem__O            
0000a2fc  ti_sysbios_heaps_HeapMem_E_memory__C                        
0000a300  ti_sysbios_heaps_HeapMem_Module__gateObj__C                 
0000a304  ti_sysbios_heaps_HeapMem_Object__count__C                   
0000a308  ti_sysbios_heaps_HeapMem_reqAlign__C                        
0000a30c  ti_sysbios_knl_Clock_Module_State_clockQ__O                 
0000a310  ti_sysbios_knl_Mailbox_Instance_State_dataQue__O            
0000a314  ti_sysbios_knl_Mailbox_Instance_State_dataSem__O            
0000a318  ti_sysbios_knl_Mailbox_Instance_State_freeQue__O            
0000a31c  ti_sysbios_knl_Mailbox_Instance_State_freeSem__O            
0000a320  ti_sysbios_knl_Mailbox_Object__count__C                     
0000a324  ti_sysbios_knl_Mailbox_maxTypeAlign__C                      
0000a328  ti_sysbios_knl_Semaphore_Instance_State_pendQ__O            
0000a32c  ti_sysbios_knl_Swi_Object__count__C                         
0000a330  ti_sysbios_knl_Task_Module_State_inactiveQ__O               
0000a334  ti_sysbios_knl_Task_Object__count__C                        
0000a338  ti_sysbios_knl_Task_allBlockedFunc__C                       
0000a33c  ti_sysbios_knl_Task_numConstructedTasks__C                  
0000a340  xdc_runtime_Assert_E_assertFailed__C                        
0000a344  xdc_runtime_Core_A_initializedParams__C                     
0000a348  xdc_runtime_Core_Module__diagsEnabled__C                    
0000a34c  xdc_runtime_Core_Module__diagsIncluded__C                   
0000a350  xdc_runtime_Core_Module__diagsMask__C                       
0000a354  xdc_runtime_Error_E_memory__C                               
0000a358  xdc_runtime_Error_Module__diagsEnabled__C                   
0000a35c  xdc_runtime_Error_Module__diagsIncluded__C                  
0000a360  xdc_runtime_Error_Module__diagsMask__C                      
0000a364  xdc_runtime_Error_Module__loggerFxn8__C                     
0000a368  xdc_runtime_Error_Module__loggerObj__C                      
0000a36c  xdc_runtime_Error_policyFxn__C                              
0000a370  xdc_runtime_Error_raiseHook__C                              
0000a374  xdc_runtime_IGateProvider_Interface__BASE__C                
0000a378  xdc_runtime_IHeap_Interface__BASE__C                        
0000a37c  xdc_runtime_IModule_Interface__BASE__C                      
0000a380  xdc_runtime_Log_L_error__C                                  
0000a384  xdc_runtime_Memory_defaultHeapInstance__C                   
0000a388  xdc_runtime_Startup_execImpl__C                             
0000a38c  xdc_runtime_Startup_maxPasses__C                            
0000a390  xdc_runtime_Startup_sfxnRts__C                              
0000a394  xdc_runtime_Startup_sfxnTab__C                              
0000a398  xdc_runtime_SysMin_bufSize__C                               
0000a39c  xdc_runtime_SysMin_outputFunc__C                            
0000a3a0  xdc_runtime_System_Module__gateObj__C                       
0000a3a4  xdc_runtime_System_abortFxn__C                              
0000a3a8  xdc_runtime_System_exitFxn__C                               
0000a3ac  xdc_runtime_System_extendFxn__C                             
0000a3b0  xdc_runtime_System_maxAtexitHandlers__C                     
0000a3b4  xdc_runtime_Text_charTab__C                                 
0000a3b8  xdc_runtime_Text_nameEmpty__C                               
0000a3bc  xdc_runtime_Text_nameStatic__C                              
0000a3c0  xdc_runtime_Text_nameUnknown__C                             
0000a3c4  xdc_runtime_Text_nodeTab__C                                 
0000a3c8  xdc_runtime_Text_visitRopeFxn__C                            
0000a3cc  ti_sysbios_heaps_HeapMem_Module__id__C                      
0000a3ce  xdc_runtime_Core_Module__id__C                              
0000a3d0  xdc_runtime_Error_Module__loggerDefined__C                  
0000a3d2  xdc_runtime_Error_maxDepth__C                               
0000a3d4  xdc_runtime_Memory_Module__id__C                            
0000a3d6  xdc_runtime_SysMin_flushAtExit__C                           
0000a3d8  xdc_runtime_Text_charCnt__C                                 
0000a3da  xdc_runtime_Text_isLoaded__C                                
0000a3dc  xdc_runtime_Text_registryModsLastId__C                      
0000a3de  xdc_runtime_Text_unnamedModsLastId__C                       
0000a3e0  xdc_runtime_Error_policy__C                                 
0000a400  g_pfnRAMVectors                                             
0000a4e8  __TI_static_base__                                          
0000a950  __TI_Handler_Table_Base                                     
0000a95c  __TI_Handler_Table_Limit                                    
0000a978  __TI_CINIT_Base                                             
0000a998  __TI_CINIT_Limit                                            
20000000  ti_sysbios_family_arm_m3_Hwi_ramVectors                     
20000140  ti_sysbios_heaps_HeapMem_Instance_State_0_buf__A            
20000540  ti_sysbios_family_arm_m3_Hwi_dispatchTable                  
20000680  __CIOBUF_                                                   
200007a0  xdc_runtime_SysMin_Module_State_0_outbuf__A                 
20000820  ti_sysbios_knl_Mailbox_Instance_State_0_allocBuf__A         
20000898  g_sContext                                                  
200008bc  Lcd_ScreenHeigth                                            
200008be  Lcd_ScreenWidth                                             
200008c0  Lcd_TouchTrim                                               
200008c2  Lcd_FlagRead                                                
200008c3  Lcd_FontSolid                                               
200008c4  Lcd_Orientation                                             
200008c5  Lcd_PenSolid                                                
200008c8  ti_sysbios_family_arm_m3_Hwi_Module__root__V                
200008d0  ti_sysbios_family_arm_m3_Hwi_Module_State_0_excActive__A    
200008d4  ti_sysbios_family_arm_m3_Hwi_Module_State_0_excContext__A   
200008d8  ti_sysbios_family_arm_m3_Hwi_Module_State_0_excStack__A     
200008dc  ti_sysbios_family_arm_msp432_ClockFreqs_Module__state__V    
200008e8  ti_sysbios_family_arm_msp432_Timer_Module__root__V          
200008f0  ti_sysbios_family_arm_msp432_Timer_Module_State_0_device__A 
20000910  ti_sysbios_family_arm_msp432_Timer_Module_State_0_handles__A
20000920  ti_sysbios_family_arm_msp432_Timer_Module__state__V         
2000092c  ti_sysbios_gates_GateHwi_Module__root__V                    
20000934  ti_sysbios_gates_GateHwi_Object__table__V                   
20000938  ti_sysbios_gates_GateMutex_Module__root__V                  
20000940  ti_sysbios_hal_Hwi_Module__root__V                          
20000948  ti_sysbios_hal_Hwi_Object__table__V                         
20000950  ti_sysbios_heaps_HeapMem_Module__root__V                    
20000958  ti_sysbios_heaps_HeapMem_Object__table__V                   
20000970  ti_sysbios_knl_Clock_Module__root__V                        
20000978  ti_sysbios_knl_Event_Module__root__V                        
20000980  ti_sysbios_knl_Mailbox_Module__root__V                      
20000988  ti_sysbios_knl_Queue_Module__root__V                        
20000990  ti_sysbios_knl_Semaphore_Module__root__V                    
20000998  ti_sysbios_knl_Swi_Module__root__V                          
200009a0  ti_sysbios_knl_Swi_Module__state__V                         
200009bc  ti_sysbios_knl_Task_Module__root__V                         
200009c4  ti_sysbios_knl_Task_Module_State_0_idleTask__A              
200009c8  xdc_runtime_Error_Module__state__V                          
200009cc  xdc_runtime_Memory_Module__state__V                         
200009d0  xdc_runtime_Registry_Module__state__V                       
200009d8  xdc_runtime_Startup_Module__state__V                        
200009e0  xdc_runtime_SysMin_Module__state__V                         
200009ec  xdc_runtime_System_Module_State_0_atexitHandlers__A         
200009f4  xdc_runtime_System_Module__state__V                         
200009fc  xdc_runtime_Text_Module__state__V                           
20000a04  __xdc__init__addr                                           
20000ab8  PowerMSP432_perfLevels                                      
20000b54  _Errno                                                      
20000b58  _Denorm                                                     
20000b68  _Eps                                                        
20000b78  _Hugeval                                                    
20000b88  _Inf                                                        
20000b98  _Nan                                                        
20000ba8  _Snan                                                       
20000bb8  _Rteps                                                      
20000bc8  _Xbig                                                       
20000bd0  _Zero                                                       
20000bd8  ti_sysbios_knl_Swi_Module_State_0_readyQ__A                 
20000c58  ti_sysbios_knl_Task_Module_State_0_readyQ__A                
20000cd8  ti_sysbios_knl_Mailbox_Object__table__V                     
20000d28  ti_sysbios_family_arm_msp432_Timer_Object__table__V         
20000d74  ti_sysbios_knl_Task_Module__state__V                        
20000db8  ti_sysbios_gates_GateMutex_Object__table__V                 
20000df0  ti_sysbios_family_arm_m3_Hwi_Module__state__V               
20000e84  ti_sysbios_family_arm_m3_Hwi_Object__table__V               
20000eb4  ti_sysbios_knl_Swi_Object__table__V                         
20000ee4  ti_sysbios_knl_Clock_Module__state__V                       
20000f10  PowerMSP432_module                                          
20000f34  ti_sysbios_BIOS_Module__state__V                            
20000f5c  gpioPinConfigs                                              
20000f6c  gpioCallbackFunctions                                       
20000f74  _lock                                                       
20000f78  _unlock                                                     
20000f7c  __TI_cleanup_ptr                                            
20000f80  __TI_dtors_ptr                                              
20000f84  _Fenv                                                       
20000f88  _Tls_setup__Fenv                                            
20000f8c  main_func_sp                                                
2000fd00  __stack                                                     
20010000  __STACK_END                                                 
4000480c  WDTCTL_SYM                                                  
e000e000  ti_sysbios_family_arm_m3_Hwi_nvic                           
ffffffff  __binit__                                                   
ffffffff  __c_args__                                                  
ffffffff  binit                                                       
UNDEFED   SHT$$INIT_ARRAY$$Base                                       
UNDEFED   SHT$$INIT_ARRAY$$Limit                                      

[641 symbols]
