******************************************************************************
                  TI ARM Linker Unix v5.2.6                    
******************************************************************************
>> Linked Mon Apr 11 21:56:37 2016

OUTPUT FILE NAME:   <RTOSChallenge.out>
ENTRY POINT SYMBOL: "_c_int00"  address: 00005af9


MEMORY CONFIGURATION

         name            origin    length      used     unused   attr    fill
----------------------  --------  ---------  --------  --------  ----  --------
  MAIN                  00000000   00040000  0000a6fa  00035906  R  X
  INFO                  00200000   00004000  00000000  00004000  R  X
  SRAM_CODE             01000000   00010000  00000000  00010000  RW X
  SRAM_DATA             20000000   00010000  00003c42  0000c3be  RW  


SEGMENT ALLOCATION MAP

run origin  load origin   length   init length attrs members
----------  ----------- ---------- ----------- ----- -------
00000000    00000000    0000a700   0000a700    r-x
  00000000    00000000    0000003c   0000003c    r-- .resetVecs
  00000040    00000040    00007f2a   00007f2a    r-x .text
  00007f6c    00007f6c    000022ac   000022ac    r-- .const
  0000a218    0000a218    000004e8   000004e8    r-- .cinit
20000000    20000000    00003948   00000000    rw-
  20000000    20000000    00000140   00000000    rw- .vecs
  20000140    20000140    000030aa   00000000    rw- .bss
  200031f0    200031f0    00000758   00000000    rw- .data
2000fd00    2000fd00    00000300   00000000    rw-
  2000fd00    2000fd00    00000300   00000000    rw- .stack


SECTION ALLOCATION MAP

 output                                  attributes/
section   page    origin      length       input sections
--------  ----  ----------  ----------   ----------------
.text      0    00000040    00007f2a     
                  00000040    000010ba     rtsv7M4_T_le_v4SPD16_eabi.lib : _printfi.obj (.text)
                  000010fa    0000047e     string.obj (.text:Graphics_drawString)
                  00001578    00000430     sysbios.aem4f : BIOS.obj (.text:ti_sysbios_family_arm_m3_Hwi_excDumpRegs__I)
                  000019a8    0000034c     ti.targets.arm.rtsarm.aem4f : System.oem4f (.text:xdc_runtime_System_doPrint__I)
                  00001cf4    000002d4     rtsv7M4_T_le_v4SPD16_eabi.lib : trgdrv.obj (.text)
                  00001fc8    000001f4                                   : ull_div_t2.obj (.text)
                  000021bc    000001ce     Crystalfontz128x128_ST7735.obj (.text:Crystalfontz128x128_PixelDrawMultiple)
                  0000238a    000001b6     rtsv7M4_T_le_v4SPD16_eabi.lib : fd_add_t2.obj (.text)
                  00002540    000001b4     init_all.obj (.text:init_All)
                  000026f4    000001a0     msp432p4xx_driverlib.lib : pcm.o (.text:__PCM_setPowerStateAdvanced)
                  00002894    00000004                              : cpu.o (.text:CPU_wfi)
                  00002898    00000174     sysbios.aem4f : BIOS.obj (.text:ti_sysbios_family_arm_m3_Hwi_excBusFault__I)
                  00002a0c    00000004     msp432p4xx_driverlib.lib : spi.o (.text:EUSCI_A_SPI_transmitData)
                  00002a10    00000164     sysbios.aem4f : BIOS.obj (.text:ti_sysbios_family_arm_m3_Hwi_excUsageFault__I)
                  00002b74    00000154     msp432p4xx_driverlib.lib : adc14.o (.text:_getIndexForMemRegister)
                  00002cc8    00000148     sysbios.aem4f : BIOS.obj (.text:ti_sysbios_family_arm_m3_Hwi_excMemFault__I)
                  00002e10    00000138                   : BIOS.obj (.text:ti_sysbios_knl_Semaphore_pend__E)
                  00002f48    00000136     rtsv7M4_T_le_v4SPD16_eabi.lib : fd_div_t2.obj (.text)
                  0000307e    00000002     empty.obj (.text:Idle_fcxn)
                  00003080    00000134     Crystalfontz128x128_ST7735.obj (.text:Crystalfontz128x128_SetDrawFrame)
                  000031b4    0000012c     Crystalfontz128x128_ST7735.obj (.text:Crystalfontz128x128_Init)
                  000032e0    00000118     empty.obj (.text:EUSCIA2_IRQHandler)
                  000033f8    00000118     ti.targets.arm.rtsarm.aem4f : Error.oem4f (.text:xdc_runtime_Error_policyDefault__E)
                  00003510    00000110     rtsv7M4_T_le_v4SPD16_eabi.lib : xdscale.obj (.text)
                  00003620    0000010c     sysbios.aem4f : BIOS.obj (.text:ti_sysbios_family_arm_m3_Hwi_excFillContext__I)
                  0000372c    00000004     msp432p4xx_driverlib.lib : spi.o (.text:EUSCI_B_SPI_transmitData)
                  00003730    0000010c     sysbios.aem4f : BIOS.obj (.text:ti_sysbios_family_arm_m3_Hwi_excHandlerMax__I)
                  0000383c    00000100     ti.targets.arm.rtsarm.aem4f : Core-mem.oem4f (.text:xdc_runtime_Core_createObject__I)
                  0000393c    000000fc     rtsv7M4_T_le_v4SPD16_eabi.lib : fd_mul_t2.obj (.text)
                  00003a38    000000fa     string.obj (.text:Graphics_getStringWidth)
                  00003b32    00000002     power_tirtos_MSP432P401R.aem4f : PowerMSP432_tirtos.oem4f (.text:PowerMSP432_initPolicy)
                  00003b34    000000f8     ti.targets.arm.rtsarm.aem4f : Startup.oem4f (.text:xdc_runtime_Startup_startMods__I)
                  00003c2c    000000f8     empty_pem4f.oem4f (.text:xdc_runtime_System_printfExtend__I)
                  00003d24    000000f4     drivers_MSP432P401R.aem4f : PowerMSP432.oem4f (.text:Power_sleep)
                  00003e18    000000f4     empty.obj (.text:averageCalcTask)
                  00003f0c    000000f4     sysbios.aem4f : m3_Hwi_asm.obj (.text:ti_sysbios_family_arm_m3_Hwi_dispatch__I)
                  00004000    000000f0     drivers_MSP432P401R.aem4f : PowerMSP432.oem4f (.text:initPerfControl)
                  000040f0    000000e0     msp432p4xx_driverlib.lib : cs.o (.text:CS_initClockSignal)
                  000041d0    000000dc                              : pcm.o (.text:__PCM_setPowerModeAdvanced)
                  000042ac    00000004     drivers_MSP432P401R.aem4f : List.oem4f (.text:List_head)
                  000042b0    000000cc     sysbios.aem4f : BIOS.obj (.text:ti_sysbios_heaps_HeapMem_alloc__E)
                  0000437c    000000cc     ti.targets.arm.rtsarm.aem4f : Core-smem.oem4f (.text:xdc_runtime_Core_constructObject__I)
                  00004448    000000be     rtsv7M4_T_le_v4SPD16_eabi.lib : xdnorm.obj (.text)
                  00004506    00000002                                   : i_div0.obj (.text)
                  00004508    000000bc     sysbios.aem4f : BIOS.obj (.text:ti_sysbios_family_arm_m3_Hwi_excDebugMon__I)
                  000045c4    00000004     drivers_MSP432P401R.aem4f : List.oem4f (.text:List_next)
                  000045c8    000000bc     sysbios.aem4f : BIOS.obj (.text:ti_sysbios_family_arm_m3_Hwi_excHardFault__I)
                  00004684    000000b0     msp432p4xx_driverlib.lib : pcm.o (.text:__PCM_setCoreVoltageLevelAdvanced)
                  00004734    000000a0     auto_init.aem4f : auto_init.oem4f (.text)
                  000047d4    000000a0     empty.obj (.text:drawAccelData)
                  00004874    000000a0     ti.targets.arm.rtsarm.aem4f : Text.oem4f (.text:xdc_runtime_Text_putMod__E)
                  00004914    0000009c     Crystalfontz128x128_ST7735.obj (.text:Crystalfontz128x128_RectFill)
                  000049b0    0000009c     line.obj (.text:Graphics_drawLineH)
                  00004a4c    0000009c     rtsv7M4_T_le_v4SPD16_eabi.lib : memcpy_t2.obj (.text)
                  00004ae8    0000009a     ti.targets.arm.rtsarm.aem4f : Text.oem4f (.text:xdc_runtime_Text_putSite__E)
                  00004b82    00000006                                 : xdc_noinit.oem4f (.text:__xdc__init)
                  00004b88    00000094     sysbios.aem4f : BIOS.obj (.text:ti_sysbios_family_arm_m3_Hwi_initNVIC__E)
                  00004c1c    0000008c                   : m3_TaskSupport_asm.obj (.text:ti_sysbios_family_arm_m3_TaskSupport_buildTaskStack)
                  00004ca8    0000008c                   : BIOS.obj (.text:ti_sysbios_knl_Task_postInit__I)
                  00004d34    00000088     msp432p4xx_driverlib.lib : spi.o (.text:SPI_initMaster)
                  00004dbc    00000004     empty_pem4f.oem4f (.text:ti_sysbios_BIOS_RtsGateProxy_enter__E)
                  00004dc0    00000088     sysbios.aem4f : BIOS.obj (.text:ti_sysbios_knl_Mailbox_post__E)
                  00004e48    00000086     rtsv7M4_T_le_v4SPD16_eabi.lib : fd_cmp_t2.obj (.text:__aeabi_cdcmple)
                  00004ece    00000086                                   : fd_cmp_t2.obj (.text:__aeabi_cdrcmple)
                  00004f54    00000004     empty_pem4f.oem4f (.text:ti_sysbios_BIOS_RtsGateProxy_leave__E)
                  00004f58    00000084     sysbios.aem4f : BIOS.obj (.text:ti_sysbios_family_arm_m3_Hwi_postInit__I)
                  00004fdc    0000007c     msp432p4xx_driverlib.lib : pcm.o (.text:PCM_gotoLPM3)
                  00005058    0000007c     sysbios.aem4f : BIOS.obj (.text:ti_sysbios_heaps_HeapMem_free__E)
                  000050d4    0000007a     rtsv7M4_T_le_v4SPD16_eabi.lib : memset_t2.obj (.text)
                  0000514e    00000002     empty_pem4f.oem4f (.text:ti_sysbios_BIOS_nullFunc__I)
                  00005150    00000074     sysbios.aem4f : BIOS.obj (.text:ti_sysbios_knl_Mailbox_pend__E)
                  000051c4    00000004     empty_pem4f.oem4f (.text:ti_sysbios_family_arm_m3_TaskSupport_Module__startupDone__S)
                  000051c8    00000070     sysbios.aem4f : BIOS.obj (.text:ti_sysbios_knl_Semaphore_post__E)
                  00005238    0000006d     ti.targets.arm.rtsarm.aem4f : System.oem4f (.text:xdc_runtime_System_formatNum__I)
                  000052a5    00000003     --HOLE-- [fill = 0]
                  000052a8    0000006c     sysbios.aem4f : BIOS.obj (.text:ti_sysbios_knl_Clock_workFunc__E)
                  00005314    00000004     empty_pem4f.oem4f (.text:ti_sysbios_heaps_HeapMem_Module_GateProxy_enter__E)
                  00005318    0000006c     sysbios.aem4f : BIOS.obj (.text:ti_sysbios_knl_Swi_restoreHwi__E)
                  00005384    00000004     empty_pem4f.oem4f (.text:ti_sysbios_heaps_HeapMem_Module_GateProxy_leave__E)
                  00005388    0000006c     sysbios.aem4f : BIOS.obj (.text:ti_sysbios_knl_Task_exit__E)
                  000053f4    0000006c     ti.targets.arm.rtsarm.aem4f : Error.oem4f (.text:xdc_runtime_Error_print__E)
                  00005460    0000006c                                 : Memory.oem4f (.text:xdc_runtime_Memory_alloc__E)
                  000054cc    0000006a     rtsv7M4_T_le_v4SPD16_eabi.lib : copy_decompress_rle.obj (.text)
                  00005536    00000002     --HOLE-- [fill = 0]
                  00005538    00000068     empty.obj (.text:ADC_HWI)
                  000055a0    00000068     rtsv7M4_T_le_v4SPD16_eabi.lib : trgmsg.obj (.text)
                  00005608    00000068     sysbios.aem4f : BIOS.obj (.text:ti_sysbios_family_arm_msp432_Timer_setNextTick__E)
                  00005670    00000066     rtsv7M4_T_le_v4SPD16_eabi.lib : xdunscal.obj (.text)
                  000056d6    00000066     ti.targets.arm.rtsarm.aem4f : Core-mem.oem4f (.text:xdc_runtime_Core_deleteObject__I)
                  0000573c    00000004     empty_pem4f.oem4f (.text:ti_sysbios_knl_Clock_TimerProxy_getMaxTicks__E)
                  00005740    00000064     sysbios.aem4f : BIOS.obj (.text:ti_sysbios_family_arm_m3_Hwi_dispatchC__I)
                  000057a4    00000060     Crystalfontz128x128_ST7735.obj (.text:Crystalfontz128x128_LineDrawH)
                  00005804    00000060     Crystalfontz128x128_ST7735.obj (.text:Crystalfontz128x128_LineDrawV)
                  00005864    00000060     rtsv7M4_T_le_v4SPD16_eabi.lib : sprintf.obj (.text)
                  000058c4    0000005c     empty.obj (.text:main)
                  00005920    0000005c     sysbios.aem4f : BIOS.obj (.text:ti_sysbios_knl_Swi_run__I)
                  0000597c    00000004     empty_pem4f.oem4f (.text:ti_sysbios_knl_Queue_destruct)
                  00005980    0000005c     sysbios.aem4f : BIOS.obj (.text:ti_sysbios_knl_Swi_schedule__I)
                  000059dc    00000004     empty_pem4f.oem4f (.text:ti_sysbios_knl_Semaphore_destruct)
                  000059e0    0000005c     sysbios.aem4f : BIOS.obj (.text:ti_sysbios_knl_Task_Module_startup__E)
                  00005a3c    00000004     ti.targets.arm.rtsarm.aem4f : Error.oem4f (.text:xdc_runtime_Error_getSite__E)
                  00005a40    0000005c     sysbios.aem4f : BIOS.obj (.text:ti_sysbios_knl_Task_startCore__E)
                  00005a9c    0000005b     ti.targets.arm.rtsarm.aem4f : Text.oem4f (.text:xdc_runtime_Text_putLab__E)
                  00005af7    00000001     --HOLE-- [fill = 0]
                  00005af8    00000058     boot.aem4f : boot.oem4f (.text)
                  00005b50    00000058     sysbios.aem4f : m3_Hwi_asm_switch.obj (.text:ti_sysbios_family_arm_m3_Hwi_initStacks__E)
                  00005ba8    00000058                   : BIOS.obj (.text:ti_sysbios_family_arm_msp432_Timer_periodicStub__E)
                  00005c00    00000056     rtsv7M4_T_le_v4SPD16_eabi.lib : ltoa.obj (.text)
                  00005c56    00000002     --HOLE-- [fill = 0]
                  00005c58    00000054     Crystalfontz128x128_ST7735.obj (.text:Crystalfontz128x128_SetOrientation)
                  00005cac    00000054     empty.obj (.text:drawData)
                  00005d00    00000054     empty.obj (.text:drawTitle)
                  00005d54    00000004     empty_pem4f.oem4f (.text:xdc_runtime_System_Module_GateProxy_enter__E)
                  00005d58    00000054     sysbios.aem4f : BIOS.obj (.text:ti_sysbios_family_arm_msp432_Timer_initDevice__I)
                  00005dac    00000004     empty_pem4f.oem4f (.text:xdc_runtime_System_Module_GateProxy_leave__E)
                  00005db0    00000054     sysbios.aem4f : BIOS.obj (.text:ti_sysbios_family_arm_msp432_init_Boot_configureClocksHigh)
                  00005e04    00000054     ti.targets.arm.rtsarm.aem4f : Assert.oem4f (.text:xdc_runtime_Assert_raise__I)
                  00005e58    00000052     rtsv7M4_T_le_v4SPD16_eabi.lib : ldexp.obj (.text)
                  00005eaa    00000002     --HOLE-- [fill = 0]
                  00005eac    00000050     msp432p4xx_driverlib.lib : pcm.o (.text:PCM_shutdownDevice)
                  00005efc    00000050     power_tirtos_MSP432P401R.aem4f : PowerMSP432_tirtos.oem4f (.text:PowerMSP432_sleepPolicy)
                  00005f4c    00000004     ti.targets.arm.rtsarm.aem4f : System.oem4f (.text:xdc_runtime_System_aprintf_va__F)
                  00005f50    00000050     sysbios.aem4f : BIOS.obj (.text:ti_sysbios_family_arm_m3_Hwi_Module_startup__E)
                  00005fa0    00000050     ti.targets.arm.rtsarm.aem4f : Startup.oem4f (.text:xdc_runtime_Startup_exec__E)
                  00005ff0    00000050                                 : Text.oem4f (.text:xdc_runtime_Text_visitRope2__I)
                  00006040    0000004c     msp432p4xx_driverlib.lib : gpio.o (.text:GPIO_setAsPeripheralModuleFunctionOutputPin)
                  0000608c    0000004c     rtsv7M4_T_le_v4SPD16_eabi.lib : atoi.obj (.text)
                  000060d8    0000004c                                   : cpy_tbl.obj (.text)
                  00006124    00000004     ti.targets.arm.rtsarm.aem4f : System.oem4f (.text:xdc_runtime_System_printf_va__F)
                  00006128    0000004c     sysbios.aem4f : BIOS.obj (.text:ti_sysbios_family_arm_msp432_Timer_start__E)
                  00006174    00000004     --HOLE-- [fill = 0]
                  00006178    0000004c                   : BIOS.obj (.text:ti_sysbios_heaps_HeapMem_getStats__E)
                  000061c4    00000004     --HOLE-- [fill = 0]
                  000061c8    0000004c                   : BIOS.obj (.text:ti_sysbios_knl_Swi_runLoop__I)
                  00006214    00000004     --HOLE-- [fill = 0]
                  00006218    0000004c                   : BIOS.obj (.text:ti_sysbios_knl_Task_allBlockedFunction__I)
                  00006264    00000004     --HOLE-- [fill = 0]
                  00006268    0000004c                   : BIOS.obj (.text:ti_sysbios_knl_Task_schedule__I)
                  000062b4    0000004a     context.obj (.text:Graphics_initContext)
                  000062fe    00000002     --HOLE-- [fill = 0]
                  00006300    00000048     msp432p4xx_driverlib.lib : gpio.o (.text:GPIO_setAsPeripheralModuleFunctionInputPin)
                  00006348    00000048     string.obj (.text:Graphics_drawStringCentered)
                  00006390    00000048     rtsv7M4_T_le_v4SPD16_eabi.lib : fd_toi_t2.obj (.text)
                  000063d8    00000048     sysbios.aem4f : BIOS.obj (.text:ti_sysbios_family_arm_m3_Hwi_enableInterrupt__E)
                  00006420    00000048                   : BIOS.obj (.text:ti_sysbios_family_arm_m3_Hwi_excReserved__I)
                  00006468    00000048                   : BIOS.obj (.text:ti_sysbios_knl_Mailbox_Module_startup__E)
                  000064b0    00000046     ti.targets.arm.rtsarm.aem4f : Core-params.oem4f (.text:xdc_runtime_Core_assignParams__I)
                  000064f6    00000002     --HOLE-- [fill = 0]
                  000064f8    00000044     rtsv7M4_T_le_v4SPD16_eabi.lib : exit.obj (.text)
                  0000653c    00000004     --HOLE-- [fill = 0]
                  00006540    00000044     sysbios.aem4f : BIOS.obj (.text:ti_sysbios_family_arm_m3_Hwi_getStackInfo__E)
                  00006584    00000004     --HOLE-- [fill = 0]
                  00006588    00000044                   : BIOS.obj (.text:ti_sysbios_knl_Swi_post__E)
                  000065cc    00000044     ti.targets.arm.rtsarm.aem4f : Error.oem4f (.text:xdc_runtime_Error_setX__E)
                  00006610    00000044                                 : SysMin.oem4f (.text:xdc_runtime_SysMin_flush__E)
                  00006654    00000044                                 : Text.oem4f (.text:xdc_runtime_Text_xprintf__I)
                  00006698    00000040     Crystalfontz128x128_ST7735.obj (.text:Crystalfontz128x128_PixelDraw)
                  000066d8    00000040     msp432p4xx_driverlib.lib : flash.o (.text:FlashCtl_disableReadBuffering)
                  00006718    00000040     string.obj (.text:Graphics_getNumberOfLeadingZeros)
                  00006758    00000040     HAL_MSP_EXP432P401R_Crystalfontz128x128_ST7735.obj (.text:HAL_LCD_SpiInit)
                  00006798    00000040     drivers_MSP432P401R.aem4f : PowerMSP432.oem4f (.text:notify)
                  000067d8    00000040     rtsv7M4_T_le_v4SPD16_eabi.lib : signal.obj (.text)
                  00006818    00000040                                   : u_divt2.obj (.text)
                  00006858    00000040     sysbios.aem4f : BIOS.obj (.text:ti_sysbios_family_arm_msp432_Timer_Module_startup__E)
                  00006898    00000040                   : BIOS.obj (.text:ti_sysbios_family_arm_msp432_Timer_startup__E)
                  000068d8    00000040                   : BIOS.obj (.text:ti_sysbios_heaps_HeapMem_Instance_init__E)
                  00006918    0000003c     drivers_MSP432P401R.aem4f : PowerMSP432.oem4f (.text:Power_init)
                  00006954    00000004     --HOLE-- [fill = 0]
                  00006958    0000003c     sysbios.aem4f : BIOS.obj (.text:ti_sysbios_family_arm_m3_Hwi_excSvCall__I)
                  00006994    00000004     --HOLE-- [fill = 0]
                  00006998    0000003c                   : BIOS.obj (.text:ti_sysbios_heaps_HeapMem_init__I)
                  000069d4    00000004     --HOLE-- [fill = 0]
                  000069d8    0000003c                   : BIOS.obj (.text:ti_sysbios_knl_Clock_Instance_init__E)
                  00006a14    00000004     --HOLE-- [fill = 0]
                  00006a18    0000003c                   : BIOS.obj (.text:ti_sysbios_knl_Swi_restore__E)
                  00006a54    00000004     --HOLE-- [fill = 0]
                  00006a58    00000038                   : BIOS.obj (.text:ti_sysbios_family_arm_m3_Hwi_excNoIsr__I)
                  00006a90    00000038     ti.targets.arm.rtsarm.aem4f : SysMin.oem4f (.text:xdc_runtime_SysMin_putch__E)
                  00006ac8    00000038                                 : System.oem4f (.text:xdc_runtime_System_atexit__E)
                  00006b00    00000034     msp432p4xx_driverlib.lib : flash.o (.text:FlashCtl_enableReadBuffering)
                  00006b34    00000034     display.obj (.text:Graphics_drawHorizontalLineOnDisplay)
                  00006b68    00000034     HAL_MSP_EXP432P401R_Crystalfontz128x128_ST7735.obj (.text:HAL_LCD_writeCommand)
                  00006b9c    00000034     rtsv7M4_T_le_v4SPD16_eabi.lib : feraiseexcept.obj (.text)
                  00006bd0    00000034     sysbios.aem4f : BIOS.obj (.text:ti_sysbios_family_arm_m3_Hwi_excNmi__I)
                  00006c04    00000034     empty_pem4f.oem4f (.text:ti_sysbios_knl_Clock_construct)
                  00006c38    00000034     ti.targets.arm.rtsarm.aem4f : Core-label.oem4f (.text:xdc_runtime_Core_assignLabel__I)
                  00006c6c    00000033                                 : Text.oem4f (.text:xdc_runtime_Text_printVisFxn__I)
                  00006c9f    00000001     --HOLE-- [fill = 0]
                  00006ca0    00000032     sysbios.aem4f : BIOS.obj (.text:ti_sysbios_hal_Hwi_initStack)
                  00006cd2    00000030     HAL_MSP_EXP432P401R_Crystalfontz128x128_ST7735.obj (.text:HAL_LCD_PortInit)
                  00006d02    00000002     --HOLE-- [fill = 0]
                  00006d04    00000030     msp432p4xx_driverlib.lib : spi.o (.text:is_A_Module)
                  00006d34    00000030     rtsv7M4_T_le_v4SPD16_eabi.lib : xdclass.obj (.text)
                  00006d64    00000030                                   : xferaise.obj (.text)
                  00006d94    00000030     empty_pem4f.oem4f (.text:ti_sysbios_BIOS_atExitFunc__I)
                  00006dc4    00000004     --HOLE-- [fill = 0]
                  00006dc8    00000030     sysbios.aem4f : BIOS.obj (.text:ti_sysbios_family_arm_m3_TaskSupport_start__E)
                  00006df8    00000030                   : BIOS.obj (.text:ti_sysbios_family_arm_msp432_Timer_setPeriod__E)
                  00006e28    00000030     empty_pem4f.oem4f (.text:ti_sysbios_gates_GateHwi_Object__create__S)
                  00006e58    00000030     empty_pem4f.oem4f (.text:ti_sysbios_gates_GateMutex_Object__create__S)
                  00006e88    00000030     sysbios.aem4f : BIOS.obj (.text:ti_sysbios_gates_GateMutex_enter__E)
                  00006eb8    00000030     empty_pem4f.oem4f (.text:ti_sysbios_heaps_HeapMem_Object__create__S)
                  00006ee8    00000030     sysbios.aem4f : BIOS.obj (.text:ti_sysbios_knl_Mailbox_postInit__I)
                  00006f18    00000030     empty_pem4f.oem4f (.text:ti_sysbios_knl_Semaphore_construct)
                  00006f48    00000030     sysbios.aem4f : BIOS.obj (.text:ti_sysbios_knl_Semaphore_pendTimeout__I)
                  00006f78    00000030                   : BIOS.obj (.text:ti_sysbios_knl_Task_processVitalTaskFlag__I)
                  00006fa8    00000030                   : BIOS.obj (.text:ti_sysbios_knl_Task_unblockI__E)
                  00006fd8    00000030     ti.targets.arm.rtsarm.aem4f : SysMin.oem4f (.text:xdc_runtime_SysMin_abort__E)
                  00007008    00000030                                 : System.oem4f (.text:xdc_runtime_System_processAtExit__E)
                  00007038    0000002e     rtsv7M4_T_le_v4SPD16_eabi.lib : i_tofd_t2.obj (.text)
                  00007066    0000002e                                   : raise.obj (.text)
                  00007094    0000002c     Crystalfontz128x128_ST7735.obj (.text:Crystalfontz128x128_ClearScreen)
                  000070c0    0000002c     msp432p4xx_driverlib.lib : pcm.o (.text:PCM_getCoreVoltageLevel)
                  000070ec    0000002c     power_tirtos_MSP432P401R.aem4f : PowerMSP432_tirtos.oem4f (.text:PowerMSP432_updateFreqs)
                  00007118    0000002c     empty_pem4f.oem4f (.text:ti_sysbios_knl_Clock_doTick__I)
                  00007144    0000002c     empty_pem4f.oem4f (.text:ti_sysbios_knl_Queue_construct)
                  00007170    0000002c     sysbios.aem4f : BIOS.obj (.text:ti_sysbios_knl_Task_restore__E)
                  0000719c    0000002c     ti.targets.arm.rtsarm.aem4f : Text.oem4f (.text:xdc_runtime_Text_cordText__E)
                  000071c8    0000002a     display.obj (.text:Graphics_drawPixelOnDisplay)
                  000071f2    0000002a     msp432p4xx_driverlib.lib : pcm.o (.text:PCM_getPowerMode)
                  0000721c    0000002a     rtsv7M4_T_le_v4SPD16_eabi.lib : frexp.obj (.text)
                  00007246    0000002a     ti.targets.arm.rtsarm.aem4f : System.oem4f (.text:xdc_runtime_System_putchar__I)
                  00007270    00000028     Crystalfontz128x128_ST7735.obj (.text:Crystalfontz128x128_ColorTranslate)
                  00007298    00000028     msp432p4xx_driverlib.lib : flash.o (.text:FlashCtl_setWaitState)
                  000072c0    00000028                              : pcm.o (.text:PCM_gotoLPM0)
                  000072e8    00000028     sysbios.aem4f : BIOS.obj (.text:ti_sysbios_knl_Clock_addI__E)
                  00007310    00000028                   : BIOS.obj (.text:ti_sysbios_knl_Swi_Module_startup__E)
                  00007338    00000026                   : m3_Hwi_asm.obj (.text:ti_sysbios_family_arm_m3_Hwi_pendSV__I)
                  0000735e    00000026     ti.targets.arm.rtsarm.aem4f : System.oem4f (.text:xdc_runtime_System_avprintf__E)
                  00007384    00000024     msp432p4xx_driverlib.lib : cs.o (.text:CS_setDCOCenteredFrequency)
                  000073a8    00000024                              : gpio.o (.text:GPIO_setAsOutputPin)
                  000073cc    00000024     HAL_MSP_EXP432P401R_Crystalfontz128x128_ST7735.obj (.text:HAL_LCD_writeData)
                  000073f0    00000024     msp432p4xx_driverlib.lib : rtc_c.o (.text:RTC_C_holdClock)
                  00007414    00000024                              : rtc_c.o (.text:RTC_C_startClock)
                  00007438    00000024     empty_pem4f.oem4f (.text:ti_sysbios_BIOS_errorRaiseHook__I)
                  0000745c    00000024     empty_pem4f.oem4f (.text:ti_sysbios_BIOS_registerRTSLock__I)
                  00007480    00000024     empty_pem4f.oem4f (.text:ti_sysbios_BIOS_removeRTSLock__I)
                  000074a4    00000024     empty_pem4f.oem4f (.text:ti_sysbios_BIOS_startFunc__I)
                  000074c8    00000024     sysbios.aem4f : BIOS.obj (.text:ti_sysbios_family_arm_msp432_ClockFreqs_setFrequency__E)
                  000074ec    00000004     --HOLE-- [fill = 0]
                  000074f0    00000024                   : BIOS.obj (.text:ti_sysbios_family_arm_msp432_Timer_postInit__I)
                  00007514    00000024     empty_pem4f.oem4f (.text:ti_sysbios_gates_GateMutex_Object__delete__S)
                  00007538    00000024     sysbios.aem4f : BIOS.obj (.text:ti_sysbios_knl_Clock_Module_startup__E)
                  0000755c    00000004     --HOLE-- [fill = 0]
                  00007560    00000024                   : BIOS.obj (.text:ti_sysbios_knl_Clock_start__E)
                  00007584    00000004     --HOLE-- [fill = 0]
                  00007588    00000024                   : BIOS.obj (.text:ti_sysbios_knl_Semaphore_Instance_init__E)
                  000075ac    00000004     --HOLE-- [fill = 0]
                  000075b0    00000024                   : BIOS.obj (.text:ti_sysbios_knl_Task_restoreHwi__E)
                  000075d4    00000024     ti.targets.arm.rtsarm.aem4f : System.oem4f (.text:xdc_runtime_System_vprintf__E)
                  000075f8    00000022     empty_pem4f.oem4f (.text:xdc_runtime_SysMin_output__I)
                  0000761a    00000002     --HOLE-- [fill = 0]
                  0000761c    00000020     drivers_MSP432P401R.aem4f : PowerMSP432.oem4f (.text:Power_idleFunc)
                  0000763c    00000020     msp432p4xx_driverlib.lib : spi.o (.text:SPI_transmitData)
                  0000765c    00000020     empty_pem4f.oem4f (.text:ti_sysbios_BIOS_rtsLock__I)
                  0000767c    00000020     sysbios.aem4f : m3_Hwi_asm.obj (.text:ti_sysbios_family_arm_m3_Hwi_excHandlerAsm__I)
                  0000769c    00000004     --HOLE-- [fill = 0]
                  000076a0    00000020                   : BIOS.obj (.text:ti_sysbios_family_arm_m3_Hwi_excHandler__I)
                  000076c0    00000020     empty_pem4f.oem4f (.text:ti_sysbios_gates_GateHwi_Object__delete__S)
                  000076e0    00000020     empty_pem4f.oem4f (.text:ti_sysbios_heaps_HeapMem_Object__delete__S)
                  00007700    00000020     sysbios.aem4f : BIOS.obj (.text:ti_sysbios_knl_Idle_run__E)
                  00007720    00000020     empty_pem4f.oem4f (.text:ti_sysbios_knl_Semaphore_Object__destruct__S)
                  00007740    00000020     ti.targets.arm.rtsarm.aem4f : Registry.oem4f (.text:xdc_runtime_Registry_findById__E)
                  00007760    00000020                                 : SysMin.oem4f (.text:xdc_runtime_SysMin_Module_startup__E)
                  00007780    0000001e     sysbios.aem4f : m3_Hwi_asm_switch.obj (.text:ti_sysbios_family_xxx_Hwi_switchAndRunFunc)
                  0000779e    0000001c     rtsv7M4_T_le_v4SPD16_eabi.lib : memccpy.obj (.text)
                  000077ba    00000006                                   : copy_decompress_rle.obj (.text:decompress:rle24)
                  000077c0    0000001c     sysbios.aem4f : BIOS.obj (.text:ti_sysbios_gates_GateMutex_Instance_init__E)
                  000077dc    0000001c     empty_pem4f.oem4f (.text:ti_sysbios_knl_Queue_Object__destruct__S)
                  000077f8    0000001c     sysbios.aem4f : BIOS.obj (.text:ti_sysbios_knl_Queue_get__E)
                  00007814    00000004     --HOLE-- [fill = 0]
                  00007818    0000001c                   : BIOS.obj (.text:ti_sysbios_knl_Queue_put__E)
                  00007834    00000004     --HOLE-- [fill = 0]
                  00007838    0000001c                   : BIOS.obj (.text:ti_sysbios_knl_Task_enter__I)
                  00007854    0000001c     ti.targets.arm.rtsarm.aem4f : Error.oem4f (.text:xdc_runtime_Error_raiseX__E)
                  00007870    0000001c                                 : Memory.oem4f (.text:xdc_runtime_Memory_valloc__E)
                  0000788c    0000001c                                 : SysMin.oem4f (.text:xdc_runtime_SysMin_exit__E)
                  000078a8    0000001c                                 : System.oem4f (.text:xdc_runtime_System_abort__E)
                  000078c4    0000001a     context.obj (.text:Graphics_setBackgroundColor)
                  000078de    0000001a     context.obj (.text:Graphics_setFont)
                  000078f8    0000001a     msp432p4xx_driverlib.lib : spi.o (.text:SPI_enableModule)
                  00007912    0000001a     empty_pem4f.oem4f (.text:ti_sysbios_family_arm_m3_Hwi_Handle__label__S)
                  0000792c    0000001a     empty_pem4f.oem4f (.text:ti_sysbios_gates_GateHwi_Handle__label__S)
                  00007946    0000001a     empty_pem4f.oem4f (.text:ti_sysbios_gates_GateMutex_Handle__label__S)
                  00007960    0000001a     empty_pem4f.oem4f (.text:ti_sysbios_heaps_HeapMem_Handle__label__S)
                  0000797a    0000001a     empty_pem4f.oem4f (.text:ti_sysbios_knl_Swi_Handle__label__S)
                  00007994    0000001a     empty_pem4f.oem4f (.text:ti_sysbios_knl_Task_Handle__label__S)
                  000079ae    0000001a     empty_pem4f.oem4f (.text:xdc_runtime_System_aprintf__E)
                  000079c8    0000001a     empty_pem4f.oem4f (.text:xdc_runtime_System_printf__E)
                  000079e2    00000002     --HOLE-- [fill = 0]
                  000079e4    00000018     msp432p4xx_driverlib.lib : adc14.o (.text:ADC14_getResult)
                  000079fc    00000018                              : gpio.o (.text:GPIO_setOutputLowOnPin)
                  00007a14    00000018     display.obj (.text:Graphics_clearDisplayOnDisplay)
                  00007a2c    00000018     msp432p4xx_driverlib.lib : wdt_a.o (.text:WDT_A_holdTimer)
                  00007a44    00000018     rtsv7M4_T_le_v4SPD16_eabi.lib : args_main.obj (.text)
                  00007a5c    00000018     empty_pem4f.oem4f (.text:ti_sysbios_BIOS_rtsUnlock__I)
                  00007a74    00000018     empty_pem4f.oem4f (.text:ti_sysbios_family_arm_m3_Hwi_Module__startupDone__F)
                  00007a8c    00000018     sysbios.aem4f : m3_TaskSupport_asm.obj (.text:ti_sysbios_family_arm_m3_TaskSupport_swap__E)
                  00007aa4    00000018     empty_pem4f.oem4f (.text:ti_sysbios_family_arm_msp432_Timer_Module__startupDone__F)
                  00007abc    00000004     --HOLE-- [fill = 0]
                  00007ac0    00000018     sysbios.aem4f : BIOS.obj (.text:ti_sysbios_gates_GateMutex_leave__E)
                  00007ad8    00000018     ti.targets.arm.rtsarm.aem4f : Error.oem4f (.text:xdc_runtime_Error_check__E)
                  00007af0    00000018                                 : System.oem4f (.text:xdc_runtime_System_exit__E)
                  00007b08    00000018                                 : Text.oem4f (.text:xdc_runtime_Text_ropeText__E)
                  00007b20    00000016     context.obj (.text:Graphics_setForegroundColor)
                  00007b36    00000016     display.obj (.text:Graphics_translateColorOnDisplay)
                  00007b4c    00000016     rtsv7M4_T_le_v4SPD16_eabi.lib : strchr.obj (.text)
                  00007b62    00000016     empty_pem4f.oem4f (.text:ti_sysbios_BIOS_exitFunc__I)
                  00007b78    00000016     empty.obj (.text:ti_sysbios_knl_Clock_Params_init)
                  00007b8e    00000002     --HOLE-- [fill = 0]
                  00007b90    00000016     sysbios.aem4f : BIOS.obj (.text:ti_sysbios_knl_Task_unblock__E)
                  00007ba6    00000002     --HOLE-- [fill = 0]
                  00007ba8    00000014     msp432p4xx_driverlib.lib : gpio.o (.text:GPIO_setOutputHighOnPin)
                  00007bbc    00000014                              : wdt_a.o (.text:WDT_A_startTimer)
                  00007bd0    00000014     empty.obj (.text:clk0Fxn)
                  00007be4    00000014     rtsv7M4_T_le_v4SPD16_eabi.lib : _lock.obj (.text)
                  00007bf8    00000014                                   : strcpy.obj (.text)
                  00007c0c    00000014                                   : strlen.obj (.text)
                  00007c20    00000014     empty_pem4f.oem4f (.text:ti_sysbios_family_arm_m3_Hwi_Object__get__S)
                  00007c34    00000004     --HOLE-- [fill = 0]
                  00007c38    00000014     sysbios.aem4f : BIOS.obj (.text:ti_sysbios_family_arm_m3_Hwi_switchFromBootStack__E)
                  00007c4c    00000014     empty_pem4f.oem4f (.text:ti_sysbios_heaps_HeapMem_Object__get__S)
                  00007c60    00000014     empty_pem4f.oem4f (.text:ti_sysbios_knl_Mailbox_Object__get__S)
                  00007c74    00000014     empty_pem4f.oem4f (.text:ti_sysbios_knl_Swi_Object__get__S)
                  00007c88    00000012     context.obj (.text:Graphics_clearDisplay)
                  00007c9a    00000006     ti.targets.arm.rtsarm.aem4f : System.oem4f (.text:xdc_runtime_System_Module_startup__E)
                  00007ca0    00000012     sysbios.aem4f : BIOS.obj (.text:ti_sysbios_hal_Hwi_Module_startup__E)
                  00007cb2    00000012     empty_pem4f.oem4f (.text:xdc_runtime_Startup_exec__I)
                  00007cc4    00000010     msp432p4xx_driverlib.lib : pcm.o (.text:PCM_gotoLPM4)
                  00007cd4    00000004     --HOLE-- [fill = 0]
                  00007cd8    00000010     sysbios.aem4f : BIOS.obj (.text:ti_sysbios_BIOS_exit__E)
                  00007ce8    00000010                   : BIOS.obj (.text:ti_sysbios_BIOS_setCpuFreq__E)
                  00007cf8    00000010                   : BIOS.obj (.text:ti_sysbios_BIOS_setThreadType__E)
                  00007d08    00000010                   : BIOS.obj (.text:ti_sysbios_BIOS_start__E)
                  00007d18    00000010                   : m3_TaskSupport_asm.obj (.text:ti_sysbios_family_arm_m3_TaskSupport_glue)
                  00007d28    00000010                   : BIOS.obj (.text:ti_sysbios_family_arm_msp432_init_Boot_disableWatchdog)
                  00007d38    00000010                   : BIOS.obj (.text:ti_sysbios_gates_GateMutex_Instance_finalize__E)
                  00007d48    00000010                   : BIOS.obj (.text:ti_sysbios_knl_Semaphore_Instance_finalize__E)
                  00007d58    00000010                   : BIOS.obj (.text:ti_sysbios_knl_Swi_disable__E)
                  00007d68    00000010     empty_pem4f.oem4f (.text:ti_sysbios_knl_Task_Object__get__S)
                  00007d78    00000010     sysbios.aem4f : BIOS.obj (.text:ti_sysbios_knl_Task_disable__E)
                  00007d88    00000010     ti.targets.arm.rtsarm.aem4f : Gate.oem4f (.text:xdc_runtime_Gate_leaveSystem__E)
                  00007d98    00000010                                 : Memory.oem4f (.text:xdc_runtime_Memory_free__E)
                  00007da8    00000010                                 : SysMin.oem4f (.text:xdc_runtime_SysMin_ready__E)
                  00007db8    00000010                                 : System.oem4f (.text:xdc_runtime_System_vsnprintf__E)
                  00007dc8    00000010     empty_pem4f.oem4f (.text:xdc_runtime_Text_visitRope__I)
                  00007dd8    0000000e     rtsv7M4_T_le_v4SPD16_eabi.lib : copy_decompress_none.obj (.text:decompress:none)
                  00007de6    00000002     --HOLE-- [fill = 0]
                  00007de8    0000000e     sysbios.aem4f : BIOS.obj (.text:ti_sysbios_knl_Queue_empty__E)
                  00007df6    0000000c     empty_pem4f.oem4f (.text:.bootCodeSection:ti_sysbios_family_arm_msp432_init_Boot_init__I)
                  00007e02    0000000c     msp432p4xx_driverlib.lib : cpu.o (.text:CPU_cpsid)
                  00007e0e    0000000c                              : cpu.o (.text:CPU_cpsie)
                  00007e1a    0000000c                              : spi.o (.text:EUSCI_A_SPI_enable)
                  00007e26    0000000c                              : spi.o (.text:EUSCI_B_SPI_enable)
                  00007e32    00000002     --HOLE-- [fill = 0]
                  00007e34    0000000c                              : pcm.o (.text:PCM_getPowerState)
                  00007e40    0000000c     drivers_MSP432P401R.aem4f : PowerMSP432.oem4f (.text:Power_getConstraintMask)
                  00007e4c    0000000c     rtsv7M4_T_le_v4SPD16_eabi.lib : copy_zero_init.obj (.text:decompress:ZI)
                  00007e58    0000000c     sysbios.aem4f : BIOS.obj (.text:ti_sysbios_family_arm_msp432_Timer_getMaxTicks__E)
                  00007e64    00000004     --HOLE-- [fill = 0]
                  00007e68    0000000c                   : BIOS.obj (.text:ti_sysbios_gates_GateHwi_enter__E)
                  00007e74    0000000c     empty_pem4f.oem4f (.text:ti_sysbios_knl_Clock_Params__init__S)
                  00007e80    0000000c     empty.obj (.text:ti_sysbios_knl_Clock_handle)
                  00007e8c    0000000c     empty_pem4f.oem4f (.text:ti_sysbios_knl_Queue_Object__get__S)
                  00007e98    0000000c     ti.targets.arm.rtsarm.aem4f : Error.oem4f (.text:xdc_runtime_Error_init__E)
                  00007ea4    0000000c                                 : Gate.oem4f (.text:xdc_runtime_Gate_enterSystem__E)
                  00007eb0    0000000c                                 : Memory.oem4f (.text:xdc_runtime_Memory_calloc__E)
                  00007ebc    0000000c                                 : Memory.oem4f (.text:xdc_runtime_Memory_getMaxDefaultTypeAlign__E)
                  00007ec8    0000000a     Crystalfontz128x128_ST7735.obj (.text:Crystalfontz128x128_Flush)
                  00007ed2    0000000a     empty_pem4f.oem4f (.text:xdc_runtime_IHeap_alloc)
                  00007edc    0000000a     empty_pem4f.oem4f (.text:xdc_runtime_IHeap_free)
                  00007ee6    00000008     msp432p4xx_driverlib.lib : spi.o (.text:EUSCI_B_SPI_getInterruptStatus)
                  00007eee    00000008     MSP_EXP432P401R.obj (.text:MSP_EXP432P401R_initGeneral)
                  00007ef6    00000008     msp432p4xx_driverlib.lib : pcm.o (.text:PCM_setPowerMode)
                  00007efe    00000008                              : pcm.o (.text:PCM_setPowerState)
                  00007f06    00000002     --HOLE-- [fill = 0]
                  00007f08    00000008     sysbios.aem4f : BIOS.obj (.text:ti_sysbios_family_arm_m3_Hwi_doSwiRestore__I)
                  00007f10    00000008                   : BIOS.obj (.text:ti_sysbios_family_arm_m3_Hwi_startup__E)
                  00007f18    00000006                   : BIOS.obj (.text:ti_sysbios_family_arm_m3_Hwi_doTaskRestore__I)
                  00007f1e    00000002     --HOLE-- [fill = 0]
                  00007f20    00000006                   : BIOS.obj (.text:ti_sysbios_gates_GateHwi_leave__E)
                  00007f26    00000002     --HOLE-- [fill = 0]
                  00007f28    00000006                   : BIOS.obj (.text:ti_sysbios_heaps_HeapMem_isBlocking__E)
                  00007f2e    00000002     --HOLE-- [fill = 0]
                  00007f30    00000006                   : BIOS.obj (.text:ti_sysbios_knl_Queue_Instance_init__E)
                  00007f36    00000002     --HOLE-- [fill = 0]
                  00007f38    00000006                   : BIOS.obj (.text:ti_sysbios_knl_Swi_startup__E)
                  00007f3e    00000002     --HOLE-- [fill = 0]
                  00007f40    00000004                   : BIOS.obj (.text:ti_sysbios_gates_GateHwi_query__E)
                  00007f44    00000004     --HOLE-- [fill = 0]
                  00007f48    00000004                   : BIOS.obj (.text:ti_sysbios_gates_GateMutex_query__E)
                  00007f4c    00000004     --HOLE-- [fill = 0]
                  00007f50    00000004                   : BIOS.obj (.text:ti_sysbios_knl_Semaphore_getCount__E)
                  00007f54    00000004     --HOLE-- [fill = 0]
                  00007f58    00000004                   : BIOS.obj (.text:ti_sysbios_knl_Task_startup__E)
                  00007f5c    00000004     --HOLE-- [fill = 0]
                  00007f60    00000002                   : BIOS.obj (.text:ti_sysbios_gates_GateHwi_Instance_init__E)
                  00007f62    00000006     --HOLE-- [fill = 0]
                  00007f68    00000002                   : BIOS.obj (.text:ti_sysbios_knl_Clock_logTick__E)

.const     0    00007f6c    000022ac     
                  00007f6c    0000184e     empty_pem4f.oem4f (.const:xdc_runtime_Text_charTab__A)
                  000097ba    000002f8     fontfixed6x8.obj (.const:.string:g_pucFontFixed6x8Data)
                  00009ab2    00000101     rtsv7M4_T_le_v4SPD16_eabi.lib : ctype.obj (.const:.string:_ctypes_)
                  00009bb3    00000001     empty_pem4f.oem4f (.const:xdc_runtime_Error_policy__C)
                  00009bb4    000000c8     fontfixed6x8.obj (.const:g_sFontFixed6x8)
                  00009c7c    000000b8     empty_pem4f.oem4f (.const:xdc_runtime_Text_nodeTab__A)
                  00009d34    00000080     msp432p4xx_driverlib.lib : adc14.o (.const:_ctlRegs)
                  00009db4    00000048     empty_pem4f.oem4f (.const:.string)
                  00009dfc    0000002c     Crystalfontz128x128_ST7735.obj (.const:g_sCrystalfontz128x128)
                  00009e28    00000028     empty_pem4f.oem4f (.const:ti_sysbios_heaps_HeapMem_Module__FXNS__C)
                  00009e50    00000024     init_all.obj (.const:$P$T0$1)
                  00009e74    00000024     empty_pem4f.oem4f (.const:ti_sysbios_gates_GateHwi_Module__FXNS__C)
                  00009e98    00000024     empty_pem4f.oem4f (.const:ti_sysbios_gates_GateMutex_Module__FXNS__C)
                  00009ebc    00000024     empty_pem4f.oem4f (.const:ti_sysbios_heaps_HeapMem_Object__PARAMS__C)
                  00009ee0    00000024     empty_pem4f.oem4f (.const:ti_sysbios_knl_Clock_Object__PARAMS__C)
                  00009f04    00000024     empty_pem4f.oem4f (.const:ti_sysbios_knl_Semaphore_Object__PARAMS__C)
                  00009f28    00000024     empty_pem4f.oem4f (.const:xdc_runtime_Startup_sfxnTab__A)
                  00009f4c    00000020     empty_pem4f.oem4f (.const:ti_sysbios_gates_GateHwi_Object__DESC__C)
                  00009f6c    00000020     empty_pem4f.oem4f (.const:ti_sysbios_gates_GateMutex_Object__DESC__C)
                  00009f8c    00000020     empty_pem4f.oem4f (.const:ti_sysbios_heaps_HeapMem_Object__DESC__C)
                  00009fac    00000020     empty_pem4f.oem4f (.const:ti_sysbios_knl_Clock_Object__DESC__C)
                  00009fcc    00000020     empty_pem4f.oem4f (.const:ti_sysbios_knl_Queue_Object__DESC__C)
                  00009fec    00000020     empty_pem4f.oem4f (.const:ti_sysbios_knl_Semaphore_Object__DESC__C)
                  0000a00c    0000001c     HAL_MSP_EXP432P401R_Crystalfontz128x128_ST7735.obj (.const)
                  0000a028    00000018     empty_pem4f.oem4f (.const)
                  0000a040    00000018     empty_pem4f.oem4f (.const:ti_sysbios_gates_GateHwi_Object__PARAMS__C)
                  0000a058    00000018     empty_pem4f.oem4f (.const:ti_sysbios_gates_GateMutex_Object__PARAMS__C)
                  0000a070    00000018     empty_pem4f.oem4f (.const:ti_sysbios_knl_Queue_Object__PARAMS__C)
                  0000a088    00000012     empty_pem4f.oem4f (.const:xdc_runtime_Startup_sfxnRts__A)
                  0000a09a    00000002     empty_pem4f.oem4f (.const:ti_sysbios_family_arm_m3_Hwi_Module__id__C)
                  0000a09c    00000010     MSP_EXP432P401R.obj (.const)
                  0000a0ac    0000000c     empty_pem4f.oem4f (.const:xdc_runtime_Startup_firstFxns__A)
                  0000a0b8    00000008     Crystalfontz128x128_ST7735.obj (.const)
                  0000a0c0    00000008     empty_pem4f.oem4f (.const:ti_sysbios_family_arm_m3_Hwi_excHookFuncs__A)
                  0000a0c8    00000008     empty_pem4f.oem4f (.const:ti_sysbios_knl_Idle_funcList__A)
                  0000a0d0    00000008     empty_pem4f.oem4f (.const:ti_sysbios_knl_Idle_funcList__C)
                  0000a0d8    00000008     empty_pem4f.oem4f (.const:xdc_runtime_Startup_firstFxns__C)
                  0000a0e0    00000008     empty_pem4f.oem4f (.const:xdc_runtime_Startup_lastFxns__C)
                  0000a0e8    00000004     empty_pem4f.oem4f (.const:ti_sysbios_family_arm_m3_Hwi_E_NMI__C)
                  0000a0ec    00000004     empty_pem4f.oem4f (.const:ti_sysbios_family_arm_m3_Hwi_E_busFault__C)
                  0000a0f0    00000004     empty_pem4f.oem4f (.const:ti_sysbios_family_arm_m3_Hwi_E_debugMon__C)
                  0000a0f4    00000004     empty_pem4f.oem4f (.const:ti_sysbios_family_arm_m3_Hwi_E_hardFault__C)
                  0000a0f8    00000004     empty_pem4f.oem4f (.const:ti_sysbios_family_arm_m3_Hwi_E_memFault__C)
                  0000a0fc    00000004     empty_pem4f.oem4f (.const:ti_sysbios_family_arm_m3_Hwi_E_noIsr__C)
                  0000a100    00000004     empty_pem4f.oem4f (.const:ti_sysbios_family_arm_m3_Hwi_E_reserved__C)
                  0000a104    00000004     empty_pem4f.oem4f (.const:ti_sysbios_family_arm_m3_Hwi_E_svCall__C)
                  0000a108    00000004     empty_pem4f.oem4f (.const:ti_sysbios_family_arm_m3_Hwi_E_usageFault__C)
                  0000a10c    00000004     empty_pem4f.oem4f (.const:ti_sysbios_family_arm_m3_Hwi_NUM_INTERRUPTS__C)
                  0000a110    00000004     empty_pem4f.oem4f (.const:ti_sysbios_family_arm_m3_Hwi_Object__count__C)
                  0000a114    00000004     empty_pem4f.oem4f (.const:ti_sysbios_family_arm_m3_Hwi_ccr__C)
                  0000a118    00000004     empty_pem4f.oem4f (.const:ti_sysbios_family_arm_m3_Hwi_excHandlerFunc__C)
                  0000a11c    00000004     empty_pem4f.oem4f (.const:ti_sysbios_family_arm_m3_Hwi_excHookFuncs__C)
                  0000a120    00000004     empty_pem4f.oem4f (.const:ti_sysbios_family_arm_m3_Hwi_nullIsrFunc__C)
                  0000a124    00000004     empty_pem4f.oem4f (.const:ti_sysbios_family_arm_m3_Hwi_priGroup__C)
                  0000a128    00000004     empty_pem4f.oem4f (.const:ti_sysbios_family_arm_msp432_Timer_numTimerDevices__C)
                  0000a12c    00000004     empty_pem4f.oem4f (.const:ti_sysbios_family_arm_msp432_Timer_startupNeeded__C)
                  0000a130    00000004     empty_pem4f.oem4f (.const:ti_sysbios_gates_GateMutex_Instance_State_sem__O)
                  0000a134    00000004     empty_pem4f.oem4f (.const:ti_sysbios_heaps_HeapMem_E_memory__C)
                  0000a138    00000004     empty_pem4f.oem4f (.const:ti_sysbios_heaps_HeapMem_Module__gateObj__C)
                  0000a13c    00000004     empty_pem4f.oem4f (.const:ti_sysbios_heaps_HeapMem_Object__count__C)
                  0000a140    00000004     empty_pem4f.oem4f (.const:ti_sysbios_heaps_HeapMem_reqAlign__C)
                  0000a144    00000004     empty_pem4f.oem4f (.const:ti_sysbios_knl_Clock_Module_State_clockQ__O)
                  0000a148    00000004     empty_pem4f.oem4f (.const:ti_sysbios_knl_Mailbox_Instance_State_dataQue__O)
                  0000a14c    00000004     empty_pem4f.oem4f (.const:ti_sysbios_knl_Mailbox_Instance_State_dataSem__O)
                  0000a150    00000004     empty_pem4f.oem4f (.const:ti_sysbios_knl_Mailbox_Instance_State_freeQue__O)
                  0000a154    00000004     empty_pem4f.oem4f (.const:ti_sysbios_knl_Mailbox_Instance_State_freeSem__O)
                  0000a158    00000004     empty_pem4f.oem4f (.const:ti_sysbios_knl_Mailbox_Object__count__C)
                  0000a15c    00000004     empty_pem4f.oem4f (.const:ti_sysbios_knl_Mailbox_maxTypeAlign__C)
                  0000a160    00000004     empty_pem4f.oem4f (.const:ti_sysbios_knl_Semaphore_Instance_State_pendQ__O)
                  0000a164    00000004     empty_pem4f.oem4f (.const:ti_sysbios_knl_Swi_Object__count__C)
                  0000a168    00000004     empty_pem4f.oem4f (.const:ti_sysbios_knl_Task_Module_State_inactiveQ__O)
                  0000a16c    00000004     empty_pem4f.oem4f (.const:ti_sysbios_knl_Task_Object__count__C)
                  0000a170    00000004     empty_pem4f.oem4f (.const:ti_sysbios_knl_Task_allBlockedFunc__C)
                  0000a174    00000004     empty_pem4f.oem4f (.const:ti_sysbios_knl_Task_numConstructedTasks__C)
                  0000a178    00000004     empty_pem4f.oem4f (.const:xdc_runtime_Assert_E_assertFailed__C)
                  0000a17c    00000004     empty_pem4f.oem4f (.const:xdc_runtime_Core_A_initializedParams__C)
                  0000a180    00000004     empty_pem4f.oem4f (.const:xdc_runtime_Core_Module__diagsEnabled__C)
                  0000a184    00000004     empty_pem4f.oem4f (.const:xdc_runtime_Core_Module__diagsIncluded__C)
                  0000a188    00000004     empty_pem4f.oem4f (.const:xdc_runtime_Core_Module__diagsMask__C)
                  0000a18c    00000004     empty_pem4f.oem4f (.const:xdc_runtime_Error_E_memory__C)
                  0000a190    00000004     empty_pem4f.oem4f (.const:xdc_runtime_Error_Module__diagsEnabled__C)
                  0000a194    00000004     empty_pem4f.oem4f (.const:xdc_runtime_Error_Module__diagsIncluded__C)
                  0000a198    00000004     empty_pem4f.oem4f (.const:xdc_runtime_Error_Module__diagsMask__C)
                  0000a19c    00000004     empty_pem4f.oem4f (.const:xdc_runtime_Error_Module__loggerFxn8__C)
                  0000a1a0    00000004     empty_pem4f.oem4f (.const:xdc_runtime_Error_Module__loggerObj__C)
                  0000a1a4    00000004     empty_pem4f.oem4f (.const:xdc_runtime_Error_policyFxn__C)
                  0000a1a8    00000004     empty_pem4f.oem4f (.const:xdc_runtime_Error_raiseHook__C)
                  0000a1ac    00000004     empty_pem4f.oem4f (.const:xdc_runtime_IGateProvider_Interface__BASE__C)
                  0000a1b0    00000004     empty_pem4f.oem4f (.const:xdc_runtime_IHeap_Interface__BASE__C)
                  0000a1b4    00000004     empty_pem4f.oem4f (.const:xdc_runtime_IModule_Interface__BASE__C)
                  0000a1b8    00000004     empty_pem4f.oem4f (.const:xdc_runtime_Log_L_error__C)
                  0000a1bc    00000004     empty_pem4f.oem4f (.const:xdc_runtime_Memory_defaultHeapInstance__C)
                  0000a1c0    00000004     empty_pem4f.oem4f (.const:xdc_runtime_Startup_execImpl__C)
                  0000a1c4    00000004     empty_pem4f.oem4f (.const:xdc_runtime_Startup_maxPasses__C)
                  0000a1c8    00000004     empty_pem4f.oem4f (.const:xdc_runtime_Startup_sfxnRts__C)
                  0000a1cc    00000004     empty_pem4f.oem4f (.const:xdc_runtime_Startup_sfxnTab__C)
                  0000a1d0    00000004     empty_pem4f.oem4f (.const:xdc_runtime_SysMin_bufSize__C)
                  0000a1d4    00000004     empty_pem4f.oem4f (.const:xdc_runtime_SysMin_outputFunc__C)
                  0000a1d8    00000004     empty_pem4f.oem4f (.const:xdc_runtime_System_Module__gateObj__C)
                  0000a1dc    00000004     empty_pem4f.oem4f (.const:xdc_runtime_System_abortFxn__C)
                  0000a1e0    00000004     empty_pem4f.oem4f (.const:xdc_runtime_System_exitFxn__C)
                  0000a1e4    00000004     empty_pem4f.oem4f (.const:xdc_runtime_System_extendFxn__C)
                  0000a1e8    00000004     empty_pem4f.oem4f (.const:xdc_runtime_System_maxAtexitHandlers__C)
                  0000a1ec    00000004     empty_pem4f.oem4f (.const:xdc_runtime_Text_charTab__C)
                  0000a1f0    00000004     empty_pem4f.oem4f (.const:xdc_runtime_Text_nameEmpty__C)
                  0000a1f4    00000004     empty_pem4f.oem4f (.const:xdc_runtime_Text_nameStatic__C)
                  0000a1f8    00000004     empty_pem4f.oem4f (.const:xdc_runtime_Text_nameUnknown__C)
                  0000a1fc    00000004     empty_pem4f.oem4f (.const:xdc_runtime_Text_nodeTab__C)
                  0000a200    00000004     empty_pem4f.oem4f (.const:xdc_runtime_Text_visitRopeFxn__C)
                  0000a204    00000002     empty_pem4f.oem4f (.const:ti_sysbios_heaps_HeapMem_Module__id__C)
                  0000a206    00000002     empty_pem4f.oem4f (.const:xdc_runtime_Core_Module__id__C)
                  0000a208    00000002     empty_pem4f.oem4f (.const:xdc_runtime_Error_Module__loggerDefined__C)
                  0000a20a    00000002     empty_pem4f.oem4f (.const:xdc_runtime_Error_maxDepth__C)
                  0000a20c    00000002     empty_pem4f.oem4f (.const:xdc_runtime_Memory_Module__id__C)
                  0000a20e    00000002     empty_pem4f.oem4f (.const:xdc_runtime_SysMin_flushAtExit__C)
                  0000a210    00000002     empty_pem4f.oem4f (.const:xdc_runtime_Text_charCnt__C)
                  0000a212    00000002     empty_pem4f.oem4f (.const:xdc_runtime_Text_isLoaded__C)
                  0000a214    00000002     empty_pem4f.oem4f (.const:xdc_runtime_Text_registryModsLastId__C)
                  0000a216    00000002     empty_pem4f.oem4f (.const:xdc_runtime_Text_unnamedModsLastId__C)

.cinit     0    0000a218    000004e8     
                  0000a218    000004b3     (.cinit..data.load) [load image, compression = rle]
                  0000a6cb    00000001     --HOLE-- [fill = 0]
                  0000a6cc    0000000c     (__TI_handler_table)
                  0000a6d8    00000008     (.cinit..bss.load) [load image, compression = zero_init]
                  0000a6e0    00000008     (.cinit..vecs.load) [load image, compression = zero_init]
                  0000a6e8    00000018     (__TI_cinit_table)

.resetVecs 
*          0    00000000    0000003c     
                  00000000    0000003c     empty_pem4f.oem4f (.resetVecs)

.bss       0    20000140    000030aa     UNINITIALIZED
                  20000140    00002580     empty_pem4f.oem4f (.bss:ti_sysbios_knl_Mailbox_Instance_State_0_allocBuf__A)
                  200026c0    00000400     empty_pem4f.oem4f (.bss:ti_sysbios_heaps_HeapMem_Instance_State_0_buf__A)
                  20002ac0    00000200     empty_pem4f.oem4f (.bss:taskStackSection)
                  20002cc0    000001e0     empty_pem4f.oem4f (.bss:ti_sysbios_knl_Mailbox_Instance_State_1_allocBuf__A)
                  20002ea0    00000140     empty_pem4f.oem4f (.bss:ti_sysbios_family_arm_m3_Hwi_dispatchTable)
                  20002fe0    00000120     rtsv7M4_T_le_v4SPD16_eabi.lib : trgmsg.obj (.bss:__CIOBUF_)
                  20003100    00000080     empty_pem4f.oem4f (.bss:xdc_runtime_SysMin_Module_State_0_outbuf__A)
                  20003180    00000024     empty.obj (.bss:clk0Struct)
                  200031a4    0000001c     (.common:g_sContext)
                  200031c0    00000008     (.common:parmbuf)
                  200031c8    00000004     (.common:clk0Handle)
                  200031cc    00000004     (.common:receiveData)
                  200031d0    00000002     (.common:Lcd_ScreenHeigth)
                  200031d2    00000002     (.common:Lcd_ScreenWidth)
                  200031d4    00000002     (.common:Lcd_TouchTrim)
                  200031d6    00000002     (.common:avgX$4)
                  200031d8    00000002     (.common:avgY$5)
                  200031da    00000002     (.common:avgZ$6)
                  200031dc    00000002     (.common:lastX$1)
                  200031de    00000002     (.common:lastY$2)
                  200031e0    00000002     (.common:lastZ$3)
                  200031e2    00000001     (.common:Lcd_FlagRead)
                  200031e3    00000001     (.common:Lcd_FontSolid)
                  200031e4    00000001     (.common:Lcd_Orientation)
                  200031e5    00000001     (.common:Lcd_PenSolid)
                  200031e6    00000001     (.common:dataSetASCII)
                  200031e7    00000001     (.common:dataSetHundreds)
                  200031e8    00000001     (.common:dataSetOnes)
                  200031e9    00000001     (.common:dataSetTens)

.data      0    200031f0    00000758     UNINITIALIZED
                  200031f0    0000015c     empty_pem4f.oem4f (.data)
                  2000334c    000000b0     rtsv7M4_T_le_v4SPD16_eabi.lib : signal.obj (.data:sigtable)
                  200033fc    000000a0     empty_pem4f.oem4f (.data:ti_sysbios_knl_Mailbox_Object__table__V)
                  2000349c    0000009c     drivers_MSP432P401R.aem4f : PowerMSP432.oem4f (.data:PowerMSP432_perfLevels)
                  20003538    00000080     rtsv7M4_T_le_v4SPD16_eabi.lib : xvalues.obj (.data)
                  200035b8    00000080     empty_pem4f.oem4f (.data:ti_sysbios_knl_Swi_Module_State_0_readyQ__A)
                  20003638    00000080     empty_pem4f.oem4f (.data:ti_sysbios_knl_Task_Module_State_0_readyQ__A)
                  200036b8    0000004c     empty_pem4f.oem4f (.data:ti_sysbios_family_arm_msp432_Timer_Object__table__V)
                  20003704    0000004c     empty_pem4f.oem4f (.data:ti_sysbios_knl_Task_Object__table__V)
                  20003750    00000048     empty_pem4f.oem4f (.data:ti_sysbios_family_arm_m3_Hwi_Object__table__V)
                  20003798    00000044     empty_pem4f.oem4f (.data:ti_sysbios_knl_Task_Module__state__V)
                  200037dc    00000038     empty_pem4f.oem4f (.data:ti_sysbios_gates_GateMutex_Object__table__V)
                  20003814    00000034     empty_pem4f.oem4f (.data:ti_sysbios_family_arm_m3_Hwi_Module__state__V)
                  20003848    00000030     msp432p4xx_driverlib.lib : gpio.o (.data:GPIO_PORT_TO_BASE)
                  20003878    00000030     empty_pem4f.oem4f (.data:ti_sysbios_knl_Swi_Object__table__V)
                  200038a8    0000002c     empty_pem4f.oem4f (.data:ti_sysbios_knl_Clock_Module__state__V)
                  200038d4    00000024     drivers_MSP432P401R.aem4f : PowerMSP432.oem4f (.data:PowerMSP432_module)
                  200038f8    00000024     empty_pem4f.oem4f (.data:ti_sysbios_BIOS_Module__state__V)
                  2000391c    00000009     empty.obj (.data)
                  20003925    00000003     --HOLE--
                  20003928    00000008     rtsv7M4_T_le_v4SPD16_eabi.lib : _lock.obj (.data)
                  20003930    00000008                                   : exit.obj (.data)
                  20003938    00000008                                   : feraiseexcept.obj (.data)
                  20003940    00000004                                   : errno.obj (.data)
                  20003944    00000004                                   : stkdepth_vars.obj (.data)

.stack     0    2000fd00    00000300     UNINITIALIZED
                  2000fd00    00000300     --HOLE--

.bootVecs 
*          0    00000000    00000008     DSECT
                  00000000    00000008     boot.aem4f : boot.oem4f (.bootVecs)

.vecs      0    20000000    00000140     UNINITIALIZED
                  20000000    00000140     empty_pem4f.oem4f (.vecs)

xdc.meta   0    00000000    000000e8     COPY SECTION
                  00000000    000000e8     empty_pem4f.oem4f (xdc.meta)

.TI.noinit 
*          0    20000140    00000000     UNINITIALIZED

.TI.persistent 
*          0    200031f0    00000000     UNINITIALIZED


LINKER GENERATED COPY TABLES

__TI_cinit_table @ 0000a6e8 records: 3, size/record: 8, table size: 24
	.data: load addr=0000a218, load size=000004b3 bytes, run addr=200031f0, run size=00000758 bytes, compression=rle
	.bss: load addr=0000a6d8, load size=00000008 bytes, run addr=20000140, run size=000030aa bytes, compression=zero_init
	.vecs: load addr=0000a6e0, load size=00000008 bytes, run addr=20000000, run size=00000140 bytes, compression=zero_init


LINKER GENERATED HANDLER TABLE

__TI_handler_table @ 0000a6cc records: 3, size/record: 4, table size: 12
	index: 0, handler: __TI_decompress_rle24
	index: 1, handler: __TI_decompress_none
	index: 2, handler: __TI_zero_init


GLOBAL SYMBOLS: SORTED ALPHABETICALLY BY Name 

address   name                                                        
-------   ----                                                        
000079e5  ADC14_getResult                                             
00005539  ADC_HWI                                                     
000064f9  C$$EXIT                                                     
000055cf  C$$IO$$                                                     
00007e03  CPU_cpsid                                                   
00007e0f  CPU_cpsie                                                   
00002895  CPU_wfi                                                     
000040f1  CS_initClockSignal                                          
00007385  CS_setDCOCenteredFrequency                                  
000031b5  Crystalfontz128x128_Init                                    
00003081  Crystalfontz128x128_SetDrawFrame                            
00005c59  Crystalfontz128x128_SetOrientation                          
000032e1  EUSCIA2_IRQHandler                                          
00007e1b  EUSCI_A_SPI_enable                                          
00002a0d  EUSCI_A_SPI_transmitData                                    
00007e27  EUSCI_B_SPI_enable                                          
00007ee7  EUSCI_B_SPI_getInterruptStatus                              
0000372d  EUSCI_B_SPI_transmitData                                    
000066d9  FlashCtl_disableReadBuffering                               
00006b01  FlashCtl_enableReadBuffering                                
00007299  FlashCtl_setWaitState                                       
000073a9  GPIO_setAsOutputPin                                         
00006301  GPIO_setAsPeripheralModuleFunctionInputPin                  
00006041  GPIO_setAsPeripheralModuleFunctionOutputPin                 
00007ba9  GPIO_setOutputHighOnPin                                     
000079fd  GPIO_setOutputLowOnPin                                      
00007c89  Graphics_clearDisplay                                       
00007a15  Graphics_clearDisplayOnDisplay                              
00006b35  Graphics_drawHorizontalLineOnDisplay                        
000049b1  Graphics_drawLineH                                          
000071c9  Graphics_drawPixelOnDisplay                                 
000010fb  Graphics_drawString                                         
00006349  Graphics_drawStringCentered                                 
00003a39  Graphics_getStringWidth                                     
000062b5  Graphics_initContext                                        
000078c5  Graphics_setBackgroundColor                                 
000078df  Graphics_setFont                                            
00007b21  Graphics_setForegroundColor                                 
00007b37  Graphics_translateColorOnDisplay                            
00006cd3  HAL_LCD_PortInit                                            
00006759  HAL_LCD_SpiInit                                             
00006b69  HAL_LCD_writeCommand                                        
000073cd  HAL_LCD_writeData                                           
00001f81  HOSTclock                                                   
00001f49  HOSTclose                                                   
00001f0b  HOSTgetenv                                                  
00001eaf  HOSTlseek                                                   
00001e5d  HOSTopen                                                    
00001e11  HOSTread                                                    
00001db3  HOSTrename                                                  
00001d79  HOSTtime                                                    
00001d41  HOSTunlink                                                  
00001cf5  HOSTwrite                                                   
0000307f  Idle_fcxn                                                   
0000a03c  LCDsemaphore                                                
200031e2  Lcd_FlagRead                                                
200031e3  Lcd_FontSolid                                               
200031e4  Lcd_Orientation                                             
200031e5  Lcd_PenSolid                                                
200031d0  Lcd_ScreenHeigth                                            
200031d2  Lcd_ScreenWidth                                             
200031d4  Lcd_TouchTrim                                               
000042ad  List_head                                                   
000045c5  List_next                                                   
00007eef  MSP_EXP432P401R_initGeneral                                 
000070c1  PCM_getCoreVoltageLevel                                     
000071f3  PCM_getPowerMode                                            
00007e35  PCM_getPowerState                                           
000072c1  PCM_gotoLPM0                                                
00004fdd  PCM_gotoLPM3                                                
00007cc5  PCM_gotoLPM4                                                
00007ef7  PCM_setPowerMode                                            
00007eff  PCM_setPowerState                                           
00005ead  PCM_shutdownDevice                                          
0000a09c  PowerMSP432_config                                          
00003b33  PowerMSP432_initPolicy                                      
200038d4  PowerMSP432_module                                          
2000349c  PowerMSP432_perfLevels                                      
00005efd  PowerMSP432_sleepPolicy                                     
000070ed  PowerMSP432_updateFreqs                                     
00007e41  Power_getConstraintMask                                     
0000761d  Power_idleFunc                                              
00006919  Power_init                                                  
00003d25  Power_sleep                                                 
000073f1  RTC_C_holdClock                                             
00007415  RTC_C_startClock                                            
UNDEFED   SHT$$INIT_ARRAY$$Base                                       
UNDEFED   SHT$$INIT_ARRAY$$Limit                                      
000078f9  SPI_enableModule                                            
00004d35  SPI_initMaster                                              
0000763d  SPI_transmitData                                            
4000480c  WDTCTL_SYM                                                  
00007a2d  WDT_A_holdTimer                                             
00007bbd  WDT_A_startTimer                                            
00006d35  _Dclass                                                     
20003538  _Denorm                                                     
00004449  _Dnorm                                                      
00003511  _Dscale                                                     
00005671  _Dunscale                                                   
20003548  _Eps                                                        
20003940  _Errno                                                      
20003938  _Fenv                                                       
00006d65  _Feraise                                                    
20003558  _Hugeval                                                    
20003568  _Inf                                                        
20003578  _Nan                                                        
20003598  _Rteps                                                      
20003588  _Snan                                                       
2000393c  _Tls_setup__Fenv                                            
200035a8  _Xbig                                                       
200035b0  _Zero                                                       
00000000  __ASM__                                                     
20002fe0  __CIOBUF_                                                   
00000064  __ISA__                                                     
00000077  __PLAT__                                                    
20010000  __STACK_END                                                 
00000300  __STACK_SIZE                                                
0000009a  __TARG__                                                    
0000a6e8  __TI_CINIT_Base                                             
0000a700  __TI_CINIT_Limit                                            
0000a6cc  __TI_Handler_Table_Base                                     
0000a6d8  __TI_Handler_Table_Limit                                    
00004735  __TI_auto_init                                              
20003930  __TI_cleanup_ptr                                            
00007dd9  __TI_decompress_none                                        
000077bb  __TI_decompress_rle24                                       
20003934  __TI_dtors_ptr                                              
00000df5  __TI_printfi                                                
000055d3  __TI_readmsg                                                
0000a218  __TI_static_base__                                          
000055a1  __TI_writemsg                                               
00007e4d  __TI_zero_init                                              
000000c0  __TRDR__                                                    
00004e49  __aeabi_cdcmpeq                                             
00004e49  __aeabi_cdcmple                                             
00004ecf  __aeabi_cdrcmple                                            
00006391  __aeabi_d2iz                                                
00002395  __aeabi_dadd                                                
00002f49  __aeabi_ddiv                                                
0000393d  __aeabi_dmul                                                
0000238b  __aeabi_dsub                                                
00007039  __aeabi_i2d                                                 
00004507  __aeabi_idiv0                                               
000050d5  __aeabi_memclr                                              
000050d5  __aeabi_memclr4                                             
000050d5  __aeabi_memclr8                                             
00004a4d  __aeabi_memcpy                                              
00004a4d  __aeabi_memcpy4                                             
00004a4d  __aeabi_memcpy8                                             
000050d7  __aeabi_memset                                              
000050d7  __aeabi_memset4                                             
000050d7  __aeabi_memset8                                             
00006819  __aeabi_uidiv                                               
00006819  __aeabi_uidivmod                                            
00001fc9  __aeabi_uldivmod                                            
ffffffff  __binit__                                                   
ffffffff  __c_args__                                                  
2000fd00  __stack                                                     
00004b83  __xdc__init                                                 
20003348  __xdc__init__addr                                           
00007a45  _args_main                                                  
00005af9  _c_int00                                                    
00009ab2  _ctypes_                                                    
20003928  _lock                                                       
00007bf3  _nop                                                        
00007beb  _register_lock                                              
00007be5  _register_unlock                                            
2000392c  _unlock                                                     
000064fd  abort                                                       
0000a034  absoluateAvgTask                                            
0000a028  adc_hwi                                                     
0000a02c  adc_mailbox                                                 
0000608d  atoi                                                        
00003e19  averageCalcTask                                             
ffffffff  binit                                                       
00007bd1  clk0Fxn                                                     
200031c8  clk0Handle                                                  
20003180  clk0Struct                                                  
000060d9  copy_in                                                     
2000391c  dataCounter                                                 
200031e6  dataSetASCII                                                
200031e7  dataSetHundreds                                             
200031e8  dataSetOnes                                                 
200031e9  dataSetTens                                                 
000047d5  drawAccelData                                               
00005cad  drawData                                                    
00005d01  drawTitle                                                   
00006505  exit                                                        
00006b9d  feraiseexcept                                               
0000721d  frexp                                                       
200031a4  g_sContext                                                  
00009dfc  g_sCrystalfontz128x128                                      
00009bb4  g_sFontFixed6x8                                             
00002541  init_All                                                    
0000a038  lcd_mailbox                                                 
00005e59  ldexp                                                       
00005c01  ltoa                                                        
000058c5  main                                                        
20003944  main_func_sp                                                
0000779f  memccpy                                                     
00004a4d  memcpy                                                      
000050dd  memset                                                      
00007d79  osi_TaskDisable                                             
00007d09  osi_start                                                   
00007067  raise                                                       
200031cc  receiveData                                                 
000067d9  signal                                                      
00005865  sprintf                                                     
00007b4d  strchr                                                      
00007bf9  strcpy                                                      
00007c0d  strlen                                                      
200038f8  ti_sysbios_BIOS_Module__state__V                            
00007947  ti_sysbios_BIOS_RtsGateProxy_Handle__label__S               
00007515  ti_sysbios_BIOS_RtsGateProxy_Object__delete__S              
00004dbd  ti_sysbios_BIOS_RtsGateProxy_enter__E                       
00004f55  ti_sysbios_BIOS_RtsGateProxy_leave__E                       
00007f49  ti_sysbios_BIOS_RtsGateProxy_query__E                       
00006d95  ti_sysbios_BIOS_atExitFunc__I                               
00007439  ti_sysbios_BIOS_errorRaiseHook__I                           
00007b63  ti_sysbios_BIOS_exitFunc__I                                 
00007cd9  ti_sysbios_BIOS_exit__E                                     
0000514f  ti_sysbios_BIOS_nullFunc__I                                 
0000745d  ti_sysbios_BIOS_registerRTSLock__I                          
00007481  ti_sysbios_BIOS_removeRTSLock__I                            
0000765d  ti_sysbios_BIOS_rtsLock__I                                  
00007a5d  ti_sysbios_BIOS_rtsUnlock__I                                
00007ce9  ti_sysbios_BIOS_setCpuFreq__E                               
00007cf9  ti_sysbios_BIOS_setThreadType__E                            
000074a5  ti_sysbios_BIOS_startFunc__I                                
00007d09  ti_sysbios_BIOS_start__E                                    
0000a0e8  ti_sysbios_family_arm_m3_Hwi_E_NMI__C                       
0000a0ec  ti_sysbios_family_arm_m3_Hwi_E_busFault__C                  
0000a0f0  ti_sysbios_family_arm_m3_Hwi_E_debugMon__C                  
0000a0f4  ti_sysbios_family_arm_m3_Hwi_E_hardFault__C                 
0000a0f8  ti_sysbios_family_arm_m3_Hwi_E_memFault__C                  
0000a0fc  ti_sysbios_family_arm_m3_Hwi_E_noIsr__C                     
0000a100  ti_sysbios_family_arm_m3_Hwi_E_reserved__C                  
0000a104  ti_sysbios_family_arm_m3_Hwi_E_svCall__C                    
0000a108  ti_sysbios_family_arm_m3_Hwi_E_usageFault__C                
[...]
00007d19  ti_sysbios_family_arm_m3_TaskSupport_glue                   
00007d29  ti_sysbios_family_arm_msp432_init_Boot_disableWatchdog      
00007d39  ti_sysbios_gates_GateMutex_Instance_finalize__E             
00007d49  ti_sysbios_knl_Semaphore_Instance_finalize__E               
00007d59  ti_sysbios_knl_Swi_disable__E                               
00007d69  ti_sysbios_knl_Task_Object__get__S                          
00007d79  osi_TaskDisable                                             
00007d79  ti_sysbios_knl_Task_disable__E                              
00007d89  xdc_runtime_Gate_leaveSystem__E                             
00007d99  xdc_runtime_Memory_free__E                                  
00007da9  xdc_runtime_SysMin_ready__E                                 
00007da9  xdc_runtime_System_SupportProxy_ready__E                    
00007db9  xdc_runtime_System_vsnprintf__E                             
00007dc9  xdc_runtime_Text_visitRope__I                               
00007dd9  __TI_decompress_none                                        
00007de9  ti_sysbios_knl_Queue_empty__E                               
00007df7  ti_sysbios_family_arm_msp432_init_Boot_init__I              
00007df7  xdc_runtime_Startup_reset__I                                
00007e03  CPU_cpsid                                                   
00007e0f  CPU_cpsie                                                   
00007e1b  EUSCI_A_SPI_enable                                          
00007e27  EUSCI_B_SPI_enable                                          
00007e35  PCM_getPowerState                                           
00007e41  Power_getConstraintMask                                     
00007e4d  __TI_zero_init                                              
00007e59  ti_sysbios_family_arm_msp432_Timer_getMaxTicks__E           
00007e69  ti_sysbios_gates_GateHwi_enter__E                           
00007e75  ti_sysbios_knl_Clock_Params__init__S                        
00007e8d  ti_sysbios_knl_Queue_Object__get__S                         
00007e99  xdc_runtime_Error_init__E                                   
00007ea5  xdc_runtime_Gate_enterSystem__E                             
00007eb1  xdc_runtime_Memory_calloc__E                                
00007ebd  xdc_runtime_Memory_getMaxDefaultTypeAlign__E                
00007ed3  xdc_runtime_Memory_HeapProxy_alloc__E                       
00007edd  xdc_runtime_Memory_HeapProxy_free__E                        
00007ee7  EUSCI_B_SPI_getInterruptStatus                              
00007eef  MSP_EXP432P401R_initGeneral                                 
00007ef7  PCM_setPowerMode                                            
00007eff  PCM_setPowerState                                           
00007f09  ti_sysbios_family_arm_m3_Hwi_doSwiRestore__I                
00007f11  ti_sysbios_family_arm_m3_Hwi_startup__E                     
00007f11  ti_sysbios_hal_Hwi_HwiProxy_startup__E                      
00007f19  ti_sysbios_family_arm_m3_Hwi_doTaskRestore__I               
00007f21  ti_sysbios_gates_GateHwi_leave__E                           
00007f29  ti_sysbios_heaps_HeapMem_isBlocking__E                      
00007f31  ti_sysbios_knl_Queue_Instance_init__E                       
00007f39  ti_sysbios_knl_Swi_startup__E                               
00007f41  ti_sysbios_gates_GateHwi_query__E                           
00007f41  xdc_runtime_Main_Module_GateProxy_query__E                  
00007f41  xdc_runtime_System_Module_GateProxy_query__E                
00007f49  ti_sysbios_BIOS_RtsGateProxy_query__E                       
00007f49  ti_sysbios_gates_GateMutex_query__E                         
00007f49  ti_sysbios_heaps_HeapMem_Module_GateProxy_query__E          
00007f51  ti_sysbios_knl_Semaphore_getCount__E                        
00007f59  ti_sysbios_knl_Task_startup__E                              
00007f61  ti_sysbios_gates_GateHwi_Instance_init__E                   
00007f69  ti_sysbios_knl_Clock_logTick__E                             
00007f6c  xdc_runtime_Text_charTab__A                                 
00009ab2  _ctypes_                                                    
00009bb3  xdc_runtime_Error_policy__C                                 
00009bb4  g_sFontFixed6x8                                             
00009c7c  xdc_runtime_Text_nodeTab__A                                 
00009dfc  g_sCrystalfontz128x128                                      
00009e28  ti_sysbios_heaps_HeapMem_Module__FXNS__C                    
00009e74  ti_sysbios_gates_GateHwi_Module__FXNS__C                    
00009e98  ti_sysbios_gates_GateMutex_Module__FXNS__C                  
00009ebc  ti_sysbios_heaps_HeapMem_Object__PARAMS__C                  
00009ee0  ti_sysbios_knl_Clock_Object__PARAMS__C                      
00009f04  ti_sysbios_knl_Semaphore_Object__PARAMS__C                  
00009f28  xdc_runtime_Startup_sfxnTab__A                              
00009f4c  ti_sysbios_gates_GateHwi_Object__DESC__C                    
00009f6c  ti_sysbios_gates_GateMutex_Object__DESC__C                  
00009f8c  ti_sysbios_heaps_HeapMem_Object__DESC__C                    
00009fac  ti_sysbios_knl_Clock_Object__DESC__C                        
00009fcc  ti_sysbios_knl_Queue_Object__DESC__C                        
00009fec  ti_sysbios_knl_Semaphore_Object__DESC__C                    
0000a028  adc_hwi                                                     
0000a02c  adc_mailbox                                                 
0000a030  uart_hwi                                                    
0000a034  absoluateAvgTask                                            
0000a038  lcd_mailbox                                                 
0000a03c  LCDsemaphore                                                
0000a040  ti_sysbios_gates_GateHwi_Object__PARAMS__C                  
0000a058  ti_sysbios_gates_GateMutex_Object__PARAMS__C                
0000a070  ti_sysbios_knl_Queue_Object__PARAMS__C                      
0000a088  xdc_runtime_Startup_sfxnRts__A                              
0000a09a  ti_sysbios_family_arm_m3_Hwi_Module__id__C                  
0000a09c  PowerMSP432_config                                          
0000a0ac  xdc_runtime_Startup_firstFxns__A                            
0000a0c0  ti_sysbios_family_arm_m3_Hwi_excHookFuncs__A                
0000a0c8  ti_sysbios_knl_Idle_funcList__A                             
0000a0d0  ti_sysbios_knl_Idle_funcList__C                             
0000a0d8  xdc_runtime_Startup_firstFxns__C                            
0000a0e0  xdc_runtime_Startup_lastFxns__C                             
0000a0e8  ti_sysbios_family_arm_m3_Hwi_E_NMI__C                       
0000a0ec  ti_sysbios_family_arm_m3_Hwi_E_busFault__C                  
0000a0f0  ti_sysbios_family_arm_m3_Hwi_E_debugMon__C                  
0000a0f4  ti_sysbios_family_arm_m3_Hwi_E_hardFault__C                 
0000a0f8  ti_sysbios_family_arm_m3_Hwi_E_memFault__C                  
0000a0fc  ti_sysbios_family_arm_m3_Hwi_E_noIsr__C                     
0000a100  ti_sysbios_family_arm_m3_Hwi_E_reserved__C                  
0000a104  ti_sysbios_family_arm_m3_Hwi_E_svCall__C                    
0000a108  ti_sysbios_family_arm_m3_Hwi_E_usageFault__C                
0000a10c  ti_sysbios_family_arm_m3_Hwi_NUM_INTERRUPTS__C              
0000a110  ti_sysbios_family_arm_m3_Hwi_Object__count__C               
0000a114  ti_sysbios_family_arm_m3_Hwi_ccr__C                         
0000a118  ti_sysbios_family_arm_m3_Hwi_excHandlerFunc__C              
0000a11c  ti_sysbios_family_arm_m3_Hwi_excHookFuncs__C                
0000a120  ti_sysbios_family_arm_m3_Hwi_nullIsrFunc__C                 
0000a124  ti_sysbios_family_arm_m3_Hwi_priGroup__C                    
0000a128  ti_sysbios_family_arm_msp432_Timer_numTimerDevices__C       
0000a12c  ti_sysbios_family_arm_msp432_Timer_startupNeeded__C         
0000a130  ti_sysbios_gates_GateMutex_Instance_State_sem__O            
0000a134  ti_sysbios_heaps_HeapMem_E_memory__C                        
0000a138  ti_sysbios_heaps_HeapMem_Module__gateObj__C                 
0000a13c  ti_sysbios_heaps_HeapMem_Object__count__C                   
0000a140  ti_sysbios_heaps_HeapMem_reqAlign__C                        
0000a144  ti_sysbios_knl_Clock_Module_State_clockQ__O                 
0000a148  ti_sysbios_knl_Mailbox_Instance_State_dataQue__O            
0000a14c  ti_sysbios_knl_Mailbox_Instance_State_dataSem__O            
0000a150  ti_sysbios_knl_Mailbox_Instance_State_freeQue__O            
0000a154  ti_sysbios_knl_Mailbox_Instance_State_freeSem__O            
0000a158  ti_sysbios_knl_Mailbox_Object__count__C                     
0000a15c  ti_sysbios_knl_Mailbox_maxTypeAlign__C                      
0000a160  ti_sysbios_knl_Semaphore_Instance_State_pendQ__O            
0000a164  ti_sysbios_knl_Swi_Object__count__C                         
0000a168  ti_sysbios_knl_Task_Module_State_inactiveQ__O               
0000a16c  ti_sysbios_knl_Task_Object__count__C                        
0000a170  ti_sysbios_knl_Task_allBlockedFunc__C                       
0000a174  ti_sysbios_knl_Task_numConstructedTasks__C                  
0000a178  xdc_runtime_Assert_E_assertFailed__C                        
0000a17c  xdc_runtime_Core_A_initializedParams__C                     
0000a180  xdc_runtime_Core_Module__diagsEnabled__C                    
0000a184  xdc_runtime_Core_Module__diagsIncluded__C                   
0000a188  xdc_runtime_Core_Module__diagsMask__C                       
0000a18c  xdc_runtime_Error_E_memory__C                               
0000a190  xdc_runtime_Error_Module__diagsEnabled__C                   
0000a194  xdc_runtime_Error_Module__diagsIncluded__C                  
0000a198  xdc_runtime_Error_Module__diagsMask__C                      
0000a19c  xdc_runtime_Error_Module__loggerFxn8__C                     
0000a1a0  xdc_runtime_Error_Module__loggerObj__C                      
0000a1a4  xdc_runtime_Error_policyFxn__C                              
0000a1a8  xdc_runtime_Error_raiseHook__C                              
0000a1ac  xdc_runtime_IGateProvider_Interface__BASE__C                
0000a1b0  xdc_runtime_IHeap_Interface__BASE__C                        
0000a1b4  xdc_runtime_IModule_Interface__BASE__C                      
0000a1b8  xdc_runtime_Log_L_error__C                                  
0000a1bc  xdc_runtime_Memory_defaultHeapInstance__C                   
0000a1c0  xdc_runtime_Startup_execImpl__C                             
0000a1c4  xdc_runtime_Startup_maxPasses__C                            
0000a1c8  xdc_runtime_Startup_sfxnRts__C                              
0000a1cc  xdc_runtime_Startup_sfxnTab__C                              
0000a1d0  xdc_runtime_SysMin_bufSize__C                               
0000a1d4  xdc_runtime_SysMin_outputFunc__C                            
0000a1d8  xdc_runtime_System_Module__gateObj__C                       
0000a1dc  xdc_runtime_System_abortFxn__C                              
0000a1e0  xdc_runtime_System_exitFxn__C                               
0000a1e4  xdc_runtime_System_extendFxn__C                             
0000a1e8  xdc_runtime_System_maxAtexitHandlers__C                     
0000a1ec  xdc_runtime_Text_charTab__C                                 
0000a1f0  xdc_runtime_Text_nameEmpty__C                               
0000a1f4  xdc_runtime_Text_nameStatic__C                              
0000a1f8  xdc_runtime_Text_nameUnknown__C                             
0000a1fc  xdc_runtime_Text_nodeTab__C                                 
0000a200  xdc_runtime_Text_visitRopeFxn__C                            
0000a204  ti_sysbios_heaps_HeapMem_Module__id__C                      
0000a206  xdc_runtime_Core_Module__id__C                              
0000a208  xdc_runtime_Error_Module__loggerDefined__C                  
0000a20a  xdc_runtime_Error_maxDepth__C                               
0000a20c  xdc_runtime_Memory_Module__id__C                            
0000a20e  xdc_runtime_SysMin_flushAtExit__C                           
0000a210  xdc_runtime_Text_charCnt__C                                 
0000a212  xdc_runtime_Text_isLoaded__C                                
0000a214  xdc_runtime_Text_registryModsLastId__C                      
0000a216  xdc_runtime_Text_unnamedModsLastId__C                       
0000a218  __TI_static_base__                                          
0000a6cc  __TI_Handler_Table_Base                                     
0000a6d8  __TI_Handler_Table_Limit                                    
0000a6e8  __TI_CINIT_Base                                             
0000a700  __TI_CINIT_Limit                                            
20000000  ti_sysbios_family_arm_m3_Hwi_ramVectors                     
20000140  ti_sysbios_knl_Mailbox_Instance_State_0_allocBuf__A         
200026c0  ti_sysbios_heaps_HeapMem_Instance_State_0_buf__A            
20002ac0  ti_sysbios_knl_Task_Instance_State_0_stack__A               
20002cc0  ti_sysbios_knl_Mailbox_Instance_State_1_allocBuf__A         
20002ea0  ti_sysbios_family_arm_m3_Hwi_dispatchTable                  
20002fe0  __CIOBUF_                                                   
20003100  xdc_runtime_SysMin_Module_State_0_outbuf__A                 
20003180  clk0Struct                                                  
200031a4  g_sContext                                                  
200031c8  clk0Handle                                                  
200031cc  receiveData                                                 
200031d0  Lcd_ScreenHeigth                                            
200031d2  Lcd_ScreenWidth                                             
200031d4  Lcd_TouchTrim                                               
200031e2  Lcd_FlagRead                                                
200031e3  Lcd_FontSolid                                               
200031e4  Lcd_Orientation                                             
200031e5  Lcd_PenSolid                                                
200031e6  dataSetASCII                                                
200031e7  dataSetHundreds                                             
200031e8  dataSetOnes                                                 
200031e9  dataSetTens                                                 
200031f0  ti_sysbios_family_arm_m3_Hwi_Module__root__V                
200031f8  ti_sysbios_family_arm_m3_Hwi_Module_State_0_excActive__A    
200031fc  ti_sysbios_family_arm_m3_Hwi_Module_State_0_excContext__A   
20003200  ti_sysbios_family_arm_m3_Hwi_Module_State_0_excStack__A     
20003204  ti_sysbios_family_arm_msp432_ClockFreqs_Module__state__V    
20003210  ti_sysbios_family_arm_msp432_Timer_Module__root__V          
20003218  ti_sysbios_family_arm_msp432_Timer_Module_State_0_device__A 
20003238  ti_sysbios_family_arm_msp432_Timer_Module_State_0_handles__A
20003248  ti_sysbios_family_arm_msp432_Timer_Module__state__V         
20003254  ti_sysbios_gates_GateHwi_Module__root__V                    
2000325c  ti_sysbios_gates_GateHwi_Object__table__V                   
20003260  ti_sysbios_gates_GateMutex_Module__root__V                  
20003268  ti_sysbios_hal_Hwi_Module__root__V                          
20003270  ti_sysbios_hal_Hwi_Object__table__V                         
20003280  ti_sysbios_heaps_HeapMem_Module__root__V                    
20003288  ti_sysbios_heaps_HeapMem_Object__table__V                   
200032a0  ti_sysbios_knl_Clock_Module__root__V                        
200032a8  ti_sysbios_knl_Event_Module__root__V                        
200032b0  ti_sysbios_knl_Mailbox_Module__root__V                      
200032b8  ti_sysbios_knl_Queue_Module__root__V                        
200032c0  ti_sysbios_knl_Semaphore_Module__root__V                    
200032c8  ti_sysbios_knl_Semaphore_Object__table__V                   
200032dc  ti_sysbios_knl_Swi_Module__root__V                          
200032e4  ti_sysbios_knl_Swi_Module__state__V                         
20003300  ti_sysbios_knl_Task_Module__root__V                         
20003308  ti_sysbios_knl_Task_Module_State_0_idleTask__A              
2000330c  xdc_runtime_Error_Module__state__V                          
20003310  xdc_runtime_Memory_Module__state__V                         
20003314  xdc_runtime_Registry_Module__state__V                       
2000331c  xdc_runtime_Startup_Module__state__V                        
20003324  xdc_runtime_SysMin_Module__state__V                         
20003330  xdc_runtime_System_Module_State_0_atexitHandlers__A         
20003338  xdc_runtime_System_Module__state__V                         
20003340  xdc_runtime_Text_Module__state__V                           
20003348  __xdc__init__addr                                           
200033fc  ti_sysbios_knl_Mailbox_Object__table__V                     
2000349c  PowerMSP432_perfLevels                                      
20003538  _Denorm                                                     
20003548  _Eps                                                        
20003558  _Hugeval                                                    
20003568  _Inf                                                        
20003578  _Nan                                                        
20003588  _Snan                                                       
20003598  _Rteps                                                      
200035a8  _Xbig                                                       
200035b0  _Zero                                                       
200035b8  ti_sysbios_knl_Swi_Module_State_0_readyQ__A                 
20003638  ti_sysbios_knl_Task_Module_State_0_readyQ__A                
200036b8  ti_sysbios_family_arm_msp432_Timer_Object__table__V         
20003704  ti_sysbios_knl_Task_Object__table__V                        
20003750  ti_sysbios_family_arm_m3_Hwi_Object__table__V               
20003798  ti_sysbios_knl_Task_Module__state__V                        
200037dc  ti_sysbios_gates_GateMutex_Object__table__V                 
20003814  ti_sysbios_family_arm_m3_Hwi_Module__state__V               
20003878  ti_sysbios_knl_Swi_Object__table__V                         
200038a8  ti_sysbios_knl_Clock_Module__state__V                       
200038d4  PowerMSP432_module                                          
200038f8  ti_sysbios_BIOS_Module__state__V                            
2000391c  dataCounter                                                 
20003920  timerCounter                                                
20003924  ticks0                                                      
20003928  _lock                                                       
2000392c  _unlock                                                     
20003930  __TI_cleanup_ptr                                            
20003934  __TI_dtors_ptr                                              
20003938  _Fenv                                                       
2000393c  _Tls_setup__Fenv                                            
20003940  _Errno                                                      
20003944  main_func_sp                                                
2000fd00  __stack                                                     
20010000  __STACK_END                                                 
4000480c  WDTCTL_SYM                                                  
e000e000  ti_sysbios_family_arm_m3_Hwi_nvic                           
ffffffff  __binit__                                                   
ffffffff  __c_args__                                                  
ffffffff  binit                                                       
UNDEFED   SHT$$INIT_ARRAY$$Base                                       
UNDEFED   SHT$$INIT_ARRAY$$Limit                                      

[630 symbols]
