******************************************************************************
                  TI ARM Linker Unix v5.2.6                    
******************************************************************************
>> Linked Mon Apr 11 01:50:58 2016

OUTPUT FILE NAME:   <RTOSChallenge.out>
ENTRY POINT SYMBOL: "_c_int00"  address: 00005979


MEMORY CONFIGURATION

         name            origin    length      used     unused   attr    fill
----------------------  --------  ---------  --------  --------  ----  --------
  MAIN                  00000000   00040000  0000a51e  00035ae2  R  X
  INFO                  00200000   00004000  00000000  00004000  R  X
  SRAM_CODE             01000000   00010000  00000000  00010000  RW X
  SRAM_DATA             20000000   00010000  000014b6  0000eb4a  RW  


SEGMENT ALLOCATION MAP

run origin  load origin   length   init length attrs members
----------  ----------- ---------- ----------- ----- -------
00000000    00000000    0000a528   0000a528    r-x
  00000000    00000000    0000003c   0000003c    r-- .resetVecs
  00000040    00000040    00007dc2   00007dc2    r-x .text
  00007e04    00007e04    00002288   00002288    r-- .const
  0000a090    0000a090    00000498   00000498    r-- .cinit
20000000    20000000    000011b8   00000000    rw-
  20000000    20000000    00000140   00000000    rw- .vecs
  20000140    20000140    00000986   00000000    rw- .bss
  20000ac8    20000ac8    000006f0   00000000    rw- .data
2000fd00    2000fd00    00000300   00000000    rw-
  2000fd00    2000fd00    00000300   00000000    rw- .stack


SECTION ALLOCATION MAP

 output                                  attributes/
section   page    origin      length       input sections
--------  ----  ----------  ----------   ----------------
.text      0    00000040    00007dc2     
                  00000040    000010ba     rtsv7M4_T_le_v4SPD16_eabi.lib : _printfi.obj (.text)
                  000010fa    0000047e     string.obj (.text:Graphics_drawString)
                  00001578    00000430     sysbios.aem4f : BIOS.obj (.text:ti_sysbios_family_arm_m3_Hwi_excDumpRegs__I)
                  000019a8    0000034c     ti.targets.arm.rtsarm.aem4f : System.oem4f (.text:xdc_runtime_System_doPrint__I)
                  00001cf4    000002d4     rtsv7M4_T_le_v4SPD16_eabi.lib : trgdrv.obj (.text)
                  00001fc8    000001f4                                   : ull_div_t2.obj (.text)
                  000021bc    000001ce     Crystalfontz128x128_ST7735.obj (.text:Crystalfontz128x128_PixelDrawMultiple)
                  0000238a    000001b6     rtsv7M4_T_le_v4SPD16_eabi.lib : fd_add_t2.obj (.text)
                  00002540    000001b4     init_all.obj (.text:init_All)
                  000026f4    000001a0     msp432p4xx_driverlib.lib : pcm.o (.text:__PCM_setPowerStateAdvanced)
                  00002894    00000004                              : cpu.o (.text:CPU_wfi)
                  00002898    00000174     sysbios.aem4f : BIOS.obj (.text:ti_sysbios_family_arm_m3_Hwi_excBusFault__I)
                  00002a0c    00000004     msp432p4xx_driverlib.lib : spi.o (.text:EUSCI_A_SPI_transmitData)
                  00002a10    00000164     sysbios.aem4f : BIOS.obj (.text:ti_sysbios_family_arm_m3_Hwi_excUsageFault__I)
                  00002b74    00000154     msp432p4xx_driverlib.lib : adc14.o (.text:_getIndexForMemRegister)
                  00002cc8    00000148     sysbios.aem4f : BIOS.obj (.text:ti_sysbios_family_arm_m3_Hwi_excMemFault__I)
                  00002e10    00000138                   : BIOS.obj (.text:ti_sysbios_knl_Semaphore_pend__E)
                  00002f48    00000136     rtsv7M4_T_le_v4SPD16_eabi.lib : fd_div_t2.obj (.text)
                  0000307e    00000002     empty.obj (.text:Idle_fcxn)
                  00003080    00000134     Crystalfontz128x128_ST7735.obj (.text:Crystalfontz128x128_SetDrawFrame)
                  000031b4    0000012c     Crystalfontz128x128_ST7735.obj (.text:Crystalfontz128x128_Init)
                  000032e0    00000118     ti.targets.arm.rtsarm.aem4f : Error.oem4f (.text:xdc_runtime_Error_policyDefault__E)
                  000033f8    00000110     rtsv7M4_T_le_v4SPD16_eabi.lib : xdscale.obj (.text)
                  00003508    0000010c     empty.obj (.text:EUSCIA2_IRQHandler)
                  00003614    00000004     msp432p4xx_driverlib.lib : spi.o (.text:EUSCI_B_SPI_transmitData)
                  00003618    0000010c     sysbios.aem4f : BIOS.obj (.text:ti_sysbios_family_arm_m3_Hwi_excFillContext__I)
                  00003724    00000004     drivers_MSP432P401R.aem4f : List.oem4f (.text:List_head)
                  00003728    0000010c     sysbios.aem4f : BIOS.obj (.text:ti_sysbios_family_arm_m3_Hwi_excHandlerMax__I)
                  00003834    00000100     ti.targets.arm.rtsarm.aem4f : Core-mem.oem4f (.text:xdc_runtime_Core_createObject__I)
                  00003934    000000fc     rtsv7M4_T_le_v4SPD16_eabi.lib : fd_mul_t2.obj (.text)
                  00003a30    000000fa     string.obj (.text:Graphics_getStringWidth)
                  00003b2a    00000002     power_tirtos_MSP432P401R.aem4f : PowerMSP432_tirtos.oem4f (.text:PowerMSP432_initPolicy)
                  00003b2c    000000f8     ti.targets.arm.rtsarm.aem4f : Startup.oem4f (.text:xdc_runtime_Startup_startMods__I)
                  00003c24    000000f8     empty_pem4f.oem4f (.text:xdc_runtime_System_printfExtend__I)
                  00003d1c    000000f4     drivers_MSP432P401R.aem4f : PowerMSP432.oem4f (.text:Power_sleep)
                  00003e10    000000f4     sysbios.aem4f : m3_Hwi_asm.obj (.text:ti_sysbios_family_arm_m3_Hwi_dispatch__I)
                  00003f04    000000f0     drivers_MSP432P401R.aem4f : PowerMSP432.oem4f (.text:initPerfControl)
                  00003ff4    000000e0     msp432p4xx_driverlib.lib : cs.o (.text:CS_initClockSignal)
                  000040d4    000000dc                              : pcm.o (.text:__PCM_setPowerModeAdvanced)
                  000041b0    000000cc     sysbios.aem4f : BIOS.obj (.text:ti_sysbios_heaps_HeapMem_alloc__E)
                  0000427c    000000cc     ti.targets.arm.rtsarm.aem4f : Core-smem.oem4f (.text:xdc_runtime_Core_constructObject__I)
                  00004348    000000be     rtsv7M4_T_le_v4SPD16_eabi.lib : xdnorm.obj (.text)
                  00004406    00000002                                   : i_div0.obj (.text)
                  00004408    000000bc     sysbios.aem4f : BIOS.obj (.text:ti_sysbios_family_arm_m3_Hwi_excDebugMon__I)
                  000044c4    00000004     drivers_MSP432P401R.aem4f : List.oem4f (.text:List_next)
                  000044c8    000000bc     sysbios.aem4f : BIOS.obj (.text:ti_sysbios_family_arm_m3_Hwi_excHardFault__I)
                  00004584    000000b0     msp432p4xx_driverlib.lib : pcm.o (.text:__PCM_setCoreVoltageLevelAdvanced)
                  00004634    000000a0     auto_init.aem4f : auto_init.oem4f (.text)
                  000046d4    000000a0     empty.obj (.text:drawAccelData)
                  00004774    000000a0     ti.targets.arm.rtsarm.aem4f : Text.oem4f (.text:xdc_runtime_Text_putMod__E)
                  00004814    0000009c     Crystalfontz128x128_ST7735.obj (.text:Crystalfontz128x128_RectFill)
                  000048b0    0000009c     line.obj (.text:Graphics_drawLineH)
                  0000494c    0000009c     rtsv7M4_T_le_v4SPD16_eabi.lib : memcpy_t2.obj (.text)
                  000049e8    0000009a     ti.targets.arm.rtsarm.aem4f : Text.oem4f (.text:xdc_runtime_Text_putSite__E)
                  00004a82    00000006                                 : xdc_noinit.oem4f (.text:__xdc__init)
                  00004a88    00000094     sysbios.aem4f : BIOS.obj (.text:ti_sysbios_family_arm_m3_Hwi_initNVIC__E)
                  00004b1c    0000008c                   : m3_TaskSupport_asm.obj (.text:ti_sysbios_family_arm_m3_TaskSupport_buildTaskStack)
                  00004ba8    0000008c                   : BIOS.obj (.text:ti_sysbios_knl_Task_postInit__I)
                  00004c34    00000088     msp432p4xx_driverlib.lib : spi.o (.text:SPI_initMaster)
                  00004cbc    00000004     empty_pem4f.oem4f (.text:ti_sysbios_BIOS_RtsGateProxy_enter__E)
                  00004cc0    00000088     sysbios.aem4f : BIOS.obj (.text:ti_sysbios_knl_Mailbox_post__E)
                  00004d48    00000086     rtsv7M4_T_le_v4SPD16_eabi.lib : fd_cmp_t2.obj (.text:__aeabi_cdcmple)
                  00004dce    00000086                                   : fd_cmp_t2.obj (.text:__aeabi_cdrcmple)
                  00004e54    00000004     empty_pem4f.oem4f (.text:ti_sysbios_BIOS_RtsGateProxy_leave__E)
                  00004e58    00000084     sysbios.aem4f : BIOS.obj (.text:ti_sysbios_family_arm_m3_Hwi_postInit__I)
                  00004edc    0000007c     msp432p4xx_driverlib.lib : pcm.o (.text:PCM_gotoLPM3)
                  00004f58    0000007c     sysbios.aem4f : BIOS.obj (.text:ti_sysbios_heaps_HeapMem_free__E)
                  00004fd4    0000007a     rtsv7M4_T_le_v4SPD16_eabi.lib : memset_t2.obj (.text)
                  0000504e    00000002     empty_pem4f.oem4f (.text:ti_sysbios_BIOS_nullFunc__I)
                  00005050    00000070     sysbios.aem4f : BIOS.obj (.text:ti_sysbios_knl_Semaphore_post__E)
                  000050c0    0000006d     ti.targets.arm.rtsarm.aem4f : System.oem4f (.text:xdc_runtime_System_formatNum__I)
                  0000512d    00000003     --HOLE-- [fill = 0]
                  00005130    0000006c     sysbios.aem4f : BIOS.obj (.text:ti_sysbios_knl_Clock_workFunc__E)
                  0000519c    00000004     empty_pem4f.oem4f (.text:ti_sysbios_family_arm_m3_TaskSupport_Module__startupDone__S)
                  000051a0    0000006c     sysbios.aem4f : BIOS.obj (.text:ti_sysbios_knl_Swi_restoreHwi__E)
                  0000520c    00000004     empty_pem4f.oem4f (.text:ti_sysbios_heaps_HeapMem_Module_GateProxy_enter__E)
                  00005210    0000006c     sysbios.aem4f : BIOS.obj (.text:ti_sysbios_knl_Task_exit__E)
                  0000527c    0000006c     ti.targets.arm.rtsarm.aem4f : Error.oem4f (.text:xdc_runtime_Error_print__E)
                  000052e8    0000006c                                 : Memory.oem4f (.text:xdc_runtime_Memory_alloc__E)
                  00005354    0000006a     rtsv7M4_T_le_v4SPD16_eabi.lib : copy_decompress_rle.obj (.text)
                  000053be    00000002     --HOLE-- [fill = 0]
                  000053c0    00000068                                   : trgmsg.obj (.text)
                  00005428    00000068     sysbios.aem4f : BIOS.obj (.text:ti_sysbios_family_arm_msp432_Timer_setNextTick__E)
                  00005490    00000066     rtsv7M4_T_le_v4SPD16_eabi.lib : xdunscal.obj (.text)
                  000054f6    00000066     ti.targets.arm.rtsarm.aem4f : Core-mem.oem4f (.text:xdc_runtime_Core_deleteObject__I)
                  0000555c    00000064     empty.obj (.text:ADC_HWI)
                  000055c0    00000064     sysbios.aem4f : BIOS.obj (.text:ti_sysbios_family_arm_m3_Hwi_dispatchC__I)
                  00005624    00000060     Crystalfontz128x128_ST7735.obj (.text:Crystalfontz128x128_LineDrawH)
                  00005684    00000060     Crystalfontz128x128_ST7735.obj (.text:Crystalfontz128x128_LineDrawV)
                  000056e4    00000060     rtsv7M4_T_le_v4SPD16_eabi.lib : sprintf.obj (.text)
                  00005744    0000005c     empty.obj (.text:main)
                  000057a0    0000005c     sysbios.aem4f : BIOS.obj (.text:ti_sysbios_knl_Swi_run__I)
                  000057fc    00000004     empty_pem4f.oem4f (.text:ti_sysbios_heaps_HeapMem_Module_GateProxy_leave__E)
                  00005800    0000005c     sysbios.aem4f : BIOS.obj (.text:ti_sysbios_knl_Swi_schedule__I)
                  0000585c    00000004     empty_pem4f.oem4f (.text:ti_sysbios_knl_Clock_TimerProxy_getMaxTicks__E)
                  00005860    0000005c     sysbios.aem4f : BIOS.obj (.text:ti_sysbios_knl_Task_Module_startup__E)
                  000058bc    00000004     empty_pem4f.oem4f (.text:ti_sysbios_knl_Queue_destruct)
                  000058c0    0000005c     sysbios.aem4f : BIOS.obj (.text:ti_sysbios_knl_Task_startCore__E)
                  0000591c    0000005b     ti.targets.arm.rtsarm.aem4f : Text.oem4f (.text:xdc_runtime_Text_putLab__E)
                  00005977    00000001     --HOLE-- [fill = 0]
                  00005978    00000058     boot.aem4f : boot.oem4f (.text)
                  000059d0    00000058     sysbios.aem4f : m3_Hwi_asm_switch.obj (.text:ti_sysbios_family_arm_m3_Hwi_initStacks__E)
                  00005a28    00000058                   : BIOS.obj (.text:ti_sysbios_family_arm_msp432_Timer_periodicStub__E)
                  00005a80    00000056     rtsv7M4_T_le_v4SPD16_eabi.lib : ltoa.obj (.text)
                  00005ad6    00000002     --HOLE-- [fill = 0]
                  00005ad8    00000054     Crystalfontz128x128_ST7735.obj (.text:Crystalfontz128x128_SetOrientation)
                  00005b2c    00000054     empty.obj (.text:drawData)
                  00005b80    00000054     empty.obj (.text:drawTitle)
                  00005bd4    00000004     empty_pem4f.oem4f (.text:ti_sysbios_knl_Semaphore_destruct)
                  00005bd8    00000054     sysbios.aem4f : BIOS.obj (.text:ti_sysbios_family_arm_msp432_Timer_initDevice__I)
                  00005c2c    00000004     ti.targets.arm.rtsarm.aem4f : Error.oem4f (.text:xdc_runtime_Error_getSite__E)
                  00005c30    00000054     sysbios.aem4f : BIOS.obj (.text:ti_sysbios_family_arm_msp432_init_Boot_configureClocksHigh)
                  00005c84    00000054     ti.targets.arm.rtsarm.aem4f : Assert.oem4f (.text:xdc_runtime_Assert_raise__I)
                  00005cd8    00000052     rtsv7M4_T_le_v4SPD16_eabi.lib : ldexp.obj (.text)
                  00005d2a    00000002     --HOLE-- [fill = 0]
                  00005d2c    00000050     msp432p4xx_driverlib.lib : pcm.o (.text:PCM_shutdownDevice)
                  00005d7c    00000050     power_tirtos_MSP432P401R.aem4f : PowerMSP432_tirtos.oem4f (.text:PowerMSP432_sleepPolicy)
                  00005dcc    00000004     empty_pem4f.oem4f (.text:xdc_runtime_System_Module_GateProxy_enter__E)
                  00005dd0    00000050     sysbios.aem4f : BIOS.obj (.text:ti_sysbios_family_arm_m3_Hwi_Module_startup__E)
                  00005e20    00000050     ti.targets.arm.rtsarm.aem4f : Startup.oem4f (.text:xdc_runtime_Startup_exec__E)
                  00005e70    00000050                                 : Text.oem4f (.text:xdc_runtime_Text_visitRope2__I)
                  00005ec0    0000004c     msp432p4xx_driverlib.lib : gpio.o (.text:GPIO_setAsPeripheralModuleFunctionOutputPin)
                  00005f0c    0000004c     rtsv7M4_T_le_v4SPD16_eabi.lib : atoi.obj (.text)
                  00005f58    0000004c                                   : cpy_tbl.obj (.text)
                  00005fa4    00000004     empty_pem4f.oem4f (.text:xdc_runtime_System_Module_GateProxy_leave__E)
                  00005fa8    0000004c     sysbios.aem4f : BIOS.obj (.text:ti_sysbios_family_arm_msp432_Timer_start__E)
                  00005ff4    00000004     ti.targets.arm.rtsarm.aem4f : System.oem4f (.text:xdc_runtime_System_aprintf_va__F)
                  00005ff8    0000004c     sysbios.aem4f : BIOS.obj (.text:ti_sysbios_heaps_HeapMem_getStats__E)
                  00006044    00000004     ti.targets.arm.rtsarm.aem4f : System.oem4f (.text:xdc_runtime_System_printf_va__F)
                  00006048    0000004c     sysbios.aem4f : BIOS.obj (.text:ti_sysbios_knl_Swi_runLoop__I)
                  00006094    00000004     --HOLE-- [fill = 0]
                  00006098    0000004c                   : BIOS.obj (.text:ti_sysbios_knl_Task_allBlockedFunction__I)
                  000060e4    00000004     --HOLE-- [fill = 0]
                  000060e8    0000004c                   : BIOS.obj (.text:ti_sysbios_knl_Task_schedule__I)
                  00006134    0000004a     context.obj (.text:Graphics_initContext)
                  0000617e    00000002     --HOLE-- [fill = 0]
                  00006180    00000048     msp432p4xx_driverlib.lib : gpio.o (.text:GPIO_setAsPeripheralModuleFunctionInputPin)
                  000061c8    00000048     string.obj (.text:Graphics_drawStringCentered)
                  00006210    00000048     rtsv7M4_T_le_v4SPD16_eabi.lib : fd_toi_t2.obj (.text)
                  00006258    00000048     sysbios.aem4f : BIOS.obj (.text:ti_sysbios_family_arm_m3_Hwi_enableInterrupt__E)
                  000062a0    00000048                   : BIOS.obj (.text:ti_sysbios_family_arm_m3_Hwi_excReserved__I)
                  000062e8    00000048                   : BIOS.obj (.text:ti_sysbios_knl_Mailbox_Module_startup__E)
                  00006330    00000046     ti.targets.arm.rtsarm.aem4f : Core-params.oem4f (.text:xdc_runtime_Core_assignParams__I)
                  00006376    00000002     --HOLE-- [fill = 0]
                  00006378    00000044     rtsv7M4_T_le_v4SPD16_eabi.lib : exit.obj (.text)
                  000063bc    00000004     --HOLE-- [fill = 0]
                  000063c0    00000044     sysbios.aem4f : BIOS.obj (.text:ti_sysbios_family_arm_m3_Hwi_getStackInfo__E)
                  00006404    00000004     --HOLE-- [fill = 0]
                  00006408    00000044                   : BIOS.obj (.text:ti_sysbios_knl_Swi_post__E)
                  0000644c    00000044     ti.targets.arm.rtsarm.aem4f : Error.oem4f (.text:xdc_runtime_Error_setX__E)
                  00006490    00000044                                 : SysMin.oem4f (.text:xdc_runtime_SysMin_flush__E)
                  000064d4    00000044                                 : Text.oem4f (.text:xdc_runtime_Text_xprintf__I)
                  00006518    00000040     Crystalfontz128x128_ST7735.obj (.text:Crystalfontz128x128_PixelDraw)
                  00006558    00000040     msp432p4xx_driverlib.lib : flash.o (.text:FlashCtl_disableReadBuffering)
                  00006598    00000040     string.obj (.text:Graphics_getNumberOfLeadingZeros)
                  000065d8    00000040     HAL_MSP_EXP432P401R_Crystalfontz128x128_ST7735.obj (.text:HAL_LCD_SpiInit)
                  00006618    00000040     drivers_MSP432P401R.aem4f : PowerMSP432.oem4f (.text:notify)
                  00006658    00000040     rtsv7M4_T_le_v4SPD16_eabi.lib : signal.obj (.text)
                  00006698    00000040                                   : u_divt2.obj (.text)
                  000066d8    00000040     sysbios.aem4f : BIOS.obj (.text:ti_sysbios_family_arm_msp432_Timer_Module_startup__E)
                  00006718    00000040                   : BIOS.obj (.text:ti_sysbios_family_arm_msp432_Timer_startup__E)
                  00006758    00000040                   : BIOS.obj (.text:ti_sysbios_heaps_HeapMem_Instance_init__E)
                  00006798    0000003c     drivers_MSP432P401R.aem4f : PowerMSP432.oem4f (.text:Power_init)
                  000067d4    0000003c     empty.obj (.text:clk0Fxn)
                  00006810    0000003c     sysbios.aem4f : BIOS.obj (.text:ti_sysbios_family_arm_m3_Hwi_excSvCall__I)
                  0000684c    00000004     --HOLE-- [fill = 0]
                  00006850    0000003c                   : BIOS.obj (.text:ti_sysbios_heaps_HeapMem_init__I)
                  0000688c    00000004     --HOLE-- [fill = 0]
                  00006890    0000003c                   : BIOS.obj (.text:ti_sysbios_knl_Clock_Instance_init__E)
                  000068cc    00000004     --HOLE-- [fill = 0]
                  000068d0    0000003c                   : BIOS.obj (.text:ti_sysbios_knl_Swi_restore__E)
                  0000690c    00000004     --HOLE-- [fill = 0]
                  00006910    00000038                   : BIOS.obj (.text:ti_sysbios_family_arm_m3_Hwi_excNoIsr__I)
                  00006948    00000038     ti.targets.arm.rtsarm.aem4f : SysMin.oem4f (.text:xdc_runtime_SysMin_putch__E)
                  00006980    00000038                                 : System.oem4f (.text:xdc_runtime_System_atexit__E)
                  000069b8    00000034     msp432p4xx_driverlib.lib : flash.o (.text:FlashCtl_enableReadBuffering)
                  000069ec    00000034     display.obj (.text:Graphics_drawHorizontalLineOnDisplay)
                  00006a20    00000034     HAL_MSP_EXP432P401R_Crystalfontz128x128_ST7735.obj (.text:HAL_LCD_writeCommand)
                  00006a54    00000034     rtsv7M4_T_le_v4SPD16_eabi.lib : feraiseexcept.obj (.text)
                  00006a88    00000034     sysbios.aem4f : BIOS.obj (.text:ti_sysbios_family_arm_m3_Hwi_excNmi__I)
                  00006abc    00000034     empty_pem4f.oem4f (.text:ti_sysbios_knl_Clock_construct)
                  00006af0    00000034     ti.targets.arm.rtsarm.aem4f : Core-label.oem4f (.text:xdc_runtime_Core_assignLabel__I)
                  00006b24    00000033                                 : Text.oem4f (.text:xdc_runtime_Text_printVisFxn__I)
                  00006b57    00000001     --HOLE-- [fill = 0]
                  00006b58    00000032     sysbios.aem4f : BIOS.obj (.text:ti_sysbios_hal_Hwi_initStack)
                  00006b8a    00000030     HAL_MSP_EXP432P401R_Crystalfontz128x128_ST7735.obj (.text:HAL_LCD_PortInit)
                  00006bba    00000002     --HOLE-- [fill = 0]
                  00006bbc    00000030     msp432p4xx_driverlib.lib : spi.o (.text:is_A_Module)
                  00006bec    00000030     rtsv7M4_T_le_v4SPD16_eabi.lib : xdclass.obj (.text)
                  00006c1c    00000030                                   : xferaise.obj (.text)
                  00006c4c    00000030     empty_pem4f.oem4f (.text:ti_sysbios_BIOS_atExitFunc__I)
                  00006c7c    00000004     --HOLE-- [fill = 0]
                  00006c80    00000030     sysbios.aem4f : BIOS.obj (.text:ti_sysbios_family_arm_m3_TaskSupport_start__E)
                  00006cb0    00000030                   : BIOS.obj (.text:ti_sysbios_family_arm_msp432_Timer_setPeriod__E)
                  00006ce0    00000030     empty_pem4f.oem4f (.text:ti_sysbios_gates_GateHwi_Object__create__S)
                  00006d10    00000030     empty_pem4f.oem4f (.text:ti_sysbios_gates_GateMutex_Object__create__S)
                  00006d40    00000030     sysbios.aem4f : BIOS.obj (.text:ti_sysbios_gates_GateMutex_enter__E)
                  00006d70    00000030     empty_pem4f.oem4f (.text:ti_sysbios_heaps_HeapMem_Object__create__S)
                  00006da0    00000030     sysbios.aem4f : BIOS.obj (.text:ti_sysbios_knl_Mailbox_postInit__I)
                  00006dd0    00000030     empty_pem4f.oem4f (.text:ti_sysbios_knl_Semaphore_construct)
                  00006e00    00000030     sysbios.aem4f : BIOS.obj (.text:ti_sysbios_knl_Semaphore_pendTimeout__I)
                  00006e30    00000030                   : BIOS.obj (.text:ti_sysbios_knl_Task_processVitalTaskFlag__I)
                  00006e60    00000030                   : BIOS.obj (.text:ti_sysbios_knl_Task_unblockI__E)
                  00006e90    00000030     ti.targets.arm.rtsarm.aem4f : SysMin.oem4f (.text:xdc_runtime_SysMin_abort__E)
                  00006ec0    00000030                                 : System.oem4f (.text:xdc_runtime_System_processAtExit__E)
                  00006ef0    0000002e     rtsv7M4_T_le_v4SPD16_eabi.lib : i_tofd_t2.obj (.text)
                  00006f1e    0000002e                                   : raise.obj (.text)
                  00006f4c    0000002c     Crystalfontz128x128_ST7735.obj (.text:Crystalfontz128x128_ClearScreen)
                  00006f78    0000002c     msp432p4xx_driverlib.lib : pcm.o (.text:PCM_getCoreVoltageLevel)
                  00006fa4    0000002c     power_tirtos_MSP432P401R.aem4f : PowerMSP432_tirtos.oem4f (.text:PowerMSP432_updateFreqs)
                  00006fd0    0000002c     empty_pem4f.oem4f (.text:ti_sysbios_knl_Clock_doTick__I)
                  00006ffc    0000002c     empty_pem4f.oem4f (.text:ti_sysbios_knl_Queue_construct)
                  00007028    0000002c     sysbios.aem4f : BIOS.obj (.text:ti_sysbios_knl_Task_restore__E)
                  00007054    0000002c     ti.targets.arm.rtsarm.aem4f : Text.oem4f (.text:xdc_runtime_Text_cordText__E)
                  00007080    0000002a     display.obj (.text:Graphics_drawPixelOnDisplay)
                  000070aa    0000002a     msp432p4xx_driverlib.lib : pcm.o (.text:PCM_getPowerMode)
                  000070d4    0000002a     rtsv7M4_T_le_v4SPD16_eabi.lib : frexp.obj (.text)
                  000070fe    0000002a     ti.targets.arm.rtsarm.aem4f : System.oem4f (.text:xdc_runtime_System_putchar__I)
                  00007128    00000028     Crystalfontz128x128_ST7735.obj (.text:Crystalfontz128x128_ColorTranslate)
                  00007150    00000028     msp432p4xx_driverlib.lib : flash.o (.text:FlashCtl_setWaitState)
                  00007178    00000028                              : pcm.o (.text:PCM_gotoLPM0)
                  000071a0    00000028     sysbios.aem4f : BIOS.obj (.text:ti_sysbios_knl_Clock_addI__E)
                  000071c8    00000028                   : BIOS.obj (.text:ti_sysbios_knl_Swi_Module_startup__E)
                  000071f0    00000026                   : m3_Hwi_asm.obj (.text:ti_sysbios_family_arm_m3_Hwi_pendSV__I)
                  00007216    00000026     ti.targets.arm.rtsarm.aem4f : System.oem4f (.text:xdc_runtime_System_avprintf__E)
                  0000723c    00000024     msp432p4xx_driverlib.lib : cs.o (.text:CS_setDCOCenteredFrequency)
                  00007260    00000024                              : gpio.o (.text:GPIO_setAsOutputPin)
                  00007284    00000024     HAL_MSP_EXP432P401R_Crystalfontz128x128_ST7735.obj (.text:HAL_LCD_writeData)
                  000072a8    00000024     msp432p4xx_driverlib.lib : rtc_c.o (.text:RTC_C_holdClock)
                  000072cc    00000024                              : rtc_c.o (.text:RTC_C_startClock)
                  000072f0    00000024     empty_pem4f.oem4f (.text:ti_sysbios_BIOS_errorRaiseHook__I)
                  00007314    00000024     empty_pem4f.oem4f (.text:ti_sysbios_BIOS_registerRTSLock__I)
                  00007338    00000024     empty_pem4f.oem4f (.text:ti_sysbios_BIOS_removeRTSLock__I)
                  0000735c    00000024     empty_pem4f.oem4f (.text:ti_sysbios_BIOS_startFunc__I)
                  00007380    00000024     sysbios.aem4f : BIOS.obj (.text:ti_sysbios_family_arm_msp432_ClockFreqs_setFrequency__E)
                  000073a4    00000004     --HOLE-- [fill = 0]
                  000073a8    00000024                   : BIOS.obj (.text:ti_sysbios_family_arm_msp432_Timer_postInit__I)
                  000073cc    00000024     empty_pem4f.oem4f (.text:ti_sysbios_gates_GateMutex_Object__delete__S)
                  000073f0    00000024     sysbios.aem4f : BIOS.obj (.text:ti_sysbios_knl_Clock_Module_startup__E)
                  00007414    00000004     --HOLE-- [fill = 0]
                  00007418    00000024                   : BIOS.obj (.text:ti_sysbios_knl_Clock_start__E)
                  0000743c    00000004     --HOLE-- [fill = 0]
                  00007440    00000024                   : BIOS.obj (.text:ti_sysbios_knl_Semaphore_Instance_init__E)
                  00007464    00000004     --HOLE-- [fill = 0]
                  00007468    00000024                   : BIOS.obj (.text:ti_sysbios_knl_Task_restoreHwi__E)
                  0000748c    00000024     ti.targets.arm.rtsarm.aem4f : System.oem4f (.text:xdc_runtime_System_vprintf__E)
                  000074b0    00000022     empty_pem4f.oem4f (.text:xdc_runtime_SysMin_output__I)
                  000074d2    00000002     --HOLE-- [fill = 0]
                  000074d4    00000020     drivers_MSP432P401R.aem4f : PowerMSP432.oem4f (.text:Power_idleFunc)
                  000074f4    00000020     msp432p4xx_driverlib.lib : spi.o (.text:SPI_transmitData)
                  00007514    00000020     empty_pem4f.oem4f (.text:ti_sysbios_BIOS_rtsLock__I)
                  00007534    00000020     sysbios.aem4f : m3_Hwi_asm.obj (.text:ti_sysbios_family_arm_m3_Hwi_excHandlerAsm__I)
                  00007554    00000004     --HOLE-- [fill = 0]
                  00007558    00000020                   : BIOS.obj (.text:ti_sysbios_family_arm_m3_Hwi_excHandler__I)
                  00007578    00000020     empty_pem4f.oem4f (.text:ti_sysbios_gates_GateHwi_Object__delete__S)
                  00007598    00000020     empty_pem4f.oem4f (.text:ti_sysbios_heaps_HeapMem_Object__delete__S)
                  000075b8    00000020     sysbios.aem4f : BIOS.obj (.text:ti_sysbios_knl_Idle_run__E)
                  000075d8    00000020     empty_pem4f.oem4f (.text:ti_sysbios_knl_Semaphore_Object__destruct__S)
                  000075f8    00000020     ti.targets.arm.rtsarm.aem4f : Registry.oem4f (.text:xdc_runtime_Registry_findById__E)
                  00007618    00000020                                 : SysMin.oem4f (.text:xdc_runtime_SysMin_Module_startup__E)
                  00007638    0000001e     sysbios.aem4f : m3_Hwi_asm_switch.obj (.text:ti_sysbios_family_xxx_Hwi_switchAndRunFunc)
                  00007656    0000001c     rtsv7M4_T_le_v4SPD16_eabi.lib : memccpy.obj (.text)
                  00007672    00000006                                   : copy_decompress_rle.obj (.text:decompress:rle24)
                  00007678    0000001c     sysbios.aem4f : BIOS.obj (.text:ti_sysbios_gates_GateMutex_Instance_init__E)
                  00007694    0000001c     empty_pem4f.oem4f (.text:ti_sysbios_knl_Queue_Object__destruct__S)
                  000076b0    0000001c     sysbios.aem4f : BIOS.obj (.text:ti_sysbios_knl_Queue_put__E)
                  000076cc    00000004     --HOLE-- [fill = 0]
                  000076d0    0000001c                   : BIOS.obj (.text:ti_sysbios_knl_Task_enter__I)
                  000076ec    0000001c     ti.targets.arm.rtsarm.aem4f : Error.oem4f (.text:xdc_runtime_Error_raiseX__E)
                  00007708    0000001c                                 : Memory.oem4f (.text:xdc_runtime_Memory_valloc__E)
                  00007724    0000001c                                 : SysMin.oem4f (.text:xdc_runtime_SysMin_exit__E)
                  00007740    0000001c                                 : System.oem4f (.text:xdc_runtime_System_abort__E)
                  0000775c    0000001a     context.obj (.text:Graphics_setBackgroundColor)
                  00007776    0000001a     context.obj (.text:Graphics_setFont)
                  00007790    0000001a     msp432p4xx_driverlib.lib : spi.o (.text:SPI_enableModule)
                  000077aa    0000001a     empty_pem4f.oem4f (.text:ti_sysbios_family_arm_m3_Hwi_Handle__label__S)
                  000077c4    0000001a     empty_pem4f.oem4f (.text:ti_sysbios_gates_GateHwi_Handle__label__S)
                  000077de    0000001a     empty_pem4f.oem4f (.text:ti_sysbios_gates_GateMutex_Handle__label__S)
                  000077f8    0000001a     empty_pem4f.oem4f (.text:ti_sysbios_heaps_HeapMem_Handle__label__S)
                  00007812    0000001a     empty_pem4f.oem4f (.text:ti_sysbios_knl_Swi_Handle__label__S)
                  0000782c    0000001a     empty_pem4f.oem4f (.text:ti_sysbios_knl_Task_Handle__label__S)
                  00007846    0000001a     empty_pem4f.oem4f (.text:xdc_runtime_System_aprintf__E)
                  00007860    0000001a     empty_pem4f.oem4f (.text:xdc_runtime_System_printf__E)
                  0000787a    00000002     --HOLE-- [fill = 0]
                  0000787c    00000018     msp432p4xx_driverlib.lib : adc14.o (.text:ADC14_getResult)
                  00007894    00000018                              : gpio.o (.text:GPIO_setOutputLowOnPin)
                  000078ac    00000018     display.obj (.text:Graphics_clearDisplayOnDisplay)
                  000078c4    00000018     msp432p4xx_driverlib.lib : wdt_a.o (.text:WDT_A_holdTimer)
                  000078dc    00000018     rtsv7M4_T_le_v4SPD16_eabi.lib : args_main.obj (.text)
                  000078f4    00000018     empty_pem4f.oem4f (.text:ti_sysbios_BIOS_rtsUnlock__I)
                  0000790c    00000018     empty_pem4f.oem4f (.text:ti_sysbios_family_arm_m3_Hwi_Module__startupDone__F)
                  00007924    00000018     sysbios.aem4f : m3_TaskSupport_asm.obj (.text:ti_sysbios_family_arm_m3_TaskSupport_swap__E)
                  0000793c    00000018     empty_pem4f.oem4f (.text:ti_sysbios_family_arm_msp432_Timer_Module__startupDone__F)
                  00007954    00000004     --HOLE-- [fill = 0]
                  00007958    00000018     sysbios.aem4f : BIOS.obj (.text:ti_sysbios_gates_GateMutex_leave__E)
                  00007970    00000018     ti.targets.arm.rtsarm.aem4f : Error.oem4f (.text:xdc_runtime_Error_check__E)
                  00007988    00000018                                 : System.oem4f (.text:xdc_runtime_System_exit__E)
                  000079a0    00000018                                 : Text.oem4f (.text:xdc_runtime_Text_ropeText__E)
                  000079b8    00000016     context.obj (.text:Graphics_setForegroundColor)
                  000079ce    00000016     display.obj (.text:Graphics_translateColorOnDisplay)
                  000079e4    00000016     rtsv7M4_T_le_v4SPD16_eabi.lib : strchr.obj (.text)
                  000079fa    00000016     empty_pem4f.oem4f (.text:ti_sysbios_BIOS_exitFunc__I)
                  00007a10    00000016     empty.obj (.text:ti_sysbios_knl_Clock_Params_init)
                  00007a26    00000002     --HOLE-- [fill = 0]
                  00007a28    00000016     sysbios.aem4f : BIOS.obj (.text:ti_sysbios_knl_Task_unblock__E)
                  00007a3e    00000002     --HOLE-- [fill = 0]
                  00007a40    00000014     msp432p4xx_driverlib.lib : gpio.o (.text:GPIO_setOutputHighOnPin)
                  00007a54    00000014                              : gpio.o (.text:GPIO_toggleOutputOnPin)
                  00007a68    00000014                              : wdt_a.o (.text:WDT_A_startTimer)
                  00007a7c    00000014     rtsv7M4_T_le_v4SPD16_eabi.lib : _lock.obj (.text)
                  00007a90    00000014                                   : strcpy.obj (.text)
                  00007aa4    00000014                                   : strlen.obj (.text)
                  00007ab8    00000014     empty_pem4f.oem4f (.text:ti_sysbios_family_arm_m3_Hwi_Object__get__S)
                  00007acc    00000004     --HOLE-- [fill = 0]
                  00007ad0    00000014     sysbios.aem4f : BIOS.obj (.text:ti_sysbios_family_arm_m3_Hwi_switchFromBootStack__E)
                  00007ae4    00000014     empty_pem4f.oem4f (.text:ti_sysbios_heaps_HeapMem_Object__get__S)
                  00007af8    00000014     empty_pem4f.oem4f (.text:ti_sysbios_knl_Mailbox_Object__get__S)
                  00007b0c    00000014     empty_pem4f.oem4f (.text:ti_sysbios_knl_Swi_Object__get__S)
                  00007b20    00000012     context.obj (.text:Graphics_clearDisplay)
                  00007b32    00000006     ti.targets.arm.rtsarm.aem4f : System.oem4f (.text:xdc_runtime_System_Module_startup__E)
                  00007b38    00000012     sysbios.aem4f : BIOS.obj (.text:ti_sysbios_hal_Hwi_Module_startup__E)
                  00007b4a    00000012     empty_pem4f.oem4f (.text:xdc_runtime_Startup_exec__I)
                  00007b5c    00000010     msp432p4xx_driverlib.lib : pcm.o (.text:PCM_gotoLPM4)
                  00007b6c    00000004     --HOLE-- [fill = 0]
                  00007b70    00000010     sysbios.aem4f : BIOS.obj (.text:ti_sysbios_BIOS_exit__E)
                  00007b80    00000010                   : BIOS.obj (.text:ti_sysbios_BIOS_setCpuFreq__E)
                  00007b90    00000010                   : BIOS.obj (.text:ti_sysbios_BIOS_setThreadType__E)
                  00007ba0    00000010                   : BIOS.obj (.text:ti_sysbios_BIOS_start__E)
                  00007bb0    00000010                   : m3_TaskSupport_asm.obj (.text:ti_sysbios_family_arm_m3_TaskSupport_glue)
                  00007bc0    00000010                   : BIOS.obj (.text:ti_sysbios_family_arm_msp432_init_Boot_disableWatchdog)
                  00007bd0    00000010                   : BIOS.obj (.text:ti_sysbios_gates_GateMutex_Instance_finalize__E)
                  00007be0    00000010                   : BIOS.obj (.text:ti_sysbios_knl_Semaphore_Instance_finalize__E)
                  00007bf0    00000010                   : BIOS.obj (.text:ti_sysbios_knl_Swi_disable__E)
                  00007c00    00000010     empty_pem4f.oem4f (.text:ti_sysbios_knl_Task_Object__get__S)
                  00007c10    00000010     sysbios.aem4f : BIOS.obj (.text:ti_sysbios_knl_Task_disable__E)
                  00007c20    00000010     ti.targets.arm.rtsarm.aem4f : Gate.oem4f (.text:xdc_runtime_Gate_leaveSystem__E)
                  00007c30    00000010                                 : Memory.oem4f (.text:xdc_runtime_Memory_free__E)
                  00007c40    00000010                                 : SysMin.oem4f (.text:xdc_runtime_SysMin_ready__E)
                  00007c50    00000010                                 : System.oem4f (.text:xdc_runtime_System_vsnprintf__E)
                  00007c60    00000010     empty_pem4f.oem4f (.text:xdc_runtime_Text_visitRope__I)
                  00007c70    0000000e     rtsv7M4_T_le_v4SPD16_eabi.lib : copy_decompress_none.obj (.text:decompress:none)
                  00007c7e    00000002     --HOLE-- [fill = 0]
                  00007c80    0000000e     sysbios.aem4f : BIOS.obj (.text:ti_sysbios_knl_Queue_empty__E)
                  00007c8e    0000000c     empty_pem4f.oem4f (.text:.bootCodeSection:ti_sysbios_family_arm_msp432_init_Boot_init__I)
                  00007c9a    0000000c     msp432p4xx_driverlib.lib : cpu.o (.text:CPU_cpsid)
                  00007ca6    0000000c                              : cpu.o (.text:CPU_cpsie)
                  00007cb2    0000000c                              : spi.o (.text:EUSCI_A_SPI_enable)
                  00007cbe    0000000c                              : spi.o (.text:EUSCI_B_SPI_enable)
                  00007cca    00000002     --HOLE-- [fill = 0]
                  00007ccc    0000000c                              : pcm.o (.text:PCM_getPowerState)
                  00007cd8    0000000c     drivers_MSP432P401R.aem4f : PowerMSP432.oem4f (.text:Power_getConstraintMask)
                  00007ce4    0000000c     rtsv7M4_T_le_v4SPD16_eabi.lib : copy_zero_init.obj (.text:decompress:ZI)
                  00007cf0    0000000c     sysbios.aem4f : BIOS.obj (.text:ti_sysbios_family_arm_msp432_Timer_getMaxTicks__E)
                  00007cfc    00000004     --HOLE-- [fill = 0]
                  00007d00    0000000c                   : BIOS.obj (.text:ti_sysbios_gates_GateHwi_enter__E)
                  00007d0c    0000000c     empty_pem4f.oem4f (.text:ti_sysbios_knl_Clock_Params__init__S)
                  00007d18    0000000c     empty.obj (.text:ti_sysbios_knl_Clock_handle)
                  00007d24    0000000c     empty_pem4f.oem4f (.text:ti_sysbios_knl_Queue_Object__get__S)
                  00007d30    0000000c     ti.targets.arm.rtsarm.aem4f : Error.oem4f (.text:xdc_runtime_Error_init__E)
                  00007d3c    0000000c                                 : Gate.oem4f (.text:xdc_runtime_Gate_enterSystem__E)
                  00007d48    0000000c                                 : Memory.oem4f (.text:xdc_runtime_Memory_calloc__E)
                  00007d54    0000000c                                 : Memory.oem4f (.text:xdc_runtime_Memory_getMaxDefaultTypeAlign__E)
                  00007d60    0000000a     Crystalfontz128x128_ST7735.obj (.text:Crystalfontz128x128_Flush)
                  00007d6a    0000000a     empty_pem4f.oem4f (.text:xdc_runtime_IHeap_alloc)
                  00007d74    0000000a     empty_pem4f.oem4f (.text:xdc_runtime_IHeap_free)
                  00007d7e    00000008     msp432p4xx_driverlib.lib : spi.o (.text:EUSCI_B_SPI_getInterruptStatus)
                  00007d86    00000008     MSP_EXP432P401R.obj (.text:MSP_EXP432P401R_initGeneral)
                  00007d8e    00000008     msp432p4xx_driverlib.lib : pcm.o (.text:PCM_setPowerMode)
                  00007d96    00000008                              : pcm.o (.text:PCM_setPowerState)
                  00007d9e    00000008     empty.obj (.text:calculateAvg)
                  00007da6    00000002     --HOLE-- [fill = 0]
                  00007da8    00000008     sysbios.aem4f : BIOS.obj (.text:ti_sysbios_family_arm_m3_Hwi_doSwiRestore__I)
                  00007db0    00000008                   : BIOS.obj (.text:ti_sysbios_family_arm_m3_Hwi_startup__E)
                  00007db8    00000006                   : BIOS.obj (.text:ti_sysbios_family_arm_m3_Hwi_doTaskRestore__I)
                  00007dbe    00000002     --HOLE-- [fill = 0]
                  00007dc0    00000006                   : BIOS.obj (.text:ti_sysbios_gates_GateHwi_leave__E)
                  00007dc6    00000002     --HOLE-- [fill = 0]
                  00007dc8    00000006                   : BIOS.obj (.text:ti_sysbios_heaps_HeapMem_isBlocking__E)
                  00007dce    00000002     --HOLE-- [fill = 0]
                  00007dd0    00000006                   : BIOS.obj (.text:ti_sysbios_knl_Queue_Instance_init__E)
                  00007dd6    00000002     --HOLE-- [fill = 0]
                  00007dd8    00000006                   : BIOS.obj (.text:ti_sysbios_knl_Swi_startup__E)
                  00007dde    00000002     --HOLE-- [fill = 0]
                  00007de0    00000004                   : BIOS.obj (.text:ti_sysbios_gates_GateHwi_query__E)
                  00007de4    00000004     --HOLE-- [fill = 0]
                  00007de8    00000004                   : BIOS.obj (.text:ti_sysbios_gates_GateMutex_query__E)
                  00007dec    00000004     --HOLE-- [fill = 0]
                  00007df0    00000004                   : BIOS.obj (.text:ti_sysbios_knl_Task_startup__E)
                  00007df4    00000004     --HOLE-- [fill = 0]
                  00007df8    00000002                   : BIOS.obj (.text:ti_sysbios_gates_GateHwi_Instance_init__E)
                  00007dfa    00000006     --HOLE-- [fill = 0]
                  00007e00    00000002                   : BIOS.obj (.text:ti_sysbios_knl_Clock_logTick__E)

.const     0    00007e04    00002288     
                  00007e04    00001832     empty_pem4f.oem4f (.const:xdc_runtime_Text_charTab__A)
                  00009636    000002f8     fontfixed6x8.obj (.const:.string:g_pucFontFixed6x8Data)
                  0000992e    00000101     rtsv7M4_T_le_v4SPD16_eabi.lib : ctype.obj (.const:.string:_ctypes_)
                  00009a2f    00000001     empty_pem4f.oem4f (.const:xdc_runtime_Error_policy__C)
                  00009a30    000000c8     fontfixed6x8.obj (.const:g_sFontFixed6x8)
                  00009af8    000000b8     empty_pem4f.oem4f (.const:xdc_runtime_Text_nodeTab__A)
                  00009bb0    00000080     msp432p4xx_driverlib.lib : adc14.o (.const:_ctlRegs)
                  00009c30    00000048     empty_pem4f.oem4f (.const:.string)
                  00009c78    0000002c     Crystalfontz128x128_ST7735.obj (.const:g_sCrystalfontz128x128)
                  00009ca4    00000028     empty_pem4f.oem4f (.const:ti_sysbios_heaps_HeapMem_Module__FXNS__C)
                  00009ccc    00000024     init_all.obj (.const:$P$T0$1)
                  00009cf0    00000024     empty_pem4f.oem4f (.const:ti_sysbios_gates_GateHwi_Module__FXNS__C)
                  00009d14    00000024     empty_pem4f.oem4f (.const:ti_sysbios_gates_GateMutex_Module__FXNS__C)
                  00009d38    00000024     empty_pem4f.oem4f (.const:ti_sysbios_heaps_HeapMem_Object__PARAMS__C)
                  00009d5c    00000024     empty_pem4f.oem4f (.const:ti_sysbios_knl_Clock_Object__PARAMS__C)
                  00009d80    00000024     empty_pem4f.oem4f (.const:ti_sysbios_knl_Semaphore_Object__PARAMS__C)
                  00009da4    00000024     empty_pem4f.oem4f (.const:xdc_runtime_Startup_sfxnTab__A)
                  00009dc8    00000020     empty_pem4f.oem4f (.const:ti_sysbios_gates_GateHwi_Object__DESC__C)
                  00009de8    00000020     empty_pem4f.oem4f (.const:ti_sysbios_gates_GateMutex_Object__DESC__C)
                  00009e08    00000020     empty_pem4f.oem4f (.const:ti_sysbios_heaps_HeapMem_Object__DESC__C)
                  00009e28    00000020     empty_pem4f.oem4f (.const:ti_sysbios_knl_Clock_Object__DESC__C)
                  00009e48    00000020     empty_pem4f.oem4f (.const:ti_sysbios_knl_Queue_Object__DESC__C)
                  00009e68    00000020     empty_pem4f.oem4f (.const:ti_sysbios_knl_Semaphore_Object__DESC__C)
                  00009e88    0000001c     HAL_MSP_EXP432P401R_Crystalfontz128x128_ST7735.obj (.const)
                  00009ea4    00000018     empty_pem4f.oem4f (.const:ti_sysbios_gates_GateHwi_Object__PARAMS__C)
                  00009ebc    00000018     empty_pem4f.oem4f (.const:ti_sysbios_gates_GateMutex_Object__PARAMS__C)
                  00009ed4    00000018     empty_pem4f.oem4f (.const:ti_sysbios_knl_Queue_Object__PARAMS__C)
                  00009eec    00000012     empty_pem4f.oem4f (.const:xdc_runtime_Startup_sfxnRts__A)
                  00009efe    00000002     empty_pem4f.oem4f (.const:ti_sysbios_family_arm_m3_Hwi_Module__id__C)
                  00009f00    00000010     MSP_EXP432P401R.obj (.const)
                  00009f10    00000010     empty_pem4f.oem4f (.const)
                  00009f20    0000000c     empty_pem4f.oem4f (.const:xdc_runtime_Startup_firstFxns__A)
                  00009f2c    00000008     Crystalfontz128x128_ST7735.obj (.const)
                  00009f34    00000008     empty_pem4f.oem4f (.const:ti_sysbios_family_arm_m3_Hwi_excHookFuncs__A)
                  00009f3c    00000008     empty_pem4f.oem4f (.const:ti_sysbios_knl_Idle_funcList__A)
                  00009f44    00000008     empty_pem4f.oem4f (.const:ti_sysbios_knl_Idle_funcList__C)
                  00009f4c    00000008     empty_pem4f.oem4f (.const:xdc_runtime_Startup_firstFxns__C)
                  00009f54    00000008     empty_pem4f.oem4f (.const:xdc_runtime_Startup_lastFxns__C)
                  00009f5c    00000004     empty_pem4f.oem4f (.const:ti_sysbios_family_arm_m3_Hwi_E_NMI__C)
                  00009f60    00000004     empty_pem4f.oem4f (.const:ti_sysbios_family_arm_m3_Hwi_E_busFault__C)
                  00009f64    00000004     empty_pem4f.oem4f (.const:ti_sysbios_family_arm_m3_Hwi_E_debugMon__C)
                  00009f68    00000004     empty_pem4f.oem4f (.const:ti_sysbios_family_arm_m3_Hwi_E_hardFault__C)
                  00009f6c    00000004     empty_pem4f.oem4f (.const:ti_sysbios_family_arm_m3_Hwi_E_memFault__C)
                  00009f70    00000004     empty_pem4f.oem4f (.const:ti_sysbios_family_arm_m3_Hwi_E_noIsr__C)
                  00009f74    00000004     empty_pem4f.oem4f (.const:ti_sysbios_family_arm_m3_Hwi_E_reserved__C)
                  00009f78    00000004     empty_pem4f.oem4f (.const:ti_sysbios_family_arm_m3_Hwi_E_svCall__C)
                  00009f7c    00000004     empty_pem4f.oem4f (.const:ti_sysbios_family_arm_m3_Hwi_E_usageFault__C)
                  00009f80    00000004     empty_pem4f.oem4f (.const:ti_sysbios_family_arm_m3_Hwi_NUM_INTERRUPTS__C)
                  00009f84    00000004     empty_pem4f.oem4f (.const:ti_sysbios_family_arm_m3_Hwi_Object__count__C)
                  00009f88    00000004     empty_pem4f.oem4f (.const:ti_sysbios_family_arm_m3_Hwi_ccr__C)
                  00009f8c    00000004     empty_pem4f.oem4f (.const:ti_sysbios_family_arm_m3_Hwi_excHandlerFunc__C)
                  00009f90    00000004     empty_pem4f.oem4f (.const:ti_sysbios_family_arm_m3_Hwi_excHookFuncs__C)
                  00009f94    00000004     empty_pem4f.oem4f (.const:ti_sysbios_family_arm_m3_Hwi_nullIsrFunc__C)
                  00009f98    00000004     empty_pem4f.oem4f (.const:ti_sysbios_family_arm_m3_Hwi_priGroup__C)
                  00009f9c    00000004     empty_pem4f.oem4f (.const:ti_sysbios_family_arm_msp432_Timer_numTimerDevices__C)
                  00009fa0    00000004     empty_pem4f.oem4f (.const:ti_sysbios_family_arm_msp432_Timer_startupNeeded__C)
                  00009fa4    00000004     empty_pem4f.oem4f (.const:ti_sysbios_gates_GateMutex_Instance_State_sem__O)
                  00009fa8    00000004     empty_pem4f.oem4f (.const:ti_sysbios_heaps_HeapMem_E_memory__C)
                  00009fac    00000004     empty_pem4f.oem4f (.const:ti_sysbios_heaps_HeapMem_Module__gateObj__C)
                  00009fb0    00000004     empty_pem4f.oem4f (.const:ti_sysbios_heaps_HeapMem_Object__count__C)
                  00009fb4    00000004     empty_pem4f.oem4f (.const:ti_sysbios_heaps_HeapMem_reqAlign__C)
                  00009fb8    00000004     empty_pem4f.oem4f (.const:ti_sysbios_knl_Clock_Module_State_clockQ__O)
                  00009fbc    00000004     empty_pem4f.oem4f (.const:ti_sysbios_knl_Mailbox_Instance_State_dataQue__O)
                  00009fc0    00000004     empty_pem4f.oem4f (.const:ti_sysbios_knl_Mailbox_Instance_State_dataSem__O)
                  00009fc4    00000004     empty_pem4f.oem4f (.const:ti_sysbios_knl_Mailbox_Instance_State_freeQue__O)
                  00009fc8    00000004     empty_pem4f.oem4f (.const:ti_sysbios_knl_Mailbox_Instance_State_freeSem__O)
                  00009fcc    00000004     empty_pem4f.oem4f (.const:ti_sysbios_knl_Mailbox_Object__count__C)
                  00009fd0    00000004     empty_pem4f.oem4f (.const:ti_sysbios_knl_Mailbox_maxTypeAlign__C)
                  00009fd4    00000004     empty_pem4f.oem4f (.const:ti_sysbios_knl_Semaphore_Instance_State_pendQ__O)
                  00009fd8    00000004     empty_pem4f.oem4f (.const:ti_sysbios_knl_Swi_Object__count__C)
                  00009fdc    00000004     empty_pem4f.oem4f (.const:ti_sysbios_knl_Task_Module_State_inactiveQ__O)
                  00009fe0    00000004     empty_pem4f.oem4f (.const:ti_sysbios_knl_Task_Object__count__C)
                  00009fe4    00000004     empty_pem4f.oem4f (.const:ti_sysbios_knl_Task_allBlockedFunc__C)
                  00009fe8    00000004     empty_pem4f.oem4f (.const:ti_sysbios_knl_Task_numConstructedTasks__C)
                  00009fec    00000004     empty_pem4f.oem4f (.const:xdc_runtime_Assert_E_assertFailed__C)
                  00009ff0    00000004     empty_pem4f.oem4f (.const:xdc_runtime_Core_A_initializedParams__C)
                  00009ff4    00000004     empty_pem4f.oem4f (.const:xdc_runtime_Core_Module__diagsEnabled__C)
                  00009ff8    00000004     empty_pem4f.oem4f (.const:xdc_runtime_Core_Module__diagsIncluded__C)
                  00009ffc    00000004     empty_pem4f.oem4f (.const:xdc_runtime_Core_Module__diagsMask__C)
                  0000a000    00000004     empty_pem4f.oem4f (.const:xdc_runtime_Error_E_memory__C)
                  0000a004    00000004     empty_pem4f.oem4f (.const:xdc_runtime_Error_Module__diagsEnabled__C)
                  0000a008    00000004     empty_pem4f.oem4f (.const:xdc_runtime_Error_Module__diagsIncluded__C)
                  0000a00c    00000004     empty_pem4f.oem4f (.const:xdc_runtime_Error_Module__diagsMask__C)
                  0000a010    00000004     empty_pem4f.oem4f (.const:xdc_runtime_Error_Module__loggerFxn8__C)
                  0000a014    00000004     empty_pem4f.oem4f (.const:xdc_runtime_Error_Module__loggerObj__C)
                  0000a018    00000004     empty_pem4f.oem4f (.const:xdc_runtime_Error_policyFxn__C)
                  0000a01c    00000004     empty_pem4f.oem4f (.const:xdc_runtime_Error_raiseHook__C)
                  0000a020    00000004     empty_pem4f.oem4f (.const:xdc_runtime_IGateProvider_Interface__BASE__C)
                  0000a024    00000004     empty_pem4f.oem4f (.const:xdc_runtime_IHeap_Interface__BASE__C)
                  0000a028    00000004     empty_pem4f.oem4f (.const:xdc_runtime_IModule_Interface__BASE__C)
                  0000a02c    00000004     empty_pem4f.oem4f (.const:xdc_runtime_Log_L_error__C)
                  0000a030    00000004     empty_pem4f.oem4f (.const:xdc_runtime_Memory_defaultHeapInstance__C)
                  0000a034    00000004     empty_pem4f.oem4f (.const:xdc_runtime_Startup_execImpl__C)
                  0000a038    00000004     empty_pem4f.oem4f (.const:xdc_runtime_Startup_maxPasses__C)
                  0000a03c    00000004     empty_pem4f.oem4f (.const:xdc_runtime_Startup_sfxnRts__C)
                  0000a040    00000004     empty_pem4f.oem4f (.const:xdc_runtime_Startup_sfxnTab__C)
                  0000a044    00000004     empty_pem4f.oem4f (.const:xdc_runtime_SysMin_bufSize__C)
                  0000a048    00000004     empty_pem4f.oem4f (.const:xdc_runtime_SysMin_outputFunc__C)
                  0000a04c    00000004     empty_pem4f.oem4f (.const:xdc_runtime_System_Module__gateObj__C)
                  0000a050    00000004     empty_pem4f.oem4f (.const:xdc_runtime_System_abortFxn__C)
                  0000a054    00000004     empty_pem4f.oem4f (.const:xdc_runtime_System_exitFxn__C)
                  0000a058    00000004     empty_pem4f.oem4f (.const:xdc_runtime_System_extendFxn__C)
                  0000a05c    00000004     empty_pem4f.oem4f (.const:xdc_runtime_System_maxAtexitHandlers__C)
                  0000a060    00000004     empty_pem4f.oem4f (.const:xdc_runtime_Text_charTab__C)
                  0000a064    00000004     empty_pem4f.oem4f (.const:xdc_runtime_Text_nameEmpty__C)
                  0000a068    00000004     empty_pem4f.oem4f (.const:xdc_runtime_Text_nameStatic__C)
                  0000a06c    00000004     empty_pem4f.oem4f (.const:xdc_runtime_Text_nameUnknown__C)
                  0000a070    00000004     empty_pem4f.oem4f (.const:xdc_runtime_Text_nodeTab__C)
                  0000a074    00000004     empty_pem4f.oem4f (.const:xdc_runtime_Text_visitRopeFxn__C)
                  0000a078    00000002     empty_pem4f.oem4f (.const:ti_sysbios_heaps_HeapMem_Module__id__C)
                  0000a07a    00000002     empty_pem4f.oem4f (.const:xdc_runtime_Core_Module__id__C)
                  0000a07c    00000002     empty_pem4f.oem4f (.const:xdc_runtime_Error_Module__loggerDefined__C)
                  0000a07e    00000002     empty_pem4f.oem4f (.const:xdc_runtime_Error_maxDepth__C)
                  0000a080    00000002     empty_pem4f.oem4f (.const:xdc_runtime_Memory_Module__id__C)
                  0000a082    00000002     empty_pem4f.oem4f (.const:xdc_runtime_SysMin_flushAtExit__C)
                  0000a084    00000002     empty_pem4f.oem4f (.const:xdc_runtime_Text_charCnt__C)
                  0000a086    00000002     empty_pem4f.oem4f (.const:xdc_runtime_Text_isLoaded__C)
                  0000a088    00000002     empty_pem4f.oem4f (.const:xdc_runtime_Text_registryModsLastId__C)
                  0000a08a    00000002     empty_pem4f.oem4f (.const:xdc_runtime_Text_unnamedModsLastId__C)

.cinit     0    0000a090    00000498     
                  0000a090    00000462     (.cinit..data.load) [load image, compression = rle]
                  0000a4f2    00000002     --HOLE-- [fill = 0]
                  0000a4f4    0000000c     (__TI_handler_table)
                  0000a500    00000008     (.cinit..bss.load) [load image, compression = zero_init]
                  0000a508    00000008     (.cinit..vecs.load) [load image, compression = zero_init]
                  0000a510    00000018     (__TI_cinit_table)

.resetVecs 
*          0    00000000    0000003c     
                  00000000    0000003c     empty_pem4f.oem4f (.resetVecs)

.bss       0    20000140    00000986     UNINITIALIZED
                  20000140    00000400     empty_pem4f.oem4f (.bss:ti_sysbios_heaps_HeapMem_Instance_State_0_buf__A)
                  20000540    00000200     empty_pem4f.oem4f (.bss:taskStackSection)
                  20000740    00000140     empty_pem4f.oem4f (.bss:ti_sysbios_family_arm_m3_Hwi_dispatchTable)
                  20000880    00000120     rtsv7M4_T_le_v4SPD16_eabi.lib : trgmsg.obj (.bss:__CIOBUF_)
                  200009a0    00000080     empty_pem4f.oem4f (.bss:xdc_runtime_SysMin_Module_State_0_outbuf__A)
                  20000a20    00000048     empty_pem4f.oem4f (.bss:ti_sysbios_knl_Mailbox_Instance_State_0_allocBuf__A)
                  20000a68    00000024     empty.obj (.bss:clk0Struct)
                  20000a8c    0000001c     (.common:g_sContext)
                  20000aa8    00000008     (.common:parmbuf)
                  20000ab0    00000004     (.common:clk2Handle)
                  20000ab4    00000004     (.common:receiveData)
                  20000ab8    00000002     (.common:Lcd_ScreenHeigth)
                  20000aba    00000002     (.common:Lcd_ScreenWidth)
                  20000abc    00000002     (.common:Lcd_TouchTrim)
                  20000abe    00000001     (.common:Lcd_FlagRead)
                  20000abf    00000001     (.common:Lcd_FontSolid)
                  20000ac0    00000001     (.common:Lcd_Orientation)
                  20000ac1    00000001     (.common:Lcd_PenSolid)
                  20000ac2    00000001     (.common:dataSetASCII)
                  20000ac3    00000001     (.common:dataSetHundreds)
                  20000ac4    00000001     (.common:dataSetOnes)
                  20000ac5    00000001     (.common:dataSetTens)

.data      0    20000ac8    000006f0     UNINITIALIZED
                  20000ac8    00000148     empty_pem4f.oem4f (.data)
                  20000c10    000000b0     rtsv7M4_T_le_v4SPD16_eabi.lib : signal.obj (.data:sigtable)
                  20000cc0    0000009c     drivers_MSP432P401R.aem4f : PowerMSP432.oem4f (.data:PowerMSP432_perfLevels)
                  20000d5c    00000004     rtsv7M4_T_le_v4SPD16_eabi.lib : errno.obj (.data)
                  20000d60    00000080                                   : xvalues.obj (.data)
                  20000de0    00000080     empty_pem4f.oem4f (.data:ti_sysbios_knl_Swi_Module_State_0_readyQ__A)
                  20000e60    00000080     empty_pem4f.oem4f (.data:ti_sysbios_knl_Task_Module_State_0_readyQ__A)
                  20000ee0    00000050     empty_pem4f.oem4f (.data:ti_sysbios_knl_Mailbox_Object__table__V)
                  20000f30    0000004c     empty_pem4f.oem4f (.data:ti_sysbios_family_arm_msp432_Timer_Object__table__V)
                  20000f7c    0000004c     empty_pem4f.oem4f (.data:ti_sysbios_knl_Task_Object__table__V)
                  20000fc8    00000048     empty_pem4f.oem4f (.data:ti_sysbios_family_arm_m3_Hwi_Object__table__V)
                  20001010    00000044     empty_pem4f.oem4f (.data:ti_sysbios_knl_Task_Module__state__V)
                  20001054    00000038     empty_pem4f.oem4f (.data:ti_sysbios_gates_GateMutex_Object__table__V)
                  2000108c    00000034     empty_pem4f.oem4f (.data:ti_sysbios_family_arm_m3_Hwi_Module__state__V)
                  200010c0    00000030     msp432p4xx_driverlib.lib : gpio.o (.data:GPIO_PORT_TO_BASE)
                  200010f0    00000030     empty_pem4f.oem4f (.data:ti_sysbios_knl_Swi_Object__table__V)
                  20001120    0000002c     empty_pem4f.oem4f (.data:ti_sysbios_knl_Clock_Module__state__V)
                  2000114c    00000024     drivers_MSP432P401R.aem4f : PowerMSP432.oem4f (.data:PowerMSP432_module)
                  20001170    00000024     empty_pem4f.oem4f (.data:ti_sysbios_BIOS_Module__state__V)
                  20001194    00000008     empty.obj (.data)
                  2000119c    00000008     rtsv7M4_T_le_v4SPD16_eabi.lib : _lock.obj (.data)
                  200011a4    00000008                                   : exit.obj (.data)
                  200011ac    00000008                                   : feraiseexcept.obj (.data)
                  200011b4    00000004                                   : stkdepth_vars.obj (.data)

.stack     0    2000fd00    00000300     UNINITIALIZED
                  2000fd00    00000300     --HOLE--

.bootVecs 
*          0    00000000    00000008     DSECT
                  00000000    00000008     boot.aem4f : boot.oem4f (.bootVecs)

.vecs      0    20000000    00000140     UNINITIALIZED
                  20000000    00000140     empty_pem4f.oem4f (.vecs)

xdc.meta   0    00000000    000000e8     COPY SECTION
                  00000000    000000e8     empty_pem4f.oem4f (xdc.meta)

.TI.noinit 
*          0    20000140    00000000     UNINITIALIZED

.TI.persistent 
*          0    20000ac8    00000000     UNINITIALIZED


LINKER GENERATED COPY TABLES

__TI_cinit_table @ 0000a510 records: 3, size/record: 8, table size: 24
	.data: load addr=0000a090, load size=00000462 bytes, run addr=20000ac8, run size=000006f0 bytes, compression=rle
	.bss: load addr=0000a500, load size=00000008 bytes, run addr=20000140, run size=00000986 bytes, compression=zero_init
	.vecs: load addr=0000a508, load size=00000008 bytes, run addr=20000000, run size=00000140 bytes, compression=zero_init


LINKER GENERATED HANDLER TABLE

__TI_handler_table @ 0000a4f4 records: 3, size/record: 4, table size: 12
	index: 0, handler: __TI_decompress_rle24
	index: 1, handler: __TI_decompress_none
	index: 2, handler: __TI_zero_init


GLOBAL SYMBOLS: SORTED ALPHABETICALLY BY Name 

address   name                                                        
-------   ----                                                        
0000787d  ADC14_getResult                                             
0000555d  ADC_HWI                                                     
00009f18  AccelDataTask                                               
00006379  C$$EXIT                                                     
000053ef  C$$IO$$                                                     
00007c9b  CPU_cpsid                                                   
00007ca7  CPU_cpsie                                                   
00002895  CPU_wfi                                                     
00003ff5  CS_initClockSignal                                          
0000723d  CS_setDCOCenteredFrequency                                  
000031b5  Crystalfontz128x128_Init                                    
00003081  Crystalfontz128x128_SetDrawFrame                            
00005ad9  Crystalfontz128x128_SetOrientation                          
00003509  EUSCIA2_IRQHandler                                          
00007cb3  EUSCI_A_SPI_enable                                          
00002a0d  EUSCI_A_SPI_transmitData                                    
00007cbf  EUSCI_B_SPI_enable                                          
00007d7f  EUSCI_B_SPI_getInterruptStatus                              
00003615  EUSCI_B_SPI_transmitData                                    
00006559  FlashCtl_disableReadBuffering                               
000069b9  FlashCtl_enableReadBuffering                                
00007151  FlashCtl_setWaitState                                       
00007261  GPIO_setAsOutputPin                                         
00006181  GPIO_setAsPeripheralModuleFunctionInputPin                  
00005ec1  GPIO_setAsPeripheralModuleFunctionOutputPin                 
00007a41  GPIO_setOutputHighOnPin                                     
00007895  GPIO_setOutputLowOnPin                                      
00007a55  GPIO_toggleOutputOnPin                                      
00007b21  Graphics_clearDisplay                                       
000078ad  Graphics_clearDisplayOnDisplay                              
000069ed  Graphics_drawHorizontalLineOnDisplay                        
000048b1  Graphics_drawLineH                                          
00007081  Graphics_drawPixelOnDisplay                                 
000010fb  Graphics_drawString                                         
000061c9  Graphics_drawStringCentered                                 
00003a31  Graphics_getStringWidth                                     
00006135  Graphics_initContext                                        
0000775d  Graphics_setBackgroundColor                                 
00007777  Graphics_setFont                                            
000079b9  Graphics_setForegroundColor                                 
000079cf  Graphics_translateColorOnDisplay                            
00006b8b  HAL_LCD_PortInit                                            
000065d9  HAL_LCD_SpiInit                                             
00006a21  HAL_LCD_writeCommand                                        
00007285  HAL_LCD_writeData                                           
00001f81  HOSTclock                                                   
00001f49  HOSTclose                                                   
00001f0b  HOSTgetenv                                                  
00001eaf  HOSTlseek                                                   
00001e5d  HOSTopen                                                    
00001e11  HOSTread                                                    
00001db3  HOSTrename                                                  
00001d79  HOSTtime                                                    
00001d41  HOSTunlink                                                  
00001cf5  HOSTwrite                                                   
0000307f  Idle_fcxn                                                   
20000abe  Lcd_FlagRead                                                
20000abf  Lcd_FontSolid                                               
20000ac0  Lcd_Orientation                                             
20000ac1  Lcd_PenSolid                                                
20000ab8  Lcd_ScreenHeigth                                            
20000aba  Lcd_ScreenWidth                                             
20000abc  Lcd_TouchTrim                                               
00003725  List_head                                                   
000044c5  List_next                                                   
00007d87  MSP_EXP432P401R_initGeneral                                 
00006f79  PCM_getCoreVoltageLevel                                     
000070ab  PCM_getPowerMode                                            
00007ccd  PCM_getPowerState                                           
00007179  PCM_gotoLPM0                                                
00004edd  PCM_gotoLPM3                                                
00007b5d  PCM_gotoLPM4                                                
00007d8f  PCM_setPowerMode                                            
00007d97  PCM_setPowerState                                           
00005d2d  PCM_shutdownDevice                                          
00009f00  PowerMSP432_config                                          
00003b2b  PowerMSP432_initPolicy                                      
2000114c  PowerMSP432_module                                          
20000cc0  PowerMSP432_perfLevels                                      
00005d7d  PowerMSP432_sleepPolicy                                     
00006fa5  PowerMSP432_updateFreqs                                     
00007cd9  Power_getConstraintMask                                     
000074d5  Power_idleFunc                                              
00006799  Power_init                                                  
00003d1d  Power_sleep                                                 
000072a9  RTC_C_holdClock                                             
000072cd  RTC_C_startClock                                            
UNDEFED   SHT$$INIT_ARRAY$$Base                                       
UNDEFED   SHT$$INIT_ARRAY$$Limit                                      
00007791  SPI_enableModule                                            
00004c35  SPI_initMaster                                              
000074f5  SPI_transmitData                                            
4000480c  WDTCTL_SYM                                                  
000078c5  WDT_A_holdTimer                                             
00007a69  WDT_A_startTimer                                            
00006bed  _Dclass                                                     
20000d60  _Denorm                                                     
00004349  _Dnorm                                                      
000033f9  _Dscale                                                     
00005491  _Dunscale                                                   
20000d70  _Eps                                                        
20000d5c  _Errno                                                      
200011ac  _Fenv                                                       
00006c1d  _Feraise                                                    
20000d80  _Hugeval                                                    
20000d90  _Inf                                                        
20000da0  _Nan                                                        
20000dc0  _Rteps                                                      
20000db0  _Snan                                                       
200011b0  _Tls_setup__Fenv                                            
20000dd0  _Xbig                                                       
20000dd8  _Zero                                                       
00000000  __ASM__                                                     
20000880  __CIOBUF_                                                   
00000064  __ISA__                                                     
00000077  __PLAT__                                                    
20010000  __STACK_END                                                 
00000300  __STACK_SIZE                                                
0000009a  __TARG__                                                    
0000a510  __TI_CINIT_Base                                             
0000a528  __TI_CINIT_Limit                                            
0000a4f4  __TI_Handler_Table_Base                                     
0000a500  __TI_Handler_Table_Limit                                    
00004635  __TI_auto_init                                              
200011a4  __TI_cleanup_ptr                                            
00007c71  __TI_decompress_none                                        
00007673  __TI_decompress_rle24                                       
200011a8  __TI_dtors_ptr                                              
00000df5  __TI_printfi                                                
000053f3  __TI_readmsg                                                
0000a090  __TI_static_base__                                          
000053c1  __TI_writemsg                                               
00007ce5  __TI_zero_init                                              
000000c0  __TRDR__                                                    
00004d49  __aeabi_cdcmpeq                                             
00004d49  __aeabi_cdcmple                                             
00004dcf  __aeabi_cdrcmple                                            
00006211  __aeabi_d2iz                                                
00002395  __aeabi_dadd                                                
00002f49  __aeabi_ddiv                                                
00003935  __aeabi_dmul                                                
0000238b  __aeabi_dsub                                                
00006ef1  __aeabi_i2d                                                 
00004407  __aeabi_idiv0                                               
00004fd5  __aeabi_memclr                                              
00004fd5  __aeabi_memclr4                                             
00004fd5  __aeabi_memclr8                                             
0000494d  __aeabi_memcpy                                              
0000494d  __aeabi_memcpy4                                             
0000494d  __aeabi_memcpy8                                             
00004fd7  __aeabi_memset                                              
00004fd7  __aeabi_memset4                                             
00004fd7  __aeabi_memset8                                             
00006699  __aeabi_uidiv                                               
00006699  __aeabi_uidivmod                                            
00001fc9  __aeabi_uldivmod                                            
ffffffff  __binit__                                                   
ffffffff  __c_args__                                                  
2000fd00  __stack                                                     
00004a83  __xdc__init                                                 
20000c0c  __xdc__init__addr                                           
000078dd  _args_main                                                  
00005979  _c_int00                                                    
0000992e  _ctypes_                                                    
2000119c  _lock                                                       
00007a8b  _nop                                                        
00007a83  _register_lock                                              
00007a7d  _register_unlock                                            
200011a0  _unlock                                                     
0000637d  abort                                                       
00009f10  adc_hwi                                                     
00009f14  adc_mailbox                                                 
00005f0d  atoi                                                        
ffffffff  binit                                                       
00007d9f  calculateAvg                                                
000067d5  clk0Fxn                                                     
20000a68  clk0Struct                                                  
20000ab0  clk2Handle                                                  
00005f59  copy_in                                                     
20001194  dataCounter                                                 
20000ac2  dataSetASCII                                                
20000ac3  dataSetHundreds                                             
20000ac4  dataSetOnes                                                 
20000ac5  dataSetTens                                                 
000046d5  drawAccelData                                               
00005b2d  drawData                                                    
00005b81  drawTitle                                                   
00006385  exit                                                        
00006a55  feraiseexcept                                               
000070d5  frexp                                                       
20000a8c  g_sContext                                                  
00009c78  g_sCrystalfontz128x128                                      
00009a30  g_sFontFixed6x8                                             
00002541  init_All                                                    
00005cd9  ldexp                                                       
00005a81  ltoa                                                        
00005745  main                                                        
200011b4  main_func_sp                                                
00007657  memccpy                                                     
0000494d  memcpy                                                      
00004fdd  memset                                                      
00007c11  osi_TaskDisable                                             
00007ba1  osi_start                                                   
00006f1f  raise                                                       
20000ab4  receiveData                                                 
00006659  signal                                                      
000056e5  sprintf                                                     
000079e5  strchr                                                      
00007a91  strcpy                                                      
00007aa5  strlen                                                      
20001170  ti_sysbios_BIOS_Module__state__V                            
000077df  ti_sysbios_BIOS_RtsGateProxy_Handle__label__S               
000073cd  ti_sysbios_BIOS_RtsGateProxy_Object__delete__S              
00004cbd  ti_sysbios_BIOS_RtsGateProxy_enter__E                       
00004e55  ti_sysbios_BIOS_RtsGateProxy_leave__E                       
00007de9  ti_sysbios_BIOS_RtsGateProxy_query__E                       
00006c4d  ti_sysbios_BIOS_atExitFunc__I                               
000072f1  ti_sysbios_BIOS_errorRaiseHook__I                           
000079fb  ti_sysbios_BIOS_exitFunc__I                                 
00007b71  ti_sysbios_BIOS_exit__E                                     
0000504f  ti_sysbios_BIOS_nullFunc__I                                 
00007315  ti_sysbios_BIOS_registerRTSLock__I                          
00007339  ti_sysbios_BIOS_removeRTSLock__I                            
00007515  ti_sysbios_BIOS_rtsLock__I                                  
000078f5  ti_sysbios_BIOS_rtsUnlock__I                                
00007b81  ti_sysbios_BIOS_setCpuFreq__E                               
00007b91  ti_sysbios_BIOS_setThreadType__E                            
0000735d  ti_sysbios_BIOS_startFunc__I                                
00007ba1  ti_sysbios_BIOS_start__E                                    
00009f5c  ti_sysbios_family_arm_m3_Hwi_E_NMI__C                       
00009f60  ti_sysbios_family_arm_m3_Hwi_E_busFault__C                  
00009f64  ti_sysbios_family_arm_m3_Hwi_E_debugMon__C                  
00009f68  ti_sysbios_family_arm_m3_Hwi_E_hardFault__C                 
00009f6c  ti_sysbios_family_arm_m3_Hwi_E_memFault__C                  
00009f70  ti_sysbios_family_arm_m3_Hwi_E_noIsr__C                     
00009f74  ti_sysbios_family_arm_m3_Hwi_E_reserved__C                  
00009f78  ti_sysbios_family_arm_m3_Hwi_E_svCall__C                    
00009f7c  ti_sysbios_family_arm_m3_Hwi_E_usageFault__C                
000077ab  ti_sysbios_family_arm_m3_Hwi_Handle__label__S               
20000ad0  ti_sysbios_family_arm_m3_Hwi_Module_State_0_excActive__A    
20000ad4  ti_sysbios_family_arm_m3_Hwi_Module_State_0_excContext__A   
20000ad8  ti_sysbios_family_arm_m3_Hwi_Module_State_0_excStack__A     
00009efe  ti_sysbios_family_arm_m3_Hwi_Module__id__C                  
20000ac8  ti_sysbios_family_arm_m3_Hwi_Module__root__V                
0000790d  ti_sysbios_family_arm_m3_Hwi_Module__startupDone__F         
0000790d  ti_sysbios_family_arm_m3_Hwi_Module__startupDone__S         
2000108c  ti_sysbios_family_arm_m3_Hwi_Module__state__V               
00005dd1  ti_sysbios_family_arm_m3_Hwi_Module_startup__E              
00009f80  ti_sysbios_family_arm_m3_Hwi_NUM_INTERRUPTS__C              
00009f84  ti_sysbios_family_arm_m3_Hwi_Object__count__C               
00007ab9  ti_sysbios_family_arm_m3_Hwi_Object__get__S                 
20000fc8  ti_sysbios_family_arm_m3_Hwi_Object__table__V               
00009f88  ti_sysbios_family_arm_m3_Hwi_ccr__C                         
000055c1  ti_sysbios_family_arm_m3_Hwi_dispatchC__I                   
[...]
00007b71  ti_sysbios_BIOS_exit__E                                     
00007b81  ti_sysbios_BIOS_setCpuFreq__E                               
00007b91  ti_sysbios_BIOS_setThreadType__E                            
00007ba1  osi_start                                                   
00007ba1  ti_sysbios_BIOS_start__E                                    
00007bb1  ti_sysbios_family_arm_m3_TaskSupport_glue                   
00007bc1  ti_sysbios_family_arm_msp432_init_Boot_disableWatchdog      
00007bd1  ti_sysbios_gates_GateMutex_Instance_finalize__E             
00007be1  ti_sysbios_knl_Semaphore_Instance_finalize__E               
00007bf1  ti_sysbios_knl_Swi_disable__E                               
00007c01  ti_sysbios_knl_Task_Object__get__S                          
00007c11  osi_TaskDisable                                             
00007c11  ti_sysbios_knl_Task_disable__E                              
00007c21  xdc_runtime_Gate_leaveSystem__E                             
00007c31  xdc_runtime_Memory_free__E                                  
00007c41  xdc_runtime_SysMin_ready__E                                 
00007c41  xdc_runtime_System_SupportProxy_ready__E                    
00007c51  xdc_runtime_System_vsnprintf__E                             
00007c61  xdc_runtime_Text_visitRope__I                               
00007c71  __TI_decompress_none                                        
00007c81  ti_sysbios_knl_Queue_empty__E                               
00007c8f  ti_sysbios_family_arm_msp432_init_Boot_init__I              
00007c8f  xdc_runtime_Startup_reset__I                                
00007c9b  CPU_cpsid                                                   
00007ca7  CPU_cpsie                                                   
00007cb3  EUSCI_A_SPI_enable                                          
00007cbf  EUSCI_B_SPI_enable                                          
00007ccd  PCM_getPowerState                                           
00007cd9  Power_getConstraintMask                                     
00007ce5  __TI_zero_init                                              
00007cf1  ti_sysbios_family_arm_msp432_Timer_getMaxTicks__E           
00007d01  ti_sysbios_gates_GateHwi_enter__E                           
00007d0d  ti_sysbios_knl_Clock_Params__init__S                        
00007d25  ti_sysbios_knl_Queue_Object__get__S                         
00007d31  xdc_runtime_Error_init__E                                   
00007d3d  xdc_runtime_Gate_enterSystem__E                             
00007d49  xdc_runtime_Memory_calloc__E                                
00007d55  xdc_runtime_Memory_getMaxDefaultTypeAlign__E                
00007d6b  xdc_runtime_Memory_HeapProxy_alloc__E                       
00007d75  xdc_runtime_Memory_HeapProxy_free__E                        
00007d7f  EUSCI_B_SPI_getInterruptStatus                              
00007d87  MSP_EXP432P401R_initGeneral                                 
00007d8f  PCM_setPowerMode                                            
00007d97  PCM_setPowerState                                           
00007d9f  calculateAvg                                                
00007da9  ti_sysbios_family_arm_m3_Hwi_doSwiRestore__I                
00007db1  ti_sysbios_family_arm_m3_Hwi_startup__E                     
00007db1  ti_sysbios_hal_Hwi_HwiProxy_startup__E                      
00007db9  ti_sysbios_family_arm_m3_Hwi_doTaskRestore__I               
00007dc1  ti_sysbios_gates_GateHwi_leave__E                           
00007dc9  ti_sysbios_heaps_HeapMem_isBlocking__E                      
00007dd1  ti_sysbios_knl_Queue_Instance_init__E                       
00007dd9  ti_sysbios_knl_Swi_startup__E                               
00007de1  ti_sysbios_gates_GateHwi_query__E                           
00007de1  xdc_runtime_Main_Module_GateProxy_query__E                  
00007de1  xdc_runtime_System_Module_GateProxy_query__E                
00007de9  ti_sysbios_BIOS_RtsGateProxy_query__E                       
00007de9  ti_sysbios_gates_GateMutex_query__E                         
00007de9  ti_sysbios_heaps_HeapMem_Module_GateProxy_query__E          
00007df1  ti_sysbios_knl_Task_startup__E                              
00007df9  ti_sysbios_gates_GateHwi_Instance_init__E                   
00007e01  ti_sysbios_knl_Clock_logTick__E                             
00007e04  xdc_runtime_Text_charTab__A                                 
0000992e  _ctypes_                                                    
00009a2f  xdc_runtime_Error_policy__C                                 
00009a30  g_sFontFixed6x8                                             
00009af8  xdc_runtime_Text_nodeTab__A                                 
00009c78  g_sCrystalfontz128x128                                      
00009ca4  ti_sysbios_heaps_HeapMem_Module__FXNS__C                    
00009cf0  ti_sysbios_gates_GateHwi_Module__FXNS__C                    
00009d14  ti_sysbios_gates_GateMutex_Module__FXNS__C                  
00009d38  ti_sysbios_heaps_HeapMem_Object__PARAMS__C                  
00009d5c  ti_sysbios_knl_Clock_Object__PARAMS__C                      
00009d80  ti_sysbios_knl_Semaphore_Object__PARAMS__C                  
00009da4  xdc_runtime_Startup_sfxnTab__A                              
00009dc8  ti_sysbios_gates_GateHwi_Object__DESC__C                    
00009de8  ti_sysbios_gates_GateMutex_Object__DESC__C                  
00009e08  ti_sysbios_heaps_HeapMem_Object__DESC__C                    
00009e28  ti_sysbios_knl_Clock_Object__DESC__C                        
00009e48  ti_sysbios_knl_Queue_Object__DESC__C                        
00009e68  ti_sysbios_knl_Semaphore_Object__DESC__C                    
00009ea4  ti_sysbios_gates_GateHwi_Object__PARAMS__C                  
00009ebc  ti_sysbios_gates_GateMutex_Object__PARAMS__C                
00009ed4  ti_sysbios_knl_Queue_Object__PARAMS__C                      
00009eec  xdc_runtime_Startup_sfxnRts__A                              
00009efe  ti_sysbios_family_arm_m3_Hwi_Module__id__C                  
00009f00  PowerMSP432_config                                          
00009f10  adc_hwi                                                     
00009f14  adc_mailbox                                                 
00009f18  AccelDataTask                                               
00009f1c  uart_hwi                                                    
00009f20  xdc_runtime_Startup_firstFxns__A                            
00009f34  ti_sysbios_family_arm_m3_Hwi_excHookFuncs__A                
00009f3c  ti_sysbios_knl_Idle_funcList__A                             
00009f44  ti_sysbios_knl_Idle_funcList__C                             
00009f4c  xdc_runtime_Startup_firstFxns__C                            
00009f54  xdc_runtime_Startup_lastFxns__C                             
00009f5c  ti_sysbios_family_arm_m3_Hwi_E_NMI__C                       
00009f60  ti_sysbios_family_arm_m3_Hwi_E_busFault__C                  
00009f64  ti_sysbios_family_arm_m3_Hwi_E_debugMon__C                  
00009f68  ti_sysbios_family_arm_m3_Hwi_E_hardFault__C                 
00009f6c  ti_sysbios_family_arm_m3_Hwi_E_memFault__C                  
00009f70  ti_sysbios_family_arm_m3_Hwi_E_noIsr__C                     
00009f74  ti_sysbios_family_arm_m3_Hwi_E_reserved__C                  
00009f78  ti_sysbios_family_arm_m3_Hwi_E_svCall__C                    
00009f7c  ti_sysbios_family_arm_m3_Hwi_E_usageFault__C                
00009f80  ti_sysbios_family_arm_m3_Hwi_NUM_INTERRUPTS__C              
00009f84  ti_sysbios_family_arm_m3_Hwi_Object__count__C               
00009f88  ti_sysbios_family_arm_m3_Hwi_ccr__C                         
00009f8c  ti_sysbios_family_arm_m3_Hwi_excHandlerFunc__C              
00009f90  ti_sysbios_family_arm_m3_Hwi_excHookFuncs__C                
00009f94  ti_sysbios_family_arm_m3_Hwi_nullIsrFunc__C                 
00009f98  ti_sysbios_family_arm_m3_Hwi_priGroup__C                    
00009f9c  ti_sysbios_family_arm_msp432_Timer_numTimerDevices__C       
00009fa0  ti_sysbios_family_arm_msp432_Timer_startupNeeded__C         
00009fa4  ti_sysbios_gates_GateMutex_Instance_State_sem__O            
00009fa8  ti_sysbios_heaps_HeapMem_E_memory__C                        
00009fac  ti_sysbios_heaps_HeapMem_Module__gateObj__C                 
00009fb0  ti_sysbios_heaps_HeapMem_Object__count__C                   
00009fb4  ti_sysbios_heaps_HeapMem_reqAlign__C                        
00009fb8  ti_sysbios_knl_Clock_Module_State_clockQ__O                 
00009fbc  ti_sysbios_knl_Mailbox_Instance_State_dataQue__O            
00009fc0  ti_sysbios_knl_Mailbox_Instance_State_dataSem__O            
00009fc4  ti_sysbios_knl_Mailbox_Instance_State_freeQue__O            
00009fc8  ti_sysbios_knl_Mailbox_Instance_State_freeSem__O            
00009fcc  ti_sysbios_knl_Mailbox_Object__count__C                     
00009fd0  ti_sysbios_knl_Mailbox_maxTypeAlign__C                      
00009fd4  ti_sysbios_knl_Semaphore_Instance_State_pendQ__O            
00009fd8  ti_sysbios_knl_Swi_Object__count__C                         
00009fdc  ti_sysbios_knl_Task_Module_State_inactiveQ__O               
00009fe0  ti_sysbios_knl_Task_Object__count__C                        
00009fe4  ti_sysbios_knl_Task_allBlockedFunc__C                       
00009fe8  ti_sysbios_knl_Task_numConstructedTasks__C                  
00009fec  xdc_runtime_Assert_E_assertFailed__C                        
00009ff0  xdc_runtime_Core_A_initializedParams__C                     
00009ff4  xdc_runtime_Core_Module__diagsEnabled__C                    
00009ff8  xdc_runtime_Core_Module__diagsIncluded__C                   
00009ffc  xdc_runtime_Core_Module__diagsMask__C                       
0000a000  xdc_runtime_Error_E_memory__C                               
0000a004  xdc_runtime_Error_Module__diagsEnabled__C                   
0000a008  xdc_runtime_Error_Module__diagsIncluded__C                  
0000a00c  xdc_runtime_Error_Module__diagsMask__C                      
0000a010  xdc_runtime_Error_Module__loggerFxn8__C                     
0000a014  xdc_runtime_Error_Module__loggerObj__C                      
0000a018  xdc_runtime_Error_policyFxn__C                              
0000a01c  xdc_runtime_Error_raiseHook__C                              
0000a020  xdc_runtime_IGateProvider_Interface__BASE__C                
0000a024  xdc_runtime_IHeap_Interface__BASE__C                        
0000a028  xdc_runtime_IModule_Interface__BASE__C                      
0000a02c  xdc_runtime_Log_L_error__C                                  
0000a030  xdc_runtime_Memory_defaultHeapInstance__C                   
0000a034  xdc_runtime_Startup_execImpl__C                             
0000a038  xdc_runtime_Startup_maxPasses__C                            
0000a03c  xdc_runtime_Startup_sfxnRts__C                              
0000a040  xdc_runtime_Startup_sfxnTab__C                              
0000a044  xdc_runtime_SysMin_bufSize__C                               
0000a048  xdc_runtime_SysMin_outputFunc__C                            
0000a04c  xdc_runtime_System_Module__gateObj__C                       
0000a050  xdc_runtime_System_abortFxn__C                              
0000a054  xdc_runtime_System_exitFxn__C                               
0000a058  xdc_runtime_System_extendFxn__C                             
0000a05c  xdc_runtime_System_maxAtexitHandlers__C                     
0000a060  xdc_runtime_Text_charTab__C                                 
0000a064  xdc_runtime_Text_nameEmpty__C                               
0000a068  xdc_runtime_Text_nameStatic__C                              
0000a06c  xdc_runtime_Text_nameUnknown__C                             
0000a070  xdc_runtime_Text_nodeTab__C                                 
0000a074  xdc_runtime_Text_visitRopeFxn__C                            
0000a078  ti_sysbios_heaps_HeapMem_Module__id__C                      
0000a07a  xdc_runtime_Core_Module__id__C                              
0000a07c  xdc_runtime_Error_Module__loggerDefined__C                  
0000a07e  xdc_runtime_Error_maxDepth__C                               
0000a080  xdc_runtime_Memory_Module__id__C                            
0000a082  xdc_runtime_SysMin_flushAtExit__C                           
0000a084  xdc_runtime_Text_charCnt__C                                 
0000a086  xdc_runtime_Text_isLoaded__C                                
0000a088  xdc_runtime_Text_registryModsLastId__C                      
0000a08a  xdc_runtime_Text_unnamedModsLastId__C                       
0000a090  __TI_static_base__                                          
0000a4f4  __TI_Handler_Table_Base                                     
0000a500  __TI_Handler_Table_Limit                                    
0000a510  __TI_CINIT_Base                                             
0000a528  __TI_CINIT_Limit                                            
20000000  ti_sysbios_family_arm_m3_Hwi_ramVectors                     
20000140  ti_sysbios_heaps_HeapMem_Instance_State_0_buf__A            
20000540  ti_sysbios_knl_Task_Instance_State_0_stack__A               
20000740  ti_sysbios_family_arm_m3_Hwi_dispatchTable                  
20000880  __CIOBUF_                                                   
200009a0  xdc_runtime_SysMin_Module_State_0_outbuf__A                 
20000a20  ti_sysbios_knl_Mailbox_Instance_State_0_allocBuf__A         
20000a68  clk0Struct                                                  
20000a8c  g_sContext                                                  
20000ab0  clk2Handle                                                  
20000ab4  receiveData                                                 
20000ab8  Lcd_ScreenHeigth                                            
20000aba  Lcd_ScreenWidth                                             
20000abc  Lcd_TouchTrim                                               
20000abe  Lcd_FlagRead                                                
20000abf  Lcd_FontSolid                                               
20000ac0  Lcd_Orientation                                             
20000ac1  Lcd_PenSolid                                                
20000ac2  dataSetASCII                                                
20000ac3  dataSetHundreds                                             
20000ac4  dataSetOnes                                                 
20000ac5  dataSetTens                                                 
20000ac8  ti_sysbios_family_arm_m3_Hwi_Module__root__V                
20000ad0  ti_sysbios_family_arm_m3_Hwi_Module_State_0_excActive__A    
20000ad4  ti_sysbios_family_arm_m3_Hwi_Module_State_0_excContext__A   
20000ad8  ti_sysbios_family_arm_m3_Hwi_Module_State_0_excStack__A     
20000adc  ti_sysbios_family_arm_msp432_ClockFreqs_Module__state__V    
20000ae8  ti_sysbios_family_arm_msp432_Timer_Module__root__V          
20000af0  ti_sysbios_family_arm_msp432_Timer_Module_State_0_device__A 
20000b10  ti_sysbios_family_arm_msp432_Timer_Module_State_0_handles__A
20000b20  ti_sysbios_family_arm_msp432_Timer_Module__state__V         
20000b2c  ti_sysbios_gates_GateHwi_Module__root__V                    
20000b34  ti_sysbios_gates_GateHwi_Object__table__V                   
20000b38  ti_sysbios_gates_GateMutex_Module__root__V                  
20000b40  ti_sysbios_hal_Hwi_Module__root__V                          
20000b48  ti_sysbios_hal_Hwi_Object__table__V                         
20000b58  ti_sysbios_heaps_HeapMem_Module__root__V                    
20000b60  ti_sysbios_heaps_HeapMem_Object__table__V                   
20000b78  ti_sysbios_knl_Clock_Module__root__V                        
20000b80  ti_sysbios_knl_Event_Module__root__V                        
20000b88  ti_sysbios_knl_Mailbox_Module__root__V                      
20000b90  ti_sysbios_knl_Queue_Module__root__V                        
20000b98  ti_sysbios_knl_Semaphore_Module__root__V                    
20000ba0  ti_sysbios_knl_Swi_Module__root__V                          
20000ba8  ti_sysbios_knl_Swi_Module__state__V                         
20000bc4  ti_sysbios_knl_Task_Module__root__V                         
20000bcc  ti_sysbios_knl_Task_Module_State_0_idleTask__A              
20000bd0  xdc_runtime_Error_Module__state__V                          
20000bd4  xdc_runtime_Memory_Module__state__V                         
20000bd8  xdc_runtime_Registry_Module__state__V                       
20000be0  xdc_runtime_Startup_Module__state__V                        
20000be8  xdc_runtime_SysMin_Module__state__V                         
20000bf4  xdc_runtime_System_Module_State_0_atexitHandlers__A         
20000bfc  xdc_runtime_System_Module__state__V                         
20000c04  xdc_runtime_Text_Module__state__V                           
20000c0c  __xdc__init__addr                                           
20000cc0  PowerMSP432_perfLevels                                      
20000d5c  _Errno                                                      
20000d60  _Denorm                                                     
20000d70  _Eps                                                        
20000d80  _Hugeval                                                    
20000d90  _Inf                                                        
20000da0  _Nan                                                        
20000db0  _Snan                                                       
20000dc0  _Rteps                                                      
20000dd0  _Xbig                                                       
20000dd8  _Zero                                                       
20000de0  ti_sysbios_knl_Swi_Module_State_0_readyQ__A                 
20000e60  ti_sysbios_knl_Task_Module_State_0_readyQ__A                
20000ee0  ti_sysbios_knl_Mailbox_Object__table__V                     
20000f30  ti_sysbios_family_arm_msp432_Timer_Object__table__V         
20000f7c  ti_sysbios_knl_Task_Object__table__V                        
20000fc8  ti_sysbios_family_arm_m3_Hwi_Object__table__V               
20001010  ti_sysbios_knl_Task_Module__state__V                        
20001054  ti_sysbios_gates_GateMutex_Object__table__V                 
2000108c  ti_sysbios_family_arm_m3_Hwi_Module__state__V               
200010f0  ti_sysbios_knl_Swi_Object__table__V                         
20001120  ti_sysbios_knl_Clock_Module__state__V                       
2000114c  PowerMSP432_module                                          
20001170  ti_sysbios_BIOS_Module__state__V                            
20001194  dataCounter                                                 
20001198  timerCounter                                                
2000119c  _lock                                                       
200011a0  _unlock                                                     
200011a4  __TI_cleanup_ptr                                            
200011a8  __TI_dtors_ptr                                              
200011ac  _Fenv                                                       
200011b0  _Tls_setup__Fenv                                            
200011b4  main_func_sp                                                
2000fd00  __stack                                                     
20010000  __STACK_END                                                 
4000480c  WDTCTL_SYM                                                  
e000e000  ti_sysbios_family_arm_m3_Hwi_nvic                           
ffffffff  __binit__                                                   
ffffffff  __c_args__                                                  
ffffffff  binit                                                       
UNDEFED   SHT$$INIT_ARRAY$$Base                                       
UNDEFED   SHT$$INIT_ARRAY$$Limit                                      

[623 symbols]
