<?xml version="1.0"?>
<link_info>
   <banner>TI ARM Linker Unix v5.2.6</banner>
   <copyright>Copyright (c) 1996-2015 Texas Instruments Incorporated</copyright>
   <link_time>0x56e839f3</link_time>
   <link_errors>0x0</link_errors>
   <output_file>BOOSTXL-EDUMKII_LightSensor_MSP432P401R.out</output_file>
   <entry_point>
      <name>_c_int00</name>
      <address>0x6805</address>
   </entry_point>
   <input_file_list>
      <input_file id="fl-2">
         <path>./</path>
         <kind>object</kind>
         <file>HAL_I2C.obj</file>
         <name>HAL_I2C.obj</name>
      </input_file>
      <input_file id="fl-3">
         <path>./</path>
         <kind>object</kind>
         <file>HAL_OPT3001.obj</file>
         <name>HAL_OPT3001.obj</name>
      </input_file>
      <input_file id="fl-4">
         <path>./</path>
         <kind>object</kind>
         <file>main.obj</file>
         <name>main.obj</name>
      </input_file>
      <input_file id="fl-5">
         <path>./</path>
         <kind>object</kind>
         <file>msp432_startup_ccs.obj</file>
         <name>msp432_startup_ccs.obj</name>
      </input_file>
      <input_file id="fl-6">
         <path>./driverlib/MSP432P4xx/</path>
         <kind>object</kind>
         <file>adc14.obj</file>
         <name>adc14.obj</name>
      </input_file>
      <input_file id="fl-7">
         <path>./driverlib/MSP432P4xx/</path>
         <kind>object</kind>
         <file>aes256.obj</file>
         <name>aes256.obj</name>
      </input_file>
      <input_file id="fl-8">
         <path>./driverlib/MSP432P4xx/</path>
         <kind>object</kind>
         <file>comp_e.obj</file>
         <name>comp_e.obj</name>
      </input_file>
      <input_file id="fl-9">
         <path>./driverlib/MSP432P4xx/</path>
         <kind>object</kind>
         <file>cpu.obj</file>
         <name>cpu.obj</name>
      </input_file>
      <input_file id="fl-a">
         <path>./driverlib/MSP432P4xx/</path>
         <kind>object</kind>
         <file>crc32.obj</file>
         <name>crc32.obj</name>
      </input_file>
      <input_file id="fl-b">
         <path>./driverlib/MSP432P4xx/</path>
         <kind>object</kind>
         <file>cs.obj</file>
         <name>cs.obj</name>
      </input_file>
      <input_file id="fl-c">
         <path>./driverlib/MSP432P4xx/</path>
         <kind>object</kind>
         <file>dma.obj</file>
         <name>dma.obj</name>
      </input_file>
      <input_file id="fl-d">
         <path>./driverlib/MSP432P4xx/</path>
         <kind>object</kind>
         <file>flash.obj</file>
         <name>flash.obj</name>
      </input_file>
      <input_file id="fl-e">
         <path>./driverlib/MSP432P4xx/</path>
         <kind>object</kind>
         <file>fpu.obj</file>
         <name>fpu.obj</name>
      </input_file>
      <input_file id="fl-f">
         <path>./driverlib/MSP432P4xx/</path>
         <kind>object</kind>
         <file>gpio.obj</file>
         <name>gpio.obj</name>
      </input_file>
      <input_file id="fl-10">
         <path>./driverlib/MSP432P4xx/</path>
         <kind>object</kind>
         <file>i2c.obj</file>
         <name>i2c.obj</name>
      </input_file>
      <input_file id="fl-11">
         <path>./driverlib/MSP432P4xx/</path>
         <kind>object</kind>
         <file>interrupt.obj</file>
         <name>interrupt.obj</name>
      </input_file>
      <input_file id="fl-12">
         <path>./driverlib/MSP432P4xx/</path>
         <kind>object</kind>
         <file>mpu.obj</file>
         <name>mpu.obj</name>
      </input_file>
      <input_file id="fl-13">
         <path>./driverlib/MSP432P4xx/</path>
         <kind>object</kind>
         <file>pcm.obj</file>
         <name>pcm.obj</name>
      </input_file>
      <input_file id="fl-14">
         <path>./driverlib/MSP432P4xx/</path>
         <kind>object</kind>
         <file>pmap.obj</file>
         <name>pmap.obj</name>
      </input_file>
      <input_file id="fl-15">
         <path>./driverlib/MSP432P4xx/</path>
         <kind>object</kind>
         <file>pss.obj</file>
         <name>pss.obj</name>
      </input_file>
      <input_file id="fl-16">
         <path>./driverlib/MSP432P4xx/</path>
         <kind>object</kind>
         <file>ref_a.obj</file>
         <name>ref_a.obj</name>
      </input_file>
      <input_file id="fl-17">
         <path>./driverlib/MSP432P4xx/</path>
         <kind>object</kind>
         <file>reset.obj</file>
         <name>reset.obj</name>
      </input_file>
      <input_file id="fl-18">
         <path>./driverlib/MSP432P4xx/</path>
         <kind>object</kind>
         <file>rtc_c.obj</file>
         <name>rtc_c.obj</name>
      </input_file>
      <input_file id="fl-19">
         <path>./driverlib/MSP432P4xx/</path>
         <kind>object</kind>
         <file>spi.obj</file>
         <name>spi.obj</name>
      </input_file>
      <input_file id="fl-1a">
         <path>./driverlib/MSP432P4xx/</path>
         <kind>object</kind>
         <file>sysctl.obj</file>
         <name>sysctl.obj</name>
      </input_file>
      <input_file id="fl-1b">
         <path>./driverlib/MSP432P4xx/</path>
         <kind>object</kind>
         <file>systick.obj</file>
         <name>systick.obj</name>
      </input_file>
      <input_file id="fl-1c">
         <path>./driverlib/MSP432P4xx/</path>
         <kind>object</kind>
         <file>timer32.obj</file>
         <name>timer32.obj</name>
      </input_file>
      <input_file id="fl-1d">
         <path>./driverlib/MSP432P4xx/</path>
         <kind>object</kind>
         <file>timer_a.obj</file>
         <name>timer_a.obj</name>
      </input_file>
      <input_file id="fl-1e">
         <path>./driverlib/MSP432P4xx/</path>
         <kind>object</kind>
         <file>uart.obj</file>
         <name>uart.obj</name>
      </input_file>
      <input_file id="fl-1f">
         <path>./driverlib/MSP432P4xx/</path>
         <kind>object</kind>
         <file>wdt_a.obj</file>
         <name>wdt_a.obj</name>
      </input_file>
      <input_file id="fl-20">
         <path>./LcdDriver/</path>
         <kind>object</kind>
         <file>Crystalfontz128x128_ST7735.obj</file>
         <name>Crystalfontz128x128_ST7735.obj</name>
      </input_file>
      <input_file id="fl-21">
         <path>./LcdDriver/</path>
         <kind>object</kind>
         <file>HAL_MSP_EXP432P401R_Crystalfontz128x128_ST7735.obj</file>
         <name>HAL_MSP_EXP432P401R_Crystalfontz128x128_ST7735.obj</name>
      </input_file>
      <input_file id="fl-22">
         <path>./GrLib/grlib/</path>
         <kind>object</kind>
         <file>button.obj</file>
         <name>button.obj</name>
      </input_file>
      <input_file id="fl-23">
         <path>./GrLib/grlib/</path>
         <kind>object</kind>
         <file>checkbox.obj</file>
         <name>checkbox.obj</name>
      </input_file>
      <input_file id="fl-24">
         <path>./GrLib/grlib/</path>
         <kind>object</kind>
         <file>circle.obj</file>
         <name>circle.obj</name>
      </input_file>
      <input_file id="fl-25">
         <path>./GrLib/grlib/</path>
         <kind>object</kind>
         <file>context.obj</file>
         <name>context.obj</name>
      </input_file>
      <input_file id="fl-26">
         <path>./GrLib/grlib/</path>
         <kind>object</kind>
         <file>display.obj</file>
         <name>display.obj</name>
      </input_file>
      <input_file id="fl-27">
         <path>./GrLib/grlib/</path>
         <kind>object</kind>
         <file>image.obj</file>
         <name>image.obj</name>
      </input_file>
      <input_file id="fl-28">
         <path>./GrLib/grlib/</path>
         <kind>object</kind>
         <file>imageButton.obj</file>
         <name>imageButton.obj</name>
      </input_file>
      <input_file id="fl-29">
         <path>./GrLib/grlib/</path>
         <kind>object</kind>
         <file>line.obj</file>
         <name>line.obj</name>
      </input_file>
      <input_file id="fl-2a">
         <path>./GrLib/grlib/</path>
         <kind>object</kind>
         <file>radioButton.obj</file>
         <name>radioButton.obj</name>
      </input_file>
      <input_file id="fl-2b">
         <path>./GrLib/grlib/</path>
         <kind>object</kind>
         <file>rectangle.obj</file>
         <name>rectangle.obj</name>
      </input_file>
      <input_file id="fl-2c">
         <path>./GrLib/grlib/</path>
         <kind>object</kind>
         <file>string.obj</file>
         <name>string.obj</name>
      </input_file>
      <input_file id="fl-2d">
         <path>./GrLib/fonts/</path>
         <kind>object</kind>
         <file>fontfixed6x8.obj</file>
         <name>fontfixed6x8.obj</name>
      </input_file>
      <input_file id="fl-153">
         <path>/Applications/ti/ccsv6/tools/compiler/ti-cgt-arm_5.2.6/lib/</path>
         <kind>archive</kind>
         <file>rtsv7M4_T_le_v4SPD16_eabi.lib</file>
         <name>boot.obj</name>
      </input_file>
      <input_file id="fl-154">
         <path>/Applications/ti/ccsv6/tools/compiler/ti-cgt-arm_5.2.6/lib/</path>
         <kind>archive</kind>
         <file>rtsv7M4_T_le_v4SPD16_eabi.lib</file>
         <name>copy_decompress_none.obj</name>
      </input_file>
      <input_file id="fl-155">
         <path>/Applications/ti/ccsv6/tools/compiler/ti-cgt-arm_5.2.6/lib/</path>
         <kind>archive</kind>
         <file>rtsv7M4_T_le_v4SPD16_eabi.lib</file>
         <name>copy_decompress_rle.obj</name>
      </input_file>
      <input_file id="fl-156">
         <path>/Applications/ti/ccsv6/tools/compiler/ti-cgt-arm_5.2.6/lib/</path>
         <kind>archive</kind>
         <file>rtsv7M4_T_le_v4SPD16_eabi.lib</file>
         <name>copy_zero_init.obj</name>
      </input_file>
      <input_file id="fl-157">
         <path>/Applications/ti/ccsv6/tools/compiler/ti-cgt-arm_5.2.6/lib/</path>
         <kind>archive</kind>
         <file>rtsv7M4_T_le_v4SPD16_eabi.lib</file>
         <name>exit.obj</name>
      </input_file>
      <input_file id="fl-158">
         <path>/Applications/ti/ccsv6/tools/compiler/ti-cgt-arm_5.2.6/lib/</path>
         <kind>archive</kind>
         <file>rtsv7M4_T_le_v4SPD16_eabi.lib</file>
         <name>fd_add_t2.obj</name>
      </input_file>
      <input_file id="fl-159">
         <path>/Applications/ti/ccsv6/tools/compiler/ti-cgt-arm_5.2.6/lib/</path>
         <kind>archive</kind>
         <file>rtsv7M4_T_le_v4SPD16_eabi.lib</file>
         <name>fd_div_t2.obj</name>
      </input_file>
      <input_file id="fl-15a">
         <path>/Applications/ti/ccsv6/tools/compiler/ti-cgt-arm_5.2.6/lib/</path>
         <kind>archive</kind>
         <file>rtsv7M4_T_le_v4SPD16_eabi.lib</file>
         <name>fd_mul_t2.obj</name>
      </input_file>
      <input_file id="fl-15b">
         <path>/Applications/ti/ccsv6/tools/compiler/ti-cgt-arm_5.2.6/lib/</path>
         <kind>archive</kind>
         <file>rtsv7M4_T_le_v4SPD16_eabi.lib</file>
         <name>fd_tou_t2.obj</name>
      </input_file>
      <input_file id="fl-15c">
         <path>/Applications/ti/ccsv6/tools/compiler/ti-cgt-arm_5.2.6/lib/</path>
         <kind>archive</kind>
         <file>rtsv7M4_T_le_v4SPD16_eabi.lib</file>
         <name>fs_tod_t2.obj</name>
      </input_file>
      <input_file id="fl-15d">
         <path>/Applications/ti/ccsv6/tools/compiler/ti-cgt-arm_5.2.6/lib/</path>
         <kind>archive</kind>
         <file>rtsv7M4_T_le_v4SPD16_eabi.lib</file>
         <name>memcpy_t2.obj</name>
      </input_file>
      <input_file id="fl-15e">
         <path>/Applications/ti/ccsv6/tools/compiler/ti-cgt-arm_5.2.6/lib/</path>
         <kind>archive</kind>
         <file>rtsv7M4_T_le_v4SPD16_eabi.lib</file>
         <name>memset_t2.obj</name>
      </input_file>
      <input_file id="fl-15f">
         <path>/Applications/ti/ccsv6/tools/compiler/ti-cgt-arm_5.2.6/lib/</path>
         <kind>archive</kind>
         <file>rtsv7M4_T_le_v4SPD16_eabi.lib</file>
         <name>pre_init.obj</name>
      </input_file>
      <input_file id="fl-160">
         <path>/Applications/ti/ccsv6/tools/compiler/ti-cgt-arm_5.2.6/lib/</path>
         <kind>archive</kind>
         <file>rtsv7M4_T_le_v4SPD16_eabi.lib</file>
         <name>sprintf.obj</name>
      </input_file>
      <input_file id="fl-161">
         <path>/Applications/ti/ccsv6/tools/compiler/ti-cgt-arm_5.2.6/lib/</path>
         <kind>archive</kind>
         <file>rtsv7M4_T_le_v4SPD16_eabi.lib</file>
         <name>stkdepth_vars.obj</name>
      </input_file>
      <input_file id="fl-162">
         <path>/Applications/ti/ccsv6/tools/compiler/ti-cgt-arm_5.2.6/lib/</path>
         <kind>archive</kind>
         <file>rtsv7M4_T_le_v4SPD16_eabi.lib</file>
         <name>_lock.obj</name>
      </input_file>
      <input_file id="fl-163">
         <path>/Applications/ti/ccsv6/tools/compiler/ti-cgt-arm_5.2.6/lib/</path>
         <kind>archive</kind>
         <file>rtsv7M4_T_le_v4SPD16_eabi.lib</file>
         <name>_printfi.obj</name>
      </input_file>
      <input_file id="fl-164">
         <path>/Applications/ti/ccsv6/tools/compiler/ti-cgt-arm_5.2.6/lib/</path>
         <kind>archive</kind>
         <file>rtsv7M4_T_le_v4SPD16_eabi.lib</file>
         <name>args_main.obj</name>
      </input_file>
      <input_file id="fl-165">
         <path>/Applications/ti/ccsv6/tools/compiler/ti-cgt-arm_5.2.6/lib/</path>
         <kind>archive</kind>
         <file>rtsv7M4_T_le_v4SPD16_eabi.lib</file>
         <name>atoi.obj</name>
      </input_file>
      <input_file id="fl-166">
         <path>/Applications/ti/ccsv6/tools/compiler/ti-cgt-arm_5.2.6/lib/</path>
         <kind>archive</kind>
         <file>rtsv7M4_T_le_v4SPD16_eabi.lib</file>
         <name>autoinit.obj</name>
      </input_file>
      <input_file id="fl-167">
         <path>/Applications/ti/ccsv6/tools/compiler/ti-cgt-arm_5.2.6/lib/</path>
         <kind>archive</kind>
         <file>rtsv7M4_T_le_v4SPD16_eabi.lib</file>
         <name>cpy_tbl.obj</name>
      </input_file>
      <input_file id="fl-168">
         <path>/Applications/ti/ccsv6/tools/compiler/ti-cgt-arm_5.2.6/lib/</path>
         <kind>archive</kind>
         <file>rtsv7M4_T_le_v4SPD16_eabi.lib</file>
         <name>ctype.obj</name>
      </input_file>
      <input_file id="fl-169">
         <path>/Applications/ti/ccsv6/tools/compiler/ti-cgt-arm_5.2.6/lib/</path>
         <kind>archive</kind>
         <file>rtsv7M4_T_le_v4SPD16_eabi.lib</file>
         <name>fd_cmp_t2.obj</name>
      </input_file>
      <input_file id="fl-16a">
         <path>/Applications/ti/ccsv6/tools/compiler/ti-cgt-arm_5.2.6/lib/</path>
         <kind>archive</kind>
         <file>rtsv7M4_T_le_v4SPD16_eabi.lib</file>
         <name>fd_toi_t2.obj</name>
      </input_file>
      <input_file id="fl-16b">
         <path>/Applications/ti/ccsv6/tools/compiler/ti-cgt-arm_5.2.6/lib/</path>
         <kind>archive</kind>
         <file>rtsv7M4_T_le_v4SPD16_eabi.lib</file>
         <name>frexp.obj</name>
      </input_file>
      <input_file id="fl-16c">
         <path>/Applications/ti/ccsv6/tools/compiler/ti-cgt-arm_5.2.6/lib/</path>
         <kind>archive</kind>
         <file>rtsv7M4_T_le_v4SPD16_eabi.lib</file>
         <name>i_tofd_t2.obj</name>
      </input_file>
      <input_file id="fl-16d">
         <path>/Applications/ti/ccsv6/tools/compiler/ti-cgt-arm_5.2.6/lib/</path>
         <kind>archive</kind>
         <file>rtsv7M4_T_le_v4SPD16_eabi.lib</file>
         <name>ldexp.obj</name>
      </input_file>
      <input_file id="fl-16e">
         <path>/Applications/ti/ccsv6/tools/compiler/ti-cgt-arm_5.2.6/lib/</path>
         <kind>archive</kind>
         <file>rtsv7M4_T_le_v4SPD16_eabi.lib</file>
         <name>ltoa.obj</name>
      </input_file>
      <input_file id="fl-16f">
         <path>/Applications/ti/ccsv6/tools/compiler/ti-cgt-arm_5.2.6/lib/</path>
         <kind>archive</kind>
         <file>rtsv7M4_T_le_v4SPD16_eabi.lib</file>
         <name>memccpy.obj</name>
      </input_file>
      <input_file id="fl-170">
         <path>/Applications/ti/ccsv6/tools/compiler/ti-cgt-arm_5.2.6/lib/</path>
         <kind>archive</kind>
         <file>rtsv7M4_T_le_v4SPD16_eabi.lib</file>
         <name>strchr.obj</name>
      </input_file>
      <input_file id="fl-171">
         <path>/Applications/ti/ccsv6/tools/compiler/ti-cgt-arm_5.2.6/lib/</path>
         <kind>archive</kind>
         <file>rtsv7M4_T_le_v4SPD16_eabi.lib</file>
         <name>strlen.obj</name>
      </input_file>
      <input_file id="fl-172">
         <path>/Applications/ti/ccsv6/tools/compiler/ti-cgt-arm_5.2.6/lib/</path>
         <kind>archive</kind>
         <file>rtsv7M4_T_le_v4SPD16_eabi.lib</file>
         <name>ull_div_t2.obj</name>
      </input_file>
      <input_file id="fl-173">
         <path>/Applications/ti/ccsv6/tools/compiler/ti-cgt-arm_5.2.6/lib/</path>
         <kind>archive</kind>
         <file>rtsv7M4_T_le_v4SPD16_eabi.lib</file>
         <name>xdclass.obj</name>
      </input_file>
      <input_file id="fl-174">
         <path>/Applications/ti/ccsv6/tools/compiler/ti-cgt-arm_5.2.6/lib/</path>
         <kind>archive</kind>
         <file>rtsv7M4_T_le_v4SPD16_eabi.lib</file>
         <name>xdscale.obj</name>
      </input_file>
      <input_file id="fl-175">
         <path>/Applications/ti/ccsv6/tools/compiler/ti-cgt-arm_5.2.6/lib/</path>
         <kind>archive</kind>
         <file>rtsv7M4_T_le_v4SPD16_eabi.lib</file>
         <name>xdunscal.obj</name>
      </input_file>
      <input_file id="fl-176">
         <path>/Applications/ti/ccsv6/tools/compiler/ti-cgt-arm_5.2.6/lib/</path>
         <kind>archive</kind>
         <file>rtsv7M4_T_le_v4SPD16_eabi.lib</file>
         <name>xferaise.obj</name>
      </input_file>
      <input_file id="fl-177">
         <path>/Applications/ti/ccsv6/tools/compiler/ti-cgt-arm_5.2.6/lib/</path>
         <kind>archive</kind>
         <file>rtsv7M4_T_le_v4SPD16_eabi.lib</file>
         <name>xvalues.obj</name>
      </input_file>
      <input_file id="fl-178">
         <path>/Applications/ti/ccsv6/tools/compiler/ti-cgt-arm_5.2.6/lib/</path>
         <kind>archive</kind>
         <file>rtsv7M4_T_le_v4SPD16_eabi.lib</file>
         <name>errno.obj</name>
      </input_file>
      <input_file id="fl-179">
         <path>/Applications/ti/ccsv6/tools/compiler/ti-cgt-arm_5.2.6/lib/</path>
         <kind>archive</kind>
         <file>rtsv7M4_T_le_v4SPD16_eabi.lib</file>
         <name>feraiseexcept.obj</name>
      </input_file>
      <input_file id="fl-17a">
         <path>/Applications/ti/ccsv6/tools/compiler/ti-cgt-arm_5.2.6/lib/</path>
         <kind>archive</kind>
         <file>rtsv7M4_T_le_v4SPD16_eabi.lib</file>
         <name>raise.obj</name>
      </input_file>
      <input_file id="fl-17b">
         <path>/Applications/ti/ccsv6/tools/compiler/ti-cgt-arm_5.2.6/lib/</path>
         <kind>archive</kind>
         <file>rtsv7M4_T_le_v4SPD16_eabi.lib</file>
         <name>signal.obj</name>
      </input_file>
      <input_file id="fl-17c">
         <path>/Applications/ti/ccsv6/tools/compiler/ti-cgt-arm_5.2.6/lib/</path>
         <kind>archive</kind>
         <file>rtsv7M4_T_le_v4SPD16_eabi.lib</file>
         <name>xdnorm.obj</name>
      </input_file>
   </input_file_list>
   <object_component_list>
      <object_component id="oc-27">
         <name>.intvecs:retain</name>
         <load_address>0x0</load_address>
         <run_address>0x0</run_address>
         <size>0x140</size>
         <input_file_ref idref="fl-5"/>
      </object_component>
      <object_component id="oc-18e">
         <name>.text</name>
         <load_address>0x140</load_address>
         <run_address>0x140</run_address>
         <size>0x10ba</size>
         <input_file_ref idref="fl-163"/>
      </object_component>
      <object_component id="oc-ba">
         <name>.text</name>
         <load_address>0x11fc</load_address>
         <run_address>0x11fc</run_address>
         <size>0xd7c</size>
         <input_file_ref idref="fl-b"/>
      </object_component>
      <object_component id="oc-1db">
         <name>.text</name>
         <load_address>0x1f78</load_address>
         <run_address>0x1f78</run_address>
         <size>0x8a4</size>
         <input_file_ref idref="fl-19"/>
      </object_component>
      <object_component id="oc-181">
         <name>.text</name>
         <load_address>0x281c</load_address>
         <run_address>0x281c</run_address>
         <size>0x7a8</size>
         <input_file_ref idref="fl-10"/>
      </object_component>
      <object_component id="oc-103">
         <name>.text</name>
         <load_address>0x2fc4</load_address>
         <run_address>0x2fc4</run_address>
         <size>0x798</size>
         <input_file_ref idref="fl-1d"/>
      </object_component>
      <object_component id="oc-c0">
         <name>.text</name>
         <load_address>0x375c</load_address>
         <run_address>0x375c</run_address>
         <size>0x678</size>
         <input_file_ref idref="fl-20"/>
      </object_component>
      <object_component id="oc-cc">
         <name>.text</name>
         <load_address>0x3dd4</load_address>
         <run_address>0x3dd4</run_address>
         <size>0x630</size>
         <input_file_ref idref="fl-2c"/>
      </object_component>
      <object_component id="oc-171">
         <name>.text</name>
         <load_address>0x4404</load_address>
         <run_address>0x4404</run_address>
         <size>0x490</size>
         <input_file_ref idref="fl-29"/>
      </object_component>
      <object_component id="oc-d2">
         <name>.text</name>
         <load_address>0x4894</load_address>
         <run_address>0x4894</run_address>
         <size>0x480</size>
         <input_file_ref idref="fl-f"/>
      </object_component>
      <object_component id="oc-140">
         <name>.text</name>
         <load_address>0x4d14</load_address>
         <run_address>0x4d14</run_address>
         <size>0x3f0</size>
         <input_file_ref idref="fl-11"/>
      </object_component>
      <object_component id="oc-c6">
         <name>.text</name>
         <load_address>0x5104</load_address>
         <run_address>0x5104</run_address>
         <size>0x266</size>
         <input_file_ref idref="fl-25"/>
      </object_component>
      <object_component id="oc-13a">
         <name>.text</name>
         <load_address>0x536c</load_address>
         <run_address>0x536c</run_address>
         <size>0x244</size>
         <input_file_ref idref="fl-1a"/>
      </object_component>
      <object_component id="oc-96">
         <name>.text</name>
         <load_address>0x55b0</load_address>
         <run_address>0x55b0</run_address>
         <size>0x1f8</size>
         <input_file_ref idref="fl-4"/>
      </object_component>
      <object_component id="oc-20c">
         <name>.text</name>
         <load_address>0x57a8</load_address>
         <run_address>0x57a8</run_address>
         <size>0x1f4</size>
         <input_file_ref idref="fl-172"/>
      </object_component>
      <object_component id="oc-f4">
         <name>.text</name>
         <load_address>0x599c</load_address>
         <run_address>0x599c</run_address>
         <size>0x1b6</size>
         <input_file_ref idref="fl-158"/>
      </object_component>
      <object_component id="oc-de">
         <name>.text</name>
         <load_address>0x5b54</load_address>
         <run_address>0x5b54</run_address>
         <size>0x13c</size>
         <input_file_ref idref="fl-3"/>
      </object_component>
      <object_component id="oc-f9">
         <name>.text</name>
         <load_address>0x5c90</load_address>
         <run_address>0x5c90</run_address>
         <size>0x136</size>
         <input_file_ref idref="fl-159"/>
      </object_component>
      <object_component id="oc-169">
         <name>.text</name>
         <load_address>0x5dc6</load_address>
         <run_address>0x5dc6</run_address>
         <size>0x134</size>
         <input_file_ref idref="fl-26"/>
      </object_component>
      <object_component id="oc-d8">
         <name>.text</name>
         <load_address>0x5efc</load_address>
         <run_address>0x5efc</run_address>
         <size>0x118</size>
         <input_file_ref idref="fl-2"/>
      </object_component>
      <object_component id="oc-296">
         <name>.text</name>
         <load_address>0x6014</load_address>
         <run_address>0x6014</run_address>
         <size>0x110</size>
         <input_file_ref idref="fl-174"/>
      </object_component>
      <object_component id="oc-ef">
         <name>.text</name>
         <load_address>0x6124</load_address>
         <run_address>0x6124</run_address>
         <size>0xfc</size>
         <input_file_ref idref="fl-15a"/>
      </object_component>
      <object_component id="oc-2c0">
         <name>.text</name>
         <load_address>0x6220</load_address>
         <run_address>0x6220</run_address>
         <size>0xbe</size>
         <input_file_ref idref="fl-17c"/>
      </object_component>
      <object_component id="oc-151">
         <name>.text</name>
         <load_address>0x62e0</load_address>
         <run_address>0x62e0</run_address>
         <size>0xbc</size>
         <input_file_ref idref="fl-21"/>
      </object_component>
      <object_component id="oc-2b">
         <name>.text</name>
         <load_address>0x639c</load_address>
         <run_address>0x639c</run_address>
         <size>0x9c</size>
         <input_file_ref idref="fl-15d"/>
      </object_component>
      <object_component id="oc-217">
         <name>.text:__aeabi_cdcmple</name>
         <load_address>0x6438</load_address>
         <run_address>0x6438</run_address>
         <size>0x86</size>
         <input_file_ref idref="fl-169"/>
      </object_component>
      <object_component id="oc-21c">
         <name>.text:__aeabi_cdrcmple</name>
         <load_address>0x64be</load_address>
         <run_address>0x64be</run_address>
         <size>0x86</size>
         <input_file_ref idref="fl-169"/>
      </object_component>
      <object_component id="oc-44">
         <name>.text</name>
         <load_address>0x6544</load_address>
         <run_address>0x6544</run_address>
         <size>0x7a</size>
         <input_file_ref idref="fl-15e"/>
      </object_component>
      <object_component id="oc-56">
         <name>.text</name>
         <load_address>0x65c0</load_address>
         <run_address>0x65c0</run_address>
         <size>0x6c</size>
         <input_file_ref idref="fl-166"/>
      </object_component>
      <object_component id="oc-37">
         <name>.text</name>
         <load_address>0x662c</load_address>
         <run_address>0x662c</run_address>
         <size>0x6a</size>
         <input_file_ref idref="fl-155"/>
      </object_component>
      <object_component id="oc-28e">
         <name>.text</name>
         <load_address>0x6696</load_address>
         <run_address>0x6696</run_address>
         <size>0x66</size>
         <input_file_ref idref="fl-175"/>
      </object_component>
      <object_component id="oc-e9">
         <name>.text</name>
         <load_address>0x66fc</load_address>
         <run_address>0x66fc</run_address>
         <size>0x60</size>
         <input_file_ref idref="fl-160"/>
      </object_component>
      <object_component id="oc-226">
         <name>.text</name>
         <load_address>0x675c</load_address>
         <run_address>0x675c</run_address>
         <size>0x56</size>
         <input_file_ref idref="fl-16e"/>
      </object_component>
      <object_component id="oc-237">
         <name>.text</name>
         <load_address>0x67b2</load_address>
         <run_address>0x67b2</run_address>
         <size>0x52</size>
         <input_file_ref idref="fl-16d"/>
      </object_component>
      <object_component id="oc-22">
         <name>.text</name>
         <load_address>0x6804</load_address>
         <run_address>0x6804</run_address>
         <size>0x50</size>
         <input_file_ref idref="fl-153"/>
      </object_component>
      <object_component id="oc-24f">
         <name>.text</name>
         <load_address>0x6854</load_address>
         <run_address>0x6854</run_address>
         <size>0x4c</size>
         <input_file_ref idref="fl-165"/>
      </object_component>
      <object_component id="oc-8e">
         <name>.text</name>
         <load_address>0x68a0</load_address>
         <run_address>0x68a0</run_address>
         <size>0x4c</size>
         <input_file_ref idref="fl-167"/>
      </object_component>
      <object_component id="oc-221">
         <name>.text</name>
         <load_address>0x68ec</load_address>
         <run_address>0x68ec</run_address>
         <size>0x48</size>
         <input_file_ref idref="fl-16a"/>
      </object_component>
      <object_component id="oc-62">
         <name>.text</name>
         <load_address>0x6934</load_address>
         <run_address>0x6934</run_address>
         <size>0x44</size>
         <input_file_ref idref="fl-157"/>
      </object_component>
      <object_component id="oc-fe">
         <name>.text</name>
         <load_address>0x6978</load_address>
         <run_address>0x6978</run_address>
         <size>0x44</size>
         <input_file_ref idref="fl-15b"/>
      </object_component>
      <object_component id="oc-303">
         <name>.text</name>
         <load_address>0x69bc</load_address>
         <run_address>0x69bc</run_address>
         <size>0x40</size>
         <input_file_ref idref="fl-17b"/>
      </object_component>
      <object_component id="oc-1ca">
         <name>.text</name>
         <load_address>0x69fc</load_address>
         <run_address>0x69fc</run_address>
         <size>0x3e</size>
         <input_file_ref idref="fl-9"/>
      </object_component>
      <object_component id="oc-e4">
         <name>.text</name>
         <load_address>0x6a3a</load_address>
         <run_address>0x6a3a</run_address>
         <size>0x38</size>
         <input_file_ref idref="fl-15c"/>
      </object_component>
      <object_component id="oc-2cf">
         <name>.text</name>
         <load_address>0x6a74</load_address>
         <run_address>0x6a74</run_address>
         <size>0x34</size>
         <input_file_ref idref="fl-179"/>
      </object_component>
      <object_component id="oc-243">
         <name>.text</name>
         <load_address>0x6aa8</load_address>
         <run_address>0x6aa8</run_address>
         <size>0x30</size>
         <input_file_ref idref="fl-173"/>
      </object_component>
      <object_component id="oc-29c">
         <name>.text</name>
         <load_address>0x6ad8</load_address>
         <run_address>0x6ad8</run_address>
         <size>0x30</size>
         <input_file_ref idref="fl-176"/>
      </object_component>
      <object_component id="oc-22c">
         <name>.text</name>
         <load_address>0x6b08</load_address>
         <run_address>0x6b08</run_address>
         <size>0x2e</size>
         <input_file_ref idref="fl-16c"/>
      </object_component>
      <object_component id="oc-2f3">
         <name>.text</name>
         <load_address>0x6b36</load_address>
         <run_address>0x6b36</run_address>
         <size>0x2e</size>
         <input_file_ref idref="fl-17a"/>
      </object_component>
      <object_component id="oc-231">
         <name>.text</name>
         <load_address>0x6b64</load_address>
         <run_address>0x6b64</run_address>
         <size>0x2a</size>
         <input_file_ref idref="fl-16b"/>
      </object_component>
      <object_component id="oc-249">
         <name>.text</name>
         <load_address>0x6b8e</load_address>
         <run_address>0x6b8e</run_address>
         <size>0x1c</size>
         <input_file_ref idref="fl-16f"/>
      </object_component>
      <object_component id="oc-5c">
         <name>.text</name>
         <load_address>0x6bac</load_address>
         <run_address>0x6bac</run_address>
         <size>0x18</size>
         <input_file_ref idref="fl-164"/>
      </object_component>
      <object_component id="oc-23d">
         <name>.text</name>
         <load_address>0x6bc4</load_address>
         <run_address>0x6bc4</run_address>
         <size>0x16</size>
         <input_file_ref idref="fl-170"/>
      </object_component>
      <object_component id="oc-121">
         <name>.text</name>
         <load_address>0x6bdc</load_address>
         <run_address>0x6bdc</run_address>
         <size>0x14</size>
         <input_file_ref idref="fl-162"/>
      </object_component>
      <object_component id="oc-211">
         <name>.text</name>
         <load_address>0x6bf0</load_address>
         <run_address>0x6bf0</run_address>
         <size>0x14</size>
         <input_file_ref idref="fl-171"/>
      </object_component>
      <object_component id="oc-10">
         <name>.text:decompress:none</name>
         <load_address>0x6c04</load_address>
         <run_address>0x6c04</run_address>
         <size>0xe</size>
         <input_file_ref idref="fl-154"/>
      </object_component>
      <object_component id="oc-1c">
         <name>.text:decompress:ZI</name>
         <load_address>0x6c12</load_address>
         <run_address>0x6c12</run_address>
         <size>0xc</size>
         <input_file_ref idref="fl-156"/>
      </object_component>
      <object_component id="oc-6c">
         <name>.text</name>
         <load_address>0x6c1e</load_address>
         <run_address>0x6c1e</run_address>
         <size>0xc</size>
         <input_file_ref idref="fl-5"/>
      </object_component>
      <object_component id="oc-16">
         <name>.text:decompress:rle24</name>
         <load_address>0x6c2a</load_address>
         <run_address>0x6c2a</run_address>
         <size>0x6</size>
         <input_file_ref idref="fl-155"/>
      </object_component>
      <object_component id="oc-50">
         <name>.text</name>
         <load_address>0x6c30</load_address>
         <run_address>0x6c30</run_address>
         <size>0x4</size>
         <input_file_ref idref="fl-15f"/>
      </object_component>
      <object_component id="oc-1b4">
         <name>.const:.string:g_pucFontFixed6x8Data</name>
         <load_address>0x6c34</load_address>
         <run_address>0x6c34</run_address>
         <size>0x2f8</size>
         <input_file_ref idref="fl-2d"/>
      </object_component>
      <object_component id="oc-2aa">
         <name>.const:.string:_ctypes_</name>
         <load_address>0x6f2c</load_address>
         <run_address>0x6f2c</run_address>
         <size>0x101</size>
         <input_file_ref idref="fl-168"/>
      </object_component>
      <object_component id="oc-10f">
         <name>.const:g_sFontFixed6x8</name>
         <load_address>0x7030</load_address>
         <run_address>0x7030</run_address>
         <size>0xc8</size>
         <input_file_ref idref="fl-2d"/>
      </object_component>
      <object_component id="oc-1d6">
         <name>.const:g_pulRegs</name>
         <load_address>0x70f8</load_address>
         <run_address>0x70f8</run_address>
         <size>0x50</size>
         <input_file_ref idref="fl-11"/>
      </object_component>
      <object_component id="oc-1d3">
         <name>.const</name>
         <load_address>0x7148</load_address>
         <run_address>0x7148</run_address>
         <size>0x40</size>
         <input_file_ref idref="fl-11"/>
      </object_component>
      <object_component id="oc-10c">
         <name>.const:g_sCrystalfontz128x128</name>
         <load_address>0x7188</load_address>
         <run_address>0x7188</run_address>
         <size>0x2c</size>
         <input_file_ref idref="fl-20"/>
      </object_component>
      <object_component id="oc-1e1">
         <name>.const</name>
         <load_address>0x71b4</load_address>
         <run_address>0x71b4</run_address>
         <size>0x1c</size>
         <input_file_ref idref="fl-21"/>
      </object_component>
      <object_component id="oc-17c">
         <name>.const</name>
         <load_address>0x71d0</load_address>
         <run_address>0x71d0</run_address>
         <size>0x1c</size>
         <input_file_ref idref="fl-f"/>
      </object_component>
      <object_component id="oc-112">
         <name>.const</name>
         <load_address>0x71ec</load_address>
         <run_address>0x71ec</run_address>
         <size>0x18</size>
         <input_file_ref idref="fl-4"/>
      </object_component>
      <object_component id="oc-187">
         <name>.const</name>
         <load_address>0x7204</load_address>
         <run_address>0x7204</run_address>
         <size>0x14</size>
         <input_file_ref idref="fl-2"/>
      </object_component>
      <object_component id="oc-160">
         <name>.const</name>
         <load_address>0x7218</load_address>
         <run_address>0x7218</run_address>
         <size>0x8</size>
         <input_file_ref idref="fl-20"/>
      </object_component>
      <object_component id="oc-34b">
         <name>.cinit..data.load</name>
         <load_address>0x7220</load_address>
         <run_address>0x7220</run_address>
         <size>0x78</size>
      </object_component>
      <object_component id="oc-348">
         <name>__TI_handler_table</name>
         <load_address>0x7298</load_address>
         <run_address>0x7298</run_address>
         <size>0xc</size>
      </object_component>
      <object_component id="oc-34c">
         <name>.cinit..bss.load</name>
         <load_address>0x72a8</load_address>
         <run_address>0x72a8</run_address>
         <size>0x8</size>
      </object_component>
      <object_component id="oc-34a">
         <name>.cinit..vtable.load</name>
         <load_address>0x72b0</load_address>
         <run_address>0x72b0</run_address>
         <size>0x8</size>
      </object_component>
      <object_component id="oc-349">
         <name>__TI_cinit_table</name>
         <load_address>0x72b8</load_address>
         <run_address>0x72b8</run_address>
         <size>0x18</size>
      </object_component>
      <object_component id="oc-1d0">
         <name>.vtable</name>
         <uninitialized>true</uninitialized>
         <run_address>0x20000000</run_address>
         <size>0xe4</size>
         <input_file_ref idref="fl-11"/>
      </object_component>
      <object_component id="oc-2a">
         <name>.stack</name>
         <uninitialized>true</uninitialized>
         <run_address>0x2000fe00</run_address>
         <size>0x0</size>
         <input_file_ref idref="fl-153"/>
      </object_component>
      <object_component id="oc-34d">
         <name>.stack</name>
         <uninitialized>true</uninitialized>
         <run_address>0x2000fe00</run_address>
         <size>0x0</size>
      </object_component>
      <object_component id="oc-109">
         <name>.common:g_sContext</name>
         <uninitialized>true</uninitialized>
         <run_address>0x20000278</run_address>
         <size>0x1c</size>
      </object_component>
      <object_component id="oc-118">
         <name>.common:lux</name>
         <uninitialized>true</uninitialized>
         <run_address>0x2000029c</run_address>
         <size>0x4</size>
      </object_component>
      <object_component id="oc-136">
         <name>.common:hfxtFreq</name>
         <uninitialized>true</uninitialized>
         <run_address>0x20000294</run_address>
         <size>0x4</size>
      </object_component>
      <object_component id="oc-139">
         <name>.common:lfxtFreq</name>
         <uninitialized>true</uninitialized>
         <run_address>0x20000298</run_address>
         <size>0x4</size>
      </object_component>
      <object_component id="oc-15f">
         <name>.common:Lcd_Orientation</name>
         <uninitialized>true</uninitialized>
         <run_address>0x200002a8</run_address>
         <size>0x1</size>
      </object_component>
      <object_component id="oc-157">
         <name>.common:Lcd_ScreenWidth</name>
         <uninitialized>true</uninitialized>
         <run_address>0x200002a2</run_address>
         <size>0x2</size>
      </object_component>
      <object_component id="oc-15a">
         <name>.common:Lcd_ScreenHeigth</name>
         <uninitialized>true</uninitialized>
         <run_address>0x200002a0</run_address>
         <size>0x2</size>
      </object_component>
      <object_component id="oc-15b">
         <name>.common:Lcd_PenSolid</name>
         <uninitialized>true</uninitialized>
         <run_address>0x200002a9</run_address>
         <size>0x1</size>
      </object_component>
      <object_component id="oc-15c">
         <name>.common:Lcd_FontSolid</name>
         <uninitialized>true</uninitialized>
         <run_address>0x200002a7</run_address>
         <size>0x1</size>
      </object_component>
      <object_component id="oc-15d">
         <name>.common:Lcd_FlagRead</name>
         <uninitialized>true</uninitialized>
         <run_address>0x200002a6</run_address>
         <size>0x1</size>
      </object_component>
      <object_component id="oc-15e">
         <name>.common:Lcd_TouchTrim</name>
         <uninitialized>true</uninitialized>
         <run_address>0x200002a4</run_address>
         <size>0x2</size>
      </object_component>
      <object_component id="oc-115">
         <name>.data</name>
         <load_address>0x20000248</load_address>
         <run_address>0x20000248</run_address>
         <size>0x10</size>
         <input_file_ref idref="fl-4"/>
      </object_component>
      <object_component id="oc-179">
         <name>.data:GPIO_PORT_TO_BASE</name>
         <load_address>0x20000218</load_address>
         <run_address>0x20000218</run_address>
         <size>0x30</size>
         <input_file_ref idref="fl-f"/>
      </object_component>
      <object_component id="oc-a1">
         <name>.data</name>
         <load_address>0x20000260</load_address>
         <run_address>0x20000260</run_address>
         <size>0x8</size>
         <input_file_ref idref="fl-157"/>
      </object_component>
      <object_component id="oc-68">
         <name>.data</name>
         <load_address>0x20000274</load_address>
         <run_address>0x20000274</run_address>
         <size>0x4</size>
         <input_file_ref idref="fl-161"/>
      </object_component>
      <object_component id="oc-9e">
         <name>.data</name>
         <load_address>0x20000258</load_address>
         <run_address>0x20000258</run_address>
         <size>0x8</size>
         <input_file_ref idref="fl-162"/>
      </object_component>
      <object_component id="oc-2ca">
         <name>.data</name>
         <load_address>0x20000198</load_address>
         <run_address>0x20000198</run_address>
         <size>0x80</size>
         <input_file_ref idref="fl-177"/>
      </object_component>
      <object_component id="oc-2d5">
         <name>.data</name>
         <load_address>0x20000270</load_address>
         <run_address>0x20000270</run_address>
         <size>0x4</size>
         <input_file_ref idref="fl-178"/>
      </object_component>
      <object_component id="oc-2f9">
         <name>.data</name>
         <load_address>0x20000268</load_address>
         <run_address>0x20000268</run_address>
         <size>0x8</size>
         <input_file_ref idref="fl-179"/>
      </object_component>
      <object_component id="oc-314">
         <name>.data:sigtable</name>
         <load_address>0x200000e8</load_address>
         <run_address>0x200000e8</run_address>
         <size>0xb0</size>
         <input_file_ref idref="fl-17b"/>
      </object_component>
      <object_component id="oc-18b">
         <name>.debug_info</name>
         <load_address>0x0</load_address>
         <run_address>0x0</run_address>
         <size>0x814</size>
         <input_file_ref idref="fl-2"/>
      </object_component>
      <object_component id="oc-188">
         <name>.debug_info</name>
         <load_address>0x814</load_address>
         <run_address>0x814</run_address>
         <size>0xec</size>
         <input_file_ref idref="fl-2"/>
      </object_component>
      <object_component id="oc-d9">
         <name>.debug_info</name>
         <load_address>0x900</load_address>
         <run_address>0x900</run_address>
         <size>0x62f</size>
         <input_file_ref idref="fl-2"/>
      </object_component>
      <object_component id="oc-207">
         <name>.debug_info</name>
         <load_address>0xf2f</load_address>
         <run_address>0xf2f</run_address>
         <size>0x9a</size>
         <input_file_ref idref="fl-2"/>
      </object_component>
      <object_component id="oc-1a8">
         <name>.debug_info</name>
         <load_address>0xfc9</load_address>
         <run_address>0xfc9</run_address>
         <size>0x103e</size>
         <input_file_ref idref="fl-2"/>
      </object_component>
      <object_component id="oc-1a3">
         <name>.debug_info</name>
         <load_address>0x2007</load_address>
         <run_address>0x2007</run_address>
         <size>0x36f2</size>
         <input_file_ref idref="fl-2"/>
      </object_component>
      <object_component id="oc-1c3">
         <name>.debug_info</name>
         <load_address>0x56f9</load_address>
         <run_address>0x56f9</run_address>
         <size>0x1b5</size>
         <input_file_ref idref="fl-2"/>
      </object_component>
      <object_component id="oc-1ad">
         <name>.debug_info</name>
         <load_address>0x58ae</load_address>
         <run_address>0x58ae</run_address>
         <size>0x341</size>
         <input_file_ref idref="fl-2"/>
      </object_component>
      <object_component id="oc-7d">
         <name>.debug_info</name>
         <load_address>0x5bef</load_address>
         <run_address>0x5bef</run_address>
         <size>0x84</size>
         <input_file_ref idref="fl-2"/>
      </object_component>
      <object_component id="oc-147">
         <name>.debug_info</name>
         <load_address>0x5c73</load_address>
         <run_address>0x5c73</run_address>
         <size>0x18b</size>
         <input_file_ref idref="fl-2"/>
      </object_component>
      <object_component id="oc-196">
         <name>.debug_info</name>
         <load_address>0x5dfe</load_address>
         <run_address>0x5dfe</run_address>
         <size>0x4e</size>
         <input_file_ref idref="fl-2"/>
      </object_component>
      <object_component id="oc-1e5">
         <name>.debug_info</name>
         <load_address>0x5e4c</load_address>
         <run_address>0x5e4c</run_address>
         <size>0x131</size>
         <input_file_ref idref="fl-2"/>
      </object_component>
      <object_component id="oc-27e">
         <name>.debug_info</name>
         <load_address>0x5f7d</load_address>
         <run_address>0x5f7d</run_address>
         <size>0x39e</size>
         <input_file_ref idref="fl-3"/>
      </object_component>
      <object_component id="oc-df">
         <name>.debug_info</name>
         <load_address>0x631b</load_address>
         <run_address>0x631b</run_address>
         <size>0x509</size>
         <input_file_ref idref="fl-3"/>
      </object_component>
      <object_component id="oc-1ec">
         <name>.debug_info</name>
         <load_address>0x6824</load_address>
         <run_address>0x6824</run_address>
         <size>0x103e</size>
         <input_file_ref idref="fl-3"/>
      </object_component>
      <object_component id="oc-10a">
         <name>.debug_info</name>
         <load_address>0x7862</load_address>
         <run_address>0x7862</run_address>
         <size>0xa0a</size>
         <input_file_ref idref="fl-4"/>
      </object_component>
      <object_component id="oc-113">
         <name>.debug_info</name>
         <load_address>0x826c</load_address>
         <run_address>0x826c</run_address>
         <size>0xe7</size>
         <input_file_ref idref="fl-4"/>
      </object_component>
      <object_component id="oc-116">
         <name>.debug_info</name>
         <load_address>0x8353</load_address>
         <run_address>0x8353</run_address>
         <size>0xf9</size>
         <input_file_ref idref="fl-4"/>
      </object_component>
      <object_component id="oc-97">
         <name>.debug_info</name>
         <load_address>0x844c</load_address>
         <run_address>0x844c</run_address>
         <size>0x446</size>
         <input_file_ref idref="fl-4"/>
      </object_component>
      <object_component id="oc-164">
         <name>.debug_info</name>
         <load_address>0x8892</load_address>
         <run_address>0x8892</run_address>
         <size>0x40a</size>
         <input_file_ref idref="fl-4"/>
      </object_component>
      <object_component id="oc-14c">
         <name>.debug_info</name>
         <load_address>0x8c9c</load_address>
         <run_address>0x8c9c</run_address>
         <size>0x8b</size>
         <input_file_ref idref="fl-4"/>
      </object_component>
      <object_component id="oc-74">
         <name>.debug_info</name>
         <load_address>0x8d27</load_address>
         <run_address>0x8d27</run_address>
         <size>0x118</size>
         <input_file_ref idref="fl-5"/>
      </object_component>
      <object_component id="oc-28">
         <name>.debug_info</name>
         <load_address>0x8e3f</load_address>
         <run_address>0x8e3f</run_address>
         <size>0x105</size>
         <input_file_ref idref="fl-5"/>
      </object_component>
      <object_component id="oc-6d">
         <name>.debug_info</name>
         <load_address>0x8f44</load_address>
         <run_address>0x8f44</run_address>
         <size>0x233</size>
         <input_file_ref idref="fl-5"/>
      </object_component>
      <object_component id="oc-1cb">
         <name>.debug_info</name>
         <load_address>0x9177</load_address>
         <run_address>0x9177</run_address>
         <size>0x3d9</size>
         <input_file_ref idref="fl-9"/>
      </object_component>
      <object_component id="oc-137">
         <name>.debug_info</name>
         <load_address>0x9550</load_address>
         <run_address>0x9550</run_address>
         <size>0x638</size>
         <input_file_ref idref="fl-b"/>
      </object_component>
      <object_component id="oc-bb">
         <name>.debug_info</name>
         <load_address>0x9b88</load_address>
         <run_address>0x9b88</run_address>
         <size>0x22f3</size>
         <input_file_ref idref="fl-b"/>
      </object_component>
      <object_component id="oc-180">
         <name>.debug_info</name>
         <load_address>0xbe7b</load_address>
         <run_address>0xbe7b</run_address>
         <size>0x501</size>
         <input_file_ref idref="fl-f"/>
      </object_component>
      <object_component id="oc-17d">
         <name>.debug_info</name>
         <load_address>0xc37c</load_address>
         <run_address>0xc37c</run_address>
         <size>0x10b</size>
         <input_file_ref idref="fl-f"/>
      </object_component>
      <object_component id="oc-17a">
         <name>.debug_info</name>
         <load_address>0xc487</load_address>
         <run_address>0xc487</run_address>
         <size>0x10d</size>
         <input_file_ref idref="fl-f"/>
      </object_component>
      <object_component id="oc-d3">
         <name>.debug_info</name>
         <load_address>0xc594</load_address>
         <run_address>0xc594</run_address>
         <size>0x1a0e</size>
         <input_file_ref idref="fl-f"/>
      </object_component>
      <object_component id="oc-202">
         <name>.debug_info</name>
         <load_address>0xdfa2</load_address>
         <run_address>0xdfa2</run_address>
         <size>0x4f0</size>
         <input_file_ref idref="fl-10"/>
      </object_component>
      <object_component id="oc-182">
         <name>.debug_info</name>
         <load_address>0xe492</load_address>
         <run_address>0xe492</run_address>
         <size>0x2d2f</size>
         <input_file_ref idref="fl-10"/>
      </object_component>
      <object_component id="oc-1da">
         <name>.debug_info</name>
         <load_address>0x111c1</load_address>
         <run_address>0x111c1</run_address>
         <size>0x3fc</size>
         <input_file_ref idref="fl-11"/>
      </object_component>
      <object_component id="oc-1d4">
         <name>.debug_info</name>
         <load_address>0x115bd</load_address>
         <run_address>0x115bd</run_address>
         <size>0x1b0</size>
         <input_file_ref idref="fl-11"/>
      </object_component>
      <object_component id="oc-1d7">
         <name>.debug_info</name>
         <load_address>0x1176d</load_address>
         <run_address>0x1176d</run_address>
         <size>0x102</size>
         <input_file_ref idref="fl-11"/>
      </object_component>
      <object_component id="oc-1d1">
         <name>.debug_info</name>
         <load_address>0x1186f</load_address>
         <run_address>0x1186f</run_address>
         <size>0x10f</size>
         <input_file_ref idref="fl-11"/>
      </object_component>
      <object_component id="oc-141">
         <name>.debug_info</name>
         <load_address>0x1197e</load_address>
         <run_address>0x1197e</run_address>
         <size>0x11b2</size>
         <input_file_ref idref="fl-11"/>
      </object_component>
      <object_component id="oc-27a">
         <name>.debug_info</name>
         <load_address>0x12b30</load_address>
         <run_address>0x12b30</run_address>
         <size>0x4f5</size>
         <input_file_ref idref="fl-19"/>
      </object_component>
      <object_component id="oc-1dc">
         <name>.debug_info</name>
         <load_address>0x13025</load_address>
         <run_address>0x13025</run_address>
         <size>0x3d7a</size>
         <input_file_ref idref="fl-19"/>
      </object_component>
      <object_component id="oc-1c9">
         <name>.debug_info</name>
         <load_address>0x16d9f</load_address>
         <run_address>0x16d9f</run_address>
         <size>0x3c7</size>
         <input_file_ref idref="fl-1a"/>
      </object_component>
      <object_component id="oc-13b">
         <name>.debug_info</name>
         <load_address>0x17166</load_address>
         <run_address>0x17166</run_address>
         <size>0xeb1</size>
         <input_file_ref idref="fl-1a"/>
      </object_component>
      <object_component id="oc-1a0">
         <name>.debug_info</name>
         <load_address>0x18017</load_address>
         <run_address>0x18017</run_address>
         <size>0x525</size>
         <input_file_ref idref="fl-1d"/>
      </object_component>
      <object_component id="oc-104">
         <name>.debug_info</name>
         <load_address>0x1853c</load_address>
         <run_address>0x1853c</run_address>
         <size>0x24b7</size>
         <input_file_ref idref="fl-1d"/>
      </object_component>
      <object_component id="oc-158">
         <name>.debug_info</name>
         <load_address>0x1a9f3</load_address>
         <run_address>0x1a9f3</run_address>
         <size>0x70a</size>
         <input_file_ref idref="fl-20"/>
      </object_component>
      <object_component id="oc-10d">
         <name>.debug_info</name>
         <load_address>0x1b0fd</load_address>
         <run_address>0x1b0fd</run_address>
         <size>0x124</size>
         <input_file_ref idref="fl-20"/>
      </object_component>
      <object_component id="oc-161">
         <name>.debug_info</name>
         <load_address>0x1b221</load_address>
         <run_address>0x1b221</run_address>
         <size>0x105</size>
         <input_file_ref idref="fl-20"/>
      </object_component>
      <object_component id="oc-c1">
         <name>.debug_info</name>
         <load_address>0x1b326</load_address>
         <run_address>0x1b326</run_address>
         <size>0x15c5</size>
         <input_file_ref idref="fl-20"/>
      </object_component>
      <object_component id="oc-27d">
         <name>.debug_info</name>
         <load_address>0x1c8eb</load_address>
         <run_address>0x1c8eb</run_address>
         <size>0x6b5</size>
         <input_file_ref idref="fl-21"/>
      </object_component>
      <object_component id="oc-1e2">
         <name>.debug_info</name>
         <load_address>0x1cfa0</load_address>
         <run_address>0x1cfa0</run_address>
         <size>0x118</size>
         <input_file_ref idref="fl-21"/>
      </object_component>
      <object_component id="oc-152">
         <name>.debug_info</name>
         <load_address>0x1d0b8</load_address>
         <run_address>0x1d0b8</run_address>
         <size>0x62a</size>
         <input_file_ref idref="fl-21"/>
      </object_component>
      <object_component id="oc-170">
         <name>.debug_info</name>
         <load_address>0x1d6e2</load_address>
         <run_address>0x1d6e2</run_address>
         <size>0x36d</size>
         <input_file_ref idref="fl-25"/>
      </object_component>
      <object_component id="oc-c7">
         <name>.debug_info</name>
         <load_address>0x1da4f</load_address>
         <run_address>0x1da4f</run_address>
         <size>0xf34</size>
         <input_file_ref idref="fl-25"/>
      </object_component>
      <object_component id="oc-1f4">
         <name>.debug_info</name>
         <load_address>0x1e983</load_address>
         <run_address>0x1e983</run_address>
         <size>0x20d</size>
         <input_file_ref idref="fl-26"/>
      </object_component>
      <object_component id="oc-16a">
         <name>.debug_info</name>
         <load_address>0x1eb90</load_address>
         <run_address>0x1eb90</run_address>
         <size>0x951</size>
         <input_file_ref idref="fl-26"/>
      </object_component>
      <object_component id="oc-1f8">
         <name>.debug_info</name>
         <load_address>0x1f4e1</load_address>
         <run_address>0x1f4e1</run_address>
         <size>0x34d</size>
         <input_file_ref idref="fl-29"/>
      </object_component>
      <object_component id="oc-172">
         <name>.debug_info</name>
         <load_address>0x1f82e</load_address>
         <run_address>0x1f82e</run_address>
         <size>0x7c0</size>
         <input_file_ref idref="fl-29"/>
      </object_component>
      <object_component id="oc-178">
         <name>.debug_info</name>
         <load_address>0x1ffee</load_address>
         <run_address>0x1ffee</run_address>
         <size>0x2cc</size>
         <input_file_ref idref="fl-2c"/>
      </object_component>
      <object_component id="oc-cd">
         <name>.debug_info</name>
         <load_address>0x202ba</load_address>
         <run_address>0x202ba</run_address>
         <size>0xa26</size>
         <input_file_ref idref="fl-2c"/>
      </object_component>
      <object_component id="oc-1b9">
         <name>.debug_info</name>
         <load_address>0x20ce0</load_address>
         <run_address>0x20ce0</run_address>
         <size>0x222</size>
         <input_file_ref idref="fl-2d"/>
      </object_component>
      <object_component id="oc-1b5">
         <name>.debug_info</name>
         <load_address>0x20f02</load_address>
         <run_address>0x20f02</run_address>
         <size>0x114</size>
         <input_file_ref idref="fl-2d"/>
      </object_component>
      <object_component id="oc-110">
         <name>.debug_info</name>
         <load_address>0x21016</load_address>
         <run_address>0x21016</run_address>
         <size>0x109</size>
         <input_file_ref idref="fl-2d"/>
      </object_component>
      <object_component id="oc-25">
         <name>.debug_info</name>
         <load_address>0x2111f</load_address>
         <run_address>0x2111f</run_address>
         <size>0x134</size>
         <input_file_ref idref="fl-153"/>
      </object_component>
      <object_component id="oc-36">
         <name>.debug_info</name>
         <load_address>0x21253</load_address>
         <run_address>0x21253</run_address>
         <size>0x121</size>
         <input_file_ref idref="fl-154"/>
      </object_component>
      <object_component id="oc-14">
         <name>.debug_info</name>
         <load_address>0x21374</load_address>
         <run_address>0x21374</run_address>
         <size>0x1c0</size>
         <input_file_ref idref="fl-154"/>
      </object_component>
      <object_component id="oc-31">
         <name>.debug_info</name>
         <load_address>0x21534</load_address>
         <run_address>0x21534</run_address>
         <size>0x46</size>
         <input_file_ref idref="fl-154"/>
      </object_component>
      <object_component id="oc-76">
         <name>.debug_info</name>
         <load_address>0x2157a</load_address>
         <run_address>0x2157a</run_address>
         <size>0x2c</size>
         <input_file_ref idref="fl-154"/>
      </object_component>
      <object_component id="oc-3e">
         <name>.debug_info</name>
         <load_address>0x215a6</load_address>
         <run_address>0x215a6</run_address>
         <size>0x115</size>
         <input_file_ref idref="fl-155"/>
      </object_component>
      <object_component id="oc-3b">
         <name>.debug_info</name>
         <load_address>0x216bb</load_address>
         <run_address>0x216bb</run_address>
         <size>0x228</size>
         <input_file_ref idref="fl-155"/>
      </object_component>
      <object_component id="oc-1a">
         <name>.debug_info</name>
         <load_address>0x218e3</load_address>
         <run_address>0x218e3</run_address>
         <size>0x192</size>
         <input_file_ref idref="fl-155"/>
      </object_component>
      <object_component id="oc-3f">
         <name>.debug_info</name>
         <load_address>0x21a75</load_address>
         <run_address>0x21a75</run_address>
         <size>0x39</size>
         <input_file_ref idref="fl-155"/>
      </object_component>
      <object_component id="oc-85">
         <name>.debug_info</name>
         <load_address>0x21aae</load_address>
         <run_address>0x21aae</run_address>
         <size>0x2c</size>
         <input_file_ref idref="fl-155"/>
      </object_component>
      <object_component id="oc-4f">
         <name>.debug_info</name>
         <load_address>0x21ada</load_address>
         <run_address>0x21ada</run_address>
         <size>0x110</size>
         <input_file_ref idref="fl-156"/>
      </object_component>
      <object_component id="oc-1e">
         <name>.debug_info</name>
         <load_address>0x21bea</load_address>
         <run_address>0x21bea</run_address>
         <size>0x18b</size>
         <input_file_ref idref="fl-156"/>
      </object_component>
      <object_component id="oc-4a">
         <name>.debug_info</name>
         <load_address>0x21d75</load_address>
         <run_address>0x21d75</run_address>
         <size>0x46</size>
         <input_file_ref idref="fl-156"/>
      </object_component>
      <object_component id="oc-a5">
         <name>.debug_info</name>
         <load_address>0x21dbb</load_address>
         <run_address>0x21dbb</run_address>
         <size>0x172</size>
         <input_file_ref idref="fl-157"/>
      </object_component>
      <object_component id="oc-a2">
         <name>.debug_info</name>
         <load_address>0x21f2d</load_address>
         <run_address>0x21f2d</run_address>
         <size>0x117</size>
         <input_file_ref idref="fl-157"/>
      </object_component>
      <object_component id="oc-63">
         <name>.debug_info</name>
         <load_address>0x22044</load_address>
         <run_address>0x22044</run_address>
         <size>0x1ee</size>
         <input_file_ref idref="fl-157"/>
      </object_component>
      <object_component id="oc-f5">
         <name>.debug_info</name>
         <load_address>0x22232</load_address>
         <run_address>0x22232</run_address>
         <size>0x129</size>
         <input_file_ref idref="fl-158"/>
      </object_component>
      <object_component id="oc-fa">
         <name>.debug_info</name>
         <load_address>0x2235b</load_address>
         <run_address>0x2235b</run_address>
         <size>0x117</size>
         <input_file_ref idref="fl-159"/>
      </object_component>
      <object_component id="oc-f0">
         <name>.debug_info</name>
         <load_address>0x22472</load_address>
         <run_address>0x22472</run_address>
         <size>0x117</size>
         <input_file_ref idref="fl-15a"/>
      </object_component>
      <object_component id="oc-ff">
         <name>.debug_info</name>
         <load_address>0x22589</load_address>
         <run_address>0x22589</run_address>
         <size>0x116</size>
         <input_file_ref idref="fl-15b"/>
      </object_component>
      <object_component id="oc-e5">
         <name>.debug_info</name>
         <load_address>0x2269f</load_address>
         <run_address>0x2269f</run_address>
         <size>0x109</size>
         <input_file_ref idref="fl-15c"/>
      </object_component>
      <object_component id="oc-2e">
         <name>.debug_info</name>
         <load_address>0x227a8</load_address>
         <run_address>0x227a8</run_address>
         <size>0xf6</size>
         <input_file_ref idref="fl-15d"/>
      </object_component>
      <object_component id="oc-45">
         <name>.debug_info</name>
         <load_address>0x2289e</load_address>
         <run_address>0x2289e</run_address>
         <size>0x124</size>
         <input_file_ref idref="fl-15e"/>
      </object_component>
      <object_component id="oc-51">
         <name>.debug_info</name>
         <load_address>0x229c2</load_address>
         <run_address>0x229c2</run_address>
         <size>0x129</size>
         <input_file_ref idref="fl-15f"/>
      </object_component>
      <object_component id="oc-195">
         <name>.debug_info</name>
         <load_address>0x22aeb</load_address>
         <run_address>0x22aeb</run_address>
         <size>0x19c</size>
         <input_file_ref idref="fl-160"/>
      </object_component>
      <object_component id="oc-ea">
         <name>.debug_info</name>
         <load_address>0x22c87</load_address>
         <run_address>0x22c87</run_address>
         <size>0x2c5</size>
         <input_file_ref idref="fl-160"/>
      </object_component>
      <object_component id="oc-25c">
         <name>.debug_info</name>
         <load_address>0x22f4c</load_address>
         <run_address>0x22f4c</run_address>
         <size>0x2c</size>
         <input_file_ref idref="fl-160"/>
      </object_component>
      <object_component id="oc-69">
         <name>.debug_info</name>
         <load_address>0x22f78</load_address>
         <run_address>0x22f78</run_address>
         <size>0xea</size>
         <input_file_ref idref="fl-161"/>
      </object_component>
      <object_component id="oc-129">
         <name>.debug_info</name>
         <load_address>0x23062</load_address>
         <run_address>0x23062</run_address>
         <size>0x105</size>
         <input_file_ref idref="fl-162"/>
      </object_component>
      <object_component id="oc-9f">
         <name>.debug_info</name>
         <load_address>0x23167</load_address>
         <run_address>0x23167</run_address>
         <size>0xf4</size>
         <input_file_ref idref="fl-162"/>
      </object_component>
      <object_component id="oc-122">
         <name>.debug_info</name>
         <load_address>0x2325b</load_address>
         <run_address>0x2325b</run_address>
         <size>0x200</size>
         <input_file_ref idref="fl-162"/>
      </object_component>
      <object_component id="oc-256">
         <name>.debug_info</name>
         <load_address>0x2345b</load_address>
         <run_address>0x2345b</run_address>
         <size>0x338</size>
         <input_file_ref idref="fl-163"/>
      </object_component>
      <object_component id="oc-18f">
         <name>.debug_info</name>
         <load_address>0x23793</load_address>
         <run_address>0x23793</run_address>
         <size>0x17ea</size>
         <input_file_ref idref="fl-163"/>
      </object_component>
      <object_component id="oc-257">
         <name>.debug_info</name>
         <load_address>0x24f7d</load_address>
         <run_address>0x24f7d</run_address>
         <size>0x86</size>
         <input_file_ref idref="fl-163"/>
      </object_component>
      <object_component id="oc-2b1">
         <name>.debug_info</name>
         <load_address>0x25003</load_address>
         <run_address>0x25003</run_address>
         <size>0x46</size>
         <input_file_ref idref="fl-163"/>
      </object_component>
      <object_component id="oc-261">
         <name>.debug_info</name>
         <load_address>0x25049</load_address>
         <run_address>0x25049</run_address>
         <size>0x39</size>
         <input_file_ref idref="fl-163"/>
      </object_component>
      <object_component id="oc-9d">
         <name>.debug_info</name>
         <load_address>0x25082</load_address>
         <run_address>0x25082</run_address>
         <size>0x147</size>
         <input_file_ref idref="fl-164"/>
      </object_component>
      <object_component id="oc-5d">
         <name>.debug_info</name>
         <load_address>0x251c9</load_address>
         <run_address>0x251c9</run_address>
         <size>0x148</size>
         <input_file_ref idref="fl-164"/>
      </object_component>
      <object_component id="oc-11c">
         <name>.debug_info</name>
         <load_address>0x25311</load_address>
         <run_address>0x25311</run_address>
         <size>0x5e</size>
         <input_file_ref idref="fl-164"/>
      </object_component>
      <object_component id="oc-2ae">
         <name>.debug_info</name>
         <load_address>0x2536f</load_address>
         <run_address>0x2536f</run_address>
         <size>0xf5</size>
         <input_file_ref idref="fl-165"/>
      </object_component>
      <object_component id="oc-250">
         <name>.debug_info</name>
         <load_address>0x25464</load_address>
         <run_address>0x25464</run_address>
         <size>0x152</size>
         <input_file_ref idref="fl-165"/>
      </object_component>
      <object_component id="oc-95">
         <name>.debug_info</name>
         <load_address>0x255b6</load_address>
         <run_address>0x255b6</run_address>
         <size>0x29e</size>
         <input_file_ref idref="fl-166"/>
      </object_component>
      <object_component id="oc-57">
         <name>.debug_info</name>
         <load_address>0x25854</load_address>
         <run_address>0x25854</run_address>
         <size>0x158</size>
         <input_file_ref idref="fl-166"/>
      </object_component>
      <object_component id="oc-b0">
         <name>.debug_info</name>
         <load_address>0x259ac</load_address>
         <run_address>0x259ac</run_address>
         <size>0x39</size>
         <input_file_ref idref="fl-166"/>
      </object_component>
      <object_component id="oc-b5">
         <name>.debug_info</name>
         <load_address>0x259e5</load_address>
         <run_address>0x259e5</run_address>
         <size>0xcd</size>
         <input_file_ref idref="fl-166"/>
      </object_component>
      <object_component id="oc-ad">
         <name>.debug_info</name>
         <load_address>0x25ab2</load_address>
         <run_address>0x25ab2</run_address>
         <size>0x1c1</size>
         <input_file_ref idref="fl-167"/>
      </object_component>
      <object_component id="oc-8f">
         <name>.debug_info</name>
         <load_address>0x25c73</load_address>
         <run_address>0x25c73</run_address>
         <size>0x164</size>
         <input_file_ref idref="fl-167"/>
      </object_component>
      <object_component id="oc-131">
         <name>.debug_info</name>
         <load_address>0x25dd7</load_address>
         <run_address>0x25dd7</run_address>
         <size>0x2c</size>
         <input_file_ref idref="fl-167"/>
      </object_component>
      <object_component id="oc-2e3">
         <name>.debug_info</name>
         <load_address>0x25e03</load_address>
         <run_address>0x25e03</run_address>
         <size>0xcf</size>
         <input_file_ref idref="fl-168"/>
      </object_component>
      <object_component id="oc-2ab">
         <name>.debug_info</name>
         <load_address>0x25ed2</load_address>
         <run_address>0x25ed2</run_address>
         <size>0xdb</size>
         <input_file_ref idref="fl-168"/>
      </object_component>
      <object_component id="oc-218">
         <name>.debug_info</name>
         <load_address>0x25fad</load_address>
         <run_address>0x25fad</run_address>
         <size>0x105</size>
         <input_file_ref idref="fl-169"/>
      </object_component>
      <object_component id="oc-21d">
         <name>.debug_info</name>
         <load_address>0x260b2</load_address>
         <run_address>0x260b2</run_address>
         <size>0x107</size>
         <input_file_ref idref="fl-169"/>
      </object_component>
      <object_component id="oc-222">
         <name>.debug_info</name>
         <load_address>0x261b9</load_address>
         <run_address>0x261b9</run_address>
         <size>0x10b</size>
         <input_file_ref idref="fl-16a"/>
      </object_component>
      <object_component id="oc-295">
         <name>.debug_info</name>
         <load_address>0x262c4</load_address>
         <run_address>0x262c4</run_address>
         <size>0xfe</size>
         <input_file_ref idref="fl-16b"/>
      </object_component>
      <object_component id="oc-232">
         <name>.debug_info</name>
         <load_address>0x263c2</load_address>
         <run_address>0x263c2</run_address>
         <size>0x16e</size>
         <input_file_ref idref="fl-16b"/>
      </object_component>
      <object_component id="oc-22d">
         <name>.debug_info</name>
         <load_address>0x26530</load_address>
         <run_address>0x26530</run_address>
         <size>0x109</size>
         <input_file_ref idref="fl-16c"/>
      </object_component>
      <object_component id="oc-2a3">
         <name>.debug_info</name>
         <load_address>0x26639</load_address>
         <run_address>0x26639</run_address>
         <size>0x142</size>
         <input_file_ref idref="fl-16d"/>
      </object_component>
      <object_component id="oc-238">
         <name>.debug_info</name>
         <load_address>0x2677b</load_address>
         <run_address>0x2677b</run_address>
         <size>0x165</size>
         <input_file_ref idref="fl-16d"/>
      </object_component>
      <object_component id="oc-28c">
         <name>.debug_info</name>
         <load_address>0x268e0</load_address>
         <run_address>0x268e0</run_address>
         <size>0x12d</size>
         <input_file_ref idref="fl-16e"/>
      </object_component>
      <object_component id="oc-227">
         <name>.debug_info</name>
         <load_address>0x26a0d</load_address>
         <run_address>0x26a0d</run_address>
         <size>0x1a3</size>
         <input_file_ref idref="fl-16e"/>
      </object_component>
      <object_component id="oc-2a9">
         <name>.debug_info</name>
         <load_address>0x26bb0</load_address>
         <run_address>0x26bb0</run_address>
         <size>0xd2</size>
         <input_file_ref idref="fl-16f"/>
      </object_component>
      <object_component id="oc-24a">
         <name>.debug_info</name>
         <load_address>0x26c82</load_address>
         <run_address>0x26c82</run_address>
         <size>0x18c</size>
         <input_file_ref idref="fl-16f"/>
      </object_component>
      <object_component id="oc-2a5">
         <name>.debug_info</name>
         <load_address>0x26e0e</load_address>
         <run_address>0x26e0e</run_address>
         <size>0xd6</size>
         <input_file_ref idref="fl-170"/>
      </object_component>
      <object_component id="oc-23e">
         <name>.debug_info</name>
         <load_address>0x26ee4</load_address>
         <run_address>0x26ee4</run_address>
         <size>0x211</size>
         <input_file_ref idref="fl-170"/>
      </object_component>
      <object_component id="oc-287">
         <name>.debug_info</name>
         <load_address>0x270f5</load_address>
         <run_address>0x270f5</run_address>
         <size>0xcb</size>
         <input_file_ref idref="fl-171"/>
      </object_component>
      <object_component id="oc-212">
         <name>.debug_info</name>
         <load_address>0x271c0</load_address>
         <run_address>0x271c0</run_address>
         <size>0x1f7</size>
         <input_file_ref idref="fl-171"/>
      </object_component>
      <object_component id="oc-20d">
         <name>.debug_info</name>
         <load_address>0x273b7</load_address>
         <run_address>0x273b7</run_address>
         <size>0x162</size>
         <input_file_ref idref="fl-172"/>
      </object_component>
      <object_component id="oc-2a7">
         <name>.debug_info</name>
         <load_address>0x27519</load_address>
         <run_address>0x27519</run_address>
         <size>0xf3</size>
         <input_file_ref idref="fl-173"/>
      </object_component>
      <object_component id="oc-244">
         <name>.debug_info</name>
         <load_address>0x2760c</load_address>
         <run_address>0x2760c</run_address>
         <size>0x13a</size>
         <input_file_ref idref="fl-173"/>
      </object_component>
      <object_component id="oc-2ce">
         <name>.debug_info</name>
         <load_address>0x27746</load_address>
         <run_address>0x27746</run_address>
         <size>0x111</size>
         <input_file_ref idref="fl-174"/>
      </object_component>
      <object_component id="oc-297">
         <name>.debug_info</name>
         <load_address>0x27857</load_address>
         <run_address>0x27857</run_address>
         <size>0x192</size>
         <input_file_ref idref="fl-174"/>
      </object_component>
      <object_component id="oc-2ec">
         <name>.debug_info</name>
         <load_address>0x279e9</load_address>
         <run_address>0x279e9</run_address>
         <size>0x86</size>
         <input_file_ref idref="fl-174"/>
      </object_component>
      <object_component id="oc-2c7">
         <name>.debug_info</name>
         <load_address>0x27a6f</load_address>
         <run_address>0x27a6f</run_address>
         <size>0xfb</size>
         <input_file_ref idref="fl-175"/>
      </object_component>
      <object_component id="oc-28f">
         <name>.debug_info</name>
         <load_address>0x27b6a</load_address>
         <run_address>0x27b6a</run_address>
         <size>0x173</size>
         <input_file_ref idref="fl-175"/>
      </object_component>
      <object_component id="oc-29d">
         <name>.debug_info</name>
         <load_address>0x27cdd</load_address>
         <run_address>0x27cdd</run_address>
         <size>0x153</size>
         <input_file_ref idref="fl-176"/>
      </object_component>
      <object_component id="oc-2cb">
         <name>.debug_info</name>
         <load_address>0x27e30</load_address>
         <run_address>0x27e30</run_address>
         <size>0x1b5</size>
         <input_file_ref idref="fl-177"/>
      </object_component>
      <object_component id="oc-2d6">
         <name>.debug_info</name>
         <load_address>0x27fe5</load_address>
         <run_address>0x27fe5</run_address>
         <size>0xd6</size>
         <input_file_ref idref="fl-178"/>
      </object_component>
      <object_component id="oc-312">
         <name>.debug_info</name>
         <load_address>0x280bb</load_address>
         <run_address>0x280bb</run_address>
         <size>0x13e</size>
         <input_file_ref idref="fl-179"/>
      </object_component>
      <object_component id="oc-2fa">
         <name>.debug_info</name>
         <load_address>0x281f9</load_address>
         <run_address>0x281f9</run_address>
         <size>0x10e</size>
         <input_file_ref idref="fl-179"/>
      </object_component>
      <object_component id="oc-2d0">
         <name>.debug_info</name>
         <load_address>0x28307</load_address>
         <run_address>0x28307</run_address>
         <size>0x16f</size>
         <input_file_ref idref="fl-179"/>
      </object_component>
      <object_component id="oc-30d">
         <name>.debug_info</name>
         <load_address>0x28476</load_address>
         <run_address>0x28476</run_address>
         <size>0x6f</size>
         <input_file_ref idref="fl-179"/>
      </object_component>
      <object_component id="oc-30a">
         <name>.debug_info</name>
         <load_address>0x284e5</load_address>
[...]
      <symbol id="sm-56f">
         <name>Timer_A_unregisterInterrupt</name>
         <value>0x3693</value>
         <object_component_ref idref="oc-103"/>
      </symbol>
      <symbol id="sm-5d2">
         <name>Lcd_Orientation</name>
         <value>0x200002a8</value>
      </symbol>
      <symbol id="sm-5d3">
         <name>Lcd_ScreenWidth</name>
         <value>0x200002a2</value>
      </symbol>
      <symbol id="sm-5d4">
         <name>Lcd_ScreenHeigth</name>
         <value>0x200002a0</value>
      </symbol>
      <symbol id="sm-5d5">
         <name>Lcd_PenSolid</name>
         <value>0x200002a9</value>
      </symbol>
      <symbol id="sm-5d6">
         <name>Lcd_FontSolid</name>
         <value>0x200002a7</value>
      </symbol>
      <symbol id="sm-5d7">
         <name>Lcd_FlagRead</name>
         <value>0x200002a6</value>
      </symbol>
      <symbol id="sm-5d8">
         <name>Lcd_TouchTrim</name>
         <value>0x200002a4</value>
      </symbol>
      <symbol id="sm-5d9">
         <name>Crystalfontz128x128_SetDrawFrame</name>
         <value>0x3871</value>
         <object_component_ref idref="oc-c0"/>
      </symbol>
      <symbol id="sm-5da">
         <name>Crystalfontz128x128_SetOrientation</name>
         <value>0x399f</value>
         <object_component_ref idref="oc-c0"/>
      </symbol>
      <symbol id="sm-5db">
         <name>g_sCrystalfontz128x128</name>
         <value>0x7188</value>
         <object_component_ref idref="oc-10c"/>
      </symbol>
      <symbol id="sm-5dc">
         <name>Crystalfontz128x128_Init</name>
         <value>0x375d</value>
         <object_component_ref idref="oc-c0"/>
      </symbol>
      <symbol id="sm-5f8">
         <name>HAL_LCD_writeData</name>
         <value>0x6375</value>
         <object_component_ref idref="oc-151"/>
      </symbol>
      <symbol id="sm-5f9">
         <name>HAL_LCD_SpiInit</name>
         <value>0x6311</value>
         <object_component_ref idref="oc-151"/>
      </symbol>
      <symbol id="sm-5fa">
         <name>HAL_LCD_PortInit</name>
         <value>0x62e1</value>
         <object_component_ref idref="oc-151"/>
      </symbol>
      <symbol id="sm-5fb">
         <name>HAL_LCD_writeCommand</name>
         <value>0x6347</value>
         <object_component_ref idref="oc-151"/>
      </symbol>
      <symbol id="sm-628">
         <name>Graphics_getDisplayWidth</name>
         <value>0x52b5</value>
         <object_component_ref idref="oc-c6"/>
      </symbol>
      <symbol id="sm-629">
         <name>Graphics_getFontMaxWidth</name>
         <value>0x52a7</value>
         <object_component_ref idref="oc-c6"/>
      </symbol>
      <symbol id="sm-62a">
         <name>Graphics_setForegroundColorTranslated</name>
         <value>0x5287</value>
         <object_component_ref idref="oc-c6"/>
      </symbol>
      <symbol id="sm-62b">
         <name>Graphics_getDisplayHeight</name>
         <value>0x52c5</value>
         <object_component_ref idref="oc-c6"/>
      </symbol>
      <symbol id="sm-62c">
         <name>Graphics_getWidthOfDisplay</name>
         <value>0x535d</value>
         <object_component_ref idref="oc-c6"/>
      </symbol>
      <symbol id="sm-62d">
         <name>Graphics_getFontHeight</name>
         <value>0x5299</value>
         <object_component_ref idref="oc-c6"/>
      </symbol>
      <symbol id="sm-62e">
         <name>Graphics_getHeightOfDisplay</name>
         <value>0x52d5</value>
         <object_component_ref idref="oc-c6"/>
      </symbol>
      <symbol id="sm-62f">
         <name>Graphics_setBackgroundColor</name>
         <value>0x5219</value>
         <object_component_ref idref="oc-c6"/>
      </symbol>
      <symbol id="sm-630">
         <name>Graphics_setFont</name>
         <value>0x5249</value>
         <object_component_ref idref="oc-c6"/>
      </symbol>
      <symbol id="sm-631">
         <name>Graphics_initContext</name>
         <value>0x5105</value>
         <object_component_ref idref="oc-c6"/>
      </symbol>
      <symbol id="sm-632">
         <name>Graphics_drawPixel</name>
         <value>0x5303</value>
         <object_component_ref idref="oc-c6"/>
      </symbol>
      <symbol id="sm-633">
         <name>Graphics_getFontBaseline</name>
         <value>0x5263</value>
         <object_component_ref idref="oc-c6"/>
      </symbol>
      <symbol id="sm-634">
         <name>Graphics_setForegroundColor</name>
         <value>0x5271</value>
         <object_component_ref idref="oc-c6"/>
      </symbol>
      <symbol id="sm-635">
         <name>Graphics_setBackgroundColorTranslated</name>
         <value>0x5233</value>
         <object_component_ref idref="oc-c6"/>
      </symbol>
      <symbol id="sm-636">
         <name>Graphics_flushBuffer</name>
         <value>0x52e3</value>
         <object_component_ref idref="oc-c6"/>
      </symbol>
      <symbol id="sm-637">
         <name>Graphics_clearDisplay</name>
         <value>0x52f1</value>
         <object_component_ref idref="oc-c6"/>
      </symbol>
      <symbol id="sm-638">
         <name>Graphics_setClipRegion</name>
         <value>0x514f</value>
         <object_component_ref idref="oc-c6"/>
      </symbol>
      <symbol id="sm-64c">
         <name>Graphics_clearDisplayOnDisplay</name>
         <value>0x5ee3</value>
         <object_component_ref idref="oc-169"/>
      </symbol>
      <symbol id="sm-64d">
         <name>Graphics_flushOnDisplay</name>
         <value>0x5ed1</value>
         <object_component_ref idref="oc-169"/>
      </symbol>
      <symbol id="sm-64e">
         <name>Graphics_drawPixelOnDisplay</name>
         <value>0x5dc7</value>
         <object_component_ref idref="oc-169"/>
      </symbol>
      <symbol id="sm-64f">
         <name>Graphics_translateColorOnDisplay</name>
         <value>0x5ebb</value>
         <object_component_ref idref="oc-169"/>
      </symbol>
      <symbol id="sm-650">
         <name>Graphics_drawHorizontalLineOnDisplay</name>
         <value>0x5e35</value>
         <object_component_ref idref="oc-169"/>
      </symbol>
      <symbol id="sm-651">
         <name>Graphics_drawVerticalLineOnDisplay</name>
         <value>0x5e69</value>
         <object_component_ref idref="oc-169"/>
      </symbol>
      <symbol id="sm-652">
         <name>Graphics_drawMultiplePixelsOnDisplay</name>
         <value>0x5df1</value>
         <object_component_ref idref="oc-169"/>
      </symbol>
      <symbol id="sm-653">
         <name>Graphics_fillRectangleOnDisplay</name>
         <value>0x5e9d</value>
         <object_component_ref idref="oc-169"/>
      </symbol>
      <symbol id="sm-696">
         <name>Graphics_drawLineH</name>
         <value>0x4405</value>
         <object_component_ref idref="oc-171"/>
      </symbol>
      <symbol id="sm-697">
         <name>Graphics_drawLineV</name>
         <value>0x44a1</value>
         <object_component_ref idref="oc-171"/>
      </symbol>
      <symbol id="sm-698">
         <name>Graphics_drawLine</name>
         <value>0x4721</value>
         <object_component_ref idref="oc-171"/>
      </symbol>
      <symbol id="sm-6e0">
         <name>Graphics_drawStringCentered</name>
         <value>0x439d</value>
         <object_component_ref idref="oc-cc"/>
      </symbol>
      <symbol id="sm-6e1">
         <name>Graphics_getStringMaxWidth</name>
         <value>0x43f5</value>
         <object_component_ref idref="oc-cc"/>
      </symbol>
      <symbol id="sm-6e2">
         <name>Graphics_getStringHeight</name>
         <value>0x43e5</value>
         <object_component_ref idref="oc-cc"/>
      </symbol>
      <symbol id="sm-6e3">
         <name>Graphics_drawString</name>
         <value>0x3f0f</value>
         <object_component_ref idref="oc-cc"/>
      </symbol>
      <symbol id="sm-6e4">
         <name>Graphics_getStringBaseline</name>
         <value>0x438d</value>
         <object_component_ref idref="oc-cc"/>
      </symbol>
      <symbol id="sm-6e5">
         <name>Graphics_getStringWidth</name>
         <value>0x3e15</value>
         <object_component_ref idref="oc-cc"/>
      </symbol>
      <symbol id="sm-6f7">
         <name>g_sFontFixed6x8</name>
         <value>0x7030</value>
         <object_component_ref idref="oc-10f"/>
      </symbol>
      <symbol id="sm-709">
         <name>_c_int00</name>
         <value>0x6805</value>
         <object_component_ref idref="oc-22"/>
      </symbol>
      <symbol id="sm-70a">
         <name>__stack</name>
         <value>0x2000fe00</value>
         <object_component_ref idref="oc-2a"/>
      </symbol>
      <symbol id="sm-721">
         <name>__TI_decompress_none</name>
         <value>0x6c05</value>
         <object_component_ref idref="oc-10"/>
      </symbol>
      <symbol id="sm-749">
         <name>__TI_decompress_rle24</name>
         <value>0x6c2b</value>
         <object_component_ref idref="oc-16"/>
      </symbol>
      <symbol id="sm-75b">
         <name>__TI_zero_init</name>
         <value>0x6c13</value>
         <object_component_ref idref="oc-1c"/>
      </symbol>
      <symbol id="sm-77a">
         <name>C$$EXIT</name>
         <value>0x6935</value>
         <object_component_ref idref="oc-62"/>
      </symbol>
      <symbol id="sm-77b">
         <name>abort</name>
         <value>0x6939</value>
         <object_component_ref idref="oc-62"/>
      </symbol>
      <symbol id="sm-77c">
         <name>exit</name>
         <value>0x6941</value>
         <object_component_ref idref="oc-62"/>
      </symbol>
      <symbol id="sm-77d">
         <name>__TI_dtors_ptr</name>
         <value>0x20000264</value>
         <object_component_ref idref="oc-a1"/>
      </symbol>
      <symbol id="sm-77e">
         <name>__TI_cleanup_ptr</name>
         <value>0x20000260</value>
         <object_component_ref idref="oc-a1"/>
      </symbol>
      <symbol id="sm-7a2">
         <name>__aeabi_dsub</name>
         <value>0x599d</value>
         <object_component_ref idref="oc-f4"/>
      </symbol>
      <symbol id="sm-7a3">
         <name>__aeabi_dadd</name>
         <value>0x59a7</value>
         <object_component_ref idref="oc-f4"/>
      </symbol>
      <symbol id="sm-7c3">
         <name>__aeabi_ddiv</name>
         <value>0x5c91</value>
         <object_component_ref idref="oc-f9"/>
      </symbol>
      <symbol id="sm-7da">
         <name>__aeabi_dmul</name>
         <value>0x6125</value>
         <object_component_ref idref="oc-ef"/>
      </symbol>
      <symbol id="sm-7e7">
         <name>__aeabi_d2uiz</name>
         <value>0x6979</value>
         <object_component_ref idref="oc-fe"/>
      </symbol>
      <symbol id="sm-7f5">
         <name>__aeabi_f2d</name>
         <value>0x6a3b</value>
         <object_component_ref idref="oc-e4"/>
      </symbol>
      <symbol id="sm-810">
         <name>memcpy</name>
         <value>0x639d</value>
         <object_component_ref idref="oc-2b"/>
      </symbol>
      <symbol id="sm-811">
         <name>__aeabi_memcpy</name>
         <value>0x639d</value>
         <object_component_ref idref="oc-2b"/>
      </symbol>
      <symbol id="sm-812">
         <name>__aeabi_memcpy8</name>
         <value>0x639d</value>
         <object_component_ref idref="oc-2b"/>
      </symbol>
      <symbol id="sm-813">
         <name>__aeabi_memcpy4</name>
         <value>0x639d</value>
         <object_component_ref idref="oc-2b"/>
      </symbol>
      <symbol id="sm-822">
         <name>__aeabi_memset</name>
         <value>0x6547</value>
         <object_component_ref idref="oc-44"/>
      </symbol>
      <symbol id="sm-823">
         <name>memset</name>
         <value>0x654d</value>
         <object_component_ref idref="oc-44"/>
      </symbol>
      <symbol id="sm-824">
         <name>__aeabi_memset8</name>
         <value>0x6547</value>
         <object_component_ref idref="oc-44"/>
      </symbol>
      <symbol id="sm-825">
         <name>__aeabi_memset4</name>
         <value>0x6547</value>
         <object_component_ref idref="oc-44"/>
      </symbol>
      <symbol id="sm-826">
         <name>__aeabi_memclr8</name>
         <value>0x6545</value>
         <object_component_ref idref="oc-44"/>
      </symbol>
      <symbol id="sm-827">
         <name>__aeabi_memclr4</name>
         <value>0x6545</value>
         <object_component_ref idref="oc-44"/>
      </symbol>
      <symbol id="sm-828">
         <name>__aeabi_memclr</name>
         <value>0x6545</value>
         <object_component_ref idref="oc-44"/>
      </symbol>
      <symbol id="sm-832">
         <name>_system_pre_init</name>
         <value>0x6c31</value>
         <object_component_ref idref="oc-50"/>
      </symbol>
      <symbol id="sm-84b">
         <name>sprintf</name>
         <value>0x66fd</value>
         <object_component_ref idref="oc-e9"/>
      </symbol>
      <symbol id="sm-853">
         <name>main_func_sp</name>
         <value>0x20000274</value>
         <object_component_ref idref="oc-68"/>
      </symbol>
      <symbol id="sm-86c">
         <name>_nop</name>
         <value>0x6beb</value>
         <object_component_ref idref="oc-121"/>
      </symbol>
      <symbol id="sm-86d">
         <name>_lock</name>
         <value>0x20000258</value>
         <object_component_ref idref="oc-9e"/>
      </symbol>
      <symbol id="sm-86e">
         <name>_unlock</name>
         <value>0x2000025c</value>
         <object_component_ref idref="oc-9e"/>
      </symbol>
      <symbol id="sm-86f">
         <name>_register_lock</name>
         <value>0x6be3</value>
         <object_component_ref idref="oc-121"/>
      </symbol>
      <symbol id="sm-870">
         <name>_register_unlock</name>
         <value>0x6bdd</value>
         <object_component_ref idref="oc-121"/>
      </symbol>
      <symbol id="sm-975">
         <name>__TI_printfi</name>
         <value>0xef5</value>
         <object_component_ref idref="oc-18e"/>
      </symbol>
      <symbol id="sm-98a">
         <name>_args_main</name>
         <value>0x6bad</value>
         <object_component_ref idref="oc-5c"/>
      </symbol>
      <symbol id="sm-9a0">
         <name>atoi</name>
         <value>0x6855</value>
         <object_component_ref idref="oc-24f"/>
      </symbol>
      <symbol id="sm-9c6">
         <name>__TI_auto_init</name>
         <value>0x65c1</value>
         <object_component_ref idref="oc-56"/>
      </symbol>
      <symbol id="sm-9e0">
         <name>copy_in</name>
         <value>0x68a1</value>
         <object_component_ref idref="oc-8e"/>
      </symbol>
      <symbol id="sm-9eb">
         <name>_ctypes_</name>
         <value>0x6f2c</value>
         <object_component_ref idref="oc-2aa"/>
      </symbol>
      <symbol id="sm-a12">
         <name>__aeabi_cdcmpeq</name>
         <value>0x6439</value>
         <object_component_ref idref="oc-217"/>
      </symbol>
      <symbol id="sm-a13">
         <name>__aeabi_cdcmple</name>
         <value>0x6439</value>
         <object_component_ref idref="oc-217"/>
      </symbol>
      <symbol id="sm-a14">
         <name>__aeabi_cdrcmple</name>
         <value>0x64bf</value>
         <object_component_ref idref="oc-21c"/>
      </symbol>
      <symbol id="sm-a22">
         <name>__aeabi_d2iz</name>
         <value>0x68ed</value>
         <object_component_ref idref="oc-221"/>
      </symbol>
      <symbol id="sm-a2f">
         <name>frexp</name>
         <value>0x6b65</value>
         <object_component_ref idref="oc-231"/>
      </symbol>
      <symbol id="sm-a3b">
         <name>__aeabi_i2d</name>
         <value>0x6b09</value>
         <object_component_ref idref="oc-22c"/>
      </symbol>
      <symbol id="sm-a4c">
         <name>ldexp</name>
         <value>0x67b3</value>
         <object_component_ref idref="oc-237"/>
      </symbol>
      <symbol id="sm-a5b">
         <name>ltoa</name>
         <value>0x675d</value>
         <object_component_ref idref="oc-226"/>
      </symbol>
      <symbol id="sm-a6b">
         <name>memccpy</name>
         <value>0x6b8f</value>
         <object_component_ref idref="oc-249"/>
      </symbol>
      <symbol id="sm-a7b">
         <name>strchr</name>
         <value>0x6bc5</value>
         <object_component_ref idref="oc-23d"/>
      </symbol>
      <symbol id="sm-a89">
         <name>strlen</name>
         <value>0x6bf1</value>
         <object_component_ref idref="oc-211"/>
      </symbol>
      <symbol id="sm-ab3">
         <name>__aeabi_uldivmod</name>
         <value>0x57a9</value>
         <object_component_ref idref="oc-20c"/>
      </symbol>
      <symbol id="sm-ac1">
         <name>_Dclass</name>
         <value>0x6aa9</value>
         <object_component_ref idref="oc-243"/>
      </symbol>
      <symbol id="sm-ae2">
         <name>_Dscale</name>
         <value>0x6015</value>
         <object_component_ref idref="oc-296"/>
      </symbol>
      <symbol id="sm-af6">
         <name>_Dunscale</name>
         <value>0x6697</value>
         <object_component_ref idref="oc-28e"/>
      </symbol>
      <symbol id="sm-b05">
         <name>_Feraise</name>
         <value>0x6ad9</value>
         <object_component_ref idref="oc-29c"/>
      </symbol>
      <symbol id="sm-b15">
         <name>_Rteps</name>
         <value>0x200001f8</value>
         <object_component_ref idref="oc-2ca"/>
      </symbol>
      <symbol id="sm-b16">
         <name>_Zero</name>
         <value>0x20000210</value>
         <object_component_ref idref="oc-2ca"/>
      </symbol>
      <symbol id="sm-b17">
         <name>_Hugeval</name>
         <value>0x200001b8</value>
         <object_component_ref idref="oc-2ca"/>
      </symbol>
      <symbol id="sm-b18">
         <name>_Snan</name>
         <value>0x200001e8</value>
         <object_component_ref idref="oc-2ca"/>
      </symbol>
      <symbol id="sm-b19">
         <name>_Nan</name>
         <value>0x200001d8</value>
         <object_component_ref idref="oc-2ca"/>
      </symbol>
      <symbol id="sm-b1a">
         <name>_Inf</name>
         <value>0x200001c8</value>
         <object_component_ref idref="oc-2ca"/>
      </symbol>
      <symbol id="sm-b1b">
         <name>_Xbig</name>
         <value>0x20000208</value>
         <object_component_ref idref="oc-2ca"/>
      </symbol>
      <symbol id="sm-b1c">
         <name>_Eps</name>
         <value>0x200001a8</value>
         <object_component_ref idref="oc-2ca"/>
      </symbol>
      <symbol id="sm-b1d">
         <name>_Denorm</name>
         <value>0x20000198</value>
         <object_component_ref idref="oc-2ca"/>
      </symbol>
      <symbol id="sm-b25">
         <name>_Errno</name>
         <value>0x20000270</value>
         <object_component_ref idref="oc-2d5"/>
      </symbol>
      <symbol id="sm-b43">
         <name>feraiseexcept</name>
         <value>0x6a75</value>
         <object_component_ref idref="oc-2cf"/>
      </symbol>
      <symbol id="sm-b44">
         <name>_Tls_setup__Fenv</name>
         <value>0x2000026c</value>
         <object_component_ref idref="oc-2f9"/>
      </symbol>
      <symbol id="sm-b45">
         <name>_Fenv</name>
         <value>0x20000268</value>
         <object_component_ref idref="oc-2f9"/>
      </symbol>
      <symbol id="sm-b59">
         <name>raise</name>
         <value>0x6b37</value>
         <object_component_ref idref="oc-2f3"/>
      </symbol>
      <symbol id="sm-b73">
         <name>signal</name>
         <value>0x69bd</value>
         <object_component_ref idref="oc-303"/>
      </symbol>
      <symbol id="sm-b88">
         <name>_Dnorm</name>
         <value>0x6221</value>
         <object_component_ref idref="oc-2c0"/>
      </symbol>
      <symbol id="sm-b89">
         <name>__TI_static_base__</name>
         <value>0x0</value>
      </symbol>
      <symbol id="sm-b8c">
         <name>SHT$$INIT_ARRAY$$Limit</name>
         <value>0x0</value>
      </symbol>
      <symbol id="sm-b8d">
         <name>SHT$$INIT_ARRAY$$Base</name>
         <value>0x0</value>
      </symbol>
   </symbol_table>
   <title>Link successful</title>
</link_info>
