******************************************************************************
                  TI ARM Linker Unix v5.2.6                    
******************************************************************************
>> Linked Tue Mar 15 12:25:04 2016

OUTPUT FILE NAME:   <Challenge1.out>
ENTRY POINT SYMBOL: "_c_int00"  address: 00000a65


MEMORY CONFIGURATION

         name            origin    length      used     unused   attr    fill
----------------------  --------  ---------  --------  --------  ----  --------
  FLASH                 00000000   00040000  00000d3e  0003f2c2  R  X
  FLASH_OTP             00200000   00004000  00000000  00004000  R  X
  SRAM_BANK_0_to_3      20000000   00008000  00000214  00007dec  RW X
  SRAM_BANK_4_TO_7      20008000   0000e000  00000000  0000e000  RW X


SEGMENT ALLOCATION MAP

run origin  load origin   length   init length attrs members
----------  ----------- ---------- ----------- ----- -------
00000000    00000000    00000d40   00000d40    r-x
  00000000    00000000    00000144   00000144    r-- .intvecs
  00000144    00000144    00000bda   00000bda    r-x .text
  00000d20    00000d20    00000020   00000020    r-- .cinit
20000000    20000000    00000014   00000000    rw-
  20000000    20000000    00000014   00000000    rw- .data
20007e00    20007e00    00000200   00000000    rw-
  20007e00    20007e00    00000200   00000000    rw- .stack


SECTION ALLOCATION MAP

 output                                  attributes/
section   page    origin      length       input sections
--------  ----  ----------  ----------   ----------------
.intvecs   0    00000000    00000144     
                  00000000    00000144     lab3_memory_startup_ccs.obj (.intvecs)

.text      0    00000144    00000bda     
                  00000144    0000021c     flash-operations.obj (.text)
                  00000360    0000019c     msp432p4xx_driverlib.lib : flash.o (.text:getUserFlashSector)
                  000004fc    00000104                              : flash.o (.text:FlashCtl_performMassErase)
                  00000600    0000009c     rtsv7M4_T_le_v4SPD16_eabi.lib : memcpy_t2.obj (.text)
                  0000069c    00000094     lab3_memory.obj (.text)
                  00000730    00000088     msp432p4xx_driverlib.lib : flash.o (.text:_FlashCtl_Program32)
                  000007b8    00000080                              : flash.o (.text:_FlashCtl_Program8)
                  00000838    0000007a     rtsv7M4_T_le_v4SPD16_eabi.lib : memset_t2.obj (.text)
                  000008b2    00000002     --HOLE-- [fill = 0]
                  000008b4    00000070     ports.obj (.text)
                  00000924    0000006c     rtsv7M4_T_le_v4SPD16_eabi.lib : autoinit.obj (.text)
                  00000990    0000006a     msp432p4xx_driverlib.lib : flash.o (.text:FlashCtl_programMemory)
                  000009fa    0000006a     rtsv7M4_T_le_v4SPD16_eabi.lib : copy_decompress_rle.obj (.text)
                  00000a64    00000050                                   : boot.obj (.text)
                  00000ab4    0000004c     msp432p4xx_driverlib.lib : sysctl.o (.text:SysCtl_disableSRAMBank)
                  00000b00    0000004c     rtsv7M4_T_le_v4SPD16_eabi.lib : cpy_tbl.obj (.text)
                  00000b4c    0000004c     time-delays.obj (.text)
                  00000b98    00000044     rtsv7M4_T_le_v4SPD16_eabi.lib : exit.obj (.text)
                  00000bdc    0000003c     msp432p4xx_driverlib.lib : flash.o (.text:FlashCtl_clearProgramVerification)
                  00000c18    00000038                              : flash.o (.text:FlashCtl_setProgramVerification)
                  00000c50    00000024                              : cs.o (.text:CS_setDCOCenteredFrequency)
                  00000c74    00000020                              : flash.o (.text:FlashCtl_enableWordProgramming)
                  00000c94    00000018     rtsv7M4_T_le_v4SPD16_eabi.lib : args_main.obj (.text)
                  00000cac    00000014     msp432p4xx_driverlib.lib : sysctl.o (.text:SysCtl_enableSRAMBank)
                  00000cc0    00000014     rtsv7M4_T_le_v4SPD16_eabi.lib : _lock.obj (.text)
                  00000cd4    0000000e                                   : copy_decompress_none.obj (.text:decompress:none)
                  00000ce2    00000002     --HOLE-- [fill = 0]
                  00000ce4    0000000c     msp432p4xx_driverlib.lib : flash.o (.text:FlashCtl_disableWordProgramming)
                  00000cf0    0000000c                              : flash.o (.text:FlashCtl_getInterruptStatus)
                  00000cfc    0000000c                              : sysctl.o (.text:SysCtl_getFlashSize)
                  00000d08    0000000c     lab3_memory_startup_ccs.obj (.text)
                  00000d14    00000006     rtsv7M4_T_le_v4SPD16_eabi.lib : copy_decompress_rle.obj (.text:decompress:rle24)
                  00000d1a    00000004                                   : pre_init.obj (.text)

.cinit     0    00000d20    00000020     
                  00000d20    0000000f     (.cinit..data.load) [load image, compression = rle]
                  00000d2f    00000001     --HOLE-- [fill = 0]
                  00000d30    00000008     (__TI_handler_table)
                  00000d38    00000008     (__TI_cinit_table)

.data      0    20000000    00000014     UNINITIALIZED
                  20000000    00000008     rtsv7M4_T_le_v4SPD16_eabi.lib : _lock.obj (.data)
                  20000008    00000008                                   : exit.obj (.data)
                  20000010    00000004                                   : stkdepth_vars.obj (.data)

.stack     0    20007e00    00000200     UNINITIALIZED
                  20007e00    00000200     --HOLE--

.TI.persistent 
*          0    20000000    00000000     UNINITIALIZED


LINKER GENERATED COPY TABLES

__TI_cinit_table @ 00000d38 records: 1, size/record: 8, table size: 8
	.data: load addr=00000d20, load size=0000000f bytes, run addr=20000000, run size=00000014 bytes, compression=rle


LINKER GENERATED HANDLER TABLE

__TI_handler_table @ 00000d30 records: 2, size/record: 4, table size: 8
	index: 0, handler: __TI_decompress_rle24
	index: 1, handler: __TI_decompress_none


GLOBAL SYMBOLS: SORTED ALPHABETICALLY BY Name 

address   name                             
-------   ----                             
00000b99  C$$EXIT                          
00000c51  CS_setDCOCenteredFrequency       
00000219  EraseFlash                       
00000bdd  FlashCtl_clearProgramVerification
00000ce5  FlashCtl_disableWordProgramming  
00000c75  FlashCtl_enableWordProgramming   
00000cf1  FlashCtl_getInterruptStatus      
000004fd  FlashCtl_performMassErase        
00000991  FlashCtl_programMemory           
00000c19  FlashCtl_setProgramVerification  
000008c1  Init_Port1                       
000008ff  Init_Port2                       
000008b5  Init_Ports                       
00000145  ProgramFlash                     
UNDEFED   SHT$$INIT_ARRAY$$Base            
UNDEFED   SHT$$INIT_ARRAY$$Limit           
00000ab5  SysCtl_disableSRAMBank           
00000cad  SysCtl_enableSRAMBank            
00000cfd  SysCtl_getFlashSize              
00000261  TestSRAMBankEnable               
20008000  __STACK_END                      
00000200  __STACK_SIZE                     
00000d38  __TI_CINIT_Base                  
00000d40  __TI_CINIT_Limit                 
00000d30  __TI_Handler_Table_Base          
00000d38  __TI_Handler_Table_Limit         
00000925  __TI_auto_init                   
20000008  __TI_cleanup_ptr                 
00000cd5  __TI_decompress_none             
00000d15  __TI_decompress_rle24            
2000000c  __TI_dtors_ptr                   
00000000  __TI_static_base__               
00000839  __aeabi_memclr                   
00000839  __aeabi_memclr4                  
00000839  __aeabi_memclr8                  
00000601  __aeabi_memcpy                   
00000601  __aeabi_memcpy4                  
00000601  __aeabi_memcpy8                  
0000083b  __aeabi_memset                   
0000083b  __aeabi_memset4                  
0000083b  __aeabi_memset8                  
ffffffff  __binit__                        
ffffffff  __c_args__                       
20007e00  __stack                          
00000c95  _args_main                       
00000a65  _c_int00                         
20000000  _lock                            
00000ccf  _nop                             
00000cc7  _register_lock                   
00000cc1  _register_unlock                 
00000d1b  _system_pre_init                 
20000004  _unlock                          
00000b9d  abort                            
ffffffff  binit                            
00000b01  copy_in                          
00000b4d  delay_1sec                       
00000b6f  delay_200ms                      
00000ba5  exit                             
00000000  interruptVectors                 
0000069d  main                             
20000010  main_func_sp                     
00000601  memcpy                           
00000841  memset                           


GLOBAL SYMBOLS: SORTED BY Symbol Address 

address   name                             
-------   ----                             
00000000  __TI_static_base__               
00000000  interruptVectors                 
00000145  ProgramFlash                     
00000200  __STACK_SIZE                     
00000219  EraseFlash                       
00000261  TestSRAMBankEnable               
000004fd  FlashCtl_performMassErase        
00000601  __aeabi_memcpy                   
00000601  __aeabi_memcpy4                  
00000601  __aeabi_memcpy8                  
00000601  memcpy                           
0000069d  main                             
00000839  __aeabi_memclr                   
00000839  __aeabi_memclr4                  
00000839  __aeabi_memclr8                  
0000083b  __aeabi_memset                   
0000083b  __aeabi_memset4                  
0000083b  __aeabi_memset8                  
00000841  memset                           
000008b5  Init_Ports                       
000008c1  Init_Port1                       
000008ff  Init_Port2                       
00000925  __TI_auto_init                   
00000991  FlashCtl_programMemory           
00000a65  _c_int00                         
00000ab5  SysCtl_disableSRAMBank           
00000b01  copy_in                          
00000b4d  delay_1sec                       
00000b6f  delay_200ms                      
00000b99  C$$EXIT                          
00000b9d  abort                            
00000ba5  exit                             
00000bdd  FlashCtl_clearProgramVerification
00000c19  FlashCtl_setProgramVerification  
00000c51  CS_setDCOCenteredFrequency       
00000c75  FlashCtl_enableWordProgramming   
00000c95  _args_main                       
00000cad  SysCtl_enableSRAMBank            
00000cc1  _register_unlock                 
00000cc7  _register_lock                   
00000ccf  _nop                             
00000cd5  __TI_decompress_none             
00000ce5  FlashCtl_disableWordProgramming  
00000cf1  FlashCtl_getInterruptStatus      
00000cfd  SysCtl_getFlashSize              
00000d15  __TI_decompress_rle24            
00000d1b  _system_pre_init                 
00000d30  __TI_Handler_Table_Base          
00000d38  __TI_CINIT_Base                  
00000d38  __TI_Handler_Table_Limit         
00000d40  __TI_CINIT_Limit                 
20000000  _lock                            
20000004  _unlock                          
20000008  __TI_cleanup_ptr                 
2000000c  __TI_dtors_ptr                   
20000010  main_func_sp                     
20007e00  __stack                          
20008000  __STACK_END                      
ffffffff  __binit__                        
ffffffff  __c_args__                       
ffffffff  binit                            
UNDEFED   SHT$$INIT_ARRAY$$Base            
UNDEFED   SHT$$INIT_ARRAY$$Limit           

[63 symbols]
