******************************************************************************
                  TI ARM Linker Unix v5.2.6                    
******************************************************************************
>> Linked Wed Mar  2 13:51:45 2016

OUTPUT FILE NAME:   <lab6_platform_porting.out>
ENTRY POINT SYMBOL: "_c_int00"  address: 000008c5


MEMORY CONFIGURATION

         name            origin    length      used     unused   attr    fill
----------------------  --------  ---------  --------  --------  ----  --------
  FLASH                 00000000   00040000  00000c30  0003f3d0  R  X
  INFO_FLASH            00200000   00004000  00000000  00004000  R  X
  SRAM                  20000000   00010000  00000214  0000fdec  RW X


SEGMENT ALLOCATION MAP

run origin  load origin   length   init length attrs members
----------  ----------- ---------- ----------- ----- -------
00000000    00000000    00000c30   00000c30    r-x
  00000000    00000000    00000144   00000144    r-- .intvecs
  00000144    00000144    00000a5c   00000a5c    r-x .text
  00000ba0    00000ba0    00000070   00000070    r-- .const
  00000c10    00000c10    00000020   00000020    r-- .cinit
20000000    20000000    00000014   00000000    rw-
  20000000    20000000    00000014   00000000    rw- .data
2000fe00    2000fe00    00000200   00000000    rw-
  2000fe00    2000fe00    00000200   00000000    rw- .stack


SECTION ALLOCATION MAP

 output                                  attributes/
section   page    origin      length       input sections
--------  ----  ----------  ----------   ----------------
.intvecs   0    00000000    00000144     
                  00000000    00000144     msp432_startup_ccs.obj (.intvecs)

.text      0    00000144    00000a5c     
                  00000144    0000025c     lab6_platform_porting_solution.obj (.text)
                  000003a0    00000154     msp432p4xx_driverlib.lib : adc14.o (.text:_getIndexForMemRegister)
                  000004f4    000000d4                              : pcm.o (.text:PCM_setPowerModeWithTimeout)
                  000005c8    000000a8                              : pcm.o (.text:PCM_setCoreVoltageLevelWithTimeout)
                  00000670    0000009c     rtsv7M4_T_le_v4SPD16_eabi.lib : memcpy_t2.obj (.text)
                  0000070c    0000007a                                   : memset_t2.obj (.text)
                  00000786    00000002     --HOLE-- [fill = 0]
                  00000788    0000006c                                   : autoinit.obj (.text)
                  000007f4    0000006a                                   : copy_decompress_rle.obj (.text)
                  0000085e    00000002     --HOLE-- [fill = 0]
                  00000860    00000064     msp432p4xx_driverlib.lib : interrupt.o (.text:Interrupt_enableInterrupt)
                  000008c4    00000050     rtsv7M4_T_le_v4SPD16_eabi.lib : boot.obj (.text)
                  00000914    0000004c     msp432p4xx_driverlib.lib : gpio.o (.text:GPIO_setAsPeripheralModuleFunctionInputPin)
                  00000960    0000004c     rtsv7M4_T_le_v4SPD16_eabi.lib : cpy_tbl.obj (.text)
                  000009ac    00000044     msp432p4xx_driverlib.lib : adc14.o (.text:ADC14_configureSingleSampleMode)
                  000009f0    00000044     rtsv7M4_T_le_v4SPD16_eabi.lib : exit.obj (.text)
                  00000a34    0000002c     msp432p4xx_driverlib.lib : pcm.o (.text:PCM_getCoreVoltageLevel)
                  00000a60    0000002a                              : pcm.o (.text:PCM_getPowerMode)
                  00000a8a    00000002     --HOLE-- [fill = 0]
                  00000a8c    00000028                              : flash.o (.text:FlashCtl_setWaitState)
                  00000ab4    00000024                              : cs.o (.text:CS_setDCOCenteredFrequency)
                  00000ad8    00000020                              : adc14.o (.text:ADC14_clearInterruptFlag)
                  00000af8    00000018     rtsv7M4_T_le_v4SPD16_eabi.lib : args_main.obj (.text)
                  00000b10    00000014     msp432p4xx_driverlib.lib : adc14.o (.text:ADCIsConversionRunning)
                  00000b24    00000014                              : interrupt.o (.text:Interrupt_disableSleepOnIsrExit)
                  00000b38    00000014                              : sysctl.o (.text:SysCtl_enableSRAMBankRetention)
                  00000b4c    00000014     rtsv7M4_T_le_v4SPD16_eabi.lib : _lock.obj (.text)
                  00000b60    00000010     msp432p4xx_driverlib.lib : pcm.o (.text:PCM_getPowerState)
                  00000b70    0000000e     rtsv7M4_T_le_v4SPD16_eabi.lib : copy_decompress_none.obj (.text:decompress:none)
                  00000b7e    0000000c     msp432_startup_ccs.obj (.text)
                  00000b8a    00000006     msp432p4xx_driverlib.lib : pcm.o (.text:PCM_setCoreVoltageLevel)
                  00000b90    00000006                              : pcm.o (.text:PCM_setPowerMode)
                  00000b96    00000006     rtsv7M4_T_le_v4SPD16_eabi.lib : copy_decompress_rle.obj (.text:decompress:rle24)
                  00000b9c    00000004                                   : pre_init.obj (.text)

.const     0    00000ba0    00000070     
                  00000ba0    00000040     msp432p4xx_driverlib.lib : interrupt.o (.const)
                  00000be0    00000030                              : gpio.o (.const:GPIO_PORT_TO_BASE)

.cinit     0    00000c10    00000020     
                  00000c10    0000000f     (.cinit..data.load) [load image, compression = rle]
                  00000c1f    00000001     --HOLE-- [fill = 0]
                  00000c20    00000008     (__TI_handler_table)
                  00000c28    00000008     (__TI_cinit_table)

.data      0    20000000    00000014     UNINITIALIZED
                  20000000    00000008     rtsv7M4_T_le_v4SPD16_eabi.lib : _lock.obj (.data)
                  20000008    00000008                                   : exit.obj (.data)
                  20000010    00000004                                   : stkdepth_vars.obj (.data)

.stack     0    2000fe00    00000200     UNINITIALIZED
                  2000fe00    00000200     --HOLE--

.TI.persistent 
*          0    20000000    00000000     UNINITIALIZED


LINKER GENERATED COPY TABLES

__TI_cinit_table @ 00000c28 records: 1, size/record: 8, table size: 8
	.data: load addr=00000c10, load size=0000000f bytes, run addr=20000000, run size=00000014 bytes, compression=rle


LINKER GENERATED HANDLER TABLE

__TI_handler_table @ 00000c20 records: 2, size/record: 4, table size: 8
	index: 0, handler: __TI_decompress_rle24
	index: 1, handler: __TI_decompress_none


GLOBAL SYMBOLS: SORTED ALPHABETICALLY BY Name 

address   name                                      
-------   ----                                      
00000ad9  ADC14_clearInterruptFlag                  
000009ad  ADC14_configureSingleSampleMode           
000009f1  C$$EXIT                                   
00000ab5  CS_setDCOCenteredFrequency                
00000a8d  FlashCtl_setWaitState                     
00000915  GPIO_setAsPeripheralModuleFunctionInputPin
00000b25  Interrupt_disableSleepOnIsrExit           
00000861  Interrupt_enableInterrupt                 
00000a35  PCM_getCoreVoltageLevel                   
00000a61  PCM_getPowerMode                          
00000b61  PCM_getPowerState                         
00000b8b  PCM_setCoreVoltageLevel                   
000005c9  PCM_setCoreVoltageLevelWithTimeout        
00000b91  PCM_setPowerMode                          
000004f5  PCM_setPowerModeWithTimeout               
UNDEFED   SHT$$INIT_ARRAY$$Base                     
UNDEFED   SHT$$INIT_ARRAY$$Limit                    
00000149  Step3InitializeCoreSystem                 
00000171  Step4ConfigureTimerAUsingRegisterAccess   
000001c5  Step5ConfigureRtcUsingRegisterAccess      
000001f5  Step6ConfigureADC14UsingDriverLib         
00000b39  SysCtl_enableSRAMBankRetention            
20010000  __STACK_END                               
00000200  __STACK_SIZE                              
00000c28  __TI_CINIT_Base                           
00000c30  __TI_CINIT_Limit                          
00000c20  __TI_Handler_Table_Base                   
00000c28  __TI_Handler_Table_Limit                  
00000789  __TI_auto_init                            
20000008  __TI_cleanup_ptr                          
00000b71  __TI_decompress_none                      
00000b97  __TI_decompress_rle24                     
2000000c  __TI_dtors_ptr                            
00000000  __TI_static_base__                        
0000070d  __aeabi_memclr                            
0000070d  __aeabi_memclr4                           
0000070d  __aeabi_memclr8                           
00000671  __aeabi_memcpy                            
00000671  __aeabi_memcpy4                           
00000671  __aeabi_memcpy8                           
0000070f  __aeabi_memset                            
0000070f  __aeabi_memset4                           
0000070f  __aeabi_memset8                           
ffffffff  __binit__                                 
ffffffff  __c_args__                                
2000fe00  __stack                                   
00000af9  _args_main                                
000008c5  _c_int00                                  
20000000  _lock                                     
00000b5b  _nop                                      
00000b53  _register_lock                            
00000b4d  _register_unlock                          
00000b9d  _system_pre_init                          
20000004  _unlock                                   
000009f5  abort                                     
0000030f  adc14IsrHandler                           
ffffffff  binit                                     
00000961  copy_in                                   
000009fd  exit                                      
00000000  interruptVectors                          
0000028f  main                                      
20000010  main_func_sp                              
00000671  memcpy                                    
00000715  memset                                    
0000031f  rtcIsrHandler                             


GLOBAL SYMBOLS: SORTED BY Symbol Address 

address   name                                      
-------   ----                                      
00000000  __TI_static_base__                        
00000000  interruptVectors                          
00000149  Step3InitializeCoreSystem                 
00000171  Step4ConfigureTimerAUsingRegisterAccess   
000001c5  Step5ConfigureRtcUsingRegisterAccess      
000001f5  Step6ConfigureADC14UsingDriverLib         
00000200  __STACK_SIZE                              
0000028f  main                                      
0000030f  adc14IsrHandler                           
0000031f  rtcIsrHandler                             
000004f5  PCM_setPowerModeWithTimeout               
000005c9  PCM_setCoreVoltageLevelWithTimeout        
00000671  __aeabi_memcpy                            
00000671  __aeabi_memcpy4                           
00000671  __aeabi_memcpy8                           
00000671  memcpy                                    
0000070d  __aeabi_memclr                            
0000070d  __aeabi_memclr4                           
0000070d  __aeabi_memclr8                           
0000070f  __aeabi_memset                            
0000070f  __aeabi_memset4                           
0000070f  __aeabi_memset8                           
00000715  memset                                    
00000789  __TI_auto_init                            
00000861  Interrupt_enableInterrupt                 
000008c5  _c_int00                                  
00000915  GPIO_setAsPeripheralModuleFunctionInputPin
00000961  copy_in                                   
000009ad  ADC14_configureSingleSampleMode           
000009f1  C$$EXIT                                   
000009f5  abort                                     
000009fd  exit                                      
00000a35  PCM_getCoreVoltageLevel                   
00000a61  PCM_getPowerMode                          
00000a8d  FlashCtl_setWaitState                     
00000ab5  CS_setDCOCenteredFrequency                
00000ad9  ADC14_clearInterruptFlag                  
00000af9  _args_main                                
00000b25  Interrupt_disableSleepOnIsrExit           
00000b39  SysCtl_enableSRAMBankRetention            
00000b4d  _register_unlock                          
00000b53  _register_lock                            
00000b5b  _nop                                      
00000b61  PCM_getPowerState                         
00000b71  __TI_decompress_none                      
00000b8b  PCM_setCoreVoltageLevel                   
00000b91  PCM_setPowerMode                          
00000b97  __TI_decompress_rle24                     
00000b9d  _system_pre_init                          
00000c20  __TI_Handler_Table_Base                   
00000c28  __TI_CINIT_Base                           
00000c28  __TI_Handler_Table_Limit                  
00000c30  __TI_CINIT_Limit                          
20000000  _lock                                     
20000004  _unlock                                   
20000008  __TI_cleanup_ptr                          
2000000c  __TI_dtors_ptr                            
20000010  main_func_sp                              
2000fe00  __stack                                   
20010000  __STACK_END                               
ffffffff  __binit__                                 
ffffffff  __c_args__                                
ffffffff  binit                                     
UNDEFED   SHT$$INIT_ARRAY$$Base                     
UNDEFED   SHT$$INIT_ARRAY$$Limit                    

[65 symbols]
