******************************************************************************
                  TI ARM Linker Unix v5.2.6                    
******************************************************************************
>> Linked Fri Apr  8 00:04:46 2016

OUTPUT FILE NAME:   <uartecho_MSP_EXP432P401R_TI_MSP432P401R.out>
ENTRY POINT SYMBOL: "_c_int00"  address: 00005b75


MEMORY CONFIGURATION

         name            origin    length      used     unused   attr    fill
----------------------  --------  ---------  --------  --------  ----  --------
  MAIN                  00000000   00040000  0000ae7e  00035182  R  X
  INFO                  00200000   00004000  00000000  00004000  R  X
  SRAM_CODE             01000000   00010000  00000000  00010000  RW X
  SRAM_DATA             20000000   00010000  000021bd  0000de43  RW  


SEGMENT ALLOCATION MAP

run origin  load origin   length   init length attrs members
----------  ----------- ---------- ----------- ----- -------
00000000    00000000    0000ae88   0000ae88    r-x
  00000000    00000000    0000003c   0000003c    r-- .resetVecs
  00000040    00000040    00008112   00008112    r-x .text
  00008154    00008154    00002808   00002808    r-- .const
  0000a960    0000a960    00000528   00000528    r-- .cinit
20000000    20000000    00000140   00000000    rw-
  20000000    20000000    00000140   00000000    rw- .vecs
20000180    20000180    00001d7d   00000000    rw-
  20000180    20000180    00001630   00000000    rw- .bss
  200017b0    200017b0    0000074d   00000000    rw- .data
2000fd00    2000fd00    00000300   00000000    rw-
  2000fd00    2000fd00    00000300   00000000    rw- .stack


SECTION ALLOCATION MAP

 output                                  attributes/
section   page    origin      length       input sections
--------  ----  ----------  ----------   ----------------
.text      0    00000040    00008112     
                  00000040    00000430     sysbios.aem4f : BIOS.obj (.text:ti_sysbios_family_arm_m3_Hwi_excDumpRegs__I)
                  00000470    0000034c     ti.targets.arm.rtsarm.aem4f : System.oem4f (.text:xdc_runtime_System_doPrint__I)
                  000007bc    000002d4     rtsv7M4_T_le_v4SPD16_eabi.lib : trgdrv.obj (.text)
                  00000a90    000002cc     sysbios.aem4f : BIOS.obj (.text:ti_sysbios_knl_Semaphore_pend__E)
                  00000d5c    00000260     drivers_MSP432P401R.aem4f : UARTMSP432.oem4f (.text:UARTMSP432_open)
                  00000fbc    00000004     msp432p4xx_driverlib.lib : cpu.o (.text:CPU_wfi)
                  00000fc0    00000254     sysbios.aem4f : BIOS.obj (.text:ti_sysbios_heaps_HeapMem_free__E)
                  00001214    00000004     tirtosport.aem4f : HwiP_tirtos.oem4f (.text:HwiP_disable)
                  00001218    00000248     sysbios.aem4f : BIOS.obj (.text:ti_sysbios_heaps_HeapMem_alloc__E)
                  00001460    0000022c                   : BIOS.obj (.text:ti_sysbios_knl_Task_Instance_finalize__E)
                  0000168c    00000004     drivers_MSP432P401R.aem4f : List.oem4f (.text:List_head)
                  00001690    000001fc     sysbios.aem4f : BIOS.obj (.text:ti_sysbios_family_arm_m3_Hwi_excHandlerMax__I)
                  0000188c    00000004     drivers_MSP432P401R.aem4f : List.oem4f (.text:List_next)
                  00001890    000001c8     sysbios.aem4f : BIOS.obj (.text:ti_sysbios_knl_Task_Instance_init__E)
                  00001a58    000001a0     msp432p4xx_driverlib.lib : pcm.o (.text:__PCM_setPowerStateAdvanced)
                  00001bf8    00000174     sysbios.aem4f : BIOS.obj (.text:ti_sysbios_family_arm_m3_Hwi_excBusFault__I)
                  00001d6c    00000004     drivers_MSP432P401R.aem4f : PowerMSP432.oem4f (.text:PowerMSP432_getNumPerfLevels)
                  00001d70    00000164     sysbios.aem4f : BIOS.obj (.text:ti_sysbios_family_arm_m3_Hwi_excUsageFault__I)
                  00001ed4    00000004     uartecho_pem4f.oem4f (.text:ti_sysbios_BIOS_RtsGateProxy_enter__E)
                  00001ed8    00000148     sysbios.aem4f : BIOS.obj (.text:ti_sysbios_family_arm_m3_Hwi_excMemFault__I)
                  00002020    00000144                   : BIOS.obj (.text:ti_sysbios_family_arm_m3_Hwi_dispatchC__I)
                  00002164    00000140     drivers_MSP432P401R.aem4f : GPIOMSP432.oem4f (.text:GPIO_setConfig)
                  000022a4    00000004     uartecho_pem4f.oem4f (.text:ti_sysbios_BIOS_RtsGateProxy_leave__E)
                  000022a8    00000140     sysbios.aem4f : BIOS.obj (.text:ti_sysbios_knl_Semaphore_post__E)
                  000023e8    0000013c                   : BIOS.obj (.text:ti_sysbios_heaps_HeapMem_Instance_init__E)
                  00002524    00000138     uartecho_pem4f.oem4f (.text:ti_uia_loggers_LoggerStopMode_writeMemoryRange__E)
                  0000265c    00000004     uartecho_pem4f.oem4f (.text:ti_sysbios_family_arm_m3_Hwi_destruct)
                  00002660    00000134     sysbios.aem4f : BIOS.obj (.text:ti_sysbios_knl_Clock_workFunc__E)
                  00002794    0000012c     uartecho.obj (.text:main)
                  000028c0    0000011c     sysbios.aem4f : BIOS.obj (.text:ti_sysbios_knl_Clock_Instance_init__E)
                  000029dc    00000004     uartecho_pem4f.oem4f (.text:ti_sysbios_family_arm_m3_TaskSupport_Module__startupDone__S)
                  000029e0    0000011c     sysbios.aem4f : BIOS.obj (.text:ti_sysbios_knl_Swi_run__I)
                  00002afc    00000118     ti.targets.arm.rtsarm.aem4f : Error.oem4f (.text:xdc_runtime_Error_policyDefault__E)
                  00002c14    0000010c     uartecho_pem4f.oem4f (.text:ti_uia_loggers_LoggerStopMode_write8__E)
                  00002d20    00000100     ti.targets.arm.rtsarm.aem4f : Core-mem.oem4f (.text:xdc_runtime_Core_createObject__I)
                  00002e20    000000f8                                 : Startup.oem4f (.text:xdc_runtime_Startup_startMods__I)
                  00002f18    000000f8     uartecho_pem4f.oem4f (.text:xdc_runtime_System_printfExtend__I)
                  00003010    000000f4     drivers_MSP432P401R.aem4f : PowerMSP432.oem4f (.text:Power_sleep)
                  00003104    000000f4     sysbios.aem4f : m3_Hwi_asm.obj (.text:ti_sysbios_family_arm_m3_Hwi_dispatch__I)
                  000031f8    000000f4     uartecho_pem4f.oem4f (.text:ti_uia_loggers_LoggerStopMode_write4__E)
                  000032ec    000000f0     drivers_MSP432P401R.aem4f : PowerMSP432.oem4f (.text:initPerfControl)
                  000033dc    000000e8     uartecho_pem4f.oem4f (.text:ti_uia_loggers_LoggerStopMode_write2__E)
                  000034c4    000000e4     uartecho_pem4f.oem4f (.text:ti_uia_loggers_LoggerStopMode_write1__E)
                  000035a8    000000e0     msp432p4xx_driverlib.lib : cs.o (.text:CS_initClockSignal)
                  00003688    000000dc                              : pcm.o (.text:__PCM_setPowerModeAdvanced)
                  00003764    000000d8     uartecho_pem4f.oem4f (.text:ti_uia_loggers_LoggerStopMode_write0__E)
                  0000383c    00000004     uartecho_pem4f.oem4f (.text:ti_sysbios_heaps_HeapMem_Module_GateProxy_enter__E)
                  00003840    000000cc     sysbios.aem4f : BIOS.obj (.text:ti_sysbios_knl_Task_schedule__I)
                  0000390c    000000cc     ti.targets.arm.rtsarm.aem4f : Core-smem.oem4f (.text:xdc_runtime_Core_constructObject__I)
                  000039d8    000000bc     sysbios.aem4f : BIOS.obj (.text:ti_sysbios_family_arm_m3_Hwi_excDebugMon__I)
                  00003a94    00000004     uartecho_pem4f.oem4f (.text:ti_sysbios_heaps_HeapMem_Module_GateProxy_leave__E)
                  00003a98    000000bc     sysbios.aem4f : BIOS.obj (.text:ti_sysbios_family_arm_m3_Hwi_excHardFault__I)
                  00003b54    00000004     uartecho_pem4f.oem4f (.text:ti_sysbios_knl_Clock_TimerProxy_getMaxTicks__E)
                  00003b58    000000bc     sysbios.aem4f : BIOS.obj (.text:ti_sysbios_knl_Task_startCore__E)
                  00003c14    00000004     uartecho_pem4f.oem4f (.text:ti_sysbios_knl_Clock_destruct)
                  00003c18    000000bc     sysbios.aem4f : BIOS.obj (.text:ti_sysbios_utils_Load_updateLoads__E)
                  00003cd4    00000004     uartecho_pem4f.oem4f (.text:ti_sysbios_knl_Queue_destruct)
                  00003cd8    000000b4     sysbios.aem4f : BIOS.obj (.text:ti_sysbios_gates_GateMutex_enter__E)
                  00003d8c    00000004     uartecho_pem4f.oem4f (.text:ti_sysbios_knl_Semaphore_destruct)
                  00003d90    000000b4     sysbios.aem4f : BIOS.obj (.text:ti_sysbios_knl_Task_checkStacks__E)
                  00003e44    000000b0     drivers_MSP432P401R.aem4f : UARTMSP432.oem4f (.text:UARTMSP432_readPolling)
                  00003ef4    000000b0     msp432p4xx_driverlib.lib : pcm.o (.text:__PCM_setCoreVoltageLevelAdvanced)
                  00003fa4    00000004     ti.uia.loggers.aem4f : LoggerStopMode.oem4f (.text:ti_uia_loggers_LoggerStopMode_getContents__E)
                  00003fa8    000000b0     sysbios.aem4f : BIOS.obj (.text:ti_sysbios_utils_Load_idleFxn__E)
                  00004058    000000ac                   : BIOS.obj (.text:ti_sysbios_knl_Swi_post__E)
                  00004104    00000004     uartecho_pem4f.oem4f (.text:ti_uia_loggers_LoggerStopMode_getFilterLevel__E)
                  00004108    000000a8     sysbios.aem4f : BIOS.obj (.text:ti_sysbios_family_arm_msp432_Timer_periodicStub__E)
                  000041b0    000000a8                   : BIOS.obj (.text:ti_sysbios_knl_Task_blockI__E)
                  00004258    000000a8                   : BIOS.obj (.text:ti_sysbios_knl_Task_postInit__I)
                  00004300    000000a4     drivers_MSP432P401R.aem4f : UARTMSP432.oem4f (.text:UARTMSP432_control)
                  000043a4    00000004     ti.uia.loggers.aem4f : LoggerStopMode.oem4f (.text:ti_uia_loggers_LoggerStopMode_getInstanceId__E)
                  000043a8    000000a4     sysbios.aem4f : BIOS.obj (.text:ti_sysbios_knl_Clock_Instance_finalize__E)
                  0000444c    000000a0     auto_init.aem4f : auto_init.oem4f (.text)
                  000044ec    000000a0     ti.targets.arm.rtsarm.aem4f : Text.oem4f (.text:xdc_runtime_Text_putMod__E)
                  0000458c    0000009c     drivers_MSP432P401R.aem4f : UARTMSP432.oem4f (.text:readTaskBlocking)
                  00004628    0000009c     rtsv7M4_T_le_v4SPD16_eabi.lib : memcpy_t2.obj (.text)
                  000046c4    00000004     ti.uia.loggers.aem4f : LoggerStopMode.oem4f (.text:ti_uia_loggers_LoggerStopMode_getMaxLength__E)
                  000046c8    0000009c     sysbios.aem4f : BIOS.obj (.text:ti_sysbios_knl_Semaphore_Instance_init__E)
                  00004764    0000009a     ti.targets.arm.rtsarm.aem4f : Text.oem4f (.text:xdc_runtime_Text_putSite__E)
                  000047fe    00000002     power_tirtos_MSP432P401R.aem4f : PowerMSP432_tirtos.oem4f (.text:PowerMSP432_initPolicy)
                  00004800    00000094     msp432p4xx_driverlib.lib : uart.o (.text:UART_initModule)
                  00004894    00000004     ti.uia.loggers.aem4f : LoggerStopMode.oem4f (.text:ti_uia_loggers_LoggerStopMode_getPriority__E)
                  00004898    00000094     sysbios.aem4f : BIOS.obj (.text:ti_sysbios_family_arm_m3_Hwi_Instance_init__E)
                  0000492c    00000004     ti.uia.loggers.aem4f : LoggerStopMode.oem4f (.text:ti_uia_loggers_LoggerStopMode_getTransferType__E)
                  00004930    00000094     sysbios.aem4f : BIOS.obj (.text:ti_sysbios_family_arm_m3_Hwi_initNVIC__E)
                  000049c4    00000004     ti.targets.arm.rtsarm.aem4f : Error.oem4f (.text:xdc_runtime_Error_getSite__E)
                  000049c8    00000094     sysbios.aem4f : BIOS.obj (.text:ti_sysbios_knl_Task_exit__E)
                  00004a5c    00000004     uartecho_pem4f.oem4f (.text:xdc_runtime_System_Module_GateProxy_enter__E)
                  00004a60    00000090     sysbios.aem4f : BIOS.obj (.text:ti_sysbios_knl_Task_unblockI__E)
                  00004af0    00000090     ti.uia.loggers.aem4f : LoggerStopMode.oem4f (.text:ti_uia_loggers_LoggerStopMode_initQueueDescriptor__E)
                  00004b80    0000008c     sysbios.aem4f : m3_TaskSupport_asm.obj (.text:ti_sysbios_family_arm_m3_TaskSupport_buildTaskStack)
                  00004c0c    0000008a     drivers_MSP432P401R.aem4f : UARTMSP432.oem4f (.text:UARTMSP432_close)
                  00004c96    00000002     rtsv7M4_T_le_v4SPD16_eabi.lib : i_div0.obj (.text)
                  00004c98    00000088     uartecho.obj (.text:echoFxn)
                  00004d20    00000088     sysbios.aem4f : BIOS.obj (.text:ti_sysbios_family_arm_msp432_Timer_Module_startup__E)
                  00004da8    00000084     drivers_MSP432P401R.aem4f : UARTMSP432.oem4f (.text:initHw)
                  00004e2c    00000004     uartecho_pem4f.oem4f (.text:xdc_runtime_System_Module_GateProxy_leave__E)
                  00004e30    00000084     sysbios.aem4f : BIOS.obj (.text:ti_sysbios_family_arm_m3_Hwi_postInit__I)
                  00004eb4    00000084     drivers_MSP432P401R.aem4f : UARTMSP432.oem4f (.text:writeData)
                  00004f38    00000082                               : UARTMSP432.oem4f (.text:readIsrTextCallback)
                  00004fba    00000006     msp432p4xx_driverlib.lib : uart.o (.text:UART_getInterruptStatus)
                  00004fc0    00000080     sysbios.aem4f : BIOS.obj (.text:ti_sysbios_family_arm_msp432_Timer_startup__E)
                  00005040    0000007c     msp432p4xx_driverlib.lib : pcm.o (.text:PCM_gotoLPM3)
                  000050bc    00000004     ti.targets.arm.rtsarm.aem4f : System.oem4f (.text:xdc_runtime_System_aprintf_va__F)
                  000050c0    0000007c     sysbios.aem4f : BIOS.obj (.text:ti_sysbios_family_arm_m3_TimestampProvider_get64__E)
                  0000513c    0000007a     drivers_MSP432P401R.aem4f : UARTMSP432.oem4f (.text:UARTMSP432_write)
                  000051b6    0000007a                               : UARTMSP432.oem4f (.text:readTaskCallback)
                  00005230    0000007a     rtsv7M4_T_le_v4SPD16_eabi.lib : memset_t2.obj (.text)
                  000052aa    00000074     drivers_MSP432P401R.aem4f : UARTMSP432.oem4f (.text:readIsrTextBlocking)
                  0000531e    00000002     uartecho_pem4f.oem4f (.text:ti_sysbios_BIOS_nullFunc__I)
                  00005320    00000074     sysbios.aem4f : BIOS.obj (.text:ti_sysbios_knl_Clock_start__E)
                  00005394    00000074     ti.uia.runtime.aem4f : QueueDescriptor.oem4f (.text:ti_uia_runtime_QueueDescriptor_addToList__E)
                  00005408    0000006d     ti.targets.arm.rtsarm.aem4f : System.oem4f (.text:xdc_runtime_System_formatNum__I)
                  00005475    00000001     --HOLE-- [fill = 0]
                  00005476    00000002     uartecho_pem4f.oem4f (.text:ti_uia_loggers_LoggerStopMode_setFilterLevel__E)
                  00005478    0000006c     sysbios.aem4f : BIOS.obj (.text:ti_sysbios_knl_Swi_restoreHwi__E)
                  000054e4    0000006c     ti.targets.arm.rtsarm.aem4f : Error.oem4f (.text:xdc_runtime_Error_print__E)
                  00005550    0000006c                                 : Memory.oem4f (.text:xdc_runtime_Memory_alloc__E)
                  000055bc    0000006a     rtsv7M4_T_le_v4SPD16_eabi.lib : copy_decompress_rle.obj (.text)
                  00005626    00000002     ti.uia.loggers.aem4f : LoggerStopMode.oem4f (.text:ti_uia_loggers_LoggerStopMode_setPriority__E)
                  00005628    00000068     rtsv7M4_T_le_v4SPD16_eabi.lib : trgmsg.obj (.text)
                  00005690    00000066     ti.uia.loggers.aem4f : LoggerStopMode.oem4f (.text:ti_uia_loggers_LoggerStopMode_flush__E)
                  000056f6    00000066     ti.targets.arm.rtsarm.aem4f : Core-mem.oem4f (.text:xdc_runtime_Core_deleteObject__I)
                  0000575c    00000064     drivers_MSP432P401R.aem4f : UARTMSP432.oem4f (.text:UARTMSP432_writePolling)
                  000057c0    00000062     tirtosport.aem4f : HwiP_tirtos.oem4f (.text:HwiP_create)
                  00005822    00000006     msp432p4xx_driverlib.lib : uart.o (.text:UART_queryStatusFlags)
                  00005828    00000060     sysbios.aem4f : BIOS.obj (.text:ti_sysbios_family_arm_m3_TimestampProvider_get32__E)
                  00005888    00000060                   : BIOS.obj (.text:ti_sysbios_knl_Clock_logTick__E)
                  000058e8    00000060                   : BIOS.obj (.text:ti_sysbios_utils_Load_logCPULoad__I)
                  00005948    0000005c     drivers_MSP432P401R.aem4f : GPIOMSP432.oem4f (.text:GPIO_init)
                  000059a4    00000004     ti.targets.arm.rtsarm.aem4f : System.oem4f (.text:xdc_runtime_System_printf_va__F)
                  000059a8    0000005c     sysbios.aem4f : BIOS.obj (.text:ti_sysbios_knl_Swi_schedule__I)
                  00005a04    00000004     --HOLE-- [fill = 0]
                  00005a08    0000005c                   : BIOS.obj (.text:ti_sysbios_knl_Task_Module_startup__E)
                  00005a64    0000005b     ti.targets.arm.rtsarm.aem4f : Text.oem4f (.text:xdc_runtime_Text_putLab__E)
                  00005abf    00000001     --HOLE-- [fill = 0]
                  00005ac0    0000005a     tirtosport.aem4f : ClockP_tirtos.oem4f (.text:ClockP_create)
                  00005b1a    00000058                      : SemaphoreP_tirtos.oem4f (.text:SemaphoreP_create)
                  00005b72    00000002     --HOLE-- [fill = 0]
                  00005b74    00000058     boot.aem4f : boot.oem4f (.text)
                  00005bcc    00000058     uartecho_pem4f.oem4f (.text:ti_sysbios_family_arm_m3_Hwi_construct)
                  00005c24    00000058     sysbios.aem4f : m3_Hwi_asm_switch.obj (.text:ti_sysbios_family_arm_m3_Hwi_initStacks__E)
                  00005c7c    00000004     --HOLE-- [fill = 0]
                  00005c80    00000058                   : BIOS.obj (.text:ti_sysbios_family_arm_m3_Timer_setPeriod__E)
                  00005cd8    00000054     drivers_MSP432P401R.aem4f : GPIOMSP432.oem4f (.text:GPIO_hwiIntFxn)
                  00005d2c    00000054                               : GPIOMSP432.oem4f (.text:GPIO_setCallback)
                  00005d80    00000054     sysbios.aem4f : BIOS.obj (.text:ti_sysbios_family_arm_m3_Timer_start__E)
                  00005dd4    00000004     --HOLE-- [fill = 0]
                  00005dd8    00000054                   : BIOS.obj (.text:ti_sysbios_family_arm_msp432_Timer_initDevice__I)
                  00005e2c    00000004     --HOLE-- [fill = 0]
                  00005e30    00000054                   : BIOS.obj (.text:ti_sysbios_family_arm_msp432_init_Boot_configureClocksHigh)
                  00005e84    00000054     uartecho_pem4f.oem4f (.text:ti_sysbios_knl_Task_construct)
                  00005ed8    00000054     ti.targets.arm.rtsarm.aem4f : Assert.oem4f (.text:xdc_runtime_Assert_raise__I)
                  00005f2c    00000052     drivers_MSP432P401R.aem4f : UARTMSP432.oem4f (.text:UARTMSP432_writeCancel)
                  00005f7e    00000002     --HOLE-- [fill = 0]
                  00005f80    00000050                               : GPIOMSP432.oem4f (.text:GPIO_write)
                  00005fd0    00000050     msp432p4xx_driverlib.lib : pcm.o (.text:PCM_shutdownDevice)
                  00006020    00000050     power_tirtos_MSP432P401R.aem4f : PowerMSP432_tirtos.oem4f (.text:PowerMSP432_sleepPolicy)
                  00006070    00000050     sysbios.aem4f : BIOS.obj (.text:ti_sysbios_family_arm_m3_Hwi_Module_startup__E)
                  000060c0    00000050     ti.targets.arm.rtsarm.aem4f : Startup.oem4f (.text:xdc_runtime_Startup_exec__E)
                  00006110    00000050                                 : Text.oem4f (.text:xdc_runtime_Text_visitRope2__I)
                  00006160    0000004c     rtsv7M4_T_le_v4SPD16_eabi.lib : cpy_tbl.obj (.text)
                  000061ac    00000004     --HOLE-- [fill = 0]
                  000061b0    0000004c     sysbios.aem4f : BIOS.obj (.text:ti_sysbios_heaps_HeapMem_getStats__E)
                  000061fc    00000004     --HOLE-- [fill = 0]
                  00006200    0000004c                   : BIOS.obj (.text:ti_sysbios_knl_Swi_runLoop__I)
                  0000624c    00000004     --HOLE-- [fill = 0]
                  00006250    0000004c                   : BIOS.obj (.text:ti_sysbios_knl_Task_allBlockedFunction__I)
                  0000629c    0000004c     ti.uia.loggers.aem4f : LoggerStopMode.oem4f (.text:ti_uia_loggers_LoggerStopMode_Module_startup__E)
                  000062e8    00000048     msp432p4xx_driverlib.lib : gpio.o (.text:GPIO_setAsPeripheralModuleFunctionInputPin)
                  00006330    00000048     sysbios.aem4f : BIOS.obj (.text:ti_sysbios_family_arm_m3_Hwi_disableInterrupt__E)
                  00006378    00000048                   : BIOS.obj (.text:ti_sysbios_family_arm_m3_Hwi_enableInterrupt__E)
                  000063c0    00000048                   : BIOS.obj (.text:ti_sysbios_family_arm_m3_Hwi_excReserved__I)
                  00006408    00000048                   : BIOS.obj (.text:ti_sysbios_family_arm_m3_Timer_initDevice__I)
                  00006450    00000046     drivers_MSP432P401R.aem4f : RingBuf.oem4f (.text:RingBuf_put)
                  00006496    00000046                               : UARTMSP432.oem4f (.text:readIsrBinaryBlocking)
                  000064dc    00000046     ti.targets.arm.rtsarm.aem4f : Core-params.oem4f (.text:xdc_runtime_Core_assignParams__I)
                  00006522    00000002     --HOLE-- [fill = 0]
                  00006524    00000044     rtsv7M4_T_le_v4SPD16_eabi.lib : exit.obj (.text)
                  00006568    00000044     sysbios.aem4f : BIOS.obj (.text:ti_sysbios_family_arm_m3_Hwi_getStackInfo__E)
                  000065ac    00000044     ti.uia.loggers.aem4f : LoggerStopMode.oem4f (.text:ti_uia_loggers_LoggerStopMode_initBuffer__I)
                  000065f0    00000044     ti.targets.arm.rtsarm.aem4f : Error.oem4f (.text:xdc_runtime_Error_setX__E)
                  00006634    00000044                                 : SysMin.oem4f (.text:xdc_runtime_SysMin_flush__E)
                  00006678    00000044                                 : Text.oem4f (.text:xdc_runtime_Text_xprintf__I)
                  000066bc    00000042     drivers_MSP432P401R.aem4f : UARTMSP432.oem4f (.text:UARTMSP432_hwiIntFxn)
                  000066fe    00000002     --HOLE-- [fill = 0]
                  00006700    00000040     msp432p4xx_driverlib.lib : flash.o (.text:FlashCtl_disableReadBuffering)
                  00006740    00000040     drivers_MSP432P401R.aem4f : RingBuf.oem4f (.text:RingBuf_get)
                  00006780    00000040                               : UARTMSP432.oem4f (.text:UARTMSP432_read)
                  000067c0    00000040                               : PowerMSP432.oem4f (.text:notify)
                  00006800    00000040     rtsv7M4_T_le_v4SPD16_eabi.lib : u_divt2.obj (.text)
                  00006840    00000040     sysbios.aem4f : BIOS.obj (.text:ti_sysbios_family_arm_m3_Timer_Module_startup__E)
                  00006880    0000003c     drivers_MSP432P401R.aem4f : PowerMSP432.oem4f (.text:Power_init)
                  000068bc    00000004     --HOLE-- [fill = 0]
                  000068c0    0000003c     sysbios.aem4f : BIOS.obj (.text:ti_sysbios_family_arm_m3_Hwi_excSvCall__I)
                  000068fc    00000004     --HOLE-- [fill = 0]
                  00006900    0000003c                   : BIOS.obj (.text:ti_sysbios_heaps_HeapMem_init__I)
                  0000693c    00000004     --HOLE-- [fill = 0]
                  00006940    0000003c                   : BIOS.obj (.text:ti_sysbios_knl_Swi_restore__E)
                  0000697c    0000003a     drivers_MSP432P401R.aem4f : UARTMSP432.oem4f (.text:readIsrBinaryCallback)
                  000069b6    00000002     --HOLE-- [fill = 0]
                  000069b8    00000038                               : UART.oem4f (.text:UART_init)
                  000069f0    00000038     sysbios.aem4f : BIOS.obj (.text:ti_sysbios_family_arm_m3_Hwi_excNoIsr__I)
                  00006a28    00000038                   : BIOS.obj (.text:ti_sysbios_knl_Task_processVitalTaskFlag__I)
                  00006a60    00000038     ti.targets.arm.rtsarm.aem4f : SysMin.oem4f (.text:xdc_runtime_SysMin_putch__E)
                  00006a98    00000038                                 : System.oem4f (.text:xdc_runtime_System_atexit__E)
                  00006ad0    00000036     drivers_MSP432P401R.aem4f : UARTMSP432.oem4f (.text:UARTMSP432_readCancel)
                  00006b06    00000036                               : UARTMSP432.oem4f (.text:perfChangeNotifyFxn)
                  00006b3c    00000034     msp432p4xx_driverlib.lib : flash.o (.text:FlashCtl_enableReadBuffering)
                  00006b70    00000034     sysbios.aem4f : BIOS.obj (.text:ti_sysbios_family_arm_m3_Hwi_Instance_finalize__E)
                  00006ba4    00000004     --HOLE-- [fill = 0]
                  00006ba8    00000034                   : BIOS.obj (.text:ti_sysbios_family_arm_m3_Hwi_excNmi__I)
                  00006bdc    00000004     --HOLE-- [fill = 0]
                  00006be0    00000034                   : BIOS.obj (.text:ti_sysbios_family_arm_m3_Timer_periodicStub__I)
                  00006c14    00000004     --HOLE-- [fill = 0]
                  00006c18    00000034                   : BIOS.obj (.text:ti_sysbios_hal_Hwi_checkStack)
                  00006c4c    00000034     uartecho_pem4f.oem4f (.text:ti_sysbios_knl_Clock_construct)
                  00006c80    00000034     ti.uia.loggers.aem4f : LoggerStopMode.oem4f (.text:ti_uia_loggers_LoggerStopMode_reset__E)
                  00006cb4    00000034     ti.targets.arm.rtsarm.aem4f : Core-label.oem4f (.text:xdc_runtime_Core_assignLabel__I)
                  00006ce8    00000033                                 : Text.oem4f (.text:xdc_runtime_Text_printVisFxn__I)
                  00006d1b    00000005     --HOLE-- [fill = 0]
                  00006d20    00000032     sysbios.aem4f : BIOS.obj (.text:ti_sysbios_hal_Hwi_initStack)
                  00006d52    00000006     ti.targets.arm.rtsarm.aem4f : xdc_noinit.oem4f (.text:__xdc__init)
                  00006d58    00000032     sysbios.aem4f : BIOS.obj (.text:ti_sysbios_knl_Semaphore_pendTimeout__I)
                  00006d8a    00000002     --HOLE-- [fill = 0]
                  00006d8c    00000030     drivers_MSP432P401R.aem4f : GPIOMSP432.oem4f (.text:GPIO_getEnabledInterruptStatus_WA)
                  00006dbc    00000030     msp432p4xx_driverlib.lib : gpio.o (.text:GPIO_setAsInputPinWithPullDownResistor)
                  00006dec    00000030                              : gpio.o (.text:GPIO_setAsInputPinWithPullUpResistor)
                  00006e1c    00000030     drivers_MSP432P401R.aem4f : UART.oem4f (.text:UART_open)
                  00006e4c    00000030     uartecho_pem4f.oem4f (.text:ti_sysbios_BIOS_atExitFunc__I)
                  00006e7c    00000004     --HOLE-- [fill = 0]
                  00006e80    00000030     sysbios.aem4f : BIOS.obj (.text:ti_sysbios_family_arm_m3_TaskSupport_start__E)
                  00006eb0    00000030     uartecho_pem4f.oem4f (.text:ti_sysbios_gates_GateHwi_Object__create__S)
                  00006ee0    00000030     uartecho_pem4f.oem4f (.text:ti_sysbios_gates_GateMutex_Object__create__S)
                  00006f10    00000030     uartecho_pem4f.oem4f (.text:ti_sysbios_heaps_HeapMem_Object__create__S)
                  00006f40    00000030     uartecho_pem4f.oem4f (.text:ti_sysbios_knl_Semaphore_construct)
                  00006f70    00000030     sysbios.aem4f : BIOS.obj (.text:ti_sysbios_utils_Load_updateCurrentThreadTime__E)
                  00006fa0    00000030     uartecho_pem4f.oem4f (.text:ti_uia_loggers_LoggerStopMode_Object__create__S)
                  00006fd0    00000030     ti.targets.arm.rtsarm.aem4f : SysMin.oem4f (.text:xdc_runtime_SysMin_abort__E)
                  00007000    00000030                                 : System.oem4f (.text:xdc_runtime_System_processAtExit__E)
                  00007030    0000002c     msp432p4xx_driverlib.lib : gpio.o (.text:GPIO_setAsInputPin)
                  0000705c    0000002c                              : pcm.o (.text:PCM_getCoreVoltageLevel)
                  00007088    0000002c     power_tirtos_MSP432P401R.aem4f : PowerMSP432_tirtos.oem4f (.text:PowerMSP432_updateFreqs)
                  000070b4    0000002c     drivers_MSP432P401R.aem4f : PowerMSP432.oem4f (.text:Power_releaseConstraint)
                  000070e0    0000002c                               : PowerMSP432.oem4f (.text:Power_setConstraint)
                  0000710c    0000002c     uartecho_pem4f.oem4f (.text:ti_sysbios_knl_Clock_doTick__I)
                  00007138    0000002c     uartecho_pem4f.oem4f (.text:ti_sysbios_knl_Queue_construct)
                  00007164    00000004     --HOLE-- [fill = 0]
                  00007168    0000002c     sysbios.aem4f : BIOS.obj (.text:ti_sysbios_knl_Task_restore__E)
                  00007194    0000002c     ti.targets.arm.rtsarm.aem4f : Text.oem4f (.text:xdc_runtime_Text_cordText__E)
                  000071c0    0000002a     msp432p4xx_driverlib.lib : pcm.o (.text:PCM_getPowerMode)
                  000071ea    0000002a     drivers_MSP432P401R.aem4f : UARTMSP432.oem4f (.text:findBaudDividerIndex)
                  00007214    0000002a     ti.targets.arm.rtsarm.aem4f : System.oem4f (.text:xdc_runtime_System_putchar__I)
                  0000723e    00000002     --HOLE-- [fill = 0]
                  00007240    00000028     msp432p4xx_driverlib.lib : flash.o (.text:FlashCtl_setWaitState)
                  00007268    00000028                              : pcm.o (.text:PCM_gotoLPM0)
                  00007290    00000028     uartecho_pem4f.oem4f (.text:ti_sysbios_BIOS_startFunc__I)
                  000072b8    00000028     sysbios.aem4f : BIOS.obj (.text:ti_sysbios_knl_Swi_Module_startup__E)
                  000072e0    00000026     drivers_MSP432P401R.aem4f : List.oem4f (.text:List_put)
                  00007306    00000026     sysbios.aem4f : m3_Hwi_asm.obj (.text:ti_sysbios_family_arm_m3_Hwi_pendSV__I)
                  0000732c    00000026     ti.targets.arm.rtsarm.aem4f : System.oem4f (.text:xdc_runtime_System_avprintf__E)
                  00007352    00000002     --HOLE-- [fill = 0]
                  00007354    00000024     msp432p4xx_driverlib.lib : cs.o (.text:CS_setDCOCenteredFrequency)
                  00007378    00000024                              : gpio.o (.text:GPIO_setAsOutputPin)
                  0000739c    00000024                              : rtc_c.o (.text:RTC_C_holdClock)
                  000073c0    00000024                              : rtc_c.o (.text:RTC_C_startClock)
                  000073e4    00000024                              : uart.o (.text:UART_disableInterrupt)
                  00007408    00000024                              : uart.o (.text:UART_receiveData)
                  0000742c    00000024                              : uart.o (.text:UART_transmitData)
                  00007450    00000024     uartecho_pem4f.oem4f (.text:ti_sysbios_BIOS_errorRaiseHook__I)
                  00007474    00000024     uartecho_pem4f.oem4f (.text:ti_sysbios_BIOS_registerRTSLock__I)
                  00007498    00000024     uartecho_pem4f.oem4f (.text:ti_sysbios_BIOS_removeRTSLock__I)
                  000074bc    00000004     --HOLE-- [fill = 0]
                  000074c0    00000024     sysbios.aem4f : BIOS.obj (.text:ti_sysbios_family_arm_m3_Timer_startup__E)
                  000074e4    00000004     --HOLE-- [fill = 0]
                  000074e8    00000024                   : BIOS.obj (.text:ti_sysbios_family_arm_msp432_ClockFreqs_setFrequency__E)
                  0000750c    00000024     uartecho_pem4f.oem4f (.text:ti_sysbios_gates_GateMutex_Object__delete__S)
                  00007530    00000024     sysbios.aem4f : BIOS.obj (.text:ti_sysbios_knl_Clock_Module_startup__E)
                  00007554    00000004     --HOLE-- [fill = 0]
                  00007558    00000024                   : BIOS.obj (.text:ti_sysbios_knl_Task_restoreHwi__E)
                  0000757c    00000024     ti.targets.arm.rtsarm.aem4f : System.oem4f (.text:xdc_runtime_System_vprintf__E)
                  000075a0    00000022     uartecho_pem4f.oem4f (.text:xdc_runtime_SysMin_output__I)
                  000075c2    00000002     --HOLE-- [fill = 0]
                  000075c4    00000020     msp432p4xx_driverlib.lib : gpio.o (.text:GPIO_interruptEdgeSelect)
                  000075e4    00000020     drivers_MSP432P401R.aem4f : PowerMSP432.oem4f (.text:PowerMSP432_getFreqs)
                  00007604    00000020                               : PowerMSP432.oem4f (.text:Power_idleFunc)
                  00007624    00000020                               : PowerMSP432.oem4f (.text:Power_unregisterNotify)
                  00007644    00000020     uartecho_pem4f.oem4f (.text:ti_sysbios_BIOS_rtsLock__I)
                  00007664    00000020     sysbios.aem4f : m3_Hwi_asm.obj (.text:ti_sysbios_family_arm_m3_Hwi_excHandlerAsm__I)
                  00007684    00000004     --HOLE-- [fill = 0]
                  00007688    00000020                   : BIOS.obj (.text:ti_sysbios_family_arm_m3_Hwi_excHandler__I)
                  000076a8    00000020                   : BIOS.obj (.text:ti_sysbios_family_arm_m3_TimestampProvider_Module_startup__E)
                  000076c8    00000020     uartecho_pem4f.oem4f (.text:ti_sysbios_gates_GateHwi_Object__delete__S)
                  000076e8    00000020     uartecho_pem4f.oem4f (.text:ti_sysbios_heaps_HeapMem_Object__delete__S)
                  00007708    00000020     uartecho_pem4f.oem4f (.text:ti_sysbios_knl_Clock_Object__destruct__S)
                  00007728    00000020     sysbios.aem4f : BIOS.obj (.text:ti_sysbios_knl_Idle_run__E)
                  00007748    00000020     uartecho_pem4f.oem4f (.text:ti_sysbios_knl_Semaphore_Object__destruct__S)
                  00007768    00000020     uartecho_pem4f.oem4f (.text:ti_uia_loggers_LoggerStopMode_Object__delete__S)
                  00007788    00000020     ti.targets.arm.rtsarm.aem4f : Registry.oem4f (.text:xdc_runtime_Registry_findById__E)
                  000077a8    00000020                                 : SysMin.oem4f (.text:xdc_runtime_SysMin_Module_startup__E)
                  000077c8    0000001e     sysbios.aem4f : m3_Hwi_asm_switch.obj (.text:ti_sysbios_family_xxx_Hwi_switchAndRunFunc)
                  000077e6    0000001c     MSP_EXP432P401R.obj (.text:MSP_EXP432P401R_initUART)
                  00007802    00000002     --HOLE-- [fill = 0]
                  00007804    0000001c     drivers_MSP432P401R.aem4f : PowerMSP432.oem4f (.text:Power_registerNotify)
                  00007820    0000001c     uartecho_pem4f.oem4f (.text:ti_sysbios_family_arm_m3_Hwi_Object__destruct__S)
                  0000783c    00000004     --HOLE-- [fill = 0]
                  00007840    0000001c     sysbios.aem4f : BIOS.obj (.text:ti_sysbios_gates_GateMutex_Instance_init__E)
                  0000785c    0000001c     uartecho_pem4f.oem4f (.text:ti_sysbios_knl_Queue_Object__destruct__S)
                  00007878    0000001c     sysbios.aem4f : BIOS.obj (.text:ti_sysbios_knl_Queue_put__E)
                  00007894    00000004     --HOLE-- [fill = 0]
                  00007898    0000001c                   : BIOS.obj (.text:ti_sysbios_knl_Task_enter__I)
                  000078b4    0000001c     ti.uia.loggers.aem4f : LoggerStopMode.oem4f (.text:ti_uia_loggers_LoggerStopMode_Instance_init__E)
                  000078d0    0000001c     ti.targets.arm.rtsarm.aem4f : Error.oem4f (.text:xdc_runtime_Error_raiseX__E)
                  000078ec    0000001c                                 : Memory.oem4f (.text:xdc_runtime_Memory_valloc__E)
                  00007908    0000001c                                 : SysMin.oem4f (.text:xdc_runtime_SysMin_exit__E)
                  00007924    0000001c                                 : System.oem4f (.text:xdc_runtime_System_abort__E)
                  00007940    0000001a     drivers_MSP432P401R.aem4f : List.oem4f (.text:List_remove)
                  0000795a    0000001a     uartecho_pem4f.oem4f (.text:ti_sysbios_family_arm_m3_Hwi_Handle__label__S)
                  00007974    0000001a     uartecho_pem4f.oem4f (.text:ti_sysbios_gates_GateHwi_Handle__label__S)
                  0000798e    0000001a     uartecho_pem4f.oem4f (.text:ti_sysbios_gates_GateMutex_Handle__label__S)
                  000079a8    0000001a     uartecho_pem4f.oem4f (.text:ti_sysbios_heaps_HeapMem_Handle__label__S)
                  000079c2    0000001a     uartecho_pem4f.oem4f (.text:ti_sysbios_knl_Swi_Handle__label__S)
                  000079dc    0000001a     uartecho_pem4f.oem4f (.text:ti_sysbios_knl_Task_Handle__label__S)
                  000079f6    0000001a     uartecho_pem4f.oem4f (.text:ti_uia_loggers_LoggerStopMode_Handle__label__S)
                  00007a10    0000001a     uartecho_pem4f.oem4f (.text:xdc_runtime_System_aprintf__E)
                  00007a2a    0000001a     uartecho_pem4f.oem4f (.text:xdc_runtime_System_printf__E)
                  00007a44    00000018     msp432p4xx_driverlib.lib : gpio.o (.text:GPIO_clearInterruptFlag)
                  00007a5c    00000018                              : gpio.o (.text:GPIO_setDriveStrengthLow)
                  00007a74    00000018                              : gpio.o (.text:GPIO_setOutputLowOnPin)
                  00007a8c    00000018     drivers_MSP432P401R.aem4f : UART.oem4f (.text:UART_Params_init)
                  00007aa4    00000018     msp432p4xx_driverlib.lib : wdt_a.o (.text:WDT_A_holdTimer)
                  00007abc    00000018     rtsv7M4_T_le_v4SPD16_eabi.lib : args_main.obj (.text)
                  00007ad4    00000018     uartecho_pem4f.oem4f (.text:ti_sysbios_BIOS_rtsUnlock__I)
                  00007aec    00000018     uartecho_pem4f.oem4f (.text:ti_sysbios_family_arm_m3_Hwi_Module__startupDone__F)
                  00007b04    00000018     sysbios.aem4f : m3_TaskSupport_asm.obj (.text:ti_sysbios_family_arm_m3_TaskSupport_swap__E)
                  00007b1c    00000018     uartecho_pem4f.oem4f (.text:ti_sysbios_family_arm_msp432_Timer_Module__startupDone__F)
                  00007b34    00000004     --HOLE-- [fill = 0]
                  00007b38    00000018     sysbios.aem4f : BIOS.obj (.text:ti_sysbios_gates_GateMutex_leave__E)
                  00007b50    00000018     ti.targets.arm.rtsarm.aem4f : Error.oem4f (.text:xdc_runtime_Error_check__E)
                  00007b68    00000018                                 : System.oem4f (.text:xdc_runtime_System_exit__E)
                  00007b80    00000018                                 : Text.oem4f (.text:xdc_runtime_Text_ropeText__E)
                  00007b98    00000016     tirtosport.aem4f : ClockP_tirtos.oem4f (.text:ClockP_delete)
                  00007bae    00000016                      : HwiP_tirtos.oem4f (.text:HwiP_delete)
                  00007bc4    00000016                      : SemaphoreP_tirtos.oem4f (.text:SemaphoreP_delete)
                  00007bda    00000016     msp432p4xx_driverlib.lib : uart.o (.text:UART_enableInterrupt)
                  00007bf0    00000016     uartecho_pem4f.oem4f (.text:ti_sysbios_BIOS_exitFunc__I)
                  00007c06    00000016     uartecho.obj (.text:ti_sysbios_knl_Task_Params_init)
                  00007c1c    00000016     ti.uia.loggers.aem4f : LoggerStopMode.oem4f (.text:ti_uia_loggers_LoggerStopMode_disable__E)
                  00007c32    00000016                          : LoggerStopMode.oem4f (.text:ti_uia_loggers_LoggerStopMode_enable__E)
                  00007c48    00000014     msp432p4xx_driverlib.lib : gpio.o (.text:GPIO_setDriveStrengthHigh)
                  00007c5c    00000014                              : gpio.o (.text:GPIO_setOutputHighOnPin)
                  00007c70    00000014                              : wdt_a.o (.text:WDT_A_startTimer)
                  00007c84    00000014     rtsv7M4_T_le_v4SPD16_eabi.lib : _lock.obj (.text)
                  00007c98    00000014                                   : strcpy.obj (.text)
                  00007cac    00000014                                   : strlen.obj (.text)
                  00007cc0    00000014     uartecho_pem4f.oem4f (.text:ti_sysbios_family_arm_m3_Hwi_Object__get__S)
                  00007cd4    00000004     --HOLE-- [fill = 0]
                  00007cd8    00000014     sysbios.aem4f : BIOS.obj (.text:ti_sysbios_family_arm_m3_Hwi_switchFromBootStack__E)
                  00007cec    00000014     uartecho_pem4f.oem4f (.text:ti_sysbios_heaps_HeapMem_Object__get__S)
                  00007d00    00000014     uartecho_pem4f.oem4f (.text:ti_sysbios_knl_Swi_Object__get__S)
                  00007d14    00000012     tirtosport.aem4f : ClockP_tirtos.oem4f (.text:ClockP_start)
                  00007d26    00000012     drivers_MSP432P401R.aem4f : RingBuf.oem4f (.text:RingBuf_construct)
                  00007d38    00000012     tirtosport.aem4f : SemaphoreP_tirtos.oem4f (.text:SemaphoreP_pend)
                  00007d4a    00000006     rtsv7M4_T_le_v4SPD16_eabi.lib : copy_decompress_rle.obj (.text:decompress:rle24)
                  00007d50    00000012     sysbios.aem4f : BIOS.obj (.text:ti_sysbios_hal_Hwi_Module_startup__E)
                  00007d62    00000012     uartecho_pem4f.oem4f (.text:xdc_runtime_Startup_exec__I)
                  00007d74    00000010     msp432p4xx_driverlib.lib : gpio.o (.text:GPIO_getInterruptStatus)
                  00007d84    00000010                              : pcm.o (.text:PCM_gotoLPM4)
                  00007d94    00000010     drivers_MSP432P401R.aem4f : UARTMSP432.oem4f (.text:readBlockingTimeout)
                  00007da4    00000004     --HOLE-- [fill = 0]
                  00007da8    00000010     sysbios.aem4f : BIOS.obj (.text:ti_sysbios_BIOS_getCpuFreq__E)
                  00007db8    00000010                   : BIOS.obj (.text:ti_sysbios_BIOS_setCpuFreq__E)
                  00007dc8    00000010                   : BIOS.obj (.text:ti_sysbios_BIOS_setThreadType__E)
                  00007dd8    00000010                   : BIOS.obj (.text:ti_sysbios_BIOS_start__E)
                  00007de8    00000010                   : m3_TaskSupport_asm.obj (.text:ti_sysbios_family_arm_m3_TaskSupport_glue)
                  00007df8    00000010                   : BIOS.obj (.text:ti_sysbios_family_arm_msp432_init_Boot_disableWatchdog)
                  00007e08    00000010                   : BIOS.obj (.text:ti_sysbios_gates_GateMutex_Instance_finalize__E)
                  00007e18    00000010                   : BIOS.obj (.text:ti_sysbios_knl_Semaphore_Instance_finalize__E)
                  00007e28    00000010                   : BIOS.obj (.text:ti_sysbios_knl_Swi_disable__E)
                  00007e38    00000010     uartecho_pem4f.oem4f (.text:ti_sysbios_knl_Task_Object__get__S)
                  00007e48    00000010     sysbios.aem4f : BIOS.obj (.text:ti_sysbios_knl_Task_disable__E)
                  00007e58    00000010     uartecho_pem4f.oem4f (.text:ti_uia_loggers_LoggerStopMode_Object__get__S)
                  00007e68    00000010     ti.uia.loggers.aem4f : LoggerStopMode.oem4f (.text:ti_uia_loggers_LoggerStopMode_isEmpty__E)
                  00007e78    00000010     ti.targets.arm.rtsarm.aem4f : Gate.oem4f (.text:xdc_runtime_Gate_leaveSystem__E)
                  00007e88    00000010                                 : Memory.oem4f (.text:xdc_runtime_Memory_free__E)
                  00007e98    00000010                                 : SysMin.oem4f (.text:xdc_runtime_SysMin_ready__E)
                  00007ea8    00000010                                 : System.oem4f (.text:xdc_runtime_System_vsnprintf__E)
                  00007eb8    00000010     uartecho_pem4f.oem4f (.text:xdc_runtime_Text_visitRope__I)
                  00007ec8    0000000e     tirtosport.aem4f : HwiP_tirtos.oem4f (.text:HwiP_Params_init)
                  00007ed6    0000000e     msp432p4xx_driverlib.lib : uart.o (.text:UART_clearInterruptFlag)
                  00007ee4    0000000e     rtsv7M4_T_le_v4SPD16_eabi.lib : copy_decompress_none.obj (.text:decompress:none)
                  00007ef2    00000006     ti.targets.arm.rtsarm.aem4f : System.oem4f (.text:xdc_runtime_System_Module_startup__E)
                  00007ef8    0000000e     sysbios.aem4f : BIOS.obj (.text:ti_sysbios_knl_Idle_loop__E)
                  00007f06    00000002     --HOLE-- [fill = 0]
                  00007f08    0000000e                   : BIOS.obj (.text:ti_sysbios_knl_Queue_empty__E)
                  00007f16    0000000c     uartecho_pem4f.oem4f (.text:.bootCodeSection:ti_sysbios_family_arm_msp432_init_Boot_init__I)
                  00007f22    0000000c     msp432p4xx_driverlib.lib : cpu.o (.text:CPU_cpsid)
                  00007f2e    0000000c                              : cpu.o (.text:CPU_cpsie)
                  00007f3a    00000002     --HOLE-- [fill = 0]
                  00007f3c    0000000c                              : pcm.o (.text:PCM_getPowerState)
                  00007f48    0000000c     drivers_MSP432P401R.aem4f : PowerMSP432.oem4f (.text:Power_getConstraintMask)
                  00007f54    0000000c                               : PowerMSP432.oem4f (.text:Power_getPerformanceLevel)
                  00007f60    0000000c                               : RingBuf.oem4f (.text:RingBuf_peek)
                  00007f6c    0000000c                               : UARTMSP432.oem4f (.text:UARTMSP432_init)
                  00007f78    0000000c     msp432p4xx_driverlib.lib : uart.o (.text:UART_disableModule)
                  00007f84    0000000c                              : uart.o (.text:UART_enableModule)
                  00007f90    0000000c     rtsv7M4_T_le_v4SPD16_eabi.lib : copy_zero_init.obj (.text:decompress:ZI)
                  00007f9c    0000000c     uartecho_pem4f.oem4f (.text:ti_sysbios_family_arm_m3_Hwi_Params__init__S)
                  00007fa8    0000000c     sysbios.aem4f : BIOS.obj (.text:ti_sysbios_family_arm_m3_Hwi_disableFxn__E)
                  00007fb4    00000004     --HOLE-- [fill = 0]
                  00007fb8    0000000c                   : BIOS.obj (.text:ti_sysbios_family_arm_m3_TaskSupport_checkStack__E)
                  00007fc4    00000004     --HOLE-- [fill = 0]
                  00007fc8    0000000c                   : BIOS.obj (.text:ti_sysbios_family_arm_m3_TaskSupport_getStackAlignment__E)
                  00007fd4    00000004     --HOLE-- [fill = 0]
                  00007fd8    0000000c                   : BIOS.obj (.text:ti_sysbios_family_arm_m3_TimestampProvider_startTimer__E)
                  00007fe4    00000004     --HOLE-- [fill = 0]
                  00007fe8    0000000c                   : BIOS.obj (.text:ti_sysbios_family_arm_msp432_Timer_getMaxTicks__E)
                  00007ff4    00000004     --HOLE-- [fill = 0]
                  00007ff8    0000000c                   : BIOS.obj (.text:ti_sysbios_gates_GateHwi_enter__E)
                  00008004    0000000c     uartecho_pem4f.oem4f (.text:ti_sysbios_knl_Clock_Params__init__S)
                  00008010    0000000c     uartecho_pem4f.oem4f (.text:ti_sysbios_knl_Queue_Object__get__S)
                  0000801c    0000000c     uartecho_pem4f.oem4f (.text:ti_sysbios_knl_Semaphore_Params__init__S)
                  00008028    0000000c     uartecho_pem4f.oem4f (.text:ti_sysbios_knl_Task_Params__init__S)
                  00008034    0000000c     ti.targets.arm.rtsarm.aem4f : Error.oem4f (.text:xdc_runtime_Error_init__E)
                  00008040    0000000c                                 : Gate.oem4f (.text:xdc_runtime_Gate_enterSystem__E)
                  0000804c    0000000c                                 : Memory.oem4f (.text:xdc_runtime_Memory_calloc__E)
                  00008058    0000000c                                 : Memory.oem4f (.text:xdc_runtime_Memory_getMaxDefaultTypeAlign__E)
                  00008064    0000000a     tirtosport.aem4f : ClockP_tirtos.oem4f (.text:ClockP_stop)
                  0000806e    0000000a                      : SemaphoreP_tirtos.oem4f (.text:SemaphoreP_post)
                  00008078    0000000a     drivers_MSP432P401R.aem4f : UART.oem4f (.text:UART_read)
                  00008082    0000000a                               : UART.oem4f (.text:UART_write)
                  0000808c    0000000a     uartecho_pem4f.oem4f (.text:xdc_runtime_IHeap_alloc)
                  00008096    0000000a     uartecho_pem4f.oem4f (.text:xdc_runtime_IHeap_free)
                  000080a0    00000008     tirtosport.aem4f : ClockP_tirtos.oem4f (.text:ClockP_Params_init)
                  000080a8    00000008     MSP_EXP432P401R.obj (.text:MSP_EXP432P401R_initGPIO)
                  000080b0    00000008     MSP_EXP432P401R.obj (.text:MSP_EXP432P401R_initGeneral)
                  000080b8    00000008     msp432p4xx_driverlib.lib : pcm.o (.text:PCM_setPowerMode)
                  000080c0    00000008                              : pcm.o (.text:PCM_setPowerState)
                  000080c8    00000008     tirtosport.aem4f : SemaphoreP_tirtos.oem4f (.text:SemaphoreP_Params_init)
                  000080d0    00000008     drivers_MSP432P401R.aem4f : UARTMSP432.oem4f (.text:readSemCallback)
                  000080d8    00000008     sysbios.aem4f : BIOS.obj (.text:ti_sysbios_family_arm_m3_Hwi_doSwiRestore__I)
                  000080e0    00000008                   : BIOS.obj (.text:ti_sysbios_family_arm_m3_Hwi_startup__E)
                  000080e8    00000008     drivers_MSP432P401R.aem4f : UARTMSP432.oem4f (.text:writeSemCallback)
                  000080f0    00000006     sysbios.aem4f : BIOS.obj (.text:ti_sysbios_family_arm_m3_Hwi_doTaskRestore__I)
                  000080f6    00000002     --HOLE-- [fill = 0]
                  000080f8    00000006                   : BIOS.obj (.text:ti_sysbios_family_arm_m3_Hwi_restoreFxn__E)
                  000080fe    00000002     --HOLE-- [fill = 0]
                  00008100    00000006                   : BIOS.obj (.text:ti_sysbios_gates_GateHwi_leave__E)
                  00008106    00000002     --HOLE-- [fill = 0]
                  00008108    00000006                   : BIOS.obj (.text:ti_sysbios_heaps_HeapMem_isBlocking__E)
                  0000810e    00000002     --HOLE-- [fill = 0]
                  00008110    00000006                   : BIOS.obj (.text:ti_sysbios_knl_Clock_stop__E)
                  00008116    00000002     --HOLE-- [fill = 0]
                  00008118    00000006                   : BIOS.obj (.text:ti_sysbios_knl_Queue_Instance_init__E)
                  0000811e    00000002     --HOLE-- [fill = 0]
                  00008120    00000006                   : BIOS.obj (.text:ti_sysbios_knl_Swi_startup__E)
                  00008126    00000002     --HOLE-- [fill = 0]
                  00008128    00000004                   : BIOS.obj (.text:ti_sysbios_gates_GateHwi_query__E)
                  0000812c    00000004     --HOLE-- [fill = 0]
                  00008130    00000004                   : BIOS.obj (.text:ti_sysbios_gates_GateMutex_query__E)
                  00008134    00000004     --HOLE-- [fill = 0]
                  00008138    00000004                   : BIOS.obj (.text:ti_sysbios_knl_Clock_setTimeout__E)
                  0000813c    00000004     --HOLE-- [fill = 0]
                  00008140    00000004                   : BIOS.obj (.text:ti_sysbios_knl_Task_startup__E)
                  00008144    00000004     --HOLE-- [fill = 0]
                  00008148    00000002                   : BIOS.obj (.text:ti_sysbios_family_arm_m3_TimestampProvider_rolloverFunc__E)
                  0000814a    00000006     --HOLE-- [fill = 0]
                  00008150    00000002                   : BIOS.obj (.text:ti_sysbios_gates_GateHwi_Instance_init__E)

.const     0    00008154    00002808     
                  00008154    00001ed1     uartecho_pem4f.oem4f (.const:xdc_runtime_Text_charTab__A)
                  0000a025    00000001     uartecho_pem4f.oem4f (.const:xdc_runtime_Error_policy__C)
                  0000a026    000000fc     uartecho_pem4f.oem4f (.const:xdc_runtime_Text_nodeTab__A)
                  0000a122    00000002     uartecho_pem4f.oem4f (.const:ti_sysbios_family_arm_m3_Hwi_Module__id__C)
                  0000a124    00000070     MSP_EXP432P401R.obj (.const:uartMSP432Baudrates)
                  0000a194    00000060     uartecho_pem4f.oem4f (.const:ti_uia_loggers_LoggerStopMode_Module__FXNS__C)
                  0000a1f4    00000048     uartecho_pem4f.oem4f (.const:.string)
                  0000a23c    00000048     MSP_EXP432P401R.obj (.const:uartMSP432HWAttrs)
                  0000a284    0000003c     uartecho_pem4f.oem4f (.const:ti_sysbios_knl_Task_Object__PARAMS__C)
                  0000a2c0    00000030     uartecho_pem4f.oem4f (.const:ti_sysbios_family_arm_m3_Hwi_Object__PARAMS__C)
                  0000a2f0    0000002c     uartecho_pem4f.oem4f (.const:xdc_runtime_Startup_sfxnTab__A)
                  0000a31c    00000028     drivers_MSP432P401R.aem4f : UARTMSP432.oem4f (.const:UARTMSP432_fxnTable)
                  0000a344    00000028     uartecho_pem4f.oem4f (.const:ti_sysbios_heaps_HeapMem_Module__FXNS__C)
                  0000a36c    00000028     uartecho_pem4f.oem4f (.const:ti_uia_loggers_LoggerStopMode_Object__PARAMS__C)
                  0000a394    00000024     MSP_EXP432P401R.obj (.const:UART_config)
                  0000a3b8    00000024     drivers_MSP432P401R.aem4f : UART.oem4f (.const:UART_defaultParams)
                  0000a3dc    00000024                               : UARTMSP432.oem4f (.const)
                  0000a400    00000024     uartecho_pem4f.oem4f (.const:ti_sysbios_gates_GateHwi_Module__FXNS__C)
                  0000a424    00000024     uartecho_pem4f.oem4f (.const:ti_sysbios_gates_GateMutex_Module__FXNS__C)
                  0000a448    00000024     uartecho_pem4f.oem4f (.const:ti_sysbios_heaps_HeapMem_Object__PARAMS__C)
                  0000a46c    00000024     uartecho_pem4f.oem4f (.const:ti_sysbios_knl_Clock_Object__PARAMS__C)
                  0000a490    00000024     uartecho_pem4f.oem4f (.const:ti_sysbios_knl_Semaphore_Object__PARAMS__C)
                  0000a4b4    00000020     uartecho_pem4f.oem4f (.const:ti_sysbios_family_arm_m3_Hwi_Object__DESC__C)
                  0000a4d4    00000020     uartecho_pem4f.oem4f (.const:ti_sysbios_gates_GateHwi_Object__DESC__C)
                  0000a4f4    00000020     uartecho_pem4f.oem4f (.const:ti_sysbios_gates_GateMutex_Object__DESC__C)
                  0000a514    00000020     uartecho_pem4f.oem4f (.const:ti_sysbios_heaps_HeapMem_Object__DESC__C)
                  0000a534    00000020     uartecho_pem4f.oem4f (.const:ti_sysbios_knl_Clock_Object__DESC__C)
                  0000a554    00000020     uartecho_pem4f.oem4f (.const:ti_sysbios_knl_Queue_Object__DESC__C)
                  0000a574    00000020     uartecho_pem4f.oem4f (.const:ti_sysbios_knl_Semaphore_Object__DESC__C)
                  0000a594    00000020     uartecho_pem4f.oem4f (.const:ti_sysbios_knl_Task_Object__DESC__C)
                  0000a5b4    00000020     uartecho_pem4f.oem4f (.const:ti_uia_loggers_LoggerStopMode_Object__DESC__C)
                  0000a5d4    00000018     uartecho_pem4f.oem4f (.const:ti_sysbios_gates_GateHwi_Object__PARAMS__C)
                  0000a5ec    00000018     uartecho_pem4f.oem4f (.const:ti_sysbios_gates_GateMutex_Object__PARAMS__C)
                  0000a604    00000018     uartecho_pem4f.oem4f (.const:ti_sysbios_knl_Queue_Object__PARAMS__C)
                  0000a61c    00000017     uartecho.obj (.const:.string)
                  0000a633    00000001     --HOLE-- [fill = 0]
                  0000a634    00000016     uartecho_pem4f.oem4f (.const:xdc_runtime_Startup_sfxnRts__A)
                  0000a64a    00000002     uartecho_pem4f.oem4f (.const:ti_sysbios_family_arm_m3_Hwi_Module__loggerDefined__C)
                  0000a64c    00000014     MSP_EXP432P401R.obj (.const:GPIOMSP432_config)
                  0000a660    00000010     MSP_EXP432P401R.obj (.const)
                  0000a670    0000000c     drivers_MSP432P401R.aem4f : GPIOMSP432.oem4f (.const:.string)
                  0000a67c    0000000c     uartecho_pem4f.oem4f (.const:ti_sysbios_knl_Idle_funcList__A)
                  0000a688    0000000c     uartecho_pem4f.oem4f (.const:xdc_runtime_Startup_firstFxns__A)
                  0000a694    00000008     uartecho_pem4f.oem4f (.const:ti_sysbios_family_arm_m3_Hwi_excHookFuncs__A)
                  0000a69c    00000008     uartecho_pem4f.oem4f (.const:ti_sysbios_knl_Idle_funcList__C)
                  0000a6a4    00000008     uartecho_pem4f.oem4f (.const:xdc_runtime_Startup_firstFxns__C)
                  0000a6ac    00000008     uartecho_pem4f.oem4f (.const:xdc_runtime_Startup_lastFxns__C)
                  0000a6b4    00000005     drivers_MSP432P401R.aem4f : UARTMSP432.oem4f (.const:.string)
                  0000a6b9    00000001     --HOLE-- [fill = 0]
                  0000a6ba    00000002     uartecho_pem4f.oem4f (.const:ti_sysbios_family_arm_m3_Timer_Module__id__C)
                  0000a6bc    00000004     uartecho_pem4f.oem4f (.const:ti_sysbios_family_arm_m3_Hwi_E_NMI__C)
                  0000a6c0    00000004     uartecho_pem4f.oem4f (.const:ti_sysbios_family_arm_m3_Hwi_E_alreadyDefined__C)
                  0000a6c4    00000004     uartecho_pem4f.oem4f (.const:ti_sysbios_family_arm_m3_Hwi_E_busFault__C)
                  0000a6c8    00000004     uartecho_pem4f.oem4f (.const:ti_sysbios_family_arm_m3_Hwi_E_debugMon__C)
                  0000a6cc    00000004     uartecho_pem4f.oem4f (.const:ti_sysbios_family_arm_m3_Hwi_E_hardFault__C)
                  0000a6d0    00000004     uartecho_pem4f.oem4f (.const:ti_sysbios_family_arm_m3_Hwi_E_memFault__C)
                  0000a6d4    00000004     uartecho_pem4f.oem4f (.const:ti_sysbios_family_arm_m3_Hwi_E_noIsr__C)
                  0000a6d8    00000004     uartecho_pem4f.oem4f (.const:ti_sysbios_family_arm_m3_Hwi_E_reserved__C)
                  0000a6dc    00000004     uartecho_pem4f.oem4f (.const:ti_sysbios_family_arm_m3_Hwi_E_svCall__C)
                  0000a6e0    00000004     uartecho_pem4f.oem4f (.const:ti_sysbios_family_arm_m3_Hwi_E_usageFault__C)
                  0000a6e4    00000004     uartecho_pem4f.oem4f (.const:ti_sysbios_family_arm_m3_Hwi_LD_end__C)
                  0000a6e8    00000004     uartecho_pem4f.oem4f (.const:ti_sysbios_family_arm_m3_Hwi_LM_begin__C)
                  0000a6ec    00000004     uartecho_pem4f.oem4f (.const:ti_sysbios_family_arm_m3_Hwi_Module__diagsEnabled__C)
                  0000a6f0    00000004     uartecho_pem4f.oem4f (.const:ti_sysbios_family_arm_m3_Hwi_Module__diagsIncluded__C)
                  0000a6f4    00000004     uartecho_pem4f.oem4f (.const:ti_sysbios_family_arm_m3_Hwi_Module__diagsMask__C)
                  0000a6f8    00000004     uartecho_pem4f.oem4f (.const:ti_sysbios_family_arm_m3_Hwi_Module__loggerFxn1__C)
                  0000a6fc    00000004     uartecho_pem4f.oem4f (.const:ti_sysbios_family_arm_m3_Hwi_Module__loggerFxn8__C)
                  0000a700    00000004     uartecho_pem4f.oem4f (.const:ti_sysbios_family_arm_m3_Hwi_Module__loggerObj__C)
                  0000a704    00000004     uartecho_pem4f.oem4f (.const:ti_sysbios_family_arm_m3_Hwi_NUM_INTERRUPTS__C)
                  0000a708    00000004     uartecho_pem4f.oem4f (.const:ti_sysbios_family_arm_m3_Hwi_Object__count__C)
                  0000a70c    00000004     uartecho_pem4f.oem4f (.const:ti_sysbios_family_arm_m3_Hwi_ccr__C)
                  0000a710    00000004     uartecho_pem4f.oem4f (.const:ti_sysbios_family_arm_m3_Hwi_excHandlerFunc__C)
                  0000a714    00000004     uartecho_pem4f.oem4f (.const:ti_sysbios_family_arm_m3_Hwi_excHookFuncs__C)
                  0000a718    00000004     uartecho_pem4f.oem4f (.const:ti_sysbios_family_arm_m3_Hwi_nullIsrFunc__C)
                  0000a71c    00000004     uartecho_pem4f.oem4f (.const:ti_sysbios_family_arm_m3_Hwi_priGroup__C)
                  0000a720    00000004     uartecho_pem4f.oem4f (.const:ti_sysbios_family_arm_m3_TaskSupport_stackAlignment__C)
                  0000a724    00000004     uartecho_pem4f.oem4f (.const:ti_sysbios_family_arm_m3_Timer_E_cannotSupport__C)
                  0000a728    00000004     uartecho_pem4f.oem4f (.const:ti_sysbios_family_arm_m3_Timer_startupNeeded__C)
                  0000a72c    00000004     uartecho_pem4f.oem4f (.const:ti_sysbios_family_arm_msp432_Timer_numTimerDevices__C)
                  0000a730    00000004     uartecho_pem4f.oem4f (.const:ti_sysbios_family_arm_msp432_Timer_startupNeeded__C)
                  0000a734    00000004     uartecho_pem4f.oem4f (.const:ti_sysbios_gates_GateMutex_A_badContext__C)
                  0000a738    00000004     uartecho_pem4f.oem4f (.const:ti_sysbios_gates_GateMutex_Instance_State_sem__O)
                  0000a73c    00000004     uartecho_pem4f.oem4f (.const:ti_sysbios_gates_GateMutex_Module__diagsEnabled__C)
                  0000a740    00000004     uartecho_pem4f.oem4f (.const:ti_sysbios_gates_GateMutex_Module__diagsIncluded__C)
                  0000a744    00000004     uartecho_pem4f.oem4f (.const:ti_sysbios_gates_GateMutex_Module__diagsMask__C)
                  0000a748    00000004     uartecho_pem4f.oem4f (.const:ti_sysbios_hal_Hwi_E_stackOverflow__C)
                  0000a74c    00000004     uartecho_pem4f.oem4f (.const:ti_sysbios_heaps_HeapMem_A_align__C)
                  0000a750    00000004     uartecho_pem4f.oem4f (.const:ti_sysbios_heaps_HeapMem_A_heapSize__C)
                  0000a754    00000004     uartecho_pem4f.oem4f (.const:ti_sysbios_heaps_HeapMem_A_invalidFree__C)
                  0000a758    00000004     uartecho_pem4f.oem4f (.const:ti_sysbios_heaps_HeapMem_A_zeroBlock__C)
                  0000a75c    00000004     uartecho_pem4f.oem4f (.const:ti_sysbios_heaps_HeapMem_E_memory__C)
                  0000a760    00000004     uartecho_pem4f.oem4f (.const:ti_sysbios_heaps_HeapMem_Module__diagsEnabled__C)
                  0000a764    00000004     uartecho_pem4f.oem4f (.const:ti_sysbios_heaps_HeapMem_Module__diagsIncluded__C)
                  0000a768    00000004     uartecho_pem4f.oem4f (.const:ti_sysbios_heaps_HeapMem_Module__diagsMask__C)
                  0000a76c    00000004     uartecho_pem4f.oem4f (.const:ti_sysbios_heaps_HeapMem_Module__gateObj__C)
                  0000a770    00000004     uartecho_pem4f.oem4f (.const:ti_sysbios_heaps_HeapMem_Object__count__C)
                  0000a774    00000004     uartecho_pem4f.oem4f (.const:ti_sysbios_heaps_HeapMem_reqAlign__C)
                  0000a778    00000004     uartecho_pem4f.oem4f (.const:ti_sysbios_knl_Clock_A_badThreadType__C)
                  0000a77c    00000004     uartecho_pem4f.oem4f (.const:ti_sysbios_knl_Clock_LM_begin__C)
                  0000a780    00000004     uartecho_pem4f.oem4f (.const:ti_sysbios_knl_Clock_LM_tick__C)
                  0000a784    00000004     uartecho_pem4f.oem4f (.const:ti_sysbios_knl_Clock_LW_delayed__C)
                  0000a788    00000004     uartecho_pem4f.oem4f (.const:ti_sysbios_knl_Clock_Module_State_clockQ__O)
                  0000a78c    00000004     uartecho_pem4f.oem4f (.const:ti_sysbios_knl_Clock_Module__diagsEnabled__C)
                  0000a790    00000004     uartecho_pem4f.oem4f (.const:ti_sysbios_knl_Clock_Module__diagsIncluded__C)
                  0000a794    00000004     uartecho_pem4f.oem4f (.const:ti_sysbios_knl_Clock_Module__diagsMask__C)
                  0000a798    00000004     uartecho_pem4f.oem4f (.const:ti_sysbios_knl_Clock_Module__loggerFxn1__C)
                  0000a79c    00000004     uartecho_pem4f.oem4f (.const:ti_sysbios_knl_Clock_Module__loggerFxn2__C)
                  0000a7a0    00000004     uartecho_pem4f.oem4f (.const:ti_sysbios_knl_Clock_Module__loggerObj__C)
                  0000a7a4    00000004     uartecho_pem4f.oem4f (.const:ti_sysbios_knl_Semaphore_A_badContext__C)
                  0000a7a8    00000004     uartecho_pem4f.oem4f (.const:ti_sysbios_knl_Semaphore_A_noEvents__C)
                  0000a7ac    00000004     uartecho_pem4f.oem4f (.const:ti_sysbios_knl_Semaphore_A_overflow__C)
                  0000a7b0    00000004     uartecho_pem4f.oem4f (.const:ti_sysbios_knl_Semaphore_A_pendTaskDisabled__C)
                  0000a7b4    00000004     uartecho_pem4f.oem4f (.const:ti_sysbios_knl_Semaphore_Instance_State_pendQ__O)
                  0000a7b8    00000004     uartecho_pem4f.oem4f (.const:ti_sysbios_knl_Semaphore_LM_pend__C)
                  0000a7bc    00000004     uartecho_pem4f.oem4f (.const:ti_sysbios_knl_Semaphore_LM_post__C)
                  0000a7c0    00000004     uartecho_pem4f.oem4f (.const:ti_sysbios_knl_Semaphore_Module__diagsEnabled__C)
                  0000a7c4    00000004     uartecho_pem4f.oem4f (.const:ti_sysbios_knl_Semaphore_Module__diagsIncluded__C)
                  0000a7c8    00000004     uartecho_pem4f.oem4f (.const:ti_sysbios_knl_Semaphore_Module__diagsMask__C)
                  0000a7cc    00000004     uartecho_pem4f.oem4f (.const:ti_sysbios_knl_Semaphore_Module__loggerFxn2__C)
                  0000a7d0    00000004     uartecho_pem4f.oem4f (.const:ti_sysbios_knl_Semaphore_Module__loggerFxn4__C)
                  0000a7d4    00000004     uartecho_pem4f.oem4f (.const:ti_sysbios_knl_Semaphore_Module__loggerObj__C)
                  0000a7d8    00000004     uartecho_pem4f.oem4f (.const:ti_sysbios_knl_Swi_LD_end__C)
                  0000a7dc    00000004     uartecho_pem4f.oem4f (.const:ti_sysbios_knl_Swi_LM_begin__C)
                  0000a7e0    00000004     uartecho_pem4f.oem4f (.const:ti_sysbios_knl_Swi_LM_post__C)
                  0000a7e4    00000004     uartecho_pem4f.oem4f (.const:ti_sysbios_knl_Swi_Module__diagsEnabled__C)
                  0000a7e8    00000004     uartecho_pem4f.oem4f (.const:ti_sysbios_knl_Swi_Module__diagsIncluded__C)
                  0000a7ec    00000004     uartecho_pem4f.oem4f (.const:ti_sysbios_knl_Swi_Module__diagsMask__C)
                  0000a7f0    00000004     uartecho_pem4f.oem4f (.const:ti_sysbios_knl_Swi_Module__loggerFxn1__C)
                  0000a7f4    00000004     uartecho_pem4f.oem4f (.const:ti_sysbios_knl_Swi_Module__loggerFxn4__C)
                  0000a7f8    00000004     uartecho_pem4f.oem4f (.const:ti_sysbios_knl_Swi_Module__loggerObj__C)
                  0000a7fc    00000004     uartecho_pem4f.oem4f (.const:ti_sysbios_knl_Swi_Object__count__C)
                  0000a800    00000004     uartecho_pem4f.oem4f (.const:ti_sysbios_knl_Task_A_badPriority__C)
                  0000a804    00000004     uartecho_pem4f.oem4f (.const:ti_sysbios_knl_Task_A_badTaskState__C)
                  0000a808    00000004     uartecho_pem4f.oem4f (.const:ti_sysbios_knl_Task_A_badThreadType__C)
                  0000a80c    00000004     uartecho_pem4f.oem4f (.const:ti_sysbios_knl_Task_A_noPendElem__C)
                  0000a810    00000004     uartecho_pem4f.oem4f (.const:ti_sysbios_knl_Task_E_spOutOfBounds__C)
                  0000a814    00000004     uartecho_pem4f.oem4f (.const:ti_sysbios_knl_Task_E_stackOverflow__C)
                  0000a818    00000004     uartecho_pem4f.oem4f (.const:ti_sysbios_knl_Task_LD_block__C)
                  0000a81c    00000004     uartecho_pem4f.oem4f (.const:ti_sysbios_knl_Task_LD_exit__C)
                  0000a820    00000004     uartecho_pem4f.oem4f (.const:ti_sysbios_knl_Task_LD_ready__C)
                  0000a824    00000004     uartecho_pem4f.oem4f (.const:ti_sysbios_knl_Task_LM_switch__C)
                  0000a828    00000004     uartecho_pem4f.oem4f (.const:ti_sysbios_knl_Task_Module_State_inactiveQ__O)
                  0000a82c    00000004     uartecho_pem4f.oem4f (.const:ti_sysbios_knl_Task_Module__diagsEnabled__C)
                  0000a830    00000004     uartecho_pem4f.oem4f (.const:ti_sysbios_knl_Task_Module__diagsIncluded__C)
                  0000a834    00000004     uartecho_pem4f.oem4f (.const:ti_sysbios_knl_Task_Module__diagsMask__C)
                  0000a838    00000004     uartecho_pem4f.oem4f (.const:ti_sysbios_knl_Task_Module__loggerFxn2__C)
                  0000a83c    00000004     uartecho_pem4f.oem4f (.const:ti_sysbios_knl_Task_Module__loggerFxn4__C)
                  0000a840    00000004     uartecho_pem4f.oem4f (.const:ti_sysbios_knl_Task_Module__loggerObj__C)
                  0000a844    00000004     uartecho_pem4f.oem4f (.const:ti_sysbios_knl_Task_Object__count__C)
                  0000a848    00000004     uartecho_pem4f.oem4f (.const:ti_sysbios_knl_Task_allBlockedFunc__C)
                  0000a84c    00000004     uartecho_pem4f.oem4f (.const:ti_sysbios_knl_Task_defaultStackHeap__C)
                  0000a850    00000004     uartecho_pem4f.oem4f (.const:ti_sysbios_knl_Task_defaultStackSize__C)
                  0000a854    00000004     uartecho_pem4f.oem4f (.const:ti_sysbios_knl_Task_numConstructedTasks__C)
                  0000a858    00000004     uartecho_pem4f.oem4f (.const:ti_sysbios_utils_Load_LS_cpuLoad__C)
                  0000a85c    00000004     uartecho_pem4f.oem4f (.const:ti_sysbios_utils_Load_Module__diagsEnabled__C)
                  0000a860    00000004     uartecho_pem4f.oem4f (.const:ti_sysbios_utils_Load_Module__diagsIncluded__C)
                  0000a864    00000004     uartecho_pem4f.oem4f (.const:ti_sysbios_utils_Load_Module__diagsMask__C)
                  0000a868    00000004     uartecho_pem4f.oem4f (.const:ti_sysbios_utils_Load_Module__loggerFxn1__C)
                  0000a86c    00000004     uartecho_pem4f.oem4f (.const:ti_sysbios_utils_Load_Module__loggerObj__C)
                  0000a870    00000004     uartecho_pem4f.oem4f (.const:ti_sysbios_utils_Load_postUpdate__C)
                  0000a874    00000004     uartecho_pem4f.oem4f (.const:ti_sysbios_utils_Load_windowInMs__C)
                  0000a878    00000004     uartecho_pem4f.oem4f (.const:ti_uia_loggers_LoggerStopMode_Module__diagsEnabled__C)
                  0000a87c    00000004     uartecho_pem4f.oem4f (.const:ti_uia_loggers_LoggerStopMode_Module__diagsIncluded__C)
                  0000a880    00000004     uartecho_pem4f.oem4f (.const:ti_uia_loggers_LoggerStopMode_Module__diagsMask__C)
                  0000a884    00000004     uartecho_pem4f.oem4f (.const:ti_uia_loggers_LoggerStopMode_Object__count__C)
                  0000a888    00000004     uartecho_pem4f.oem4f (.const:ti_uia_runtime_ILoggerSnapshot_Interface__BASE__C)
                  0000a88c    00000004     uartecho_pem4f.oem4f (.const:ti_uia_runtime_IUIATransfer_Interface__BASE__C)
                  0000a890    00000004     uartecho_pem4f.oem4f (.const:xdc_runtime_Assert_E_assertFailed__C)
                  0000a894    00000004     uartecho_pem4f.oem4f (.const:xdc_runtime_Core_A_initializedParams__C)
                  0000a898    00000004     uartecho_pem4f.oem4f (.const:xdc_runtime_Core_Module__diagsEnabled__C)
                  0000a89c    00000004     uartecho_pem4f.oem4f (.const:xdc_runtime_Core_Module__diagsIncluded__C)
                  0000a8a0    00000004     uartecho_pem4f.oem4f (.const:xdc_runtime_Core_Module__diagsMask__C)
                  0000a8a4    00000004     uartecho_pem4f.oem4f (.const:xdc_runtime_Error_E_memory__C)
                  0000a8a8    00000004     uartecho_pem4f.oem4f (.const:xdc_runtime_Error_Module__diagsEnabled__C)
                  0000a8ac    00000004     uartecho_pem4f.oem4f (.const:xdc_runtime_Error_Module__diagsIncluded__C)
                  0000a8b0    00000004     uartecho_pem4f.oem4f (.const:xdc_runtime_Error_Module__diagsMask__C)
                  0000a8b4    00000004     uartecho_pem4f.oem4f (.const:xdc_runtime_Error_Module__loggerFxn8__C)
                  0000a8b8    00000004     uartecho_pem4f.oem4f (.const:xdc_runtime_Error_Module__loggerObj__C)
                  0000a8bc    00000004     uartecho_pem4f.oem4f (.const:xdc_runtime_Error_policyFxn__C)
                  0000a8c0    00000004     uartecho_pem4f.oem4f (.const:xdc_runtime_Error_raiseHook__C)
                  0000a8c4    00000004     uartecho_pem4f.oem4f (.const:xdc_runtime_IFilterLogger_Interface__BASE__C)
                  0000a8c8    00000004     uartecho_pem4f.oem4f (.const:xdc_runtime_IGateProvider_Interface__BASE__C)
                  0000a8cc    00000004     uartecho_pem4f.oem4f (.const:xdc_runtime_IHeap_Interface__BASE__C)
                  0000a8d0    00000004     uartecho_pem4f.oem4f (.const:xdc_runtime_ILogger_Interface__BASE__C)
                  0000a8d4    00000004     uartecho_pem4f.oem4f (.const:xdc_runtime_IModule_Interface__BASE__C)
                  0000a8d8    00000004     uartecho_pem4f.oem4f (.const:xdc_runtime_Log_L_error__C)
                  0000a8dc    00000004     uartecho_pem4f.oem4f (.const:xdc_runtime_Memory_defaultHeapInstance__C)
                  0000a8e0    00000004     uartecho_pem4f.oem4f (.const:xdc_runtime_Startup_execImpl__C)
                  0000a8e4    00000004     uartecho_pem4f.oem4f (.const:xdc_runtime_Startup_lastFxns__A)
                  0000a8e8    00000004     uartecho_pem4f.oem4f (.const:xdc_runtime_Startup_maxPasses__C)
                  0000a8ec    00000004     uartecho_pem4f.oem4f (.const:xdc_runtime_Startup_sfxnRts__C)
                  0000a8f0    00000004     uartecho_pem4f.oem4f (.const:xdc_runtime_Startup_sfxnTab__C)
                  0000a8f4    00000004     uartecho_pem4f.oem4f (.const:xdc_runtime_SysMin_bufSize__C)
                  0000a8f8    00000004     uartecho_pem4f.oem4f (.const:xdc_runtime_SysMin_outputFunc__C)
                  0000a8fc    00000004     uartecho_pem4f.oem4f (.const:xdc_runtime_System_Module__gateObj__C)
                  0000a900    00000004     uartecho_pem4f.oem4f (.const:xdc_runtime_System_abortFxn__C)
                  0000a904    00000004     uartecho_pem4f.oem4f (.const:xdc_runtime_System_exitFxn__C)
                  0000a908    00000004     uartecho_pem4f.oem4f (.const:xdc_runtime_System_extendFxn__C)
                  0000a90c    00000004     uartecho_pem4f.oem4f (.const:xdc_runtime_System_maxAtexitHandlers__C)
                  0000a910    00000004     uartecho_pem4f.oem4f (.const:xdc_runtime_Text_charTab__C)
                  0000a914    00000004     uartecho_pem4f.oem4f (.const:xdc_runtime_Text_nameEmpty__C)
                  0000a918    00000004     uartecho_pem4f.oem4f (.const:xdc_runtime_Text_nameStatic__C)
                  0000a91c    00000004     uartecho_pem4f.oem4f (.const:xdc_runtime_Text_nameUnknown__C)
                  0000a920    00000004     uartecho_pem4f.oem4f (.const:xdc_runtime_Text_nodeTab__C)
                  0000a924    00000004     uartecho_pem4f.oem4f (.const:xdc_runtime_Text_visitRopeFxn__C)
                  0000a928    00000002     uartecho_pem4f.oem4f (.const:ti_sysbios_family_arm_m3_TimestampProvider_configTimer__C)
                  0000a92a    00000002     uartecho_pem4f.oem4f (.const:ti_sysbios_gates_GateMutex_Module__id__C)
                  0000a92c    00000002     uartecho_pem4f.oem4f (.const:ti_sysbios_hal_Hwi_Module__id__C)
                  0000a92e    00000002     uartecho_pem4f.oem4f (.const:ti_sysbios_heaps_HeapMem_Module__id__C)
                  0000a930    00000002     uartecho_pem4f.oem4f (.const:ti_sysbios_knl_Clock_Module__id__C)
                  0000a932    00000002     uartecho_pem4f.oem4f (.const:ti_sysbios_knl_Clock_Module__loggerDefined__C)
                  0000a934    00000002     uartecho_pem4f.oem4f (.const:ti_sysbios_knl_Semaphore_Module__id__C)
                  0000a936    00000002     uartecho_pem4f.oem4f (.const:ti_sysbios_knl_Semaphore_Module__loggerDefined__C)
                  0000a938    00000002     uartecho_pem4f.oem4f (.const:ti_sysbios_knl_Swi_Module__id__C)
                  0000a93a    00000002     uartecho_pem4f.oem4f (.const:ti_sysbios_knl_Swi_Module__loggerDefined__C)
                  0000a93c    00000002     uartecho_pem4f.oem4f (.const:ti_sysbios_knl_Task_Module__id__C)
                  0000a93e    00000002     uartecho_pem4f.oem4f (.const:ti_sysbios_knl_Task_Module__loggerDefined__C)
                  0000a940    00000002     uartecho_pem4f.oem4f (.const:ti_sysbios_utils_Load_Module__id__C)
                  0000a942    00000002     uartecho_pem4f.oem4f (.const:ti_sysbios_utils_Load_Module__loggerDefined__C)
                  0000a944    00000002     uartecho_pem4f.oem4f (.const:ti_sysbios_utils_Load_updateInIdle__C)
                  0000a946    00000002     uartecho_pem4f.oem4f (.const:ti_uia_loggers_LoggerStopMode_Module__id__C)
                  0000a948    00000002     uartecho_pem4f.oem4f (.const:ti_uia_loggers_LoggerStopMode_isTimestampEnabled__C)
                  0000a94a    00000002     uartecho_pem4f.oem4f (.const:xdc_runtime_Core_Module__id__C)
                  0000a94c    00000002     uartecho_pem4f.oem4f (.const:xdc_runtime_Error_Module__loggerDefined__C)
                  0000a94e    00000002     uartecho_pem4f.oem4f (.const:xdc_runtime_Error_maxDepth__C)
                  0000a950    00000002     uartecho_pem4f.oem4f (.const:xdc_runtime_Memory_Module__id__C)
                  0000a952    00000002     uartecho_pem4f.oem4f (.const:xdc_runtime_SysMin_flushAtExit__C)
                  0000a954    00000002     uartecho_pem4f.oem4f (.const:xdc_runtime_Text_charCnt__C)
                  0000a956    00000002     uartecho_pem4f.oem4f (.const:xdc_runtime_Text_isLoaded__C)
                  0000a958    00000002     uartecho_pem4f.oem4f (.const:xdc_runtime_Text_registryModsLastId__C)
                  0000a95a    00000002     uartecho_pem4f.oem4f (.const:xdc_runtime_Text_unnamedModsLastId__C)

.cinit     0    0000a960    00000528     
                  0000a960    000004f3     (.cinit..data.load) [load image, compression = rle]
                  0000ae53    00000001     --HOLE-- [fill = 0]
                  0000ae54    0000000c     (__TI_handler_table)
                  0000ae60    00000008     (.cinit..bss.load) [load image, compression = zero_init]
                  0000ae68    00000008     (.cinit..vecs.load) [load image, compression = zero_init]
                  0000ae70    00000018     (__TI_cinit_table)

.resetVecs 
*          0    00000000    0000003c     
                  00000000    0000003c     uartecho_pem4f.oem4f (.resetVecs)

.bss       0    20000180    00001630     UNINITIALIZED
                  20000180    00000400     uartecho_pem4f.oem4f (.bss:ti_sysbios_heaps_HeapMem_Instance_State_0_buf__A)
                  20000580    00000400     uartecho_pem4f.oem4f (.bss:ti_uia_loggers_LoggerStopMode_Instance_State_2_packetArray__A)
                  20000980    00000300     uartecho.obj (.bss:task0Stack)
                  20000c80    00000200     uartecho_pem4f.oem4f (.bss:taskStackSection)
                  20000e80    00000200     uartecho_pem4f.oem4f (.bss:ti_uia_loggers_LoggerStopMode_Instance_State_1_packetArray__A)
                  20001080    00000140     uartecho_pem4f.oem4f (.bss:ti_sysbios_family_arm_m3_Hwi_dispatchTable)
                  200011c0    00000120     rtsv7M4_T_le_v4SPD16_eabi.lib : trgmsg.obj (.bss:__CIOBUF_)
                  200012e0    00000008     (.common:parmbuf)
[...]
0000a6c0  ti_sysbios_family_arm_m3_Hwi_E_alreadyDefined__C             
0000a6c4  ti_sysbios_family_arm_m3_Hwi_E_busFault__C                   
0000a6c8  ti_sysbios_family_arm_m3_Hwi_E_debugMon__C                   
0000a6cc  ti_sysbios_family_arm_m3_Hwi_E_hardFault__C                  
0000a6d0  ti_sysbios_family_arm_m3_Hwi_E_memFault__C                   
0000a6d4  ti_sysbios_family_arm_m3_Hwi_E_noIsr__C                      
0000a6d8  ti_sysbios_family_arm_m3_Hwi_E_reserved__C                   
0000a6dc  ti_sysbios_family_arm_m3_Hwi_E_svCall__C                     
0000a6e0  ti_sysbios_family_arm_m3_Hwi_E_usageFault__C                 
0000a6e4  ti_sysbios_family_arm_m3_Hwi_LD_end__C                       
0000a6e8  ti_sysbios_family_arm_m3_Hwi_LM_begin__C                     
0000a6ec  ti_sysbios_family_arm_m3_Hwi_Module__diagsEnabled__C         
0000a6f0  ti_sysbios_family_arm_m3_Hwi_Module__diagsIncluded__C        
0000a6f4  ti_sysbios_family_arm_m3_Hwi_Module__diagsMask__C            
0000a6f8  ti_sysbios_family_arm_m3_Hwi_Module__loggerFxn1__C           
0000a6fc  ti_sysbios_family_arm_m3_Hwi_Module__loggerFxn8__C           
0000a700  ti_sysbios_family_arm_m3_Hwi_Module__loggerObj__C            
0000a704  ti_sysbios_family_arm_m3_Hwi_NUM_INTERRUPTS__C               
0000a708  ti_sysbios_family_arm_m3_Hwi_Object__count__C                
0000a70c  ti_sysbios_family_arm_m3_Hwi_ccr__C                          
0000a710  ti_sysbios_family_arm_m3_Hwi_excHandlerFunc__C               
0000a714  ti_sysbios_family_arm_m3_Hwi_excHookFuncs__C                 
0000a718  ti_sysbios_family_arm_m3_Hwi_nullIsrFunc__C                  
0000a71c  ti_sysbios_family_arm_m3_Hwi_priGroup__C                     
0000a720  ti_sysbios_family_arm_m3_TaskSupport_stackAlignment__C       
0000a724  ti_sysbios_family_arm_m3_Timer_E_cannotSupport__C            
0000a728  ti_sysbios_family_arm_m3_Timer_startupNeeded__C              
0000a72c  ti_sysbios_family_arm_msp432_Timer_numTimerDevices__C        
0000a730  ti_sysbios_family_arm_msp432_Timer_startupNeeded__C          
0000a734  ti_sysbios_gates_GateMutex_A_badContext__C                   
0000a738  ti_sysbios_gates_GateMutex_Instance_State_sem__O             
0000a73c  ti_sysbios_gates_GateMutex_Module__diagsEnabled__C           
0000a740  ti_sysbios_gates_GateMutex_Module__diagsIncluded__C          
0000a744  ti_sysbios_gates_GateMutex_Module__diagsMask__C              
0000a748  ti_sysbios_hal_Hwi_E_stackOverflow__C                        
0000a74c  ti_sysbios_heaps_HeapMem_A_align__C                          
0000a750  ti_sysbios_heaps_HeapMem_A_heapSize__C                       
0000a754  ti_sysbios_heaps_HeapMem_A_invalidFree__C                    
0000a758  ti_sysbios_heaps_HeapMem_A_zeroBlock__C                      
0000a75c  ti_sysbios_heaps_HeapMem_E_memory__C                         
0000a760  ti_sysbios_heaps_HeapMem_Module__diagsEnabled__C             
0000a764  ti_sysbios_heaps_HeapMem_Module__diagsIncluded__C            
0000a768  ti_sysbios_heaps_HeapMem_Module__diagsMask__C                
0000a76c  ti_sysbios_heaps_HeapMem_Module__gateObj__C                  
0000a770  ti_sysbios_heaps_HeapMem_Object__count__C                    
0000a774  ti_sysbios_heaps_HeapMem_reqAlign__C                         
0000a778  ti_sysbios_knl_Clock_A_badThreadType__C                      
0000a77c  ti_sysbios_knl_Clock_LM_begin__C                             
0000a780  ti_sysbios_knl_Clock_LM_tick__C                              
0000a784  ti_sysbios_knl_Clock_LW_delayed__C                           
0000a788  ti_sysbios_knl_Clock_Module_State_clockQ__O                  
0000a78c  ti_sysbios_knl_Clock_Module__diagsEnabled__C                 
0000a790  ti_sysbios_knl_Clock_Module__diagsIncluded__C                
0000a794  ti_sysbios_knl_Clock_Module__diagsMask__C                    
0000a798  ti_sysbios_knl_Clock_Module__loggerFxn1__C                   
0000a79c  ti_sysbios_knl_Clock_Module__loggerFxn2__C                   
0000a7a0  ti_sysbios_knl_Clock_Module__loggerObj__C                    
0000a7a4  ti_sysbios_knl_Semaphore_A_badContext__C                     
0000a7a8  ti_sysbios_knl_Semaphore_A_noEvents__C                       
0000a7ac  ti_sysbios_knl_Semaphore_A_overflow__C                       
0000a7b0  ti_sysbios_knl_Semaphore_A_pendTaskDisabled__C               
0000a7b4  ti_sysbios_knl_Semaphore_Instance_State_pendQ__O             
0000a7b8  ti_sysbios_knl_Semaphore_LM_pend__C                          
0000a7bc  ti_sysbios_knl_Semaphore_LM_post__C                          
0000a7c0  ti_sysbios_knl_Semaphore_Module__diagsEnabled__C             
0000a7c4  ti_sysbios_knl_Semaphore_Module__diagsIncluded__C            
0000a7c8  ti_sysbios_knl_Semaphore_Module__diagsMask__C                
0000a7cc  ti_sysbios_knl_Semaphore_Module__loggerFxn2__C               
0000a7d0  ti_sysbios_knl_Semaphore_Module__loggerFxn4__C               
0000a7d4  ti_sysbios_knl_Semaphore_Module__loggerObj__C                
0000a7d8  ti_sysbios_knl_Swi_LD_end__C                                 
0000a7dc  ti_sysbios_knl_Swi_LM_begin__C                               
0000a7e0  ti_sysbios_knl_Swi_LM_post__C                                
0000a7e4  ti_sysbios_knl_Swi_Module__diagsEnabled__C                   
0000a7e8  ti_sysbios_knl_Swi_Module__diagsIncluded__C                  
0000a7ec  ti_sysbios_knl_Swi_Module__diagsMask__C                      
0000a7f0  ti_sysbios_knl_Swi_Module__loggerFxn1__C                     
0000a7f4  ti_sysbios_knl_Swi_Module__loggerFxn4__C                     
0000a7f8  ti_sysbios_knl_Swi_Module__loggerObj__C                      
0000a7fc  ti_sysbios_knl_Swi_Object__count__C                          
0000a800  ti_sysbios_knl_Task_A_badPriority__C                         
0000a804  ti_sysbios_knl_Task_A_badTaskState__C                        
0000a808  ti_sysbios_knl_Task_A_badThreadType__C                       
0000a80c  ti_sysbios_knl_Task_A_noPendElem__C                          
0000a810  ti_sysbios_knl_Task_E_spOutOfBounds__C                       
0000a814  ti_sysbios_knl_Task_E_stackOverflow__C                       
0000a818  ti_sysbios_knl_Task_LD_block__C                              
0000a81c  ti_sysbios_knl_Task_LD_exit__C                               
0000a820  ti_sysbios_knl_Task_LD_ready__C                              
0000a824  ti_sysbios_knl_Task_LM_switch__C                             
0000a828  ti_sysbios_knl_Task_Module_State_inactiveQ__O                
0000a82c  ti_sysbios_knl_Task_Module__diagsEnabled__C                  
0000a830  ti_sysbios_knl_Task_Module__diagsIncluded__C                 
0000a834  ti_sysbios_knl_Task_Module__diagsMask__C                     
0000a838  ti_sysbios_knl_Task_Module__loggerFxn2__C                    
0000a83c  ti_sysbios_knl_Task_Module__loggerFxn4__C                    
0000a840  ti_sysbios_knl_Task_Module__loggerObj__C                     
0000a844  ti_sysbios_knl_Task_Object__count__C                         
0000a848  ti_sysbios_knl_Task_allBlockedFunc__C                        
0000a84c  ti_sysbios_knl_Task_defaultStackHeap__C                      
0000a850  ti_sysbios_knl_Task_defaultStackSize__C                      
0000a854  ti_sysbios_knl_Task_numConstructedTasks__C                   
0000a858  ti_sysbios_utils_Load_LS_cpuLoad__C                          
0000a85c  ti_sysbios_utils_Load_Module__diagsEnabled__C                
0000a860  ti_sysbios_utils_Load_Module__diagsIncluded__C               
0000a864  ti_sysbios_utils_Load_Module__diagsMask__C                   
0000a868  ti_sysbios_utils_Load_Module__loggerFxn1__C                  
0000a86c  ti_sysbios_utils_Load_Module__loggerObj__C                   
0000a870  ti_sysbios_utils_Load_postUpdate__C                          
0000a874  ti_sysbios_utils_Load_windowInMs__C                          
0000a878  ti_uia_loggers_LoggerStopMode_Module__diagsEnabled__C        
0000a87c  ti_uia_loggers_LoggerStopMode_Module__diagsIncluded__C       
0000a880  ti_uia_loggers_LoggerStopMode_Module__diagsMask__C           
0000a884  ti_uia_loggers_LoggerStopMode_Object__count__C               
0000a888  ti_uia_runtime_ILoggerSnapshot_Interface__BASE__C            
0000a88c  ti_uia_runtime_IUIATransfer_Interface__BASE__C               
0000a890  xdc_runtime_Assert_E_assertFailed__C                         
0000a894  xdc_runtime_Core_A_initializedParams__C                      
0000a898  xdc_runtime_Core_Module__diagsEnabled__C                     
0000a89c  xdc_runtime_Core_Module__diagsIncluded__C                    
0000a8a0  xdc_runtime_Core_Module__diagsMask__C                        
0000a8a4  xdc_runtime_Error_E_memory__C                                
0000a8a8  xdc_runtime_Error_Module__diagsEnabled__C                    
0000a8ac  xdc_runtime_Error_Module__diagsIncluded__C                   
0000a8b0  xdc_runtime_Error_Module__diagsMask__C                       
0000a8b4  xdc_runtime_Error_Module__loggerFxn8__C                      
0000a8b8  xdc_runtime_Error_Module__loggerObj__C                       
0000a8bc  xdc_runtime_Error_policyFxn__C                               
0000a8c0  xdc_runtime_Error_raiseHook__C                               
0000a8c4  xdc_runtime_IFilterLogger_Interface__BASE__C                 
0000a8c8  xdc_runtime_IGateProvider_Interface__BASE__C                 
0000a8cc  xdc_runtime_IHeap_Interface__BASE__C                         
0000a8d0  xdc_runtime_ILogger_Interface__BASE__C                       
0000a8d4  xdc_runtime_IModule_Interface__BASE__C                       
0000a8d8  xdc_runtime_Log_L_error__C                                   
0000a8dc  xdc_runtime_Memory_defaultHeapInstance__C                    
0000a8e0  xdc_runtime_Startup_execImpl__C                              
0000a8e4  xdc_runtime_Startup_lastFxns__A                              
0000a8e8  xdc_runtime_Startup_maxPasses__C                             
0000a8ec  xdc_runtime_Startup_sfxnRts__C                               
0000a8f0  xdc_runtime_Startup_sfxnTab__C                               
0000a8f4  xdc_runtime_SysMin_bufSize__C                                
0000a8f8  xdc_runtime_SysMin_outputFunc__C                             
0000a8fc  xdc_runtime_System_Module__gateObj__C                        
0000a900  xdc_runtime_System_abortFxn__C                               
0000a904  xdc_runtime_System_exitFxn__C                                
0000a908  xdc_runtime_System_extendFxn__C                              
0000a90c  xdc_runtime_System_maxAtexitHandlers__C                      
0000a910  xdc_runtime_Text_charTab__C                                  
0000a914  xdc_runtime_Text_nameEmpty__C                                
0000a918  xdc_runtime_Text_nameStatic__C                               
0000a91c  xdc_runtime_Text_nameUnknown__C                              
0000a920  xdc_runtime_Text_nodeTab__C                                  
0000a924  xdc_runtime_Text_visitRopeFxn__C                             
0000a928  ti_sysbios_family_arm_m3_TimestampProvider_configTimer__C    
0000a92a  ti_sysbios_gates_GateMutex_Module__id__C                     
0000a92c  ti_sysbios_hal_Hwi_Module__id__C                             
0000a92e  ti_sysbios_heaps_HeapMem_Module__id__C                       
0000a930  ti_sysbios_knl_Clock_Module__id__C                           
0000a932  ti_sysbios_knl_Clock_Module__loggerDefined__C                
0000a934  ti_sysbios_knl_Semaphore_Module__id__C                       
0000a936  ti_sysbios_knl_Semaphore_Module__loggerDefined__C            
0000a938  ti_sysbios_knl_Swi_Module__id__C                             
0000a93a  ti_sysbios_knl_Swi_Module__loggerDefined__C                  
0000a93c  ti_sysbios_knl_Task_Module__id__C                            
0000a93e  ti_sysbios_knl_Task_Module__loggerDefined__C                 
0000a940  ti_sysbios_utils_Load_Module__id__C                          
0000a942  ti_sysbios_utils_Load_Module__loggerDefined__C               
0000a944  ti_sysbios_utils_Load_updateInIdle__C                        
0000a946  ti_uia_loggers_LoggerStopMode_Module__id__C                  
0000a948  ti_uia_loggers_LoggerStopMode_isTimestampEnabled__C          
0000a94a  xdc_runtime_Core_Module__id__C                               
0000a94c  xdc_runtime_Error_Module__loggerDefined__C                   
0000a94e  xdc_runtime_Error_maxDepth__C                                
0000a950  xdc_runtime_Memory_Module__id__C                             
0000a952  xdc_runtime_SysMin_flushAtExit__C                            
0000a954  xdc_runtime_Text_charCnt__C                                  
0000a956  xdc_runtime_Text_isLoaded__C                                 
0000a958  xdc_runtime_Text_registryModsLastId__C                       
0000a95a  xdc_runtime_Text_unnamedModsLastId__C                        
0000a960  __TI_static_base__                                           
0000ae54  __TI_Handler_Table_Base                                      
0000ae60  __TI_Handler_Table_Limit                                     
0000ae70  __TI_CINIT_Base                                              
0000ae88  __TI_CINIT_Limit                                             
20000000  ti_sysbios_family_arm_m3_Hwi_ramVectors                      
20000180  ti_sysbios_heaps_HeapMem_Instance_State_0_buf__A             
20000580  ti_uia_loggers_LoggerStopMode_Instance_State_2_packetArray__A
20000980  task0Stack                                                   
20000c80  ti_sysbios_knl_Task_Instance_State_0_stack__A                
20000e80  ti_uia_loggers_LoggerStopMode_Instance_State_1_packetArray__A
20001080  ti_sysbios_family_arm_m3_Hwi_dispatchTable                   
200011c0  __CIOBUF_                                                    
20001300  ti_uia_loggers_LoggerStopMode_Instance_State_0_packetArray__A
20001400  uartMSP432Objects                                            
20001500  xdc_runtime_SysMin_Module_State_0_outbuf__A                  
20001580  task0Struct                                                  
200015d0  uartMSP432RingBuffer                                         
20001680  ti_uia_loggers_LoggerStopMode_Instance_State_0_hdr__A        
20001700  ti_uia_loggers_LoggerStopMode_Instance_State_1_hdr__A        
20001780  ti_uia_loggers_LoggerStopMode_Instance_State_2_hdr__A        
200017b0  xdc_runtime_Diags_dictElems                                  
200017d0  ti_sysbios_family_arm_m3_Hwi_Module__root__V                 
200017d8  ti_sysbios_family_arm_m3_Hwi_Module_State_0_excActive__A     
200017dc  ti_sysbios_family_arm_m3_Hwi_Module_State_0_excContext__A    
200017e0  ti_sysbios_family_arm_m3_Hwi_Module_State_0_excStack__A      
200017e4  ti_sysbios_family_arm_m3_Timer_Module__root__V               
200017ec  ti_sysbios_family_arm_m3_Timer_Module__state__V              
200017f8  ti_sysbios_family_arm_m3_TimestampProvider_Module__state__V  
200017fc  ti_sysbios_family_arm_msp432_ClockFreqs_Module__state__V     
20001808  ti_sysbios_family_arm_msp432_Timer_Module__root__V           
20001810  ti_sysbios_family_arm_msp432_Timer_Module_State_0_device__A  
20001830  ti_sysbios_family_arm_msp432_Timer_Module_State_0_handles__A 
20001840  ti_sysbios_family_arm_msp432_Timer_Module__state__V          
2000184c  ti_sysbios_gates_GateHwi_Module__root__V                     
20001854  ti_sysbios_gates_GateHwi_Object__table__V                    
20001858  ti_sysbios_gates_GateMutex_Module__root__V                   
20001860  ti_sysbios_hal_Hwi_Module__root__V                           
20001868  ti_sysbios_heaps_HeapMem_Module__root__V                     
20001870  ti_sysbios_heaps_HeapMem_Object__table__V                    
20001888  ti_sysbios_knl_Clock_Module__root__V                         
20001890  ti_sysbios_knl_Event_Module__root__V                         
2000189c  ti_sysbios_knl_Queue_Module__root__V                         
200018a4  ti_sysbios_knl_Semaphore_Module__root__V                     
200018ac  ti_sysbios_knl_Swi_Module__root__V                           
200018b4  ti_sysbios_knl_Swi_Module__state__V                          
200018d0  ti_sysbios_knl_Task_Module__root__V                          
200018dc  ti_sysbios_knl_Task_Module_State_0_idleTask__A               
200018e0  ti_sysbios_utils_Load_Module_State_0_taskStartTime__A        
200018e4  ti_sysbios_utils_Load_Module_State_0_runningTask__A          
200018e8  ti_uia_loggers_LoggerStopMode_Module__root__V                
200018f0  ti_uia_loggers_LoggerStopMode_Module__state__V               
200018f8  ti_uia_runtime_QueueDescriptor_Module__state__V              
20001904  xdc_runtime_Error_Module__state__V                           
20001906  xdc_runtime_Main_Module__root__V                             
20001908  xdc_runtime_Memory_Module__state__V                          
2000190c  xdc_runtime_Registry_Module__state__V                        
20001914  xdc_runtime_Startup_Module__state__V                         
2000191c  xdc_runtime_SysMin_Module__state__V                          
20001928  xdc_runtime_System_Module_State_0_atexitHandlers__A          
20001930  xdc_runtime_System_Module__state__V                          
20001938  xdc_runtime_Text_Module__state__V                            
20001940  __xdc__init__addr                                            
20001944  PowerMSP432_perfLevels                                       
200019e0  ti_uia_loggers_LoggerStopMode_Object__table__V               
20001a7c  ti_sysbios_utils_Load_Module__state__V                       
20001b14  ti_sysbios_knl_Swi_Module_State_0_readyQ__A                  
20001b94  ti_sysbios_knl_Task_Module_State_0_readyQ__A                 
20001c14  ti_sysbios_family_arm_msp432_Timer_Object__table__V          
20001c60  ti_sysbios_knl_Task_Object__table__V                         
20001cac  ti_sysbios_knl_Task_Module__state__V                         
20001cf0  ti_sysbios_gates_GateMutex_Object__table__V                  
20001d28  ti_sysbios_family_arm_m3_Hwi_Module__state__V                
20001dbc  ti_sysbios_family_arm_m3_Hwi_Object__table__V                
20001dec  ti_sysbios_family_arm_m3_Timer_Object__table__V              
20001e1c  ti_sysbios_knl_Swi_Object__table__V                          
20001e4c  ti_sysbios_knl_Clock_Module__state__V                        
20001e78  PowerMSP432_module                                           
20001e9c  ti_sysbios_BIOS_Module__state__V                             
20001ec4  gpioPinConfigs                                               
20001ed4  gpioCallbackFunctions                                        
20001edc  _lock                                                        
20001ee0  _unlock                                                      
20001ee4  __TI_cleanup_ptr                                             
20001ee8  __TI_dtors_ptr                                               
20001eec  ti_uia_runtime_QueueDescriptor_gPtrToFirstDescriptor         
20001ef0  ti_uia_runtime_QueueDescriptor_gUpdateCount                  
20001ef8  main_func_sp                                                 
2000fd00  __stack                                                      
20010000  __STACK_END                                                  
4000480c  WDTCTL_SYM                                                   
e000e000  ti_sysbios_family_arm_m3_Hwi_nvic                            
ffffffff  __binit__                                                    
ffffffff  __c_args__                                                   
ffffffff  binit                                                        
UNDEFED   SHT$$INIT_ARRAY$$Base                                        
UNDEFED   SHT$$INIT_ARRAY$$Limit                                       

[802 symbols]
